Archive member included because of file (symbol)

lib/libhelix.a(mp3dec.o)      .\objects\mp3.o (MP3FindSyncWord)
lib/libhelix.a(mp3tabs.o)     lib/libhelix.a(mp3dec.o) (xmp3fixpt_samplesPerFrameTab)
lib/libhelix.a(scalfact.o)    lib/libhelix.a(mp3dec.o) (xmp3fixpt_UnpackScaleFactors)
lib/libhelix.a(subband.o)     lib/libhelix.a(mp3dec.o) (xmp3fixpt_Subband)
lib/libhelix.a(trigtabs_fixpt.o)
                              lib/libhelix.a(subband.o) (xmp3fixpt_polyCoef)
lib/libhelix.a(asmpoly_gcc.o)
                              lib/libhelix.a(subband.o) (xmp3fixpt_PolyphaseStereo)
lib/libhelix.a(bitstream.o)   lib/libhelix.a(scalfact.o) (xmp3fixpt_SetBitstreamPointer)
lib/libhelix.a(buffers.o)     lib/libhelix.a(mp3dec.o) (xmp3fixpt_FreeBuffers)
lib/libhelix.a(dct32.o)       lib/libhelix.a(subband.o) (xmp3fixpt_FDCT32)
lib/libhelix.a(dequant.o)     lib/libhelix.a(mp3dec.o) (xmp3fixpt_Dequantize)
lib/libhelix.a(dqchan.o)      lib/libhelix.a(dequant.o) (xmp3fixpt_DequantChannel)
lib/libhelix.a(huffman.o)     lib/libhelix.a(mp3dec.o) (xmp3fixpt_DecodeHuffman)
lib/libhelix.a(hufftabs.o)    lib/libhelix.a(huffman.o) (xmp3fixpt_huffTable)
lib/libhelix.a(imdct.o)       lib/libhelix.a(mp3dec.o) (xmp3fixpt_IMDCT)
lib/libhelix.a(stproc.o)      lib/libhelix.a(dequant.o) (xmp3fixpt_MidSideProc)
C:\Program Files\Hitex\GnuToolPackageArm\bin\..\arm-hitex-elf\lib\interwork/libc.a(lib_a-impure.o)
                              .\objects\spi.o (_impure_ptr)
C:\Program Files\Hitex\GnuToolPackageArm\bin\..\arm-hitex-elf\lib\interwork/libc.a(lib_a-malloc.o)
                              .\objects\spi.o (free)
C:\Program Files\Hitex\GnuToolPackageArm\bin\..\arm-hitex-elf\lib\interwork/libc.a(lib_a-mallocr.o)
                              C:\Program Files\Hitex\GnuToolPackageArm\bin\..\arm-hitex-elf\lib\interwork/libc.a(lib_a-malloc.o) (_malloc_r)
C:\Program Files\Hitex\GnuToolPackageArm\bin\..\arm-hitex-elf\lib\interwork/libc.a(lib_a-memcmp.o)
                              .\objects\spi.o (memcmp)
C:\Program Files\Hitex\GnuToolPackageArm\bin\..\arm-hitex-elf\lib\interwork/libc.a(lib_a-memcpy.o)
                              lib/libhelix.a(mp3dec.o) (memcpy)
C:\Program Files\Hitex\GnuToolPackageArm\bin\..\arm-hitex-elf\lib\interwork/libc.a(lib_a-memmove.o)
                              .\objects\mp3.o (memmove)
C:\Program Files\Hitex\GnuToolPackageArm\bin\..\arm-hitex-elf\lib\interwork/libc.a(lib_a-memset.o)
                              .\objects\main.o (memset)
C:\Program Files\Hitex\GnuToolPackageArm\bin\..\arm-hitex-elf\lib\interwork/libc.a(lib_a-mlock.o)
                              C:\Program Files\Hitex\GnuToolPackageArm\bin\..\arm-hitex-elf\lib\interwork/libc.a(lib_a-mallocr.o) (__malloc_lock)
C:\Program Files\Hitex\GnuToolPackageArm\bin\..\arm-hitex-elf\lib\interwork/libc.a(lib_a-printf.o)
                              .\objects\main.o (printf)
C:\Program Files\Hitex\GnuToolPackageArm\bin\..\arm-hitex-elf\lib\interwork/libc.a(lib_a-putchar.o)
                              .\objects\spi.o (putchar)
C:\Program Files\Hitex\GnuToolPackageArm\bin\..\arm-hitex-elf\lib\interwork/libc.a(lib_a-puts.o)
                              .\objects\main.o (puts)
C:\Program Files\Hitex\GnuToolPackageArm\bin\..\arm-hitex-elf\lib\interwork/libc.a(lib_a-rget.o)
                              .\objects\spi.o (__srget_r)
C:\Program Files\Hitex\GnuToolPackageArm\bin\..\arm-hitex-elf\lib\interwork/libc.a(lib_a-scanf.o)
                              .\objects\spi.o (scanf)
C:\Program Files\Hitex\GnuToolPackageArm\bin\..\arm-hitex-elf\lib\interwork/libc.a(lib_a-strlen.o)
                              C:\Program Files\Hitex\GnuToolPackageArm\bin\..\arm-hitex-elf\lib\interwork/libc.a(lib_a-puts.o) (strlen)
C:\Program Files\Hitex\GnuToolPackageArm\bin\..\arm-hitex-elf\lib\interwork/libc.a(lib_a-vfprintf.o)
                              C:\Program Files\Hitex\GnuToolPackageArm\bin\..\arm-hitex-elf\lib\interwork/libc.a(lib_a-printf.o) (_vfprintf_r)
C:\Program Files\Hitex\GnuToolPackageArm\bin\..\arm-hitex-elf\lib\interwork/libc.a(lib_a-vfscanf.o)
                              C:\Program Files\Hitex\GnuToolPackageArm\bin\..\arm-hitex-elf\lib\interwork/libc.a(lib_a-scanf.o) (__svfscanf_r)
C:\Program Files\Hitex\GnuToolPackageArm\bin\..\arm-hitex-elf\lib\interwork/libc.a(lib_a-wcrtomb.o)
                              C:\Program Files\Hitex\GnuToolPackageArm\bin\..\arm-hitex-elf\lib\interwork/libc.a(lib_a-vfprintf.o) (_wcrtomb_r)
C:\Program Files\Hitex\GnuToolPackageArm\bin\..\arm-hitex-elf\lib\interwork/libc.a(lib_a-wcsrtombs.o)
                              C:\Program Files\Hitex\GnuToolPackageArm\bin\..\arm-hitex-elf\lib\interwork/libc.a(lib_a-vfprintf.o) (_wcsrtombs_r)
C:\Program Files\Hitex\GnuToolPackageArm\bin\..\arm-hitex-elf\lib\interwork/libc.a(lib_a-wctomb_r.o)
                              C:\Program Files\Hitex\GnuToolPackageArm\bin\..\arm-hitex-elf\lib\interwork/libc.a(lib_a-wcrtomb.o) (_wctomb_r)
[...]
Memory Configuration

Name             Origin             Length             Attributes
IntCode          0x00000000         0x00080000         xr
IntDataRAM       0x40000000         0x00010000         rw
*default*        0x00000000         0xffffffff

Linker script and memory map

LOAD .\objects\audioOut.o
LOAD .\objects\isrRoutine.o
LOAD .\objects\main.o
LOAD .\objects\mp3.o
LOAD .\objects\psi.o
LOAD .\objects\spi.o
LOAD .\objects\startup.o
LOAD .\objects\ConfigStick.o
LOAD .\objects\armVIC.o
LOAD .\objects\delay.o
LOAD .\objects\fio.o
LOAD .\objects\interrupt.o
LOAD .\objects\portlcd.o
LOAD .\objects\syscalls_lpc.o
LOAD .\objects\target_info.o
LOAD .\objects\uart.o
LOAD .\objects\uartISR.o
                0x40010000                PROVIDE (_top_stack_, 0x40010000)
                0x40010000                PROVIDE (_end_of_heap_, 0x40010000)

.text           0x00000000    0x16660
                0x00000000                __code_start__ = .
 .\objects\startup.o(.text)
 .text          0x00000000      0x214 .\objects\startup.o
                0x00000000                _startup
                0x00000038                ResetEntry
                0x0000004c                start
                0x0000004c                Start_init_s
 *.o(.text)
 .text          0x00000214      0x2ec .\objects\audioOut.o
                0x00000214                isr_timer
                0x00000254                pwmInit
                0x00000434                initTimer
                0x0000039c                dacInit
 .text          0x00000500      0x198 .\objects\isrRoutine.o
                0x00000500                isrRoutine
 .text          0x00000698      0x248 .\objects\main.o
                0x00000698                main
                0x0000081c                restart
 .text          0x000008e0      0x2c4 .\objects\mp3.o
                0x00000a18                decode
                0x0000097c                initMp3Module
                0x00000938                fillBuffer
                0x000008e0                mp3Cleanup
 .text          0x00000ba4      0x478 .\objects\psi.o
                0x00000ba4                psiInit
                0x00000d30                psiTransfer
 .text          0x0000101c      0xee0 .\objects\spi.o
                0x000012dc                spiFlashMemGlobalUnprotect
                0x00001250                spiFlashMemSetWriteEnable
                0x000017d0                eraseChip
                0x00001180                spiFlashMemWaitReady
                0x0000189c                readSpecs
                0x000014d4                spiFlashMemRead
                0x00001a00                testSpiMem
                0x00001694                spiFlashMemErase
                0x00001ae0                menue
                0x000010d4                spiFlashMemReadStatusRegister
                0x0000160c                spiReadBytes
                0x00001388                spiFlashMemWrite
                0x0000101c                sspInit
 .text          0x00001efc      0x838 .\objects\ConfigStick.o
                0x000025c0                Check_Hardware
                0x000024c8                ADC_get_channel
                0x00001efc                Peripheral_Clock_Configuration
                0x00001f5c                Power_Configuration
                0x000026a4                BaseStickConfig
                0x0000249c                WDT_Configuration
                0x00002004                GPIO_Configuration
 .text          0x00002734      0x1f4 .\objects\armVIC.o
                0x000027c8                restoreIRQ
                0x000028e8                enableFIQ
                0x00002858                disableFIQ
                0x00002818                enableIRQ
                0x00002898                restoreFIQ
                0x00002734                disableIRQ
 .text          0x00002928      0x144 .\objects\delay.o
                0x00002928                delay
                0x00002a00                init_delay
 .text          0x00002a6c      0x1b8 .\objects\fio.o
                0x00002a6c                GPIOInit
 .text          0x00002c24       0xd8 .\objects\interrupt.o
                0x00002c24                SWI_Handler
                0x00002cc8                Undef_Handler
                0x00002cb4                DAbt_Handler
                0x00002cdc                FIQ_Handler
                0x00002ca0                PAbt_Handler
 .text          0x00002cfc      0x6a8 .\objects\portlcd.o
                0x00002de0                lcd_write
                0x00002ff0                LCD_init
                0x000030d4                LCD_load
                0x00002cfc                lcd_delay
                0x00002f38                lcd_wait_busy
                0x00002f70                lcd_write_cmd
                0x000032a0                LCD_puts
                0x000032f8                LCD_bargraph
                0x00002d34                lcd_write_4bit
                0x00003220                LCD_on
                0x00003240                LCD_putc
                0x00002fb0                lcd_write_data
                0x0000314c                LCD_gotoxy
                0x00002e18                lcd_read_stat
                0x00003200                LCD_cur_off
                0x000031d4                LCD_cls
 .text          0x000033a4      0x27c .\objects\syscalls_lpc.o
                0x00003578                _sbrk_r
                0x00003464                _read_r
                0x000033a4                _write_r
 .text          0x00003620      0x180 .\objects\target_info.o
                0x000036fc                GetPclk
                0x00003620                GetCclk
 .text          0x000037a0      0xd18 .\objects\uart.o
                0x00004164                uart2Space
                0x00004258                uart2Write
                0x0000431c                uart2TxEmpty
                0x00003bd4                uart0Write
                0x00003980                uart0Putch
                0x000037a0                uart0Init
                0x00003cd8                uart0TxFlush
                0x0000435c                uart2TxFlush
                0x00003b64                uart0Puts
                0x00003d78                uart0Getch
                0x00003ae0                uart0Space
                0x00003e34                uart2Init
                0x00003c98                uart0TxEmpty
                0x000043fc                uart2Getch
                0x00004004                uart2Putch
                0x000041e8                uart2Puts
 .text          0x000044b8      0x508 .\objects\uartISR.o
                0x00004728                uart2ISR
                0x000044b8                uart0ISR
 .text          0x000049c0      0x6a4 lib/libhelix.a(mp3dec.o)
                0x000049c0                MP3FindSyncWord
                0x00005048                MP3InitDecoder
                0x00005028                MP3FreeDecoder
                0x00004b08                MP3GetNextFrameInfo
                0x00004a20                MP3GetLastFrameInfo
                0x00004b6c                MP3Decode
 .text          0x00005064        0x0 lib/libhelix.a(mp3tabs.o)
 .text          0x00005064      0x91c lib/libhelix.a(scalfact.o)
                0x00005064                xmp3fixpt_UnpackScaleFactors
 .text          0x00005980      0x19c lib/libhelix.a(subband.o)
                0x00005980                xmp3fixpt_Subband
 .text          0x00005b1c        0x0 lib/libhelix.a(trigtabs_fixpt.o)
 .text          0x00005b1c      0x8b8 lib/libhelix.a(asmpoly_gcc.o)
                0x00006088                xmp3fixpt_PolyphaseMono
                0x00005b1c                xmp3fixpt_PolyphaseStereo
 .text          0x000063d4      0x7fc lib/libhelix.a(bitstream.o)
                0x00006814                xmp3fixpt_UnpackSideInfo
                0x000063ec                xmp3fixpt_GetBits
                0x00006520                xmp3fixpt_CalcBitsUsed
                0x00006538                xmp3fixpt_CheckPadBit
                0x00006564                xmp3fixpt_UnpackFrameHeader
                0x000063d4                xmp3fixpt_SetBitstreamPointer
 .text          0x00006bd0      0x224 lib/libhelix.a(buffers.o)
                0x00006c90                xmp3fixpt_AllocateBuffers
                0x00006bf4                xmp3fixpt_FreeBuffers
 .text          0x00006df4      0xb74 lib/libhelix.a(dct32.o)
                0x00006df4                xmp3fixpt_FDCT32
 .text          0x00007968      0x40c lib/libhelix.a(dequant.o)
                0x00007968                xmp3fixpt_Dequantize
 .text          0x00007d74      0x62c lib/libhelix.a(dqchan.o)
                0x00007fb0                xmp3fixpt_DequantChannel
 .text          0x000083a0      0x9c0 lib/libhelix.a(huffman.o)
                0x000083a0                xmp3fixpt_DecodeHuffman
 .text          0x00008d60        0x0 lib/libhelix.a(hufftabs.o)
 .text          0x00008d60     0x176c lib/libhelix.a(imdct.o)
                0x000090d4                xmp3fixpt_IMDCT
 .text          0x0000a4cc      0x9bc lib/libhelix.a(stproc.o)
                0x0000a9b8                xmp3fixpt_IntensityProcMPEG1
                0x0000a4cc                xmp3fixpt_MidSideProc
                0x0000a560                xmp3fixpt_IntensityProcMPEG2
 .text          0x0000ae88        0x0 C:\Program Files\Hitex\GnuToolPackageArm\bin\..\arm-hitex-elf\lib\interwork/libc.a(lib_a-impure.o)
 .text          0x0000ae88       0x40 C:\Program Files\Hitex\GnuToolPackageArm\bin\..\arm-hitex-elf\lib\interwork/libc.a(lib_a-malloc.o)
                0x0000aea8                malloc
                0x0000ae88                free
 .text          0x0000aec8      0x688 C:\Program Files\Hitex\GnuToolPackageArm\bin\..\arm-hitex-elf\lib\interwork/libc.a(lib_a-mallocr.o)
                0x0000aec8                _malloc_r
 .text          0x0000b550       0x3c C:\Program Files\Hitex\GnuToolPackageArm\bin\..\arm-hitex-elf\lib\interwork/libc.a(lib_a-memcmp.o)
                0x0000b550                memcmp
 .text          0x0000b58c       0x20 C:\Program Files\Hitex\GnuToolPackageArm\bin\..\arm-hitex-elf\lib\interwork/libc.a(lib_a-memcpy.o)
                0x0000b58c                memcpy
 .text          0x0000b5ac       0x54 C:\Program Files\Hitex\GnuToolPackageArm\bin\..\arm-hitex-elf\lib\interwork/libc.a(lib_a-memmove.o)
                0x0000b5ac                memmove
 .text          0x0000b600       0x1c C:\Program Files\Hitex\GnuToolPackageArm\bin\..\arm-hitex-elf\lib\interwork/libc.a(lib_a-memset.o)
                0x0000b600                memset
 .text          0x0000b61c        0x8 C:\Program Files\Hitex\GnuToolPackageArm\bin\..\arm-hitex-elf\lib\interwork/libc.a(lib_a-mlock.o)
                0x0000b620                __malloc_unlock
                0x0000b61c                __malloc_lock
 .text          0x0000b624       0x74 C:\Program Files\Hitex\GnuToolPackageArm\bin\..\arm-hitex-elf\lib\interwork/libc.a(lib_a-printf.o)
                0x0000b624                printf
                0x0000b664                _printf_r
 .text          0x0000b698       0x3c C:\Program Files\Hitex\GnuToolPackageArm\bin\..\arm-hitex-elf\lib\interwork/libc.a(lib_a-putchar.o)
                0x0000b698                putchar
                0x0000b6c0                _putchar_r
 .text          0x0000b6d4       0x88 C:\Program Files\Hitex\GnuToolPackageArm\bin\..\arm-hitex-elf\lib\interwork/libc.a(lib_a-puts.o)
                0x0000b6d4                _puts_r
                0x0000b748                puts
 .text          0x0000b75c       0x4c C:\Program Files\Hitex\GnuToolPackageArm\bin\..\arm-hitex-elf\lib\interwork/libc.a(lib_a-rget.o)
                0x0000b794                __srget
                0x0000b75c                __srget_r
 .text          0x0000b7a8       0x74 C:\Program Files\Hitex\GnuToolPackageArm\bin\..\arm-hitex-elf\lib\interwork/libc.a(lib_a-scanf.o)
                0x0000b7a8                _scanf_r
                0x0000b7dc                scanf
 .text          0x0000b81c       0x20 C:\Program Files\Hitex\GnuToolPackageArm\bin\..\arm-hitex-elf\lib\interwork/libc.a(lib_a-strlen.o)
                0x0000b81c                strlen
 .text          0x0000b83c     0x1da0 C:\Program Files\Hitex\GnuToolPackageArm\bin\..\arm-hitex-elf\lib\interwork/libc.a(lib_a-vfprintf.o)
                0x0000b878                _vfprintf_r
                0x0000d5b0                vfprintf
 .text          0x0000d5dc     0x1114 C:\Program Files\Hitex\GnuToolPackageArm\bin\..\arm-hitex-elf\lib\interwork/libc.a(lib_a-vfscanf.o)
                0x0000e638                __svfscanf
                0x0000e664                _vfscanf_r
                0x0000e6a0                vfscanf
                0x0000d5dc                __svfscanf_r
 .text          0x0000e6f0       0x78 C:\Program Files\Hitex\GnuToolPackageArm\bin\..\arm-hitex-elf\lib\interwork/libc.a(lib_a-wcrtomb.o)
                0x0000e6f0                _wcrtomb_r
                0x0000e73c                wcrtomb
 .text          0x0000e768      0x14c C:\Program Files\Hitex\GnuToolPackageArm\bin\..\arm-hitex-elf\lib\interwork/libc.a(lib_a-wcsrtombs.o)
                0x0000e768                _wcsrtombs_r
                0x0000e874                wcsrtombs
 .text          0x0000e8b4      0x424 C:\Program Files\Hitex\GnuToolPackageArm\bin\..\arm-hitex-elf\lib\interwork/libc.a(lib_a-wctomb_r.o)
                0x0000e8b4                _wctomb_r
 .text          0x0000ecd8       0xf8 C:\Program Files\Hitex\GnuToolPackageArm\bin\..\arm-hitex-elf\lib\interwork/libc.a(lib_a-wsetup.o)
                0x0000ecd8                __swsetup
 .text          0x0000edd0        0x0 C:\Program Files\Hitex\GnuToolPackageArm\bin\..\arm-hitex-elf\lib\interwork/libc.a(lib_a-ctype_.o)
 .text          0x0000edd0     0x14fc C:\Program Files\Hitex\GnuToolPackageArm\bin\..\arm-hitex-elf\lib\interwork/libc.a(lib_a-dtoa.o)
                0x0000efac                _dtoa_r
 .text          0x000102cc      0x19c C:\Program Files\Hitex\GnuToolPackageArm\bin\..\arm-hitex-elf\lib\interwork/libc.a(lib_a-fflush.o)
                0x000102cc                fflush
 .text          0x00010468      0x284 C:\Program Files\Hitex\GnuToolPackageArm\bin\..\arm-hitex-elf\lib\interwork/libc.a(lib_a-findfp.o)
                0x000104c4                __sinit
                0x0001058c                __sfmoreglue
                0x0001057c                _cleanup
                0x00010564                _cleanup_r
                0x00010600                __fp_lock_all
                0x00010544                __sfp_lock_acquire
                0x00010624                __sfp
                0x00010550                __sinit_lock_release
                0x000105dc                __fp_unlock_all
                0x00010548                __sfp_lock_release
                0x0001054c                __sinit_lock_acquire
 .text          0x000106ec      0x120 C:\Program Files\Hitex\GnuToolPackageArm\bin\..\arm-hitex-elf\lib\interwork/libc.a(lib_a-fread.o)
                0x000107cc                fread
                0x000106ec                _fread_r
 .text          0x0001080c      0x35c C:\Program Files\Hitex\GnuToolPackageArm\bin\..\arm-hitex-elf\lib\interwork/libc.a(lib_a-freer.o)
                0x00010908                _free_r
                0x0001080c                _malloc_trim_r
 .text          0x00010b68      0x3fc C:\Program Files\Hitex\GnuToolPackageArm\bin\..\arm-hitex-elf\lib\interwork/libc.a(lib_a-fvwrite.o)
                0x00010b68                __sfvwrite_r
 .text          0x00010f64       0xf4 C:\Program Files\Hitex\GnuToolPackageArm\bin\..\arm-hitex-elf\lib\interwork/libc.a(lib_a-fwalk.o)
                0x00010fe0                _fwalk
                0x00010f64                _fwalk_reent
 .text          0x00011058       0x24 C:\Program Files\Hitex\GnuToolPackageArm\bin\..\arm-hitex-elf\lib\interwork/libc.a(lib_a-iswspace.o)
                0x00011058                iswspace
 .text          0x0001107c       0xa8 C:\Program Files\Hitex\GnuToolPackageArm\bin\..\arm-hitex-elf\lib\interwork/libc.a(lib_a-locale.o)
                0x00011098                _setlocale_r
                0x0001107c                __locale_charset
                0x0001108c                _localeconv_r
                0x000110fc                setlocale
                0x00011118                localeconv
 .text          0x00011124      0x154 C:\Program Files\Hitex\GnuToolPackageArm\bin\..\arm-hitex-elf\lib\interwork/libc.a(lib_a-makebuf.o)
                0x00011124                __smakebuf
 .text          0x00011278       0x98 C:\Program Files\Hitex\GnuToolPackageArm\bin\..\arm-hitex-elf\lib\interwork/libc.a(lib_a-mbrtowc.o)
                0x000112d0                mbrtowc
                0x00011278                _mbrtowc_r
 .text          0x00011310       0x50 C:\Program Files\Hitex\GnuToolPackageArm\bin\..\arm-hitex-elf\lib\interwork/libc.a(lib_a-mbtowc_r.o)
                0x00011310                _mbtowc_r
 .text          0x00011360       0x28 C:\Program Files\Hitex\GnuToolPackageArm\bin\..\arm-hitex-elf\lib\interwork/libc.a(lib_a-memchr.o)
                0x00011360                memchr
 .text          0x00011388      0xc00 C:\Program Files\Hitex\GnuToolPackageArm\bin\..\arm-hitex-elf\lib\interwork/libc.a(lib_a-mprec.o)
                0x0001167c                _mprec_log10
                0x00011730                __any_on
                0x00011798                _Balloc
                0x00011600                __ratio
                0x00011cdc                __i2b
                0x0001154c                __b2d
                0x00011ea4                __s2b
                0x0001148c                __mcmp
                0x000113a4                __hi0bits
                0x00011dc8                __pow5mult
                0x00011a64                __lshift
                0x00011b44                __multiply
                0x0001182c                __d2b
                0x000116e8                __copybits
                0x000114ec                __ulp
                0x00011940                __mdiff
                0x000113fc                __lo0bits
                0x00011d00                __multadd
                0x00011388                _Bfree
 .text          0x00011f88       0xb4 C:\Program Files\Hitex\GnuToolPackageArm\bin\..\arm-hitex-elf\lib\interwork/libc.a(lib_a-putc.o)
                0x00011f88                _putc_r
                0x00012020                putc
 .text          0x0001203c      0x4d4 C:\Program Files\Hitex\GnuToolPackageArm\bin\..\arm-hitex-elf\lib\interwork/libc.a(lib_a-reallocr.o)
                0x0001203c                _realloc_r
 .text          0x00012510      0x1b8 C:\Program Files\Hitex\GnuToolPackageArm\bin\..\arm-hitex-elf\lib\interwork/libc.a(lib_a-refill.o)
                0x0001253c                __srefill_r
 .text          0x000126c8       0x2c C:\Program Files\Hitex\GnuToolPackageArm\bin\..\arm-hitex-elf\lib\interwork/libc.a(lib_a-s_isinfd.o)
                0x000126c8                __isinfd
 .text          0x000126f4       0x20 C:\Program Files\Hitex\GnuToolPackageArm\bin\..\arm-hitex-elf\lib\interwork/libc.a(lib_a-s_isnand.o)
                0x000126f4                __isnand
 .text          0x00012714       0xcc C:\Program Files\Hitex\GnuToolPackageArm\bin\..\arm-hitex-elf\lib\interwork/libc.a(lib_a-sccl.o)
                0x00012714                __sccl
 .text          0x000127e0        0xc C:\Program Files\Hitex\GnuToolPackageArm\bin\..\arm-hitex-elf\lib\interwork/libc.a(lib_a-sf_nan.o)
                0x000127e0                nanf
 .text          0x000127ec       0xdc C:\Program Files\Hitex\GnuToolPackageArm\bin\..\arm-hitex-elf\lib\interwork/libc.a(lib_a-sprintf.o)
                0x00012860                _sprintf_r
                0x000127ec                sprintf
 .text          0x000128c8      0x110 C:\Program Files\Hitex\GnuToolPackageArm\bin\..\arm-hitex-elf\lib\interwork/libc.a(lib_a-stdio.o)
                0x000128e8                __sseek
                0x00012990                __sread
                0x000128c8                __sclose
                0x00012930                __swrite
 .text          0x000129d8       0x30 C:\Program Files\Hitex\GnuToolPackageArm\bin\..\arm-hitex-elf\lib\interwork/libc.a(lib_a-strcmp.o)
                0x000129d8                strcmp
 .text          0x00012a08     0x12d0 C:\Program Files\Hitex\GnuToolPackageArm\bin\..\arm-hitex-elf\lib\interwork/libc.a(lib_a-strtod.o)
                0x00012a54                _strtod_r
                0x00013cbc                strtod
                0x00013c68                strtof
 .text          0x00013cd8      0x1c4 C:\Program Files\Hitex\GnuToolPackageArm\bin\..\arm-hitex-elf\lib\interwork/libc.a(lib_a-strtol.o)
                0x00013e70                strtol
                0x00013cd8                _strtol_r
 .text          0x00013e9c      0x1a4 C:\Program Files\Hitex\GnuToolPackageArm\bin\..\arm-hitex-elf\lib\interwork/libc.a(lib_a-strtoul.o)
                0x00014014                strtoul
                0x00013e9c                _strtoul_r
 .text          0x00014040      0x5e4 C:\Program Files\Hitex\GnuToolPackageArm\bin\..\arm-hitex-elf\lib\interwork/libc.a(lib_a-syscalls.o)
                0x00014104                _getpid
                0x00014070                initialise_monitor_handles
                0x00014178                isatty
                0x000142f4                _fstat
                0x000142d4                _open
                0x000141c8                _sbrk
                0x0001411c                _raise
                0x0001414c                _times
                0x000143cc                _stat
                0x00014574                _lseek
                0x0001410c                _link
                0x00014430                _swiwrite
                0x00014188                _rename
                0x000144d0                _swilseek
                0x00014398                _swiclose
                0x00014238                _swiopen
                0x00014114                _unlink
                0x0001445c                _write
                0x000140fc                _kill
                0x00014120                _gettimeofday
                0x000145b0                _read
                0x0001461c                _exit
                0x000141a4                _system
                0x00014584                _swiread
                0x00014420                _close
 .text          0x00014624      0x228 C:\Program Files\Hitex\GnuToolPackageArm\bin\..\arm-hitex-elf\lib\interwork/libc.a(lib_a-ungetc.o)
                0x00014830                ungetc
                0x00014624                __submore
                0x000146d8                _ungetc_r
 .text          0x0001484c      0x114 C:\Program Files\Hitex\GnuToolPackageArm\bin\..\arm-hitex-elf\lib\interwork/libc.a(lib_a-wbuf.o)
                0x0001484c                __swbuf_r
                0x00014944                __swbuf
 .text          0x00014960       0x9c C:\Program Files\Hitex\GnuToolPackageArm\bin\..\arm-hitex-elf\lib\interwork/libc.a(lib_a-callocr.o)
                0x00014960                _calloc_r
 .text          0x000149fc       0x3c C:\Program Files\Hitex\GnuToolPackageArm\bin\..\arm-hitex-elf\lib\interwork/libc.a(lib_a-closer.o)
                0x000149fc                _close_r
 .text          0x00014a38       0x10 C:\Program Files\Hitex\GnuToolPackageArm\bin\..\arm-hitex-elf\lib\interwork/libc.a(lib_a-errno.o)
                0x00014a38                __errno
 .text          0x00014a48       0xf4 C:\Program Files\Hitex\GnuToolPackageArm\bin\..\arm-hitex-elf\lib\interwork/libc.a(lib_a-fclose.o)
                0x00014a48                _fclose_r
                0x00014b28                fclose
 .text          0x00014b3c       0x40 C:\Program Files\Hitex\GnuToolPackageArm\bin\..\arm-hitex-elf\lib\interwork/libc.a(lib_a-fstatr.o)
                0x00014b3c                _fstat_r
 .text          0x00014b7c      0x764 C:\Program Files\Hitex\GnuToolPackageArm\bin\..\arm-hitex-elf\lib\interwork/libc.a(lib_a-gdtoa-gethex.o)
                0x00014bb0                __hexdig_init
                0x00014c9c                __gethex
 .text          0x000152e0      0x240 C:\Program Files\Hitex\GnuToolPackageArm\bin\..\arm-hitex-elf\lib\interwork/libc.a(lib_a-gdtoa-hexnan.o)
                0x00015318                __hexnan
 .text          0x00015520       0x44 C:\Program Files\Hitex\GnuToolPackageArm\bin\..\arm-hitex-elf\lib\interwork/libc.a(lib_a-lseekr.o)
                0x00015520                _lseek_r
 .text          0x00015564      0x18c C:\Program Files\Hitex\GnuToolPackageArm\bin\..\arm-hitex-elf\lib\interwork/libc.a(lib_a-reent.o)
                0x000155d4                cleanup_glue
                0x00015600                _reclaim_reent
                0x00015564                _wrapup_reent
 .text          0x000156f0      0x114 C:\Program Files\Hitex\GnuToolPackageArm\bin\..\lib\gcc\arm-hitex-elf\4.1.1\interwork/libgcc.a(_udivsi3.o)
                0x000156f0                __udivsi3
                0x000156f0                __aeabi_uidiv
                0x000157ec                __aeabi_uidivmod
 .text          0x00015804      0x144 C:\Program Files\Hitex\GnuToolPackageArm\bin\..\lib\gcc\arm-hitex-elf\4.1.1\interwork/libgcc.a(_divsi3.o)
                0x00015804                __aeabi_idiv
                0x00015804                __divsi3
                0x00015930                __aeabi_idivmod
 .text          0x00015948       0xd0 C:\Program Files\Hitex\GnuToolPackageArm\bin\..\lib\gcc\arm-hitex-elf\4.1.1\interwork/libgcc.a(_umodsi3.o)
                0x00015948                __umodsi3
 .text          0x00015a18       0xe8 C:\Program Files\Hitex\GnuToolPackageArm\bin\..\lib\gcc\arm-hitex-elf\4.1.1\interwork/libgcc.a(_modsi3.o)
                0x00015a18                __modsi3
 .text          0x00015b00        0x4 C:\Program Files\Hitex\GnuToolPackageArm\bin\..\lib\gcc\arm-hitex-elf\4.1.1\interwork/libgcc.a(_dvmd_tls.o)
                0x00015b00                __aeabi_ldiv0
                0x00015b00                __div0
                0x00015b00                __aeabi_idiv0
 .text          0x00015b04      0x430 C:\Program Files\Hitex\GnuToolPackageArm\bin\..\lib\gcc\arm-hitex-elf\4.1.1\interwork/libgcc.a(_addsubdf3.o)
                0x00015ec8                __floatdidf
                0x00015e48                __floatsidf
                0x00015e20                __aeabi_ui2d
                0x00015b04                __aeabi_drsub
                0x00015e74                __extendsfdf2
                0x00015b10                __adddf3
                0x00015e20                __floatunsidf
                0x00015b10                __aeabi_dadd
                0x00015eb4                __aeabi_ul2d
                0x00015b0c                __aeabi_dsub
                0x00015eb4                __floatundidf
                0x00015e48                __aeabi_i2d
                0x00015ec8                __aeabi_l2d
                0x00015e74                __aeabi_f2d
                0x00015b0c                __subdf3
 .text          0x00015f34      0x49c C:\Program Files\Hitex\GnuToolPackageArm\bin\..\lib\gcc\arm-hitex-elf\4.1.1\interwork/libgcc.a(_muldivdf3.o)
                0x000161c4                __aeabi_ddiv
                0x00015f34                __aeabi_dmul
                0x000161c4                __divdf3
                0x00015f34                __muldf3
 .text          0x000163d0      0x140 C:\Program Files\Hitex\GnuToolPackageArm\bin\..\lib\gcc\arm-hitex-elf\4.1.1\interwork/libgcc.a(_cmpdf2.o)
                0x000164c8                __aeabi_dcmple
                0x000163e0                __cmpdf2
                0x000163e0                __eqdf2
                0x000163d0                __gtdf2
                0x00016480                __aeabi_cdcmple
                0x00016464                __aeabi_cdrcmple
                0x000163d8                __ltdf2
                0x000164b0                __aeabi_dcmplt
                0x000163d8                __ledf2
                0x000164f8                __aeabi_dcmpgt
                0x000164e0                __aeabi_dcmpge
                0x000163e0                __nedf2
                0x00016498                __aeabi_dcmpeq
                0x00016480                __aeabi_cdcmpeq
                0x000163d0                __gedf2
 .text          0x00016510       0x5c C:\Program Files\Hitex\GnuToolPackageArm\bin\..\lib\gcc\arm-hitex-elf\4.1.1\interwork/libgcc.a(_fixdfsi.o)
                0x00016510                __fixdfsi
                0x00016510                __aeabi_d2iz
 .text          0x0001656c       0x54 C:\Program Files\Hitex\GnuToolPackageArm\bin\..\lib\gcc\arm-hitex-elf\4.1.1\interwork/libgcc.a(_fixunsdfsi.o)
                0x0001656c                __fixunsdfsi
                0x0001656c                __aeabi_d2uiz
 .text          0x000165c0       0xa0 C:\Program Files\Hitex\GnuToolPackageArm\bin\..\lib\gcc\arm-hitex-elf\4.1.1\interwork/libgcc.a(_truncdfsf2.o)
                0x000165c0                __aeabi_d2f
                0x000165c0                __truncdfsf2
                0x00016660                . = ALIGN (0x4)
                0x00016660                __code_end__ = .
 *(.gnu.linkonce.t.*)
 *(.glue_7)
 .glue_7        0x00016660        0x0 .\objects\audioOut.o
 .glue_7        0x00016660        0x0 .\objects\isrRoutine.o
 .glue_7        0x00016660        0x0 .\objects\main.o
 .glue_7        0x00016660        0x0 .\objects\mp3.o
 .glue_7        0x00016660        0x0 .\objects\psi.o
 .glue_7        0x00016660        0x0 .\objects\spi.o
 .glue_7        0x00016660        0x0 .\objects\startup.o
 .glue_7        0x00016660        0x0 .\objects\ConfigStick.o
 .glue_7        0x00016660        0x0 .\objects\armVIC.o
 .glue_7        0x00016660        0x0 .\objects\delay.o
 .glue_7        0x00016660        0x0 .\objects\fio.o
 .glue_7        0x00016660        0x0 .\objects\interrupt.o
 .glue_7        0x00016660        0x0 .\objects\portlcd.o
 .glue_7        0x00016660        0x0 .\objects\syscalls_lpc.o
 .glue_7        0x00016660        0x0 .\objects\target_info.o
 .glue_7        0x00016660        0x0 .\objects\uart.o
 .glue_7        0x00016660        0x0 .\objects\uartISR.o
 .glue_7        0x00016660        0x0 lib/libhelix.a(mp3dec.o)
 .glue_7        0x00016660        0x0 lib/libhelix.a(mp3tabs.o)
 .glue_7        0x00016660        0x0 lib/libhelix.a(scalfact.o)
 .glue_7        0x00016660        0x0 lib/libhelix.a(subband.o)
 .glue_7        0x00016660        0x0 lib/libhelix.a(trigtabs_fixpt.o)
 .glue_7        0x00016660        0x0 lib/libhelix.a(asmpoly_gcc.o)
 .glue_7        0x00016660        0x0 lib/libhelix.a(bitstream.o)
 .glue_7        0x00016660        0x0 lib/libhelix.a(buffers.o)
 .glue_7        0x00016660        0x0 lib/libhelix.a(dct32.o)
 .glue_7        0x00016660        0x0 lib/libhelix.a(dequant.o)
 .glue_7        0x00016660        0x0 lib/libhelix.a(dqchan.o)
 .glue_7        0x00016660        0x0 lib/libhelix.a(huffman.o)
 .glue_7        0x00016660        0x0 lib/libhelix.a(hufftabs.o)
 .glue_7        0x00016660        0x0 lib/libhelix.a(imdct.o)
 .glue_7        0x00016660        0x0 lib/libhelix.a(stproc.o)
 .glue_7        0x00016660        0x0 C:\Program Files\Hitex\GnuToolPackageArm\bin\..\arm-hitex-elf\lib\interwork/libc.a(lib_a-impure.o)
 .glue_7        0x00016660        0x0 C:\Program Files\Hitex\GnuToolPackageArm\bin\..\arm-hitex-elf\lib\interwork/libc.a(lib_a-malloc.o)
 .glue_7        0x00016660        0x0 C:\Program Files\Hitex\GnuToolPackageArm\bin\..\arm-hitex-elf\lib\interwork/libc.a(lib_a-mallocr.o)
 .glue_7        0x00016660        0x0 C:\Program Files\Hitex\GnuToolPackageArm\bin\..\arm-hitex-elf\lib\interwork/libc.a(lib_a-memcmp.o)
 .glue_7        0x00016660        0x0 C:\Program Files\Hitex\GnuToolPackageArm\bin\..\arm-hitex-elf\lib\interwork/libc.a(lib_a-memcpy.o)
 .glue_7        0x00016660        0x0 C:\Program Files\Hitex\GnuToolPackageArm\bin\..\arm-hitex-elf\lib\interwork/libc.a(lib_a-memmove.o)
 .glue_7        0x00016660        0x0 C:\Program Files\Hitex\GnuToolPackageArm\bin\..\arm-hitex-elf\lib\interwork/libc.a(lib_a-memset.o)
 .glue_7        0x00016660        0x0 C:\Program Files\Hitex\GnuToolPackageArm\bin\..\arm-hitex-elf\lib\interwork/libc.a(lib_a-mlock.o)
 .glue_7        0x00016660        0x0 C:\Program Files\Hitex\GnuToolPackageArm\bin\..\arm-hitex-elf\lib\interwork/libc.a(lib_a-printf.o)
 .glue_7        0x00016660        0x0 C:\Program Files\Hitex\GnuToolPackageArm\bin\..\arm-hitex-elf\lib\interwork/libc.a(lib_a-putchar.o)
 .glue_7        0x00016660        0x0 C:\Program Files\Hitex\GnuToolPackageArm\bin\..\arm-hitex-elf\lib\interwork/libc.a(lib_a-puts.o)
 .glue_7        0x00016660        0x0 C:\Program Files\Hitex\GnuToolPackageArm\bin\..\arm-hitex-elf\lib\interwork/libc.a(lib_a-rget.o)
 .glue_7        0x00016660        0x0 C:\Program Files\Hitex\GnuToolPackageArm\bin\..\arm-hitex-elf\lib\interwork/libc.a(lib_a-scanf.o)
 .glue_7        0x00016660        0x0 C:\Program Files\Hitex\GnuToolPackageArm\bin\..\arm-hitex-elf\lib\interwork/libc.a(lib_a-strlen.o)
 .glue_7        0x00016660        0x0 C:\Program Files\Hitex\GnuToolPackageArm\bin\..\arm-hitex-elf\lib\interwork/libc.a(lib_a-vfprintf.o)
 .glue_7        0x00016660        0x0 C:\Program Files\Hitex\GnuToolPackageArm\bin\..\arm-hitex-elf\lib\interwork/libc.a(lib_a-vfscanf.o)
 .glue_7        0x00016660        0x0 C:\Program Files\Hitex\GnuToolPackageArm\bin\..\arm-hitex-elf\lib\interwork/libc.a(lib_a-wcrtomb.o)
 .glue_7        0x00016660        0x0 C:\Program Files\Hitex\GnuToolPackageArm\bin\..\arm-hitex-elf\lib\interwork/libc.a(lib_a-wcsrtombs.o)
 .glue_7        0x00016660        0x0 C:\Program Files\Hitex\GnuToolPackageArm\bin\..\arm-hitex-elf\lib\interwork/libc.a(lib_a-wctomb_r.o)
 .glue_7        0x00016660        0x0 C:\Program Files\Hitex\GnuToolPackageArm\bin\..\arm-hitex-elf\lib\interwork/libc.a(lib_a-wsetup.o)
 .glue_7        0x00016660        0x0 C:\Program Files\Hitex\GnuToolPackageArm\bin\..\arm-hitex-elf\lib\interwork/libc.a(lib_a-ctype_.o)
 .glue_7        0x00016660        0x0 C:\Program Files\Hitex\GnuToolPackageArm\bin\..\arm-hitex-elf\lib\interwork/libc.a(lib_a-dtoa.o)
 .glue_7        0x00016660        0x0 C:\Program Files\Hitex\GnuToolPackageArm\bin\..\arm-hitex-elf\lib\interwork/libc.a(lib_a-fflush.o)
 .glue_7        0x00016660        0x0 C:\Program Files\Hitex\GnuToolPackageArm\bin\..\arm-hitex-elf\lib\interwork/libc.a(lib_a-findfp.o)
 .glue_7        0x00016660        0x0 C:\Program Files\Hitex\GnuToolPackageArm\bin\..\arm-hitex-elf\lib\interwork/libc.a(lib_a-fread.o)
 .glue_7        0x00016660        0x0 C:\Program Files\Hitex\GnuToolPackageArm\bin\..\arm-hitex-elf\lib\interwork/libc.a(lib_a-freer.o)
 .glue_7        0x00016660        0x0 C:\Program Files\Hitex\GnuToolPackageArm\bin\..\arm-hitex-elf\lib\interwork/libc.a(lib_a-fvwrite.o)
 .glue_7        0x00016660        0x0 C:\Program Files\Hitex\GnuToolPackageArm\bin\..\arm-hitex-elf\lib\interwork/libc.a(lib_a-fwalk.o)
 .glue_7        0x00016660        0x0 C:\Program Files\Hitex\GnuToolPackageArm\bin\..\arm-hitex-elf\lib\interwork/libc.a(lib_a-iswspace.o)
 .glue_7        0x00016660        0x0 C:\Program Files\Hitex\GnuToolPackageArm\bin\..\arm-hitex-elf\lib\interwork/libc.a(lib_a-locale.o)
 .glue_7        0x00016660        0x0 C:\Program Files\Hitex\GnuToolPackageArm\bin\..\arm-hitex-elf\lib\interwork/libc.a(lib_a-makebuf.o)
 .glue_7        0x00016660        0x0 C:\Program Files\Hitex\GnuToolPackageArm\bin\..\arm-hitex-elf\lib\interwork/libc.a(lib_a-mbrtowc.o)
 .glue_7        0x00016660        0x0 C:\Program Files\Hitex\GnuToolPackageArm\bin\..\arm-hitex-elf\lib\interwork/libc.a(lib_a-mbtowc_r.o)
 .glue_7        0x00016660        0x0 C:\Program Files\Hitex\GnuToolPackageArm\bin\..\arm-hitex-elf\lib\interwork/libc.a(lib_a-memchr.o)
 .glue_7        0x00016660        0x0 C:\Program Files\Hitex\GnuToolPackageArm\bin\..\arm-hitex-elf\lib\interwork/libc.a(lib_a-mprec.o)
 .glue_7        0x00016660        0x0 C:\Program Files\Hitex\GnuToolPackageArm\bin\..\arm-hitex-elf\lib\interwork/libc.a(lib_a-putc.o)
 .glue_7        0x00016660        0x0 C:\Program Files\Hitex\GnuToolPackageArm\bin\..\arm-hitex-elf\lib\interwork/libc.a(lib_a-reallocr.o)
 .glue_7        0x00016660        0x0 C:\Program Files\Hitex\GnuToolPackageArm\bin\..\arm-hitex-elf\lib\interwork/libc.a(lib_a-refill.o)
 .glue_7        0x00016660        0x0 C:\Program Files\Hitex\GnuToolPackageArm\bin\..\arm-hitex-elf\lib\interwork/libc.a(lib_a-s_isinfd.o)
 .glue_7        0x00016660        0x0 C:\Program Files\Hitex\GnuToolPackageArm\bin\..\arm-hitex-elf\lib\interwork/libc.a(lib_a-s_isnand.o)
 .glue_7        0x00016660        0x0 C:\Program Files\Hitex\GnuToolPackageArm\bin\..\arm-hitex-elf\lib\interwork/libc.a(lib_a-sccl.o)
 .glue_7        0x00016660        0x0 C:\Program Files\Hitex\GnuToolPackageArm\bin\..\arm-hitex-elf\lib\interwork/libc.a(lib_a-sf_nan.o)
 .glue_7        0x00016660        0x0 C:\Program Files\Hitex\GnuToolPackageArm\bin\..\arm-hitex-elf\lib\interwork/libc.a(lib_a-sprintf.o)
 .glue_7        0x00016660        0x0 C:\Program Files\Hitex\GnuToolPackageArm\bin\..\arm-hitex-elf\lib\interwork/libc.a(lib_a-stdio.o)
 .glue_7        0x00016660        0x0 C:\Program Files\Hitex\GnuToolPackageArm\bin\..\arm-hitex-elf\lib\interwork/libc.a(lib_a-strcmp.o)
 .glue_7        0x00016660        0x0 C:\Program Files\Hitex\GnuToolPackageArm\bin\..\arm-hitex-elf\lib\interwork/libc.a(lib_a-strtod.o)
 .glue_7        0x00016660        0x0 C:\Program Files\Hitex\GnuToolPackageArm\bin\..\arm-hitex-elf\lib\interwork/libc.a(lib_a-strtol.o)
 .glue_7        0x00016660        0x0 C:\Program Files\Hitex\GnuToolPackageArm\bin\..\arm-hitex-elf\lib\interwork/libc.a(lib_a-strtoul.o)
 .glue_7        0x00016660        0x0 C:\Program Files\Hitex\GnuToolPackageArm\bin\..\arm-hitex-elf\lib\interwork/libc.a(lib_a-syscalls.o)
 .glue_7        0x00016660        0x0 C:\Program Files\Hitex\GnuToolPackageArm\bin\..\arm-hitex-elf\lib\interwork/libc.a(lib_a-ungetc.o)
 .glue_7        0x00016660        0x0 C:\Program Files\Hitex\GnuToolPackageArm\bin\..\arm-hitex-elf\lib\interwork/libc.a(lib_a-wbuf.o)
 .glue_7        0x00016660        0x0 C:\Program Files\Hitex\GnuToolPackageArm\bin\..\arm-hitex-elf\lib\interwork/libc.a(lib_a-callocr.o)
 .glue_7        0x00016660        0x0 C:\Program Files\Hitex\GnuToolPackageArm\bin\..\arm-hitex-elf\lib\interwork/libc.a(lib_a-closer.o)
 .glue_7        0x00016660        0x0 C:\Program Files\Hitex\GnuToolPackageArm\bin\..\arm-hitex-elf\lib\interwork/libc.a(lib_a-errno.o)
 .glue_7        0x00016660        0x0 C:\Program Files\Hitex\GnuToolPackageArm\bin\..\arm-hitex-elf\lib\interwork/libc.a(lib_a-fclose.o)
 .glue_7        0x00016660        0x0 C:\Program Files\Hitex\GnuToolPackageArm\bin\..\arm-hitex-elf\lib\interwork/libc.a(lib_a-fstatr.o)
 .glue_7        0x00016660        0x0 C:\Program Files\Hitex\GnuToolPackageArm\bin\..\arm-hitex-elf\lib\interwork/libc.a(lib_a-gdtoa-gethex.o)
 .glue_7        0x00016660        0x0 C:\Program Files\Hitex\GnuToolPackageArm\bin\..\arm-hitex-elf\lib\interwork/libc.a(lib_a-gdtoa-hexnan.o)
 .glue_7        0x00016660        0x0 C:\Program Files\Hitex\GnuToolPackageArm\bin\..\arm-hitex-elf\lib\interwork/libc.a(lib_a-lseekr.o)
 .glue_7        0x00016660        0x0 C:\Program Files\Hitex\GnuToolPackageArm\bin\..\arm-hitex-elf\lib\interwork/libc.a(lib_a-reent.o)
 .glue_7        0x00016660        0x0 C:\Program Files\Hitex\GnuToolPackageArm\bin\..\lib\gcc\arm-hitex-elf\4.1.1\interwork/libgcc.a(_udivsi3.o)
 .glue_7        0x00016660        0x0 C:\Program Files\Hitex\GnuToolPackageArm\bin\..\lib\gcc\arm-hitex-elf\4.1.1\interwork/libgcc.a(_divsi3.o)
 .glue_7        0x00016660        0x0 C:\Program Files\Hitex\GnuToolPackageArm\bin\..\lib\gcc\arm-hitex-elf\4.1.1\interwork/libgcc.a(_umodsi3.o)
 .glue_7        0x00016660        0x0 C:\Program Files\Hitex\GnuToolPackageArm\bin\..\lib\gcc\arm-hitex-elf\4.1.1\interwork/libgcc.a(_modsi3.o)
 .glue_7        0x00016660        0x0 C:\Program Files\Hitex\GnuToolPackageArm\bin\..\lib\gcc\arm-hitex-elf\4.1.1\interwork/libgcc.a(_dvmd_tls.o)
 .glue_7        0x00016660        0x0 C:\Program Files\Hitex\GnuToolPackageArm\bin\..\lib\gcc\arm-hitex-elf\4.1.1\interwork/libgcc.a(_addsubdf3.o)
 .glue_7        0x00016660        0x0 C:\Program Files\Hitex\GnuToolPackageArm\bin\..\lib\gcc\arm-hitex-elf\4.1.1\interwork/libgcc.a(_muldivdf3.o)
 .glue_7        0x00016660        0x0 C:\Program Files\Hitex\GnuToolPackageArm\bin\..\lib\gcc\arm-hitex-elf\4.1.1\interwork/libgcc.a(_cmpdf2.o)
 .glue_7        0x00016660        0x0 C:\Program Files\Hitex\GnuToolPackageArm\bin\..\lib\gcc\arm-hitex-elf\4.1.1\interwork/libgcc.a(_fixdfsi.o)
 .glue_7        0x00016660        0x0 C:\Program Files\Hitex\GnuToolPackageArm\bin\..\lib\gcc\arm-hitex-elf\4.1.1\interwork/libgcc.a(_fixunsdfsi.o)
 .glue_7        0x00016660        0x0 C:\Program Files\Hitex\GnuToolPackageArm\bin\..\lib\gcc\arm-hitex-elf\4.1.1\interwork/libgcc.a(_truncdfsf2.o)
 *(.glue_7t)
 .glue_7t       0x00016660        0x0 .\objects\audioOut.o
 .glue_7t       0x00016660        0x0 .\objects\isrRoutine.o
 .glue_7t       0x00016660        0x0 .\objects\main.o
 .glue_7t       0x00016660        0x0 .\objects\mp3.o
 .glue_7t       0x00016660        0x0 .\objects\psi.o
 .glue_7t       0x00016660        0x0 .\objects\spi.o
 .glue_7t       0x00016660        0x0 .\objects\startup.o
 .glue_7t       0x00016660        0x0 .\objects\ConfigStick.o
 .glue_7t       0x00016660        0x0 .\objects\armVIC.o
 .glue_7t       0x00016660        0x0 .\objects\delay.o
 .glue_7t       0x00016660        0x0 .\objects\fio.o
 .glue_7t       0x00016660        0x0 .\objects\interrupt.o
 .glue_7t       0x00016660        0x0 .\objects\portlcd.o
 .glue_7t       0x00016660        0x0 .\objects\syscalls_lpc.o
 .glue_7t       0x00016660        0x0 .\objects\target_info.o
 .glue_7t       0x00016660        0x0 .\objects\uart.o
 .glue_7t       0x00016660        0x0 .\objects\uartISR.o
 .glue_7t       0x00016660        0x0 lib/libhelix.a(mp3dec.o)
 .glue_7t       0x00016660        0x0 lib/libhelix.a(mp3tabs.o)
 .glue_7t       0x00016660        0x0 lib/libhelix.a(scalfact.o)
 .glue_7t       0x00016660        0x0 lib/libhelix.a(subband.o)
 .glue_7t       0x00016660        0x0 lib/libhelix.a(trigtabs_fixpt.o)
 .glue_7t       0x00016660        0x0 lib/libhelix.a(asmpoly_gcc.o)
 .glue_7t       0x00016660        0x0 lib/libhelix.a(bitstream.o)
 .glue_7t       0x00016660        0x0 lib/libhelix.a(buffers.o)
 .glue_7t       0x00016660        0x0 lib/libhelix.a(dct32.o)
 .glue_7t       0x00016660        0x0 lib/libhelix.a(dequant.o)
 .glue_7t       0x00016660        0x0 lib/libhelix.a(dqchan.o)
 .glue_7t       0x00016660        0x0 lib/libhelix.a(huffman.o)
 .glue_7t       0x00016660        0x0 lib/libhelix.a(hufftabs.o)
 .glue_7t       0x00016660        0x0 lib/libhelix.a(imdct.o)
 .glue_7t       0x00016660        0x0 lib/libhelix.a(stproc.o)
 .glue_7t       0x00016660        0x0 C:\Program Files\Hitex\GnuToolPackageArm\bin\..\arm-hitex-elf\lib\interwork/libc.a(lib_a-impure.o)
 .glue_7t       0x00016660        0x0 C:\Program Files\Hitex\GnuToolPackageArm\bin\..\arm-hitex-elf\lib\interwork/libc.a(lib_a-malloc.o)
 .glue_7t       0x00016660        0x0 C:\Program Files\Hitex\GnuToolPackageArm\bin\..\arm-hitex-elf\lib\interwork/libc.a(lib_a-mallocr.o)
 .glue_7t       0x00016660        0x0 C:\Program Files\Hitex\GnuToolPackageArm\bin\..\arm-hitex-elf\lib\interwork/libc.a(lib_a-memcmp.o)
 .glue_7t       0x00016660        0x0 C:\Program Files\Hitex\GnuToolPackageArm\bin\..\arm-hitex-elf\lib\interwork/libc.a(lib_a-memcpy.o)
 .glue_7t       0x00016660        0x0 C:\Program Files\Hitex\GnuToolPackageArm\bin\..\arm-hitex-elf\lib\interwork/libc.a(lib_a-memmove.o)
 .glue_7t       0x00016660        0x0 C:\Program Files\Hitex\GnuToolPackageArm\bin\..\arm-hitex-elf\lib\interwork/libc.a(lib_a-memset.o)
 .glue_7t       0x00016660        0x0 C:\Program Files\Hitex\GnuToolPackageArm\bin\..\arm-hitex-elf\lib\interwork/libc.a(lib_a-mlock.o)
 .glue_7t       0x00016660        0x0 C:\Program Files\Hitex\GnuToolPackageArm\bin\..\arm-hitex-elf\lib\interwork/libc.a(lib_a-printf.o)
 .glue_7t       0x00016660        0x0 C:\Program Files\Hitex\GnuToolPackageArm\bin\..\arm-hitex-elf\lib\interwork/libc.a(lib_a-putchar.o)
 .glue_7t       0x00016660        0x0 C:\Program Files\Hitex\GnuToolPackageArm\bin\..\arm-hitex-elf\lib\interwork/libc.a(lib_a-puts.o)
 .glue_7t       0x00016660        0x0 C:\Program Files\Hitex\GnuToolPackageArm\bin\..\arm-hitex-elf\lib\interwork/libc.a(lib_a-rget.o)
 .glue_7t       0x00016660        0x0 C:\Program Files\Hitex\GnuToolPackageArm\bin\..\arm-hitex-elf\lib\interwork/libc.a(lib_a-scanf.o)
 .glue_7t       0x00016660        0x0 C:\Program Files\Hitex\GnuToolPackageArm\bin\..\arm-hitex-elf\lib\interwork/libc.a(lib_a-strlen.o)
 .glue_7t       0x00016660        0x0 C:\Program Files\Hitex\GnuToolPackageArm\bin\..\arm-hitex-elf\lib\interwork/libc.a(lib_a-vfprintf.o)
 .glue_7t       0x00016660        0x0 C:\Program Files\Hitex\GnuToolPackageArm\bin\..\arm-hitex-elf\lib\interwork/libc.a(lib_a-vfscanf.o)
 .glue_7t       0x00016660        0x0 C:\Program Files\Hitex\GnuToolPackageArm\bin\..\arm-hitex-elf\lib\interwork/libc.a(lib_a-wcrtomb.o)
 .glue_7t       0x00016660        0x0 C:\Program Files\Hitex\GnuToolPackageArm\bin\..\arm-hitex-elf\lib\interwork/libc.a(lib_a-wcsrtombs.o)
 .glue_7t       0x00016660        0x0 C:\Program Files\Hitex\GnuToolPackageArm\bin\..\arm-hitex-elf\lib\interwork/libc.a(lib_a-wctomb_r.o)
 .glue_7t       0x00016660        0x0 C:\Program Files\Hitex\GnuToolPackageArm\bin\..\arm-hitex-elf\lib\interwork/libc.a(lib_a-wsetup.o)
 .glue_7t       0x00016660        0x0 C:\Program Files\Hitex\GnuToolPackageArm\bin\..\arm-hitex-elf\lib\interwork/libc.a(lib_a-ctype_.o)
 .glue_7t       0x00016660        0x0 C:\Program Files\Hitex\GnuToolPackageArm\bin\..\arm-hitex-elf\lib\interwork/libc.a(lib_a-dtoa.o)
 .glue_7t       0x00016660        0x0 C:\Program Files\Hitex\GnuToolPackageArm\bin\..\arm-hitex-elf\lib\interwork/libc.a(lib_a-fflush.o)
 .glue_7t       0x00016660        0x0 C:\Program Files\Hitex\GnuToolPackageArm\bin\..\arm-hitex-elf\lib\interwork/libc.a(lib_a-findfp.o)
 .glue_7t       0x00016660        0x0 C:\Program Files\Hitex\GnuToolPackageArm\bin\..\arm-hitex-elf\lib\interwork/libc.a(lib_a-fread.o)
 .glue_7t       0x00016660        0x0 C:\Program Files\Hitex\GnuToolPackageArm\bin\..\arm-hitex-elf\lib\interwork/libc.a(lib_a-freer.o)
 .glue_7t       0x00016660        0x0 C:\Program Files\Hitex\GnuToolPackageArm\bin\..\arm-hitex-elf\lib\interwork/libc.a(lib_a-fvwrite.o)
 .glue_7t       0x00016660        0x0 C:\Program Files\Hitex\GnuToolPackageArm\bin\..\arm-hitex-elf\lib\interwork/libc.a(lib_a-fwalk.o)
 .glue_7t       0x00016660        0x0 C:\Program Files\Hitex\GnuToolPackageArm\bin\..\arm-hitex-elf\lib\interwork/libc.a(lib_a-iswspace.o)
 .glue_7t       0x00016660        0x0 C:\Program Files\Hitex\GnuToolPackageArm\bin\..\arm-hitex-elf\lib\interwork/libc.a(lib_a-locale.o)
 .glue_7t       0x00016660        0x0 C:\Program Files\Hitex\GnuToolPackageArm\bin\..\arm-hitex-elf\lib\interwork/libc.a(lib_a-makebuf.o)
 .glue_7t       0x00016660        0x0 C:\Program Files\Hitex\GnuToolPackageArm\bin\..\arm-hitex-elf\lib\interwork/libc.a(lib_a-mbrtowc.o)
 .glue_7t       0x00016660        0x0 C:\Program Files\Hitex\GnuToolPackageArm\bin\..\arm-hitex-elf\lib\interwork/libc.a(lib_a-mbtowc_r.o)
 .glue_7t       0x00016660        0x0 C:\Program Files\Hitex\GnuToolPackageArm\bin\..\arm-hitex-elf\lib\interwork/libc.a(lib_a-memchr.o)
 .glue_7t       0x00016660        0x0 C:\Program Files\Hitex\GnuToolPackageArm\bin\..\arm-hitex-elf\lib\interwork/libc.a(lib_a-mprec.o)
 .glue_7t       0x00016660        0x0 C:\Program Files\Hitex\GnuToolPackageArm\bin\..\arm-hitex-elf\lib\interwork/libc.a(lib_a-putc.o)
 .glue_7t       0x00016660        0x0 C:\Program Files\Hitex\GnuToolPackageArm\bin\..\arm-hitex-elf\lib\interwork/libc.a(lib_a-reallocr.o)
 .glue_7t       0x00016660        0x0 C:\Program Files\Hitex\GnuToolPackageArm\bin\..\arm-hitex-elf\lib\interwork/libc.a(lib_a-refill.o)
 .glue_7t       0x00016660        0x0 C:\Program Files\Hitex\GnuToolPackageArm\bin\..\arm-hitex-elf\lib\interwork/libc.a(lib_a-s_isinfd.o)
 .glue_7t       0x00016660        0x0 C:\Program Files\Hitex\GnuToolPackageArm\bin\..\arm-hitex-elf\lib\interwork/libc.a(lib_a-s_isnand.o)
 .glue_7t       0x00016660        0x0 C:\Program Files\Hitex\GnuToolPackageArm\bin\..\arm-hitex-elf\lib\interwork/libc.a(lib_a-sccl.o)
 .glue_7t       0x00016660        0x0 C:\Program Files\Hitex\GnuToolPackageArm\bin\..\arm-hitex-elf\lib\interwork/libc.a(lib_a-sf_nan.o)
 .glue_7t       0x00016660        0x0 C:\Program Files\Hitex\GnuToolPackageArm\bin\..\arm-hitex-elf\lib\interwork/libc.a(lib_a-sprintf.o)
 .glue_7t       0x00016660        0x0 C:\Program Files\Hitex\GnuToolPackageArm\bin\..\arm-hitex-elf\lib\interwork/libc.a(lib_a-stdio.o)
 .glue_7t       0x00016660        0x0 C:\Program Files\Hitex\GnuToolPackageArm\bin\..\arm-hitex-elf\lib\interwork/libc.a(lib_a-strcmp.o)
 .glue_7t       0x00016660        0x0 C:\Program Files\Hitex\GnuToolPackageArm\bin\..\arm-hitex-elf\lib\interwork/libc.a(lib_a-strtod.o)
 .glue_7t       0x00016660        0x0 C:\Program Files\Hitex\GnuToolPackageArm\bin\..\arm-hitex-elf\lib\interwork/libc.a(lib_a-strtol.o)
 .glue_7t       0x00016660        0x0 C:\Program Files\Hitex\GnuToolPackageArm\bin\..\arm-hitex-elf\lib\interwork/libc.a(lib_a-strtoul.o)
 .glue_7t       0x00016660        0x0 C:\Program Files\Hitex\GnuToolPackageArm\bin\..\arm-hitex-elf\lib\interwork/libc.a(lib_a-syscalls.o)
 .glue_7t       0x00016660        0x0 C:\Program Files\Hitex\GnuToolPackageArm\bin\..\arm-hitex-elf\lib\interwork/libc.a(lib_a-ungetc.o)
 .glue_7t       0x00016660        0x0 C:\Program Files\Hitex\GnuToolPackageArm\bin\..\arm-hitex-elf\lib\interwork/libc.a(lib_a-wbuf.o)
 .glue_7t       0x00016660        0x0 C:\Program Files\Hitex\GnuToolPackageArm\bin\..\arm-hitex-elf\lib\interwork/libc.a(lib_a-callocr.o)
 .glue_7t       0x00016660        0x0 C:\Program Files\Hitex\GnuToolPackageArm\bin\..\arm-hitex-elf\lib\interwork/libc.a(lib_a-closer.o)
 .glue_7t       0x00016660        0x0 C:\Program Files\Hitex\GnuToolPackageArm\bin\..\arm-hitex-elf\lib\interwork/libc.a(lib_a-errno.o)
 .glue_7t       0x00016660        0x0 C:\Program Files\Hitex\GnuToolPackageArm\bin\..\arm-hitex-elf\lib\interwork/libc.a(lib_a-fclose.o)
 .glue_7t       0x00016660        0x0 C:\Program Files\Hitex\GnuToolPackageArm\bin\..\arm-hitex-elf\lib\interwork/libc.a(lib_a-fstatr.o)
 .glue_7t       0x00016660        0x0 C:\Program Files\Hitex\GnuToolPackageArm\bin\..\arm-hitex-elf\lib\interwork/libc.a(lib_a-gdtoa-gethex.o)
 .glue_7t       0x00016660        0x0 C:\Program Files\Hitex\GnuToolPackageArm\bin\..\arm-hitex-elf\lib\interwork/libc.a(lib_a-gdtoa-hexnan.o)
 .glue_7t       0x00016660        0x0 C:\Program Files\Hitex\GnuToolPackageArm\bin\..\arm-hitex-elf\lib\interwork/libc.a(lib_a-lseekr.o)
 .glue_7t       0x00016660        0x0 C:\Program Files\Hitex\GnuToolPackageArm\bin\..\arm-hitex-elf\lib\interwork/libc.a(lib_a-reent.o)
 .glue_7t       0x00016660        0x0 C:\Program Files\Hitex\GnuToolPackageArm\bin\..\lib\gcc\arm-hitex-elf\4.1.1\interwork/libgcc.a(_udivsi3.o)
 .glue_7t       0x00016660        0x0 C:\Program Files\Hitex\GnuToolPackageArm\bin\..\lib\gcc\arm-hitex-elf\4.1.1\interwork/libgcc.a(_divsi3.o)
 .glue_7t       0x00016660        0x0 C:\Program Files\Hitex\GnuToolPackageArm\bin\..\lib\gcc\arm-hitex-elf\4.1.1\interwork/libgcc.a(_umodsi3.o)
 .glue_7t       0x00016660        0x0 C:\Program Files\Hitex\GnuToolPackageArm\bin\..\lib\gcc\arm-hitex-elf\4.1.1\interwork/libgcc.a(_modsi3.o)
 .glue_7t       0x00016660        0x0 C:\Program Files\Hitex\GnuToolPackageArm\bin\..\lib\gcc\arm-hitex-elf\4.1.1\interwork/libgcc.a(_dvmd_tls.o)
 .glue_7t       0x00016660        0x0 C:\Program Files\Hitex\GnuToolPackageArm\bin\..\lib\gcc\arm-hitex-elf\4.1.1\interwork/libgcc.a(_addsubdf3.o)
 .glue_7t       0x00016660        0x0 C:\Program Files\Hitex\GnuToolPackageArm\bin\..\lib\gcc\arm-hitex-elf\4.1.1\interwork/libgcc.a(_muldivdf3.o)
 .glue_7t       0x00016660        0x0 C:\Program Files\Hitex\GnuToolPackageArm\bin\..\lib\gcc\arm-hitex-elf\4.1.1\interwork/libgcc.a(_cmpdf2.o)
 .glue_7t       0x00016660        0x0 C:\Program Files\Hitex\GnuToolPackageArm\bin\..\lib\gcc\arm-hitex-elf\4.1.1\interwork/libgcc.a(_fixdfsi.o)
 .glue_7t       0x00016660        0x0 C:\Program Files\Hitex\GnuToolPackageArm\bin\..\lib\gcc\arm-hitex-elf\4.1.1\interwork/libgcc.a(_fixunsdfsi.o)
 .glue_7t       0x00016660        0x0 C:\Program Files\Hitex\GnuToolPackageArm\bin\..\lib\gcc\arm-hitex-elf\4.1.1\interwork/libgcc.a(_truncdfsf2.o)
 *(.gcc_except_table)
 *(.gnu.linkonce.r.*)
                0x00016660                . = ALIGN (0x4)

.rodata         0x00016660     0x37ec
 *(.rodata)
 .rodata        0x00016660       0x80 .\objects\main.o
 .rodata        0x000166e0       0x40 .\objects\portlcd.o
 .rodata        0x00016720      0x510 lib/libhelix.a(mp3tabs.o)
                0x00016744                xmp3fixpt_bitrateTab
                0x00016876                xmp3fixpt_slotTab
                0x00016852                xmp3fixpt_samplesPerFrameTab
                0x00016720                xmp3fixpt_samplerateTab
                0x00016864                xmp3fixpt_bitsPerSlotTab
                0x00016984                xmp3fixpt_sfBandTable
                0x0001686a                xmp3fixpt_sideBytesTab
 .rodata        0x00016c30       0x68 lib/libhelix.a(scalfact.o)
 .rodata        0x00016c98      0x86c lib/libhelix.a(trigtabs_fixpt.o)
                0x00016ed8                xmp3fixpt_ISFMpeg1
                0x00017010                xmp3fixpt_ISFIIP
                0x00017068                xmp3fixpt_coef32
                0x00016f10                xmp3fixpt_ISFMpeg2
                0x00017020                xmp3fixpt_uniqueIDTab
                0x000170e4                xmp3fixpt_polyCoef
                0x00017028                xmp3fixpt_csa
                0x00016c98                xmp3fixpt_imdctWin
 .rodata        0x00017504       0xc0 lib/libhelix.a(dct32.o)
 .rodata        0x000175c4      0x250 lib/libhelix.a(dqchan.o)
 .rodata        0x00017814     0x2304 lib/libhelix.a(hufftabs.o)
                0x00019b10                xmp3fixpt_quadTabMaxBits
                0x000199b8                xmp3fixpt_huffTabLookup
                0x00019b08                xmp3fixpt_quadTabOffset
                0x00019938                xmp3fixpt_huffTabOffset
                0x00017814                xmp3fixpt_huffTable
                0x00019ab8                xmp3fixpt_quadTable
 .rodata        0x00019b18       0x6c lib/libhelix.a(imdct.o)
 .rodata        0x00019b84        0x4 C:\Program Files\Hitex\GnuToolPackageArm\bin\..\arm-hitex-elf\lib\interwork/libc.a(lib_a-impure.o)
                0x00019b84                _global_impure_ptr
 .rodata        0x00019b88       0x20 C:\Program Files\Hitex\GnuToolPackageArm\bin\..\arm-hitex-elf\lib\interwork/libc.a(lib_a-vfprintf.o)
 .rodata        0x00019ba8       0x22 C:\Program Files\Hitex\GnuToolPackageArm\bin\..\arm-hitex-elf\lib\interwork/libc.a(lib_a-vfscanf.o)
 .rodata        0x00019bca      0x101 C:\Program Files\Hitex\GnuToolPackageArm\bin\..\arm-hitex-elf\lib\interwork/libc.a(lib_a-ctype_.o)
                0x00019bca                _ctype_
 *fill*         0x00019ccb        0x1 00
 .rodata        0x00019ccc       0x34 C:\Program Files\Hitex\GnuToolPackageArm\bin\..\arm-hitex-elf\lib\interwork/libc.a(lib_a-locale.o)
 .rodata        0x00019d00      0x124 C:\Program Files\Hitex\GnuToolPackageArm\bin\..\arm-hitex-elf\lib\interwork/libc.a(lib_a-mprec.o)
                0x00019df0                __mprec_tinytens
                0x00019d00                __mprec_tens
                0x00019dc8                __mprec_bigtens
 .rodata        0x00019e24       0x28 C:\Program Files\Hitex\GnuToolPackageArm\bin\..\arm-hitex-elf\lib\interwork/libc.a(lib_a-strtod.o)

.rodata.str1.4  0x00019e4c      0x76c
 .rodata.str1.4
                0x00019e4c       0xe3 .\objects\mp3.o
                                 0xe4 (size before relaxing)
 *fill*         0x00019f2f        0x1 00
 .rodata.str1.4
                0x00019f30      0x5ae .\objects\spi.o
                                0x5b0 (size before relaxing)
 *fill*         0x0001a4de        0x2 00
 .rodata.str1.4
                0x0001a4e0        0x2 C:\Program Files\Hitex\GnuToolPackageArm\bin\..\arm-hitex-elf\lib\interwork/libc.a(lib_a-impure.o)
                                  0x4 (size before relaxing)
 .rodata.str1.4
                0x00000000        0x2 C:\Program Files\Hitex\GnuToolPackageArm\bin\..\arm-hitex-elf\lib\interwork/libc.a(lib_a-puts.o)
                                  0x4 (size before relaxing)
 *fill*         0x0001a4e2        0x2 00
 .rodata.str1.4
                0x0001a4e4       0x5f C:\Program Files\Hitex\GnuToolPackageArm\bin\..\arm-hitex-elf\lib\interwork/libc.a(lib_a-vfprintf.o)
                                 0x64 (size before relaxing)
 *fill*         0x0001a543        0x1 00
 .rodata.str1.4
                0x0001a544        0x5 C:\Program Files\Hitex\GnuToolPackageArm\bin\..\arm-hitex-elf\lib\interwork/libc.a(lib_a-vfscanf.o)
                                  0x8 (size before relaxing)
 *fill*         0x0001a549        0x3 00
 .rodata.str1.4
                0x0001a54c       0x1e C:\Program Files\Hitex\GnuToolPackageArm\bin\..\arm-hitex-elf\lib\interwork/libc.a(lib_a-wctomb_r.o)
                                 0x20 (size before relaxing)
 *fill*         0x0001a56a        0x2 00
 .rodata.str1.4
                0x0001a56c       0x10 C:\Program Files\Hitex\GnuToolPackageArm\bin\..\arm-hitex-elf\lib\interwork/libc.a(lib_a-dtoa.o)
                                 0x14 (size before relaxing)
 .rodata.str1.4
                0x0001a57c        0xb C:\Program Files\Hitex\GnuToolPackageArm\bin\..\arm-hitex-elf\lib\interwork/libc.a(lib_a-locale.o)
                                 0x18 (size before relaxing)
 .rodata.str1.4
                0x00000000        0x4 C:\Program Files\Hitex\GnuToolPackageArm\bin\..\arm-hitex-elf\lib\interwork/libc.a(lib_a-mbrtowc.o)
 *fill*         0x0001a587        0x1 00
 .rodata.str1.4
                0x0001a588        0xf C:\Program Files\Hitex\GnuToolPackageArm\bin\..\arm-hitex-elf\lib\interwork/libc.a(lib_a-strtod.o)
                                 0x10 (size before relaxing)
 *fill*         0x0001a597        0x1 00
 .rodata.str1.4
                0x0001a598        0x4 C:\Program Files\Hitex\GnuToolPackageArm\bin\..\arm-hitex-elf\lib\interwork/libc.a(lib_a-syscalls.o)
 .rodata.str1.4
                0x0001a59c       0x1c C:\Program Files\Hitex\GnuToolPackageArm\bin\..\arm-hitex-elf\lib\interwork/libc.a(lib_a-gdtoa-gethex.o)
                0x0001a5b8                . = ALIGN (0x4)
                0x0001a5b8                _etext = .
                0x0001a5b8                PROVIDE (etext, .)

.data           0x40000000      0x85c load address 0x0001a5b8
                0x40000000                __data_start__ = .
                0x40000000                PROVIDE (__data_start__, .)
 *(.data)
 .data          0x40000000        0x8 .\objects\audioOut.o
                0x40000004                b_fixpoint
                0x40000000                a_fixpoint
 .data          0x40000008        0x0 .\objects\isrRoutine.o
 .data          0x40000008        0x0 .\objects\main.o
 .data          0x40000008        0x0 .\objects\mp3.o
 .data          0x40000008        0x0 .\objects\psi.o
 .data          0x40000008        0x0 .\objects\spi.o
 .data          0x40000008        0x0 .\objects\startup.o
 .data          0x40000008        0x0 .\objects\ConfigStick.o
 .data          0x40000008        0x0 .\objects\armVIC.o
 .data          0x40000008        0x4 .\objects\delay.o
 .data          0x4000000c        0x0 .\objects\fio.o
 .data          0x4000000c        0x0 .\objects\interrupt.o
 .data          0x4000000c        0x0 .\objects\portlcd.o
 .data          0x4000000c        0x0 .\objects\syscalls_lpc.o
 .data          0x4000000c        0x0 .\objects\target_info.o
 .data          0x4000000c        0x0 .\objects\uart.o
 .data          0x4000000c        0x0 .\objects\uartISR.o
 .data          0x4000000c        0x0 lib/libhelix.a(mp3dec.o)
 .data          0x4000000c        0x0 lib/libhelix.a(mp3tabs.o)
 .data          0x4000000c        0x0 lib/libhelix.a(scalfact.o)
 .data          0x4000000c        0x0 lib/libhelix.a(subband.o)
 .data          0x4000000c        0x0 lib/libhelix.a(trigtabs_fixpt.o)
 .data          0x4000000c        0x0 lib/libhelix.a(asmpoly_gcc.o)
 .data          0x4000000c        0x0 lib/libhelix.a(bitstream.o)
 .data          0x4000000c        0x0 lib/libhelix.a(buffers.o)
 .data          0x4000000c        0x0 lib/libhelix.a(dct32.o)
 .data          0x4000000c        0x0 lib/libhelix.a(dequant.o)
 .data          0x4000000c        0x0 lib/libhelix.a(dqchan.o)
 .data          0x4000000c        0x0 lib/libhelix.a(huffman.o)
 .data          0x4000000c        0x0 lib/libhelix.a(hufftabs.o)
 .data          0x4000000c        0x0 lib/libhelix.a(imdct.o)
 .data          0x4000000c        0x0 lib/libhelix.a(stproc.o)
 .data          0x4000000c      0x404 C:\Program Files\Hitex\GnuToolPackageArm\bin\..\arm-hitex-elf\lib\interwork/libc.a(lib_a-impure.o)
                0x4000000c                _impure_ptr
 .data          0x40000410        0x0 C:\Program Files\Hitex\GnuToolPackageArm\bin\..\arm-hitex-elf\lib\interwork/libc.a(lib_a-malloc.o)
 .data          0x40000410      0x410 C:\Program Files\Hitex\GnuToolPackageArm\bin\..\arm-hitex-elf\lib\interwork/libc.a(lib_a-mallocr.o)
                0x4000081c                __malloc_sbrk_base
                0x40000410                __malloc_av_
                0x40000818                __malloc_trim_threshold
 .data          0x40000820        0x0 C:\Program Files\Hitex\GnuToolPackageArm\bin\..\arm-hitex-elf\lib\interwork/libc.a(lib_a-memcmp.o)
 .data          0x40000820        0x0 C:\Program Files\Hitex\GnuToolPackageArm\bin\..\arm-hitex-elf\lib\interwork/libc.a(lib_a-memcpy.o)
 .data          0x40000820        0x0 C:\Program Files\Hitex\GnuToolPackageArm\bin\..\arm-hitex-elf\lib\interwork/libc.a(lib_a-memmove.o)
 .data          0x40000820        0x0 C:\Program Files\Hitex\GnuToolPackageArm\bin\..\arm-hitex-elf\lib\interwork/libc.a(lib_a-memset.o)
 .data          0x40000820        0x0 C:\Program Files\Hitex\GnuToolPackageArm\bin\..\arm-hitex-elf\lib\interwork/libc.a(lib_a-mlock.o)
 .data          0x40000820        0x0 C:\Program Files\Hitex\GnuToolPackageArm\bin\..\arm-hitex-elf\lib\interwork/libc.a(lib_a-printf.o)
 .data          0x40000820        0x0 C:\Program Files\Hitex\GnuToolPackageArm\bin\..\arm-hitex-elf\lib\interwork/libc.a(lib_a-putchar.o)
 .data          0x40000820        0x0 C:\Program Files\Hitex\GnuToolPackageArm\bin\..\arm-hitex-elf\lib\interwork/libc.a(lib_a-puts.o)
 .data          0x40000820        0x0 C:\Program Files\Hitex\GnuToolPackageArm\bin\..\arm-hitex-elf\lib\interwork/libc.a(lib_a-rget.o)
 .data          0x40000820        0x0 C:\Program Files\Hitex\GnuToolPackageArm\bin\..\arm-hitex-elf\lib\interwork/libc.a(lib_a-scanf.o)
 .data          0x40000820        0x0 C:\Program Files\Hitex\GnuToolPackageArm\bin\..\arm-hitex-elf\lib\interwork/libc.a(lib_a-strlen.o)
 .data          0x40000820        0x0 C:\Program Files\Hitex\GnuToolPackageArm\bin\..\arm-hitex-elf\lib\interwork/libc.a(lib_a-vfprintf.o)
 .data          0x40000820        0x0 C:\Program Files\Hitex\GnuToolPackageArm\bin\..\arm-hitex-elf\lib\interwork/libc.a(lib_a-vfscanf.o)
 .data          0x40000820        0x0 C:\Program Files\Hitex\GnuToolPackageArm\bin\..\arm-hitex-elf\lib\interwork/libc.a(lib_a-wcrtomb.o)
 .data          0x40000820        0x0 C:\Program Files\Hitex\GnuToolPackageArm\bin\..\arm-hitex-elf\lib\interwork/libc.a(lib_a-wcsrtombs.o)
 .data          0x40000820        0x0 C:\Program Files\Hitex\GnuToolPackageArm\bin\..\arm-hitex-elf\lib\interwork/libc.a(lib_a-wctomb_r.o)
 .data          0x40000820        0x0 C:\Program Files\Hitex\GnuToolPackageArm\bin\..\arm-hitex-elf\lib\interwork/libc.a(lib_a-wsetup.o)
 .data          0x40000820        0x4 C:\Program Files\Hitex\GnuToolPackageArm\bin\..\arm-hitex-elf\lib\interwork/libc.a(lib_a-ctype_.o)
                0x40000820                __ctype_ptr
 .data          0x40000824        0x0 C:\Program Files\Hitex\GnuToolPackageArm\bin\..\arm-hitex-elf\lib\interwork/libc.a(lib_a-dtoa.o)
 .data          0x40000824        0x0 C:\Program Files\Hitex\GnuToolPackageArm\bin\..\arm-hitex-elf\lib\interwork/libc.a(lib_a-fflush.o)
 .data          0x40000824        0x0 C:\Program Files\Hitex\GnuToolPackageArm\bin\..\arm-hitex-elf\lib\interwork/libc.a(lib_a-findfp.o)
 .data          0x40000824        0x0 C:\Program Files\Hitex\GnuToolPackageArm\bin\..\arm-hitex-elf\lib\interwork/libc.a(lib_a-fread.o)
 .data          0x40000824        0x0 C:\Program Files\Hitex\GnuToolPackageArm\bin\..\arm-hitex-elf\lib\interwork/libc.a(lib_a-freer.o)
 .data          0x40000824        0x0 C:\Program Files\Hitex\GnuToolPackageArm\bin\..\arm-hitex-elf\lib\interwork/libc.a(lib_a-fvwrite.o)
 .data          0x40000824        0x0 C:\Program Files\Hitex\GnuToolPackageArm\bin\..\arm-hitex-elf\lib\interwork/libc.a(lib_a-fwalk.o)
 .data          0x40000824        0x0 C:\Program Files\Hitex\GnuToolPackageArm\bin\..\arm-hitex-elf\lib\interwork/libc.a(lib_a-iswspace.o)
 .data          0x40000824       0x10 C:\Program Files\Hitex\GnuToolPackageArm\bin\..\arm-hitex-elf\lib\interwork/libc.a(lib_a-locale.o)
                0x40000824                __mb_cur_max
                0x40000828                __lc_ctype
 .data          0x40000834        0x0 C:\Program Files\Hitex\GnuToolPackageArm\bin\..\arm-hitex-elf\lib\interwork/libc.a(lib_a-makebuf.o)
 .data          0x40000834        0x0 C:\Program Files\Hitex\GnuToolPackageArm\bin\..\arm-hitex-elf\lib\interwork/libc.a(lib_a-mbrtowc.o)
 .data          0x40000834        0x0 C:\Program Files\Hitex\GnuToolPackageArm\bin\..\arm-hitex-elf\lib\interwork/libc.a(lib_a-mbtowc_r.o)
 .data          0x40000834        0x0 C:\Program Files\Hitex\GnuToolPackageArm\bin\..\arm-hitex-elf\lib\interwork/libc.a(lib_a-memchr.o)
 .data          0x40000834        0x0 C:\Program Files\Hitex\GnuToolPackageArm\bin\..\arm-hitex-elf\lib\interwork/libc.a(lib_a-mprec.o)
 .data          0x40000834        0x0 C:\Program Files\Hitex\GnuToolPackageArm\bin\..\arm-hitex-elf\lib\interwork/libc.a(lib_a-putc.o)
 .data          0x40000834        0x0 C:\Program Files\Hitex\GnuToolPackageArm\bin\..\arm-hitex-elf\lib\interwork/libc.a(lib_a-reallocr.o)
 .data          0x40000834        0x0 C:\Program Files\Hitex\GnuToolPackageArm\bin\..\arm-hitex-elf\lib\interwork/libc.a(lib_a-refill.o)
 .data          0x40000834        0x0 C:\Program Files\Hitex\GnuToolPackageArm\bin\..\arm-hitex-elf\lib\interwork/libc.a(lib_a-s_isinfd.o)
 .data          0x40000834        0x0 C:\Program Files\Hitex\GnuToolPackageArm\bin\..\arm-hitex-elf\lib\interwork/libc.a(lib_a-s_isnand.o)
 .data          0x40000834        0x0 C:\Program Files\Hitex\GnuToolPackageArm\bin\..\arm-hitex-elf\lib\interwork/libc.a(lib_a-sccl.o)
 .data          0x40000834        0x0 C:\Program Files\Hitex\GnuToolPackageArm\bin\..\arm-hitex-elf\lib\interwork/libc.a(lib_a-sf_nan.o)
 .data          0x40000834        0x0 C:\Program Files\Hitex\GnuToolPackageArm\bin\..\arm-hitex-elf\lib\interwork/libc.a(lib_a-sprintf.o)
 .data          0x40000834        0x0 C:\Program Files\Hitex\GnuToolPackageArm\bin\..\arm-hitex-elf\lib\interwork/libc.a(lib_a-stdio.o)
 .data          0x40000834        0x0 C:\Program Files\Hitex\GnuToolPackageArm\bin\..\arm-hitex-elf\lib\interwork/libc.a(lib_a-strcmp.o)
 .data          0x40000834       0x28 C:\Program Files\Hitex\GnuToolPackageArm\bin\..\arm-hitex-elf\lib\interwork/libc.a(lib_a-strtod.o)
 .data          0x4000085c        0x0 C:\Program Files\Hitex\GnuToolPackageArm\bin\..\arm-hitex-elf\lib\interwork/libc.a(lib_a-strtol.o)
 .data          0x4000085c        0x0 C:\Program Files\Hitex\GnuToolPackageArm\bin\..\arm-hitex-elf\lib\interwork/libc.a(lib_a-strtoul.o)
 .data          0x4000085c        0x0 C:\Program Files\Hitex\GnuToolPackageArm\bin\..\arm-hitex-elf\lib\interwork/libc.a(lib_a-syscalls.o)
 .data          0x4000085c        0x0 C:\Program Files\Hitex\GnuToolPackageArm\bin\..\arm-hitex-elf\lib\interwork/libc.a(lib_a-ungetc.o)
 .data          0x4000085c        0x0 C:\Program Files\Hitex\GnuToolPackageArm\bin\..\arm-hitex-elf\lib\interwork/libc.a(lib_a-wbuf.o)
 .data          0x4000085c        0x0 C:\Program Files\Hitex\GnuToolPackageArm\bin\..\arm-hitex-elf\lib\interwork/libc.a(lib_a-callocr.o)
 .data          0x4000085c        0x0 C:\Program Files\Hitex\GnuToolPackageArm\bin\..\arm-hitex-elf\lib\interwork/libc.a(lib_a-closer.o)
 .data          0x4000085c        0x0 C:\Program Files\Hitex\GnuToolPackageArm\bin\..\arm-hitex-elf\lib\interwork/libc.a(lib_a-errno.o)
 .data          0x4000085c        0x0 C:\Program Files\Hitex\GnuToolPackageArm\bin\..\arm-hitex-elf\lib\interwork/libc.a(lib_a-fclose.o)
 .data          0x4000085c        0x0 C:\Program Files\Hitex\GnuToolPackageArm\bin\..\arm-hitex-elf\lib\interwork/libc.a(lib_a-fstatr.o)
 .data          0x4000085c        0x0 C:\Program Files\Hitex\GnuToolPackageArm\bin\..\arm-hitex-elf\lib\interwork/libc.a(lib_a-gdtoa-gethex.o)
 .data          0x4000085c        0x0 C:\Program Files\Hitex\GnuToolPackageArm\bin\..\arm-hitex-elf\lib\interwork/libc.a(lib_a-gdtoa-hexnan.o)
 .data          0x4000085c        0x0 C:\Program Files\Hitex\GnuToolPackageArm\bin\..\arm-hitex-elf\lib\interwork/libc.a(lib_a-lseekr.o)
 .data          0x4000085c        0x0 C:\Program Files\Hitex\GnuToolPackageArm\bin\..\arm-hitex-elf\lib\interwork/libc.a(lib_a-reent.o)
 .data          0x4000085c        0x0 C:\Program Files\Hitex\GnuToolPackageArm\bin\..\lib\gcc\arm-hitex-elf\4.1.1\interwork/libgcc.a(_udivsi3.o)
 .data          0x4000085c        0x0 C:\Program Files\Hitex\GnuToolPackageArm\bin\..\lib\gcc\arm-hitex-elf\4.1.1\interwork/libgcc.a(_divsi3.o)
 .data          0x4000085c        0x0 C:\Program Files\Hitex\GnuToolPackageArm\bin\..\lib\gcc\arm-hitex-elf\4.1.1\interwork/libgcc.a(_umodsi3.o)
 .data          0x4000085c        0x0 C:\Program Files\Hitex\GnuToolPackageArm\bin\..\lib\gcc\arm-hitex-elf\4.1.1\interwork/libgcc.a(_modsi3.o)
 .data          0x4000085c        0x0 C:\Program Files\Hitex\GnuToolPackageArm\bin\..\lib\gcc\arm-hitex-elf\4.1.1\interwork/libgcc.a(_dvmd_tls.o)
 .data          0x4000085c        0x0 C:\Program Files\Hitex\GnuToolPackageArm\bin\..\lib\gcc\arm-hitex-elf\4.1.1\interwork/libgcc.a(_addsubdf3.o)
 .data          0x4000085c        0x0 C:\Program Files\Hitex\GnuToolPackageArm\bin\..\lib\gcc\arm-hitex-elf\4.1.1\interwork/libgcc.a(_muldivdf3.o)
 .data          0x4000085c        0x0 C:\Program Files\Hitex\GnuToolPackageArm\bin\..\lib\gcc\arm-hitex-elf\4.1.1\interwork/libgcc.a(_cmpdf2.o)
 .data          0x4000085c        0x0 C:\Program Files\Hitex\GnuToolPackageArm\bin\..\lib\gcc\arm-hitex-elf\4.1.1\interwork/libgcc.a(_fixdfsi.o)
 .data          0x4000085c        0x0 C:\Program Files\Hitex\GnuToolPackageArm\bin\..\lib\gcc\arm-hitex-elf\4.1.1\interwork/libgcc.a(_fixunsdfsi.o)
 .data          0x4000085c        0x0 C:\Program Files\Hitex\GnuToolPackageArm\bin\..\lib\gcc\arm-hitex-elf\4.1.1\interwork/libgcc.a(_truncdfsf2.o)
 *(.data.*)
 *(.gnu.linkonce.d*)
                0x4000085c                __data_end__ = .
                0x4000085c                PROVIDE (__data_end__, .)
                0x4000085c                . = ALIGN (0x4)
                0x4000085c                _edata = .
                0x4000085c                PROVIDE (edata, .)

.bss            0x40000860     0x19ac
                0x40000860                __bss_start = .
                0x40000860                __bss_start__ = .
 *(.bss)
 .bss           0x40000860       0x20 .\objects\audioOut.o
                0x4000087c                buffIdx
                0x40000868                running
                0x40000870                printCount
                0x40000874                isrBufferIdx
                0x40000864                msRuntime
                0x4000086c                timerRunning
                0x40000878                tableIdx
                0x40000860                count
 .bss           0x40000880        0x0 .\objects\isrRoutine.o
 .bss           0x40000880        0x0 .\objects\main.o
 .bss           0x40000880       0x1c .\objects\mp3.o
                0x4000088c                nRead
                0x40000898                err
                0x40000880                bytesLeft
                0x40000884                outOfData
                0x40000894                offset
                0x40000890                nFrames
                0x40000888                eofReached
 .bss           0x4000089c        0x0 .\objects\psi.o
 .bss           0x4000089c        0x0 .\objects\spi.o
 *fill*         0x4000089c        0x4 00
 .bss           0x400008a0     0x1860 .\objects\startup.o
                0x400008fc                FIQ_Stack
                0x400008dc                ABT_Stack
                0x400008bc                UND_Stack
                0x400010fc                IRQ_Stack
                0x400020fc                SVC_Stack
 .bss           0x40002100        0x8 .\objects\ConfigStick.o
                0x40002100                Setup_Data
 .bss           0x40002108        0x0 .\objects\armVIC.o
 .bss           0x40002108        0x4 .\objects\delay.o
 .bss           0x4000210c        0x0 .\objects\fio.o
 .bss           0x4000210c        0x0 .\objects\interrupt.o
 .bss           0x4000210c        0x4 .\objects\portlcd.o
 .bss           0x40002110        0x4 .\objects\syscalls_lpc.o
 .bss           0x40002114        0x0 .\objects\target_info.o
 .bss           0x40002114        0x0 .\objects\uart.o
 .bss           0x40002114        0x8 .\objects\uartISR.o
 .bss           0x4000211c        0x0 lib/libhelix.a(mp3dec.o)
 .bss           0x4000211c        0x0 lib/libhelix.a(mp3tabs.o)
 .bss           0x4000211c        0x0 lib/libhelix.a(scalfact.o)
 .bss           0x4000211c        0x0 lib/libhelix.a(subband.o)
 .bss           0x4000211c        0x0 lib/libhelix.a(trigtabs_fixpt.o)
 .bss           0x4000211c        0x0 lib/libhelix.a(asmpoly_gcc.o)
 .bss           0x4000211c        0x0 lib/libhelix.a(bitstream.o)
 .bss           0x4000211c        0x0 lib/libhelix.a(buffers.o)
 .bss           0x4000211c        0x0 lib/libhelix.a(dct32.o)
 .bss           0x4000211c        0x0 lib/libhelix.a(dequant.o)
 .bss           0x4000211c        0x0 lib/libhelix.a(dqchan.o)
 .bss           0x4000211c        0x0 lib/libhelix.a(huffman.o)
 .bss           0x4000211c        0x0 lib/libhelix.a(hufftabs.o)
 .bss           0x4000211c        0x0 lib/libhelix.a(imdct.o)
 .bss           0x4000211c        0x0 lib/libhelix.a(stproc.o)
 .bss           0x4000211c        0x0 C:\Program Files\Hitex\GnuToolPackageArm\bin\..\arm-hitex-elf\lib\interwork/libc.a(lib_a-impure.o)
 .bss           0x4000211c        0x0 C:\Program Files\Hitex\GnuToolPackageArm\bin\..\arm-hitex-elf\lib\interwork/libc.a(lib_a-malloc.o)
 .bss           0x4000211c       0x34 C:\Program Files\Hitex\GnuToolPackageArm\bin\..\arm-hitex-elf\lib\interwork/libc.a(lib_a-mallocr.o)
                0x4000211c                __malloc_top_pad
                0x40002120                __malloc_max_sbrked_mem
                0x40002128                __malloc_current_mallinfo
                0x40002124                __malloc_max_total_mem
 .bss           0x40002150        0x0 C:\Program Files\Hitex\GnuToolPackageArm\bin\..\arm-hitex-elf\lib\interwork/libc.a(lib_a-memcmp.o)
 .bss           0x40002150        0x0 C:\Program Files\Hitex\GnuToolPackageArm\bin\..\arm-hitex-elf\lib\interwork/libc.a(lib_a-memcpy.o)
 .bss           0x40002150        0x0 C:\Program Files\Hitex\GnuToolPackageArm\bin\..\arm-hitex-elf\lib\interwork/libc.a(lib_a-memmove.o)
 .bss           0x40002150        0x0 C:\Program Files\Hitex\GnuToolPackageArm\bin\..\arm-hitex-elf\lib\interwork/libc.a(lib_a-memset.o)
 .bss           0x40002150        0x0 C:\Program Files\Hitex\GnuToolPackageArm\bin\..\arm-hitex-elf\lib\interwork/libc.a(lib_a-mlock.o)
 .bss           0x40002150        0x0 C:\Program Files\Hitex\GnuToolPackageArm\bin\..\arm-hitex-elf\lib\interwork/libc.a(lib_a-printf.o)
 .bss           0x40002150        0x0 C:\Program Files\Hitex\GnuToolPackageArm\bin\..\arm-hitex-elf\lib\interwork/libc.a(lib_a-putchar.o)
 .bss           0x40002150        0x0 C:\Program Files\Hitex\GnuToolPackageArm\bin\..\arm-hitex-elf\lib\interwork/libc.a(lib_a-puts.o)
 .bss           0x40002150        0x0 C:\Program Files\Hitex\GnuToolPackageArm\bin\..\arm-hitex-elf\lib\interwork/libc.a(lib_a-rget.o)
 .bss           0x40002150        0x0 C:\Program Files\Hitex\GnuToolPackageArm\bin\..\arm-hitex-elf\lib\interwork/libc.a(lib_a-scanf.o)
 .bss           0x40002150        0x0 C:\Program Files\Hitex\GnuToolPackageArm\bin\..\arm-hitex-elf\lib\interwork/libc.a(lib_a-strlen.o)
 .bss           0x40002150        0x0 C:\Program Files\Hitex\GnuToolPackageArm\bin\..\arm-hitex-elf\lib\interwork/libc.a(lib_a-vfprintf.o)
 .bss           0x40002150        0x0 C:\Program Files\Hitex\GnuToolPackageArm\bin\..\arm-hitex-elf\lib\interwork/libc.a(lib_a-vfscanf.o)
 .bss           0x40002150        0x0 C:\Program Files\Hitex\GnuToolPackageArm\bin\..\arm-hitex-elf\lib\interwork/libc.a(lib_a-wcrtomb.o)
 .bss           0x40002150        0x0 C:\Program Files\Hitex\GnuToolPackageArm\bin\..\arm-hitex-elf\lib\interwork/libc.a(lib_a-wcsrtombs.o)
 .bss           0x40002150        0x0 C:\Program Files\Hitex\GnuToolPackageArm\bin\..\arm-hitex-elf\lib\interwork/libc.a(lib_a-wctomb_r.o)
 .bss           0x40002150        0x0 C:\Program Files\Hitex\GnuToolPackageArm\bin\..\arm-hitex-elf\lib\interwork/libc.a(lib_a-wsetup.o)
 .bss           0x40002150        0x0 C:\Program Files\Hitex\GnuToolPackageArm\bin\..\arm-hitex-elf\lib\interwork/libc.a(lib_a-ctype_.o)
 .bss           0x40002150        0x0 C:\Program Files\Hitex\GnuToolPackageArm\bin\..\arm-hitex-elf\lib\interwork/libc.a(lib_a-dtoa.o)
 .bss           0x40002150        0x0 C:\Program Files\Hitex\GnuToolPackageArm\bin\..\arm-hitex-elf\lib\interwork/libc.a(lib_a-fflush.o)
 .bss           0x40002150        0x0 C:\Program Files\Hitex\GnuToolPackageArm\bin\..\arm-hitex-elf\lib\interwork/libc.a(lib_a-findfp.o)
 .bss           0x40002150        0x0 C:\Program Files\Hitex\GnuToolPackageArm\bin\..\arm-hitex-elf\lib\interwork/libc.a(lib_a-fread.o)
 .bss           0x40002150        0x0 C:\Program Files\Hitex\GnuToolPackageArm\bin\..\arm-hitex-elf\lib\interwork/libc.a(lib_a-freer.o)
 .bss           0x40002150        0x0 C:\Program Files\Hitex\GnuToolPackageArm\bin\..\arm-hitex-elf\lib\interwork/libc.a(lib_a-fvwrite.o)
 .bss           0x40002150        0x0 C:\Program Files\Hitex\GnuToolPackageArm\bin\..\arm-hitex-elf\lib\interwork/libc.a(lib_a-fwalk.o)
 .bss           0x40002150        0x0 C:\Program Files\Hitex\GnuToolPackageArm\bin\..\arm-hitex-elf\lib\interwork/libc.a(lib_a-iswspace.o)
 .bss           0x40002150        0xc C:\Program Files\Hitex\GnuToolPackageArm\bin\..\arm-hitex-elf\lib\interwork/libc.a(lib_a-locale.o)
                0x40002150                __nlocale_changed
                0x40002154                __mlocale_changed
                0x40002158                _PathLocale
 .bss           0x4000215c        0x0 C:\Program Files\Hitex\GnuToolPackageArm\bin\..\arm-hitex-elf\lib\interwork/libc.a(lib_a-makebuf.o)
 .bss           0x4000215c        0x0 C:\Program Files\Hitex\GnuToolPackageArm\bin\..\arm-hitex-elf\lib\interwork/libc.a(lib_a-mbrtowc.o)
 .bss           0x4000215c        0x0 C:\Program Files\Hitex\GnuToolPackageArm\bin\..\arm-hitex-elf\lib\interwork/libc.a(lib_a-mbtowc_r.o)
 .bss           0x4000215c        0x0 C:\Program Files\Hitex\GnuToolPackageArm\bin\..\arm-hitex-elf\lib\interwork/libc.a(lib_a-memchr.o)
 .bss           0x4000215c        0x0 C:\Program Files\Hitex\GnuToolPackageArm\bin\..\arm-hitex-elf\lib\interwork/libc.a(lib_a-mprec.o)
 .bss           0x4000215c        0x0 C:\Program Files\Hitex\GnuToolPackageArm\bin\..\arm-hitex-elf\lib\interwork/libc.a(lib_a-putc.o)
 .bss           0x4000215c        0x0 C:\Program Files\Hitex\GnuToolPackageArm\bin\..\arm-hitex-elf\lib\interwork/libc.a(lib_a-reallocr.o)
 .bss           0x4000215c        0x0 C:\Program Files\Hitex\GnuToolPackageArm\bin\..\arm-hitex-elf\lib\interwork/libc.a(lib_a-refill.o)
 .bss           0x4000215c        0x0 C:\Program Files\Hitex\GnuToolPackageArm\bin\..\arm-hitex-elf\lib\interwork/libc.a(lib_a-s_isinfd.o)
 .bss           0x4000215c        0x0 C:\Program Files\Hitex\GnuToolPackageArm\bin\..\arm-hitex-elf\lib\interwork/libc.a(lib_a-s_isnand.o)
 .bss           0x4000215c        0x0 C:\Program Files\Hitex\GnuToolPackageArm\bin\..\arm-hitex-elf\lib\interwork/libc.a(lib_a-sccl.o)
 .bss           0x4000215c        0x0 C:\Program Files\Hitex\GnuToolPackageArm\bin\..\arm-hitex-elf\lib\interwork/libc.a(lib_a-sf_nan.o)
 .bss           0x4000215c        0x0 C:\Program Files\Hitex\GnuToolPackageArm\bin\..\arm-hitex-elf\lib\interwork/libc.a(lib_a-sprintf.o)
 .bss           0x4000215c        0x0 C:\Program Files\Hitex\GnuToolPackageArm\bin\..\arm-hitex-elf\lib\interwork/libc.a(lib_a-stdio.o)
 .bss           0x4000215c        0x0 C:\Program Files\Hitex\GnuToolPackageArm\bin\..\arm-hitex-elf\lib\interwork/libc.a(lib_a-strcmp.o)
 .bss           0x4000215c        0x0 C:\Program Files\Hitex\GnuToolPackageArm\bin\..\arm-hitex-elf\lib\interwork/libc.a(lib_a-strtod.o)
 .bss           0x4000215c        0x0 C:\Program Files\Hitex\GnuToolPackageArm\bin\..\arm-hitex-elf\lib\interwork/libc.a(lib_a-strtol.o)
 .bss           0x4000215c        0x0 C:\Program Files\Hitex\GnuToolPackageArm\bin\..\arm-hitex-elf\lib\interwork/libc.a(lib_a-strtoul.o)
 .bss           0x4000215c       0xb0 C:\Program Files\Hitex\GnuToolPackageArm\bin\..\arm-hitex-elf\lib\interwork/libc.a(lib_a-syscalls.o)
 .bss           0x4000220c        0x0 C:\Program Files\Hitex\GnuToolPackageArm\bin\..\arm-hitex-elf\lib\interwork/libc.a(lib_a-ungetc.o)
 .bss           0x4000220c        0x0 C:\Program Files\Hitex\GnuToolPackageArm\bin\..\arm-hitex-elf\lib\interwork/libc.a(lib_a-wbuf.o)
 .bss           0x4000220c        0x0 C:\Program Files\Hitex\GnuToolPackageArm\bin\..\arm-hitex-elf\lib\interwork/libc.a(lib_a-callocr.o)
 .bss           0x4000220c        0x0 C:\Program Files\Hitex\GnuToolPackageArm\bin\..\arm-hitex-elf\lib\interwork/libc.a(lib_a-closer.o)
 .bss           0x4000220c        0x0 C:\Program Files\Hitex\GnuToolPackageArm\bin\..\arm-hitex-elf\lib\interwork/libc.a(lib_a-errno.o)
 .bss           0x4000220c        0x0 C:\Program Files\Hitex\GnuToolPackageArm\bin\..\arm-hitex-elf\lib\interwork/libc.a(lib_a-fclose.o)
 .bss           0x4000220c        0x0 C:\Program Files\Hitex\GnuToolPackageArm\bin\..\arm-hitex-elf\lib\interwork/libc.a(lib_a-fstatr.o)
 .bss           0x4000220c        0x0 C:\Program Files\Hitex\GnuToolPackageArm\bin\..\arm-hitex-elf\lib\interwork/libc.a(lib_a-gdtoa-gethex.o)
 .bss           0x4000220c        0x0 C:\Program Files\Hitex\GnuToolPackageArm\bin\..\arm-hitex-elf\lib\interwork/libc.a(lib_a-gdtoa-hexnan.o)
 .bss           0x4000220c        0x0 C:\Program Files\Hitex\GnuToolPackageArm\bin\..\arm-hitex-elf\lib\interwork/libc.a(lib_a-lseekr.o)
 .bss           0x4000220c        0x0 C:\Program Files\Hitex\GnuToolPackageArm\bin\..\arm-hitex-elf\lib\interwork/libc.a(lib_a-reent.o)
 .bss           0x4000220c        0x0 C:\Program Files\Hitex\GnuToolPackageArm\bin\..\lib\gcc\arm-hitex-elf\4.1.1\interwork/libgcc.a(_udivsi3.o)
 .bss           0x4000220c        0x0 C:\Program Files\Hitex\GnuToolPackageArm\bin\..\lib\gcc\arm-hitex-elf\4.1.1\interwork/libgcc.a(_divsi3.o)
 .bss           0x4000220c        0x0 C:\Program Files\Hitex\GnuToolPackageArm\bin\..\lib\gcc\arm-hitex-elf\4.1.1\interwork/libgcc.a(_umodsi3.o)
 .bss           0x4000220c        0x0 C:\Program Files\Hitex\GnuToolPackageArm\bin\..\lib\gcc\arm-hitex-elf\4.1.1\interwork/libgcc.a(_modsi3.o)
 .bss           0x4000220c        0x0 C:\Program Files\Hitex\GnuToolPackageArm\bin\..\lib\gcc\arm-hitex-elf\4.1.1\interwork/libgcc.a(_dvmd_tls.o)
 .bss           0x4000220c        0x0 C:\Program Files\Hitex\GnuToolPackageArm\bin\..\lib\gcc\arm-hitex-elf\4.1.1\interwork/libgcc.a(_addsubdf3.o)
 .bss           0x4000220c        0x0 C:\Program Files\Hitex\GnuToolPackageArm\bin\..\lib\gcc\arm-hitex-elf\4.1.1\interwork/libgcc.a(_muldivdf3.o)
 .bss           0x4000220c        0x0 C:\Program Files\Hitex\GnuToolPackageArm\bin\..\lib\gcc\arm-hitex-elf\4.1.1\interwork/libgcc.a(_cmpdf2.o)
 .bss           0x4000220c        0x0 C:\Program Files\Hitex\GnuToolPackageArm\bin\..\lib\gcc\arm-hitex-elf\4.1.1\interwork/libgcc.a(_fixdfsi.o)
 .bss           0x4000220c        0x0 C:\Program Files\Hitex\GnuToolPackageArm\bin\..\lib\gcc\arm-hitex-elf\4.1.1\interwork/libgcc.a(_fixunsdfsi.o)
 .bss           0x4000220c        0x0 C:\Program Files\Hitex\GnuToolPackageArm\bin\..\lib\gcc\arm-hitex-elf\4.1.1\interwork/libgcc.a(_truncdfsf2.o)
 *(.gnu.linkonce.b*)
                0x4000220c                . = ALIGN (0x4)
                0x4000220c                __bss_end__ = .

.bss2           0x4000220c     0x3ab4
                0x4000220c                __bss2_start = .
                0x4000220c                __bss2_start__ = .
 *(COMMON)
 COMMON         0x4000220c      0x434 .\objects\audioOut.o
                0x4000220c                IsrBuffer1
                0x40002210                tabelle
                0x40002614                stringBufferForLcdPrint
                0x40002638                currentIsrBuffer
                0x4000263c                IsrBuffer2
 COMMON         0x40002640     0x2410 .\objects\main.o
                0x40002640                outputBuffer1
                0x40003840                dacChannel
                0x40003844                currentBuffer
                0x40003848                outBuf1
                0x4000384c                outBuf2
                0x40003850                outputBuffer2
 COMMON         0x40004a50      0xf50 .\objects\mp3.o
                0x40004a50                spiDataPosition
                0x40004a54                mp3Dec
                0x40004a58                inputBuffer
                0x40005980                inBufPtr
                0x40005984                mp3FrameInfo
 COMMON         0x400059a0        0x4 .\objects\spi.o
                0x400059a0                throwAway
 COMMON         0x400059a4      0x218 .\objects\uart.o
                0x400059a4                uart0_tx_buffer
                0x40005a24                uart2_rx_extract_idx
                0x40005a26                uart2_tx_insert_idx
                0x40005a28                uart0_tx_insert_idx
                0x40005a2a                uart0_rx_insert_idx
                0x40005a2c                uart2_rx_insert_idx
                0x40005a2e                uart0_tx_extract_idx
                0x40005a30                uart2_tx_buffer
                0x40005ab0                uart2_tx_running
                0x40005ab4                uart2_rx_buffer
                0x40005b34                uart0_tx_running
                0x40005b38                uart2_tx_extract_idx
                0x40005b3a                uart0_rx_buffer
                0x40005bba                uart0_rx_extract_idx
 COMMON         0x40005bbc      0x100 C:\Program Files\Hitex\GnuToolPackageArm\bin\..\arm-hitex-elf\lib\interwork/libc.a(lib_a-gdtoa-gethex.o)
                0x40005bbc                __hexdig
 COMMON         0x40005cbc        0x4 C:\Program Files\Hitex\GnuToolPackageArm\bin\..\arm-hitex-elf\lib\interwork/libc.a(lib_a-reent.o)
                0x40005cbc                errno
                0x40005cc0                . = ALIGN (0x4)
                0x40005cc0                __bss2_end__ = .
                0x40005cc0                _end = .
                0x40005cc0                PROVIDE (end, .)

.comment        0x00000000      0x654
 *(.comment)
 .comment       0x00000000       0x12 .\objects\audioOut.o
 .comment       0x00000012       0x12 .\objects\isrRoutine.o
 .comment       0x00000024       0x12 .\objects\main.o
 .comment       0x00000036       0x12 .\objects\mp3.o
 .comment       0x00000048       0x12 .\objects\psi.o
 .comment       0x0000005a       0x12 .\objects\spi.o
 .comment       0x0000006c       0x12 .\objects\ConfigStick.o
 .comment       0x0000007e       0x12 .\objects\armVIC.o
 .comment       0x00000090       0x12 .\objects\delay.o
 .comment       0x000000a2       0x12 .\objects\fio.o
 .comment       0x000000b4       0x12 .\objects\interrupt.o
 .comment       0x000000c6       0x12 .\objects\portlcd.o
 .comment       0x000000d8       0x12 .\objects\syscalls_lpc.o
 .comment       0x000000ea       0x12 .\objects\target_info.o
 .comment       0x000000fc       0x12 .\objects\uart.o
 .comment       0x0000010e       0x12 .\objects\uartISR.o
 .comment       0x00000120       0x12 lib/libhelix.a(mp3dec.o)
 .comment       0x00000132       0x12 lib/libhelix.a(mp3tabs.o)
 .comment       0x00000144       0x12 lib/libhelix.a(scalfact.o)
 .comment       0x00000156       0x12 lib/libhelix.a(subband.o)
 .comment       0x00000168       0x12 lib/libhelix.a(trigtabs_fixpt.o)
 .comment       0x0000017a       0x12 lib/libhelix.a(bitstream.o)
 .comment       0x0000018c       0x12 lib/libhelix.a(buffers.o)
 .comment       0x0000019e       0x12 lib/libhelix.a(dct32.o)
 .comment       0x000001b0       0x12 lib/libhelix.a(dequant.o)
 .comment       0x000001c2       0x12 lib/libhelix.a(dqchan.o)
 .comment       0x000001d4       0x12 lib/libhelix.a(huffman.o)
 .comment       0x000001e6       0x12 lib/libhelix.a(hufftabs.o)
 .comment       0x000001f8       0x12 lib/libhelix.a(imdct.o)
 .comment       0x0000020a       0x12 lib/libhelix.a(stproc.o)
 .comment       0x0000021c       0x12 C:\Program Files\Hitex\GnuToolPackageArm\bin\..\arm-hitex-elf\lib\interwork/libc.a(lib_a-impure.o)
 .comment       0x0000022e       0x12 C:\Program Files\Hitex\GnuToolPackageArm\bin\..\arm-hitex-elf\lib\interwork/libc.a(lib_a-malloc.o)
 .comment       0x00000240       0x12 C:\Program Files\Hitex\GnuToolPackageArm\bin\..\arm-hitex-elf\lib\interwork/libc.a(lib_a-mallocr.o)
 .comment       0x00000252       0x12 C:\Program Files\Hitex\GnuToolPackageArm\bin\..\arm-hitex-elf\lib\interwork/libc.a(lib_a-memcmp.o)
 .comment       0x00000264       0x12 C:\Program Files\Hitex\GnuToolPackageArm\bin\..\arm-hitex-elf\lib\interwork/libc.a(lib_a-memcpy.o)
 .comment       0x00000276       0x12 C:\Program Files\Hitex\GnuToolPackageArm\bin\..\arm-hitex-elf\lib\interwork/libc.a(lib_a-memmove.o)
 .comment       0x00000288       0x12 C:\Program Files\Hitex\GnuToolPackageArm\bin\..\arm-hitex-elf\lib\interwork/libc.a(lib_a-memset.o)
 .comment       0x0000029a       0x12 C:\Program Files\Hitex\GnuToolPackageArm\bin\..\arm-hitex-elf\lib\interwork/libc.a(lib_a-mlock.o)
 .comment       0x000002ac       0x12 C:\Program Files\Hitex\GnuToolPackageArm\bin\..\arm-hitex-elf\lib\interwork/libc.a(lib_a-printf.o)
 .comment       0x000002be       0x12 C:\Program Files\Hitex\GnuToolPackageArm\bin\..\arm-hitex-elf\lib\interwork/libc.a(lib_a-putchar.o)
 .comment       0x000002d0       0x12 C:\Program Files\Hitex\GnuToolPackageArm\bin\..\arm-hitex-elf\lib\interwork/libc.a(lib_a-puts.o)
 .comment       0x000002e2       0x12 C:\Program Files\Hitex\GnuToolPackageArm\bin\..\arm-hitex-elf\lib\interwork/libc.a(lib_a-rget.o)
 .comment       0x000002f4       0x12 C:\Program Files\Hitex\GnuToolPackageArm\bin\..\arm-hitex-elf\lib\interwork/libc.a(lib_a-scanf.o)
 .comment       0x00000306       0x12 C:\Program Files\Hitex\GnuToolPackageArm\bin\..\arm-hitex-elf\lib\interwork/libc.a(lib_a-strlen.o)
 .comment       0x00000318       0x12 C:\Program Files\Hitex\GnuToolPackageArm\bin\..\arm-hitex-elf\lib\interwork/libc.a(lib_a-vfprintf.o)
 .comment       0x0000032a       0x12 C:\Program Files\Hitex\GnuToolPackageArm\bin\..\arm-hitex-elf\lib\interwork/libc.a(lib_a-vfscanf.o)
 .comment       0x0000033c       0x12 C:\Program Files\Hitex\GnuToolPackageArm\bin\..\arm-hitex-elf\lib\interwork/libc.a(lib_a-wcrtomb.o)
 .comment       0x0000034e       0x12 C:\Program Files\Hitex\GnuToolPackageArm\bin\..\arm-hitex-elf\lib\interwork/libc.a(lib_a-wcsrtombs.o)
 .comment       0x00000360       0x12 C:\Program Files\Hitex\GnuToolPackageArm\bin\..\arm-hitex-elf\lib\interwork/libc.a(lib_a-wctomb_r.o)
 .comment       0x00000372       0x12 C:\Program Files\Hitex\GnuToolPackageArm\bin\..\arm-hitex-elf\lib\interwork/libc.a(lib_a-wsetup.o)
 .comment       0x00000384       0x12 C:\Program Files\Hitex\GnuToolPackageArm\bin\..\arm-hitex-elf\lib\interwork/libc.a(lib_a-ctype_.o)
 .comment       0x00000396       0x12 C:\Program Files\Hitex\GnuToolPackageArm\bin\..\arm-hitex-elf\lib\interwork/libc.a(lib_a-dtoa.o)
 .comment       0x000003a8       0x12 C:\Program Files\Hitex\GnuToolPackageArm\bin\..\arm-hitex-elf\lib\interwork/libc.a(lib_a-fflush.o)
 .comment       0x000003ba       0x12 C:\Program Files\Hitex\GnuToolPackageArm\bin\..\arm-hitex-elf\lib\interwork/libc.a(lib_a-findfp.o)
 .comment       0x000003cc       0x12 C:\Program Files\Hitex\GnuToolPackageArm\bin\..\arm-hitex-elf\lib\interwork/libc.a(lib_a-fread.o)
 .comment       0x000003de       0x12 C:\Program Files\Hitex\GnuToolPackageArm\bin\..\arm-hitex-elf\lib\interwork/libc.a(lib_a-freer.o)
 .comment       0x000003f0       0x12 C:\Program Files\Hitex\GnuToolPackageArm\bin\..\arm-hitex-elf\lib\interwork/libc.a(lib_a-fvwrite.o)
 .comment       0x00000402       0x12 C:\Program Files\Hitex\GnuToolPackageArm\bin\..\arm-hitex-elf\lib\interwork/libc.a(lib_a-fwalk.o)
 .comment       0x00000414       0x12 C:\Program Files\Hitex\GnuToolPackageArm\bin\..\arm-hitex-elf\lib\interwork/libc.a(lib_a-iswspace.o)
 .comment       0x00000426       0x12 C:\Program Files\Hitex\GnuToolPackageArm\bin\..\arm-hitex-elf\lib\interwork/libc.a(lib_a-locale.o)