Archive member included because of file (symbol)

lib/libhelix.a(mp3dec.o)      .\objects\mp3.o (MP3FindSyncWord)
lib/libhelix.a(mp3tabs.o)     lib/libhelix.a(mp3dec.o) (xmp3fixpt_samplesPerFrameTab)
lib/libhelix.a(scalfact.o)    lib/libhelix.a(mp3dec.o) (xmp3fixpt_UnpackScaleFactors)
lib/libhelix.a(subband.o)     lib/libhelix.a(mp3dec.o) (xmp3fixpt_Subband)
lib/libhelix.a(trigtabs_fixpt.o)
                              lib/libhelix.a(subband.o) (xmp3fixpt_polyCoef)
lib/libhelix.a(asmpoly_gcc.o)
                              lib/libhelix.a(subband.o) (xmp3fixpt_PolyphaseStereo)
lib/libhelix.a(bitstream.o)   lib/libhelix.a(scalfact.o) (xmp3fixpt_SetBitstreamPointer)
lib/libhelix.a(buffers.o)     lib/libhelix.a(mp3dec.o) (xmp3fixpt_FreeBuffers)
lib/libhelix.a(dct32.o)       lib/libhelix.a(subband.o) (xmp3fixpt_FDCT32)
lib/libhelix.a(dequant.o)     lib/libhelix.a(mp3dec.o) (xmp3fixpt_Dequantize)
lib/libhelix.a(dqchan.o)      lib/libhelix.a(dequant.o) (xmp3fixpt_DequantChannel)
lib/libhelix.a(huffman.o)     lib/libhelix.a(mp3dec.o) (xmp3fixpt_DecodeHuffman)
lib/libhelix.a(hufftabs.o)    lib/libhelix.a(huffman.o) (xmp3fixpt_huffTable)
lib/libhelix.a(imdct.o)       lib/libhelix.a(mp3dec.o) (xmp3fixpt_IMDCT)
lib/libhelix.a(stproc.o)      lib/libhelix.a(dequant.o) (xmp3fixpt_MidSideProc)
C:\Program Files\Hitex\GnuToolPackageArm\bin\..\arm-hitex-elf\lib\interwork/libc.a(lib_a-impure.o)
                              .\objects\spi.o (_impure_ptr)
C:\Program Files\Hitex\GnuToolPackageArm\bin\..\arm-hitex-elf\lib\interwork/libc.a(lib_a-malloc.o)
                              .\objects\spi.o (free)
C:\Program Files\Hitex\GnuToolPackageArm\bin\..\arm-hitex-elf\lib\interwork/libc.a(lib_a-mallocr.o)
                              C:\Program Files\Hitex\GnuToolPackageArm\bin\..\arm-hitex-elf\lib\interwork/libc.a(lib_a-malloc.o) (_malloc_r)
C:\Program Files\Hitex\GnuToolPackageArm\bin\..\arm-hitex-elf\lib\interwork/libc.a(lib_a-memcmp.o)
                              .\objects\spi.o (memcmp)
C:\Program Files\Hitex\GnuToolPackageArm\bin\..\arm-hitex-elf\lib\interwork/libc.a(lib_a-memcpy.o)
                              lib/libhelix.a(mp3dec.o) (memcpy)
C:\Program Files\Hitex\GnuToolPackageArm\bin\..\arm-hitex-elf\lib\interwork/libc.a(lib_a-memmove.o)
                              lib/libhelix.a(mp3dec.o) (memmove)
C:\Program Files\Hitex\GnuToolPackageArm\bin\..\arm-hitex-elf\lib\interwork/libc.a(lib_a-memset.o)
                              .\objects\spi.o (memset)
C:\Program Files\Hitex\GnuToolPackageArm\bin\..\arm-hitex-elf\lib\interwork/libc.a(lib_a-mlock.o)
                              C:\Program Files\Hitex\GnuToolPackageArm\bin\..\arm-hitex-elf\lib\interwork/libc.a(lib_a-mallocr.o) (__malloc_lock)
C:\Program Files\Hitex\GnuToolPackageArm\bin\..\arm-hitex-elf\lib\interwork/libc.a(lib_a-printf.o)
                              .\objects\mp3.o (printf)
C:\Program Files\Hitex\GnuToolPackageArm\bin\..\arm-hitex-elf\lib\interwork/libc.a(lib_a-putchar.o)
                              .\objects\spi.o (putchar)
C:\Program Files\Hitex\GnuToolPackageArm\bin\..\arm-hitex-elf\lib\interwork/libc.a(lib_a-puts.o)
                              .\objects\main.o (puts)
C:\Program Files\Hitex\GnuToolPackageArm\bin\..\arm-hitex-elf\lib\interwork/libc.a(lib_a-rget.o)
                              .\objects\spi.o (__srget_r)
C:\Program Files\Hitex\GnuToolPackageArm\bin\..\arm-hitex-elf\lib\interwork/libc.a(lib_a-scanf.o)
                              .\objects\spi.o (scanf)
C:\Program Files\Hitex\GnuToolPackageArm\bin\..\arm-hitex-elf\lib\interwork/libc.a(lib_a-strlen.o)
                              C:\Program Files\Hitex\GnuToolPackageArm\bin\..\arm-hitex-elf\lib\interwork/libc.a(lib_a-puts.o) (strlen)
C:\Program Files\Hitex\GnuToolPackageArm\bin\..\arm-hitex-elf\lib\interwork/libc.a(lib_a-vfprintf.o)
                              C:\Program Files\Hitex\GnuToolPackageArm\bin\..\arm-hitex-elf\lib\interwork/libc.a(lib_a-printf.o) (_vfprintf_r)
C:\Program Files\Hitex\GnuToolPackageArm\bin\..\arm-hitex-elf\lib\interwork/libc.a(lib_a-vfscanf.o)
                              C:\Program Files\Hitex\GnuToolPackageArm\bin\..\arm-hitex-elf\lib\interwork/libc.a(lib_a-scanf.o) (__svfscanf_r)
C:\Program Files\Hitex\GnuToolPackageArm\bin\..\arm-hitex-elf\lib\interwork/libc.a(lib_a-wcrtomb.o)
                              C:\Program Files\Hitex\GnuToolPackageArm\bin\..\arm-hitex-elf\lib\interwork/libc.a(lib_a-vfprintf.o) (_wcrtomb_r)
C:\Program Files\Hitex\GnuToolPackageArm\bin\..\arm-hitex-elf\lib\interwork/libc.a(lib_a-wcsrtombs.o)
                              C:\Program Files\Hitex\GnuToolPackageArm\bin\..\arm-hitex-elf\lib\interwork/libc.a(lib_a-vfprintf.o) (_wcsrtombs_r)
C:\Program Files\Hitex\GnuToolPackageArm\bin\..\arm-hitex-elf\lib\interwork/libc.a(lib_a-wctomb_r.o)
                              C:\Program Files\Hitex\GnuToolPackageArm\bin\..\arm-hitex-elf\lib\interwork/libc.a(lib_a-wcrtomb.o) (_wctomb_r)
[...]
Memory Configuration

Name             Origin             Length             Attributes
IntCode          0x00000000         0x00080000         xr
IntDataRAM       0x40000000         0x00010000         rw
*default*        0x00000000         0xffffffff

Linker script and memory map

LOAD .\objects\main.o
LOAD .\objects\mp3.o
LOAD .\objects\spi.o
LOAD .\objects\startup.o
LOAD .\objects\ConfigStick.o
LOAD .\objects\armVIC.o
LOAD .\objects\delay.o
LOAD .\objects\fio.o
LOAD .\objects\interrupt.o
LOAD .\objects\portlcd.o
LOAD .\objects\syscalls_lpc.o
LOAD .\objects\target_info.o
LOAD .\objects\uart.o
LOAD .\objects\uartISR.o
                0x40010000                PROVIDE (_top_stack_, 0x40010000)
                0x40010000                PROVIDE (_end_of_heap_, 0x40010000)

.text           0x00000000    0x160b8
                0x00000000                __code_start__ = .
 .\objects\startup.o(.text)
 .text          0x00000000      0x214 .\objects\startup.o
                0x00000000                _startup
                0x00000038                ResetEntry
                0x0000004c                start
                0x0000004c                Start_init_s
 *.o(.text)
 .text          0x00000214       0xb4 .\objects\main.o
                0x00000214                main
 .text          0x000002c8       0xa4 .\objects\mp3.o
                0x000002c8                initMp3Module
 .text          0x0000036c     0x1608 .\objects\spi.o
                0x00000ab4                spiFlashMemGlobalUnprotect
                0x000009d8                spiFlashMemSetWriteEnable
                0x000004e8                eraseChip
                0x00000878                spiFlashMemWaitReady
                0x000011e8                readSpecs
                0x00000fa0                spiFlashMemRead
                0x000005ec                testSpiMem
                0x00000bd0                spiFlashMemErase
                0x0000142c                menue
                0x00000734                spiFlashMemReadStatusRegister
                0x00000d98                spiFlashMemWrite
                0x0000036c                sspInit
 .text          0x00001974      0x818 .\objects\ConfigStick.o
                0x00002018                Check_Hardware
                0x00001f20                ADC_get_channel
                0x00001974                Peripheral_Clock_Configuration
                0x000019d4                Power_Configuration
                0x000020fc                BaseStickConfig
                0x00001ef4                WDT_Configuration
                0x00001a7c                GPIO_Configuration
 .text          0x0000218c      0x1f4 .\objects\armVIC.o
                0x00002220                restoreIRQ
                0x00002340                enableFIQ
                0x000022b0                disableFIQ
                0x00002270                enableIRQ
                0x000022f0                restoreFIQ
                0x0000218c                disableIRQ
 .text          0x00002380      0x144 .\objects\delay.o
                0x00002380                delay
                0x00002458                init_delay
 .text          0x000024c4      0x1b8 .\objects\fio.o
                0x000024c4                GPIOInit
 .text          0x0000267c       0xd8 .\objects\interrupt.o
                0x0000267c                SWI_Handler
                0x00002720                Undef_Handler
                0x0000270c                DAbt_Handler
                0x00002734                FIQ_Handler
                0x000026f8                PAbt_Handler
 .text          0x00002754      0x6a8 .\objects\portlcd.o
                0x00002838                lcd_write
                0x00002a48                LCD_init
                0x00002b2c                LCD_load
                0x00002754                lcd_delay
                0x00002990                lcd_wait_busy
                0x000029c8                lcd_write_cmd
                0x00002cf8                LCD_puts
                0x00002d50                LCD_bargraph
                0x0000278c                lcd_write_4bit
                0x00002c78                LCD_on
                0x00002c98                LCD_putc
                0x00002a08                lcd_write_data
                0x00002ba4                LCD_gotoxy
                0x00002870                lcd_read_stat
                0x00002c58                LCD_cur_off
                0x00002c2c                LCD_cls
 .text          0x00002dfc      0x27c .\objects\syscalls_lpc.o
                0x00002fd0                _sbrk_r
                0x00002ebc                _read_r
                0x00002dfc                _write_r
 .text          0x00003078      0x180 .\objects\target_info.o
                0x00003154                GetPclk
                0x00003078                GetCclk
 .text          0x000031f8      0xd18 .\objects\uart.o
                0x00003bbc                uart2Space
                0x00003cb0                uart2Write
                0x00003d74                uart2TxEmpty
                0x0000362c                uart0Write
                0x000033d8                uart0Putch
                0x000031f8                uart0Init
                0x00003730                uart0TxFlush
                0x00003db4                uart2TxFlush
                0x000035bc                uart0Puts
                0x000037d0                uart0Getch
                0x00003538                uart0Space
                0x0000388c                uart2Init
                0x000036f0                uart0TxEmpty
                0x00003e54                uart2Getch
                0x00003a5c                uart2Putch
                0x00003c40                uart2Puts
 .text          0x00003f10      0x508 .\objects\uartISR.o
                0x00004180                uart2ISR
                0x00003f10                uart0ISR
 .text          0x00004418      0x6a4 lib/libhelix.a(mp3dec.o)
                0x00004418                MP3FindSyncWord
                0x00004aa0                MP3InitDecoder
                0x00004a80                MP3FreeDecoder
                0x00004560                MP3GetNextFrameInfo
                0x00004478                MP3GetLastFrameInfo
                0x000045c4                MP3Decode
 .text          0x00004abc        0x0 lib/libhelix.a(mp3tabs.o)
 .text          0x00004abc      0x91c lib/libhelix.a(scalfact.o)
                0x00004abc                xmp3fixpt_UnpackScaleFactors
 .text          0x000053d8      0x19c lib/libhelix.a(subband.o)
                0x000053d8                xmp3fixpt_Subband
 .text          0x00005574        0x0 lib/libhelix.a(trigtabs_fixpt.o)
 .text          0x00005574      0x8b8 lib/libhelix.a(asmpoly_gcc.o)
                0x00005ae0                xmp3fixpt_PolyphaseMono
                0x00005574                xmp3fixpt_PolyphaseStereo
 .text          0x00005e2c      0x7fc lib/libhelix.a(bitstream.o)
                0x0000626c                xmp3fixpt_UnpackSideInfo
                0x00005e44                xmp3fixpt_GetBits
                0x00005f78                xmp3fixpt_CalcBitsUsed
                0x00005f90                xmp3fixpt_CheckPadBit
                0x00005fbc                xmp3fixpt_UnpackFrameHeader
                0x00005e2c                xmp3fixpt_SetBitstreamPointer
 .text          0x00006628      0x224 lib/libhelix.a(buffers.o)
                0x000066e8                xmp3fixpt_AllocateBuffers
                0x0000664c                xmp3fixpt_FreeBuffers
 .text          0x0000684c      0xb74 lib/libhelix.a(dct32.o)
                0x0000684c                xmp3fixpt_FDCT32
 .text          0x000073c0      0x40c lib/libhelix.a(dequant.o)
                0x000073c0                xmp3fixpt_Dequantize
 .text          0x000077cc      0x62c lib/libhelix.a(dqchan.o)
                0x00007a08                xmp3fixpt_DequantChannel
 .text          0x00007df8      0x9c0 lib/libhelix.a(huffman.o)
                0x00007df8                xmp3fixpt_DecodeHuffman
 .text          0x000087b8        0x0 lib/libhelix.a(hufftabs.o)
 .text          0x000087b8     0x176c lib/libhelix.a(imdct.o)
                0x00008b2c                xmp3fixpt_IMDCT
 .text          0x00009f24      0x9bc lib/libhelix.a(stproc.o)
                0x0000a410                xmp3fixpt_IntensityProcMPEG1
                0x00009f24                xmp3fixpt_MidSideProc
                0x00009fb8                xmp3fixpt_IntensityProcMPEG2
 .text          0x0000a8e0        0x0 C:\Program Files\Hitex\GnuToolPackageArm\bin\..\arm-hitex-elf\lib\interwork/libc.a(lib_a-impure.o)
 .text          0x0000a8e0       0x40 C:\Program Files\Hitex\GnuToolPackageArm\bin\..\arm-hitex-elf\lib\interwork/libc.a(lib_a-malloc.o)
                0x0000a900                malloc
                0x0000a8e0                free
 .text          0x0000a920      0x688 C:\Program Files\Hitex\GnuToolPackageArm\bin\..\arm-hitex-elf\lib\interwork/libc.a(lib_a-mallocr.o)
                0x0000a920                _malloc_r
 .text          0x0000afa8       0x3c C:\Program Files\Hitex\GnuToolPackageArm\bin\..\arm-hitex-elf\lib\interwork/libc.a(lib_a-memcmp.o)
                0x0000afa8                memcmp
 .text          0x0000afe4       0x20 C:\Program Files\Hitex\GnuToolPackageArm\bin\..\arm-hitex-elf\lib\interwork/libc.a(lib_a-memcpy.o)
                0x0000afe4                memcpy
 .text          0x0000b004       0x54 C:\Program Files\Hitex\GnuToolPackageArm\bin\..\arm-hitex-elf\lib\interwork/libc.a(lib_a-memmove.o)
                0x0000b004                memmove
 .text          0x0000b058       0x1c C:\Program Files\Hitex\GnuToolPackageArm\bin\..\arm-hitex-elf\lib\interwork/libc.a(lib_a-memset.o)
                0x0000b058                memset
 .text          0x0000b074        0x8 C:\Program Files\Hitex\GnuToolPackageArm\bin\..\arm-hitex-elf\lib\interwork/libc.a(lib_a-mlock.o)
                0x0000b078                __malloc_unlock
                0x0000b074                __malloc_lock
 .text          0x0000b07c       0x74 C:\Program Files\Hitex\GnuToolPackageArm\bin\..\arm-hitex-elf\lib\interwork/libc.a(lib_a-printf.o)
                0x0000b07c                printf
                0x0000b0bc                _printf_r
 .text          0x0000b0f0       0x3c C:\Program Files\Hitex\GnuToolPackageArm\bin\..\arm-hitex-elf\lib\interwork/libc.a(lib_a-putchar.o)
                0x0000b0f0                putchar
                0x0000b118                _putchar_r
 .text          0x0000b12c       0x88 C:\Program Files\Hitex\GnuToolPackageArm\bin\..\arm-hitex-elf\lib\interwork/libc.a(lib_a-puts.o)
                0x0000b12c                _puts_r
                0x0000b1a0                puts
 .text          0x0000b1b4       0x4c C:\Program Files\Hitex\GnuToolPackageArm\bin\..\arm-hitex-elf\lib\interwork/libc.a(lib_a-rget.o)
                0x0000b1ec                __srget
                0x0000b1b4                __srget_r
 .text          0x0000b200       0x74 C:\Program Files\Hitex\GnuToolPackageArm\bin\..\arm-hitex-elf\lib\interwork/libc.a(lib_a-scanf.o)
                0x0000b200                _scanf_r
                0x0000b234                scanf
 .text          0x0000b274       0x20 C:\Program Files\Hitex\GnuToolPackageArm\bin\..\arm-hitex-elf\lib\interwork/libc.a(lib_a-strlen.o)
                0x0000b274                strlen
 .text          0x0000b294     0x1da0 C:\Program Files\Hitex\GnuToolPackageArm\bin\..\arm-hitex-elf\lib\interwork/libc.a(lib_a-vfprintf.o)
                0x0000b2d0                _vfprintf_r
                0x0000d008                vfprintf
 .text          0x0000d034     0x1114 C:\Program Files\Hitex\GnuToolPackageArm\bin\..\arm-hitex-elf\lib\interwork/libc.a(lib_a-vfscanf.o)
                0x0000e090                __svfscanf
                0x0000e0bc                _vfscanf_r
                0x0000e0f8                vfscanf
                0x0000d034                __svfscanf_r
 .text          0x0000e148       0x78 C:\Program Files\Hitex\GnuToolPackageArm\bin\..\arm-hitex-elf\lib\interwork/libc.a(lib_a-wcrtomb.o)
                0x0000e148                _wcrtomb_r
                0x0000e194                wcrtomb
 .text          0x0000e1c0      0x14c C:\Program Files\Hitex\GnuToolPackageArm\bin\..\arm-hitex-elf\lib\interwork/libc.a(lib_a-wcsrtombs.o)
                0x0000e1c0                _wcsrtombs_r
                0x0000e2cc                wcsrtombs
 .text          0x0000e30c      0x424 C:\Program Files\Hitex\GnuToolPackageArm\bin\..\arm-hitex-elf\lib\interwork/libc.a(lib_a-wctomb_r.o)
                0x0000e30c                _wctomb_r
 .text          0x0000e730       0xf8 C:\Program Files\Hitex\GnuToolPackageArm\bin\..\arm-hitex-elf\lib\interwork/libc.a(lib_a-wsetup.o)
                0x0000e730                __swsetup
 .text          0x0000e828        0x0 C:\Program Files\Hitex\GnuToolPackageArm\bin\..\arm-hitex-elf\lib\interwork/libc.a(lib_a-ctype_.o)
 .text          0x0000e828     0x14fc C:\Program Files\Hitex\GnuToolPackageArm\bin\..\arm-hitex-elf\lib\interwork/libc.a(lib_a-dtoa.o)
                0x0000ea04                _dtoa_r
 .text          0x0000fd24      0x19c C:\Program Files\Hitex\GnuToolPackageArm\bin\..\arm-hitex-elf\lib\interwork/libc.a(lib_a-fflush.o)
                0x0000fd24                fflush
 .text          0x0000fec0      0x284 C:\Program Files\Hitex\GnuToolPackageArm\bin\..\arm-hitex-elf\lib\interwork/libc.a(lib_a-findfp.o)
                0x0000ff1c                __sinit
                0x0000ffe4                __sfmoreglue
                0x0000ffd4                _cleanup
                0x0000ffbc                _cleanup_r
                0x00010058                __fp_lock_all
                0x0000ff9c                __sfp_lock_acquire
                0x0001007c                __sfp
                0x0000ffa8                __sinit_lock_release
                0x00010034                __fp_unlock_all
                0x0000ffa0                __sfp_lock_release
                0x0000ffa4                __sinit_lock_acquire
 .text          0x00010144      0x120 C:\Program Files\Hitex\GnuToolPackageArm\bin\..\arm-hitex-elf\lib\interwork/libc.a(lib_a-fread.o)
                0x00010224                fread
                0x00010144                _fread_r
 .text          0x00010264      0x35c C:\Program Files\Hitex\GnuToolPackageArm\bin\..\arm-hitex-elf\lib\interwork/libc.a(lib_a-freer.o)
                0x00010360                _free_r
                0x00010264                _malloc_trim_r
 .text          0x000105c0      0x3fc C:\Program Files\Hitex\GnuToolPackageArm\bin\..\arm-hitex-elf\lib\interwork/libc.a(lib_a-fvwrite.o)
                0x000105c0                __sfvwrite_r
 .text          0x000109bc       0xf4 C:\Program Files\Hitex\GnuToolPackageArm\bin\..\arm-hitex-elf\lib\interwork/libc.a(lib_a-fwalk.o)
                0x00010a38                _fwalk
                0x000109bc                _fwalk_reent
 .text          0x00010ab0       0x24 C:\Program Files\Hitex\GnuToolPackageArm\bin\..\arm-hitex-elf\lib\interwork/libc.a(lib_a-iswspace.o)
                0x00010ab0                iswspace
 .text          0x00010ad4       0xa8 C:\Program Files\Hitex\GnuToolPackageArm\bin\..\arm-hitex-elf\lib\interwork/libc.a(lib_a-locale.o)
                0x00010af0                _setlocale_r
                0x00010ad4                __locale_charset
                0x00010ae4                _localeconv_r
                0x00010b54                setlocale
                0x00010b70                localeconv
 .text          0x00010b7c      0x154 C:\Program Files\Hitex\GnuToolPackageArm\bin\..\arm-hitex-elf\lib\interwork/libc.a(lib_a-makebuf.o)
                0x00010b7c                __smakebuf
 .text          0x00010cd0       0x98 C:\Program Files\Hitex\GnuToolPackageArm\bin\..\arm-hitex-elf\lib\interwork/libc.a(lib_a-mbrtowc.o)
                0x00010d28                mbrtowc
                0x00010cd0                _mbrtowc_r
 .text          0x00010d68       0x50 C:\Program Files\Hitex\GnuToolPackageArm\bin\..\arm-hitex-elf\lib\interwork/libc.a(lib_a-mbtowc_r.o)
                0x00010d68                _mbtowc_r
 .text          0x00010db8       0x28 C:\Program Files\Hitex\GnuToolPackageArm\bin\..\arm-hitex-elf\lib\interwork/libc.a(lib_a-memchr.o)
                0x00010db8                memchr
 .text          0x00010de0      0xc00 C:\Program Files\Hitex\GnuToolPackageArm\bin\..\arm-hitex-elf\lib\interwork/libc.a(lib_a-mprec.o)
                0x000110d4                _mprec_log10
                0x00011188                __any_on
                0x000111f0                _Balloc
                0x00011058                __ratio
                0x00011734                __i2b
                0x00010fa4                __b2d
                0x000118fc                __s2b
                0x00010ee4                __mcmp
                0x00010dfc                __hi0bits
                0x00011820                __pow5mult
                0x000114bc                __lshift
                0x0001159c                __multiply
                0x00011284                __d2b
                0x00011140                __copybits
                0x00010f44                __ulp
                0x00011398                __mdiff
                0x00010e54                __lo0bits
                0x00011758                __multadd
                0x00010de0                _Bfree
 .text          0x000119e0       0xb4 C:\Program Files\Hitex\GnuToolPackageArm\bin\..\arm-hitex-elf\lib\interwork/libc.a(lib_a-putc.o)
                0x000119e0                _putc_r
                0x00011a78                putc
 .text          0x00011a94      0x4d4 C:\Program Files\Hitex\GnuToolPackageArm\bin\..\arm-hitex-elf\lib\interwork/libc.a(lib_a-reallocr.o)
                0x00011a94                _realloc_r
 .text          0x00011f68      0x1b8 C:\Program Files\Hitex\GnuToolPackageArm\bin\..\arm-hitex-elf\lib\interwork/libc.a(lib_a-refill.o)
                0x00011f94                __srefill_r
 .text          0x00012120       0x2c C:\Program Files\Hitex\GnuToolPackageArm\bin\..\arm-hitex-elf\lib\interwork/libc.a(lib_a-s_isinfd.o)
                0x00012120                __isinfd
 .text          0x0001214c       0x20 C:\Program Files\Hitex\GnuToolPackageArm\bin\..\arm-hitex-elf\lib\interwork/libc.a(lib_a-s_isnand.o)
                0x0001214c                __isnand
 .text          0x0001216c       0xcc C:\Program Files\Hitex\GnuToolPackageArm\bin\..\arm-hitex-elf\lib\interwork/libc.a(lib_a-sccl.o)
                0x0001216c                __sccl
 .text          0x00012238        0xc C:\Program Files\Hitex\GnuToolPackageArm\bin\..\arm-hitex-elf\lib\interwork/libc.a(lib_a-sf_nan.o)
                0x00012238                nanf
 .text          0x00012244       0xdc C:\Program Files\Hitex\GnuToolPackageArm\bin\..\arm-hitex-elf\lib\interwork/libc.a(lib_a-sprintf.o)
                0x000122b8                _sprintf_r
                0x00012244                sprintf
 .text          0x00012320      0x110 C:\Program Files\Hitex\GnuToolPackageArm\bin\..\arm-hitex-elf\lib\interwork/libc.a(lib_a-stdio.o)
                0x00012340                __sseek
                0x000123e8                __sread
                0x00012320                __sclose
                0x00012388                __swrite
 .text          0x00012430       0x30 C:\Program Files\Hitex\GnuToolPackageArm\bin\..\arm-hitex-elf\lib\interwork/libc.a(lib_a-strcmp.o)
                0x00012430                strcmp
 .text          0x00012460     0x12d0 C:\Program Files\Hitex\GnuToolPackageArm\bin\..\arm-hitex-elf\lib\interwork/libc.a(lib_a-strtod.o)
                0x000124ac                _strtod_r
                0x00013714                strtod
                0x000136c0                strtof
 .text          0x00013730      0x1c4 C:\Program Files\Hitex\GnuToolPackageArm\bin\..\arm-hitex-elf\lib\interwork/libc.a(lib_a-strtol.o)
                0x000138c8                strtol
                0x00013730                _strtol_r
 .text          0x000138f4      0x1a4 C:\Program Files\Hitex\GnuToolPackageArm\bin\..\arm-hitex-elf\lib\interwork/libc.a(lib_a-strtoul.o)
                0x00013a6c                strtoul
                0x000138f4                _strtoul_r
 .text          0x00013a98      0x5e4 C:\Program Files\Hitex\GnuToolPackageArm\bin\..\arm-hitex-elf\lib\interwork/libc.a(lib_a-syscalls.o)
                0x00013b5c                _getpid
                0x00013ac8                initialise_monitor_handles
                0x00013bd0                isatty
                0x00013d4c                _fstat
                0x00013d2c                _open
                0x00013c20                _sbrk
                0x00013b74                _raise
                0x00013ba4                _times
                0x00013e24                _stat
                0x00013fcc                _lseek
                0x00013b64                _link
                0x00013e88                _swiwrite
                0x00013be0                _rename
                0x00013f28                _swilseek
                0x00013df0                _swiclose
                0x00013c90                _swiopen
                0x00013b6c                _unlink
                0x00013eb4                _write
                0x00013b54                _kill
                0x00013b78                _gettimeofday
                0x00014008                _read
                0x00014074                _exit
                0x00013bfc                _system
                0x00013fdc                _swiread
                0x00013e78                _close
 .text          0x0001407c      0x228 C:\Program Files\Hitex\GnuToolPackageArm\bin\..\arm-hitex-elf\lib\interwork/libc.a(lib_a-ungetc.o)
                0x00014288                ungetc
                0x0001407c                __submore
                0x00014130                _ungetc_r
 .text          0x000142a4      0x114 C:\Program Files\Hitex\GnuToolPackageArm\bin\..\arm-hitex-elf\lib\interwork/libc.a(lib_a-wbuf.o)
                0x000142a4                __swbuf_r
                0x0001439c                __swbuf
 .text          0x000143b8       0x9c C:\Program Files\Hitex\GnuToolPackageArm\bin\..\arm-hitex-elf\lib\interwork/libc.a(lib_a-callocr.o)
                0x000143b8                _calloc_r
 .text          0x00014454       0x3c C:\Program Files\Hitex\GnuToolPackageArm\bin\..\arm-hitex-elf\lib\interwork/libc.a(lib_a-closer.o)
                0x00014454                _close_r
 .text          0x00014490       0x10 C:\Program Files\Hitex\GnuToolPackageArm\bin\..\arm-hitex-elf\lib\interwork/libc.a(lib_a-errno.o)
                0x00014490                __errno
 .text          0x000144a0       0xf4 C:\Program Files\Hitex\GnuToolPackageArm\bin\..\arm-hitex-elf\lib\interwork/libc.a(lib_a-fclose.o)
                0x000144a0                _fclose_r
                0x00014580                fclose
 .text          0x00014594       0x40 C:\Program Files\Hitex\GnuToolPackageArm\bin\..\arm-hitex-elf\lib\interwork/libc.a(lib_a-fstatr.o)
                0x00014594                _fstat_r
 .text          0x000145d4      0x764 C:\Program Files\Hitex\GnuToolPackageArm\bin\..\arm-hitex-elf\lib\interwork/libc.a(lib_a-gdtoa-gethex.o)
                0x00014608                __hexdig_init
                0x000146f4                __gethex
 .text          0x00014d38      0x240 C:\Program Files\Hitex\GnuToolPackageArm\bin\..\arm-hitex-elf\lib\interwork/libc.a(lib_a-gdtoa-hexnan.o)
                0x00014d70                __hexnan
 .text          0x00014f78       0x44 C:\Program Files\Hitex\GnuToolPackageArm\bin\..\arm-hitex-elf\lib\interwork/libc.a(lib_a-lseekr.o)
                0x00014f78                _lseek_r
 .text          0x00014fbc      0x18c C:\Program Files\Hitex\GnuToolPackageArm\bin\..\arm-hitex-elf\lib\interwork/libc.a(lib_a-reent.o)
                0x0001502c                cleanup_glue
                0x00015058                _reclaim_reent
                0x00014fbc                _wrapup_reent
 .text          0x00015148      0x114 C:\Program Files\Hitex\GnuToolPackageArm\bin\..\lib\gcc\arm-hitex-elf\4.1.1\interwork/libgcc.a(_udivsi3.o)
                0x00015148                __udivsi3
                0x00015148                __aeabi_uidiv
                0x00015244                __aeabi_uidivmod
 .text          0x0001525c      0x144 C:\Program Files\Hitex\GnuToolPackageArm\bin\..\lib\gcc\arm-hitex-elf\4.1.1\interwork/libgcc.a(_divsi3.o)
                0x0001525c                __aeabi_idiv
                0x0001525c                __divsi3
                0x00015388                __aeabi_idivmod
 .text          0x000153a0       0xd0 C:\Program Files\Hitex\GnuToolPackageArm\bin\..\lib\gcc\arm-hitex-elf\4.1.1\interwork/libgcc.a(_umodsi3.o)
                0x000153a0                __umodsi3
 .text          0x00015470       0xe8 C:\Program Files\Hitex\GnuToolPackageArm\bin\..\lib\gcc\arm-hitex-elf\4.1.1\interwork/libgcc.a(_modsi3.o)
                0x00015470                __modsi3
 .text          0x00015558        0x4 C:\Program Files\Hitex\GnuToolPackageArm\bin\..\lib\gcc\arm-hitex-elf\4.1.1\interwork/libgcc.a(_dvmd_tls.o)
                0x00015558                __aeabi_ldiv0
                0x00015558                __div0
                0x00015558                __aeabi_idiv0
 .text          0x0001555c      0x430 C:\Program Files\Hitex\GnuToolPackageArm\bin\..\lib\gcc\arm-hitex-elf\4.1.1\interwork/libgcc.a(_addsubdf3.o)
                0x00015920                __floatdidf
                0x000158a0                __floatsidf
                0x00015878                __aeabi_ui2d
                0x0001555c                __aeabi_drsub
                0x000158cc                __extendsfdf2
                0x00015568                __adddf3
                0x00015878                __floatunsidf
                0x00015568                __aeabi_dadd
                0x0001590c                __aeabi_ul2d
                0x00015564                __aeabi_dsub
                0x0001590c                __floatundidf
                0x000158a0                __aeabi_i2d
                0x00015920                __aeabi_l2d
                0x000158cc                __aeabi_f2d
                0x00015564                __subdf3
 .text          0x0001598c      0x49c C:\Program Files\Hitex\GnuToolPackageArm\bin\..\lib\gcc\arm-hitex-elf\4.1.1\interwork/libgcc.a(_muldivdf3.o)
                0x00015c1c                __aeabi_ddiv
                0x0001598c                __aeabi_dmul
                0x00015c1c                __divdf3
                0x0001598c                __muldf3
 .text          0x00015e28      0x140 C:\Program Files\Hitex\GnuToolPackageArm\bin\..\lib\gcc\arm-hitex-elf\4.1.1\interwork/libgcc.a(_cmpdf2.o)
                0x00015f20                __aeabi_dcmple
                0x00015e38                __cmpdf2
                0x00015e38                __eqdf2
                0x00015e28                __gtdf2
                0x00015ed8                __aeabi_cdcmple
                0x00015ebc                __aeabi_cdrcmple
                0x00015e30                __ltdf2
                0x00015f08                __aeabi_dcmplt
                0x00015e30                __ledf2
                0x00015f50                __aeabi_dcmpgt
                0x00015f38                __aeabi_dcmpge
                0x00015e38                __nedf2
                0x00015ef0                __aeabi_dcmpeq
                0x00015ed8                __aeabi_cdcmpeq
                0x00015e28                __gedf2
 .text          0x00015f68       0x5c C:\Program Files\Hitex\GnuToolPackageArm\bin\..\lib\gcc\arm-hitex-elf\4.1.1\interwork/libgcc.a(_fixdfsi.o)
                0x00015f68                __fixdfsi
                0x00015f68                __aeabi_d2iz
 .text          0x00015fc4       0x54 C:\Program Files\Hitex\GnuToolPackageArm\bin\..\lib\gcc\arm-hitex-elf\4.1.1\interwork/libgcc.a(_fixunsdfsi.o)
                0x00015fc4                __fixunsdfsi
                0x00015fc4                __aeabi_d2uiz
 .text          0x00016018       0xa0 C:\Program Files\Hitex\GnuToolPackageArm\bin\..\lib\gcc\arm-hitex-elf\4.1.1\interwork/libgcc.a(_truncdfsf2.o)
                0x00016018                __aeabi_d2f
                0x00016018                __truncdfsf2
                0x000160b8                . = ALIGN (0x4)
                0x000160b8                __code_end__ = .
 *(.gnu.linkonce.t.*)
 *(.glue_7)
 .glue_7        0x000160b8        0x0 .\objects\main.o
 .glue_7        0x000160b8        0x0 .\objects\mp3.o
 .glue_7        0x000160b8        0x0 .\objects\spi.o
 .glue_7        0x000160b8        0x0 .\objects\startup.o
 .glue_7        0x000160b8        0x0 .\objects\ConfigStick.o
 .glue_7        0x000160b8        0x0 .\objects\armVIC.o
 .glue_7        0x000160b8        0x0 .\objects\delay.o
 .glue_7        0x000160b8        0x0 .\objects\fio.o
 .glue_7        0x000160b8        0x0 .\objects\interrupt.o
 .glue_7        0x000160b8        0x0 .\objects\portlcd.o
 .glue_7        0x000160b8        0x0 .\objects\syscalls_lpc.o
 .glue_7        0x000160b8        0x0 .\objects\target_info.o
 .glue_7        0x000160b8        0x0 .\objects\uart.o
 .glue_7        0x000160b8        0x0 .\objects\uartISR.o
 .glue_7        0x000160b8        0x0 lib/libhelix.a(mp3dec.o)
 .glue_7        0x000160b8        0x0 lib/libhelix.a(mp3tabs.o)
 .glue_7        0x000160b8        0x0 lib/libhelix.a(scalfact.o)
 .glue_7        0x000160b8        0x0 lib/libhelix.a(subband.o)
 .glue_7        0x000160b8        0x0 lib/libhelix.a(trigtabs_fixpt.o)
 .glue_7        0x000160b8        0x0 lib/libhelix.a(asmpoly_gcc.o)
 .glue_7        0x000160b8        0x0 lib/libhelix.a(bitstream.o)
 .glue_7        0x000160b8        0x0 lib/libhelix.a(buffers.o)
 .glue_7        0x000160b8        0x0 lib/libhelix.a(dct32.o)
 .glue_7        0x000160b8        0x0 lib/libhelix.a(dequant.o)
 .glue_7        0x000160b8        0x0 lib/libhelix.a(dqchan.o)
 .glue_7        0x000160b8        0x0 lib/libhelix.a(huffman.o)
 .glue_7        0x000160b8        0x0 lib/libhelix.a(hufftabs.o)
 .glue_7        0x000160b8        0x0 lib/libhelix.a(imdct.o)
 .glue_7        0x000160b8        0x0 lib/libhelix.a(stproc.o)
 .glue_7        0x000160b8        0x0 C:\Program Files\Hitex\GnuToolPackageArm\bin\..\arm-hitex-elf\lib\interwork/libc.a(lib_a-impure.o)
 .glue_7        0x000160b8        0x0 C:\Program Files\Hitex\GnuToolPackageArm\bin\..\arm-hitex-elf\lib\interwork/libc.a(lib_a-malloc.o)
 .glue_7        0x000160b8        0x0 C:\Program Files\Hitex\GnuToolPackageArm\bin\..\arm-hitex-elf\lib\interwork/libc.a(lib_a-mallocr.o)
 .glue_7        0x000160b8        0x0 C:\Program Files\Hitex\GnuToolPackageArm\bin\..\arm-hitex-elf\lib\interwork/libc.a(lib_a-memcmp.o)
 .glue_7        0x000160b8        0x0 C:\Program Files\Hitex\GnuToolPackageArm\bin\..\arm-hitex-elf\lib\interwork/libc.a(lib_a-memcpy.o)
 .glue_7        0x000160b8        0x0 C:\Program Files\Hitex\GnuToolPackageArm\bin\..\arm-hitex-elf\lib\interwork/libc.a(lib_a-memmove.o)
 .glue_7        0x000160b8        0x0 C:\Program Files\Hitex\GnuToolPackageArm\bin\..\arm-hitex-elf\lib\interwork/libc.a(lib_a-memset.o)
 .glue_7        0x000160b8        0x0 C:\Program Files\Hitex\GnuToolPackageArm\bin\..\arm-hitex-elf\lib\interwork/libc.a(lib_a-mlock.o)
 .glue_7        0x000160b8        0x0 C:\Program Files\Hitex\GnuToolPackageArm\bin\..\arm-hitex-elf\lib\interwork/libc.a(lib_a-printf.o)
 .glue_7        0x000160b8        0x0 C:\Program Files\Hitex\GnuToolPackageArm\bin\..\arm-hitex-elf\lib\interwork/libc.a(lib_a-putchar.o)
 .glue_7        0x000160b8        0x0 C:\Program Files\Hitex\GnuToolPackageArm\bin\..\arm-hitex-elf\lib\interwork/libc.a(lib_a-puts.o)
 .glue_7        0x000160b8        0x0 C:\Program Files\Hitex\GnuToolPackageArm\bin\..\arm-hitex-elf\lib\interwork/libc.a(lib_a-rget.o)
 .glue_7        0x000160b8        0x0 C:\Program Files\Hitex\GnuToolPackageArm\bin\..\arm-hitex-elf\lib\interwork/libc.a(lib_a-scanf.o)
 .glue_7        0x000160b8        0x0 C:\Program Files\Hitex\GnuToolPackageArm\bin\..\arm-hitex-elf\lib\interwork/libc.a(lib_a-strlen.o)
 .glue_7        0x000160b8        0x0 C:\Program Files\Hitex\GnuToolPackageArm\bin\..\arm-hitex-elf\lib\interwork/libc.a(lib_a-vfprintf.o)
 .glue_7        0x000160b8        0x0 C:\Program Files\Hitex\GnuToolPackageArm\bin\..\arm-hitex-elf\lib\interwork/libc.a(lib_a-vfscanf.o)
 .glue_7        0x000160b8        0x0 C:\Program Files\Hitex\GnuToolPackageArm\bin\..\arm-hitex-elf\lib\interwork/libc.a(lib_a-wcrtomb.o)
 .glue_7        0x000160b8        0x0 C:\Program Files\Hitex\GnuToolPackageArm\bin\..\arm-hitex-elf\lib\interwork/libc.a(lib_a-wcsrtombs.o)
 .glue_7        0x000160b8        0x0 C:\Program Files\Hitex\GnuToolPackageArm\bin\..\arm-hitex-elf\lib\interwork/libc.a(lib_a-wctomb_r.o)
 .glue_7        0x000160b8        0x0 C:\Program Files\Hitex\GnuToolPackageArm\bin\..\arm-hitex-elf\lib\interwork/libc.a(lib_a-wsetup.o)
 .glue_7        0x000160b8        0x0 C:\Program Files\Hitex\GnuToolPackageArm\bin\..\arm-hitex-elf\lib\interwork/libc.a(lib_a-ctype_.o)
 .glue_7        0x000160b8        0x0 C:\Program Files\Hitex\GnuToolPackageArm\bin\..\arm-hitex-elf\lib\interwork/libc.a(lib_a-dtoa.o)
 .glue_7        0x000160b8        0x0 C:\Program Files\Hitex\GnuToolPackageArm\bin\..\arm-hitex-elf\lib\interwork/libc.a(lib_a-fflush.o)
 .glue_7        0x000160b8        0x0 C:\Program Files\Hitex\GnuToolPackageArm\bin\..\arm-hitex-elf\lib\interwork/libc.a(lib_a-findfp.o)
 .glue_7        0x000160b8        0x0 C:\Program Files\Hitex\GnuToolPackageArm\bin\..\arm-hitex-elf\lib\interwork/libc.a(lib_a-fread.o)
 .glue_7        0x000160b8        0x0 C:\Program Files\Hitex\GnuToolPackageArm\bin\..\arm-hitex-elf\lib\interwork/libc.a(lib_a-freer.o)
 .glue_7        0x000160b8        0x0 C:\Program Files\Hitex\GnuToolPackageArm\bin\..\arm-hitex-elf\lib\interwork/libc.a(lib_a-fvwrite.o)
 .glue_7        0x000160b8        0x0 C:\Program Files\Hitex\GnuToolPackageArm\bin\..\arm-hitex-elf\lib\interwork/libc.a(lib_a-fwalk.o)
 .glue_7        0x000160b8        0x0 C:\Program Files\Hitex\GnuToolPackageArm\bin\..\arm-hitex-elf\lib\interwork/libc.a(lib_a-iswspace.o)
 .glue_7        0x000160b8        0x0 C:\Program Files\Hitex\GnuToolPackageArm\bin\..\arm-hitex-elf\lib\interwork/libc.a(lib_a-locale.o)
 .glue_7        0x000160b8        0x0 C:\Program Files\Hitex\GnuToolPackageArm\bin\..\arm-hitex-elf\lib\interwork/libc.a(lib_a-makebuf.o)
 .glue_7        0x000160b8        0x0 C:\Program Files\Hitex\GnuToolPackageArm\bin\..\arm-hitex-elf\lib\interwork/libc.a(lib_a-mbrtowc.o)
 .glue_7        0x000160b8        0x0 C:\Program Files\Hitex\GnuToolPackageArm\bin\..\arm-hitex-elf\lib\interwork/libc.a(lib_a-mbtowc_r.o)
 .glue_7        0x000160b8        0x0 C:\Program Files\Hitex\GnuToolPackageArm\bin\..\arm-hitex-elf\lib\interwork/libc.a(lib_a-memchr.o)
 .glue_7        0x000160b8        0x0 C:\Program Files\Hitex\GnuToolPackageArm\bin\..\arm-hitex-elf\lib\interwork/libc.a(lib_a-mprec.o)
 .glue_7        0x000160b8        0x0 C:\Program Files\Hitex\GnuToolPackageArm\bin\..\arm-hitex-elf\lib\interwork/libc.a(lib_a-putc.o)
 .glue_7        0x000160b8        0x0 C:\Program Files\Hitex\GnuToolPackageArm\bin\..\arm-hitex-elf\lib\interwork/libc.a(lib_a-reallocr.o)
 .glue_7        0x000160b8        0x0 C:\Program Files\Hitex\GnuToolPackageArm\bin\..\arm-hitex-elf\lib\interwork/libc.a(lib_a-refill.o)
 .glue_7        0x000160b8        0x0 C:\Program Files\Hitex\GnuToolPackageArm\bin\..\arm-hitex-elf\lib\interwork/libc.a(lib_a-s_isinfd.o)
 .glue_7        0x000160b8        0x0 C:\Program Files\Hitex\GnuToolPackageArm\bin\..\arm-hitex-elf\lib\interwork/libc.a(lib_a-s_isnand.o)
 .glue_7        0x000160b8        0x0 C:\Program Files\Hitex\GnuToolPackageArm\bin\..\arm-hitex-elf\lib\interwork/libc.a(lib_a-sccl.o)
 .glue_7        0x000160b8        0x0 C:\Program Files\Hitex\GnuToolPackageArm\bin\..\arm-hitex-elf\lib\interwork/libc.a(lib_a-sf_nan.o)
 .glue_7        0x000160b8        0x0 C:\Program Files\Hitex\GnuToolPackageArm\bin\..\arm-hitex-elf\lib\interwork/libc.a(lib_a-sprintf.o)
 .glue_7        0x000160b8        0x0 C:\Program Files\Hitex\GnuToolPackageArm\bin\..\arm-hitex-elf\lib\interwork/libc.a(lib_a-stdio.o)
 .glue_7        0x000160b8        0x0 C:\Program Files\Hitex\GnuToolPackageArm\bin\..\arm-hitex-elf\lib\interwork/libc.a(lib_a-strcmp.o)
 .glue_7        0x000160b8        0x0 C:\Program Files\Hitex\GnuToolPackageArm\bin\..\arm-hitex-elf\lib\interwork/libc.a(lib_a-strtod.o)
 .glue_7        0x000160b8        0x0 C:\Program Files\Hitex\GnuToolPackageArm\bin\..\arm-hitex-elf\lib\interwork/libc.a(lib_a-strtol.o)
 .glue_7        0x000160b8        0x0 C:\Program Files\Hitex\GnuToolPackageArm\bin\..\arm-hitex-elf\lib\interwork/libc.a(lib_a-strtoul.o)
 .glue_7        0x000160b8        0x0 C:\Program Files\Hitex\GnuToolPackageArm\bin\..\arm-hitex-elf\lib\interwork/libc.a(lib_a-syscalls.o)
 .glue_7        0x000160b8        0x0 C:\Program Files\Hitex\GnuToolPackageArm\bin\..\arm-hitex-elf\lib\interwork/libc.a(lib_a-ungetc.o)
 .glue_7        0x000160b8        0x0 C:\Program Files\Hitex\GnuToolPackageArm\bin\..\arm-hitex-elf\lib\interwork/libc.a(lib_a-wbuf.o)
 .glue_7        0x000160b8        0x0 C:\Program Files\Hitex\GnuToolPackageArm\bin\..\arm-hitex-elf\lib\interwork/libc.a(lib_a-callocr.o)
 .glue_7        0x000160b8        0x0 C:\Program Files\Hitex\GnuToolPackageArm\bin\..\arm-hitex-elf\lib\interwork/libc.a(lib_a-closer.o)
 .glue_7        0x000160b8        0x0 C:\Program Files\Hitex\GnuToolPackageArm\bin\..\arm-hitex-elf\lib\interwork/libc.a(lib_a-errno.o)
 .glue_7        0x000160b8        0x0 C:\Program Files\Hitex\GnuToolPackageArm\bin\..\arm-hitex-elf\lib\interwork/libc.a(lib_a-fclose.o)
 .glue_7        0x000160b8        0x0 C:\Program Files\Hitex\GnuToolPackageArm\bin\..\arm-hitex-elf\lib\interwork/libc.a(lib_a-fstatr.o)
 .glue_7        0x000160b8        0x0 C:\Program Files\Hitex\GnuToolPackageArm\bin\..\arm-hitex-elf\lib\interwork/libc.a(lib_a-gdtoa-gethex.o)
 .glue_7        0x000160b8        0x0 C:\Program Files\Hitex\GnuToolPackageArm\bin\..\arm-hitex-elf\lib\interwork/libc.a(lib_a-gdtoa-hexnan.o)
 .glue_7        0x000160b8        0x0 C:\Program Files\Hitex\GnuToolPackageArm\bin\..\arm-hitex-elf\lib\interwork/libc.a(lib_a-lseekr.o)
 .glue_7        0x000160b8        0x0 C:\Program Files\Hitex\GnuToolPackageArm\bin\..\arm-hitex-elf\lib\interwork/libc.a(lib_a-reent.o)
 .glue_7        0x000160b8        0x0 C:\Program Files\Hitex\GnuToolPackageArm\bin\..\lib\gcc\arm-hitex-elf\4.1.1\interwork/libgcc.a(_udivsi3.o)
 .glue_7        0x000160b8        0x0 C:\Program Files\Hitex\GnuToolPackageArm\bin\..\lib\gcc\arm-hitex-elf\4.1.1\interwork/libgcc.a(_divsi3.o)
 .glue_7        0x000160b8        0x0 C:\Program Files\Hitex\GnuToolPackageArm\bin\..\lib\gcc\arm-hitex-elf\4.1.1\interwork/libgcc.a(_umodsi3.o)
 .glue_7        0x000160b8        0x0 C:\Program Files\Hitex\GnuToolPackageArm\bin\..\lib\gcc\arm-hitex-elf\4.1.1\interwork/libgcc.a(_modsi3.o)
 .glue_7        0x000160b8        0x0 C:\Program Files\Hitex\GnuToolPackageArm\bin\..\lib\gcc\arm-hitex-elf\4.1.1\interwork/libgcc.a(_dvmd_tls.o)
 .glue_7        0x000160b8        0x0 C:\Program Files\Hitex\GnuToolPackageArm\bin\..\lib\gcc\arm-hitex-elf\4.1.1\interwork/libgcc.a(_addsubdf3.o)
 .glue_7        0x000160b8        0x0 C:\Program Files\Hitex\GnuToolPackageArm\bin\..\lib\gcc\arm-hitex-elf\4.1.1\interwork/libgcc.a(_muldivdf3.o)
 .glue_7        0x000160b8        0x0 C:\Program Files\Hitex\GnuToolPackageArm\bin\..\lib\gcc\arm-hitex-elf\4.1.1\interwork/libgcc.a(_cmpdf2.o)
 .glue_7        0x000160b8        0x0 C:\Program Files\Hitex\GnuToolPackageArm\bin\..\lib\gcc\arm-hitex-elf\4.1.1\interwork/libgcc.a(_fixdfsi.o)
 .glue_7        0x000160b8        0x0 C:\Program Files\Hitex\GnuToolPackageArm\bin\..\lib\gcc\arm-hitex-elf\4.1.1\interwork/libgcc.a(_fixunsdfsi.o)
 .glue_7        0x000160b8        0x0 C:\Program Files\Hitex\GnuToolPackageArm\bin\..\lib\gcc\arm-hitex-elf\4.1.1\interwork/libgcc.a(_truncdfsf2.o)
 *(.glue_7t)
 .glue_7t       0x000160b8        0x0 .\objects\main.o
 .glue_7t       0x000160b8        0x0 .\objects\mp3.o
 .glue_7t       0x000160b8        0x0 .\objects\spi.o
 .glue_7t       0x000160b8        0x0 .\objects\startup.o
 .glue_7t       0x000160b8        0x0 .\objects\ConfigStick.o
 .glue_7t       0x000160b8        0x0 .\objects\armVIC.o
 .glue_7t       0x000160b8        0x0 .\objects\delay.o
 .glue_7t       0x000160b8        0x0 .\objects\fio.o
 .glue_7t       0x000160b8        0x0 .\objects\interrupt.o
 .glue_7t       0x000160b8        0x0 .\objects\portlcd.o
 .glue_7t       0x000160b8        0x0 .\objects\syscalls_lpc.o
 .glue_7t       0x000160b8        0x0 .\objects\target_info.o
 .glue_7t       0x000160b8        0x0 .\objects\uart.o
 .glue_7t       0x000160b8        0x0 .\objects\uartISR.o
 .glue_7t       0x000160b8        0x0 lib/libhelix.a(mp3dec.o)
 .glue_7t       0x000160b8        0x0 lib/libhelix.a(mp3tabs.o)
 .glue_7t       0x000160b8        0x0 lib/libhelix.a(scalfact.o)
 .glue_7t       0x000160b8        0x0 lib/libhelix.a(subband.o)
 .glue_7t       0x000160b8        0x0 lib/libhelix.a(trigtabs_fixpt.o)
 .glue_7t       0x000160b8        0x0 lib/libhelix.a(asmpoly_gcc.o)
 .glue_7t       0x000160b8        0x0 lib/libhelix.a(bitstream.o)
 .glue_7t       0x000160b8        0x0 lib/libhelix.a(buffers.o)
 .glue_7t       0x000160b8        0x0 lib/libhelix.a(dct32.o)
 .glue_7t       0x000160b8        0x0 lib/libhelix.a(dequant.o)
 .glue_7t       0x000160b8        0x0 lib/libhelix.a(dqchan.o)
 .glue_7t       0x000160b8        0x0 lib/libhelix.a(huffman.o)
 .glue_7t       0x000160b8        0x0 lib/libhelix.a(hufftabs.o)
 .glue_7t       0x000160b8        0x0 lib/libhelix.a(imdct.o)
 .glue_7t       0x000160b8        0x0 lib/libhelix.a(stproc.o)
 .glue_7t       0x000160b8        0x0 C:\Program Files\Hitex\GnuToolPackageArm\bin\..\arm-hitex-elf\lib\interwork/libc.a(lib_a-impure.o)
 .glue_7t       0x000160b8        0x0 C:\Program Files\Hitex\GnuToolPackageArm\bin\..\arm-hitex-elf\lib\interwork/libc.a(lib_a-malloc.o)
 .glue_7t       0x000160b8        0x0 C:\Program Files\Hitex\GnuToolPackageArm\bin\..\arm-hitex-elf\lib\interwork/libc.a(lib_a-mallocr.o)
 .glue_7t       0x000160b8        0x0 C:\Program Files\Hitex\GnuToolPackageArm\bin\..\arm-hitex-elf\lib\interwork/libc.a(lib_a-memcmp.o)
 .glue_7t       0x000160b8        0x0 C:\Program Files\Hitex\GnuToolPackageArm\bin\..\arm-hitex-elf\lib\interwork/libc.a(lib_a-memcpy.o)
 .glue_7t       0x000160b8        0x0 C:\Program Files\Hitex\GnuToolPackageArm\bin\..\arm-hitex-elf\lib\interwork/libc.a(lib_a-memmove.o)
 .glue_7t       0x000160b8        0x0 C:\Program Files\Hitex\GnuToolPackageArm\bin\..\arm-hitex-elf\lib\interwork/libc.a(lib_a-memset.o)
 .glue_7t       0x000160b8        0x0 C:\Program Files\Hitex\GnuToolPackageArm\bin\..\arm-hitex-elf\lib\interwork/libc.a(lib_a-mlock.o)
 .glue_7t       0x000160b8        0x0 C:\Program Files\Hitex\GnuToolPackageArm\bin\..\arm-hitex-elf\lib\interwork/libc.a(lib_a-printf.o)
 .glue_7t       0x000160b8        0x0 C:\Program Files\Hitex\GnuToolPackageArm\bin\..\arm-hitex-elf\lib\interwork/libc.a(lib_a-putchar.o)
 .glue_7t       0x000160b8        0x0 C:\Program Files\Hitex\GnuToolPackageArm\bin\..\arm-hitex-elf\lib\interwork/libc.a(lib_a-puts.o)
 .glue_7t       0x000160b8        0x0 C:\Program Files\Hitex\GnuToolPackageArm\bin\..\arm-hitex-elf\lib\interwork/libc.a(lib_a-rget.o)
 .glue_7t       0x000160b8        0x0 C:\Program Files\Hitex\GnuToolPackageArm\bin\..\arm-hitex-elf\lib\interwork/libc.a(lib_a-scanf.o)
 .glue_7t       0x000160b8        0x0 C:\Program Files\Hitex\GnuToolPackageArm\bin\..\arm-hitex-elf\lib\interwork/libc.a(lib_a-strlen.o)
 .glue_7t       0x000160b8        0x0 C:\Program Files\Hitex\GnuToolPackageArm\bin\..\arm-hitex-elf\lib\interwork/libc.a(lib_a-vfprintf.o)
 .glue_7t       0x000160b8        0x0 C:\Program Files\Hitex\GnuToolPackageArm\bin\..\arm-hitex-elf\lib\interwork/libc.a(lib_a-vfscanf.o)
 .glue_7t       0x000160b8        0x0 C:\Program Files\Hitex\GnuToolPackageArm\bin\..\arm-hitex-elf\lib\interwork/libc.a(lib_a-wcrtomb.o)
 .glue_7t       0x000160b8        0x0 C:\Program Files\Hitex\GnuToolPackageArm\bin\..\arm-hitex-elf\lib\interwork/libc.a(lib_a-wcsrtombs.o)
 .glue_7t       0x000160b8        0x0 C:\Program Files\Hitex\GnuToolPackageArm\bin\..\arm-hitex-elf\lib\interwork/libc.a(lib_a-wctomb_r.o)
 .glue_7t       0x000160b8        0x0 C:\Program Files\Hitex\GnuToolPackageArm\bin\..\arm-hitex-elf\lib\interwork/libc.a(lib_a-wsetup.o)
 .glue_7t       0x000160b8        0x0 C:\Program Files\Hitex\GnuToolPackageArm\bin\..\arm-hitex-elf\lib\interwork/libc.a(lib_a-ctype_.o)
 .glue_7t       0x000160b8        0x0 C:\Program Files\Hitex\GnuToolPackageArm\bin\..\arm-hitex-elf\lib\interwork/libc.a(lib_a-dtoa.o)
 .glue_7t       0x000160b8        0x0 C:\Program Files\Hitex\GnuToolPackageArm\bin\..\arm-hitex-elf\lib\interwork/libc.a(lib_a-fflush.o)
 .glue_7t       0x000160b8        0x0 C:\Program Files\Hitex\GnuToolPackageArm\bin\..\arm-hitex-elf\lib\interwork/libc.a(lib_a-findfp.o)
 .glue_7t       0x000160b8        0x0 C:\Program Files\Hitex\GnuToolPackageArm\bin\..\arm-hitex-elf\lib\interwork/libc.a(lib_a-fread.o)
 .glue_7t       0x000160b8        0x0 C:\Program Files\Hitex\GnuToolPackageArm\bin\..\arm-hitex-elf\lib\interwork/libc.a(lib_a-freer.o)
 .glue_7t       0x000160b8        0x0 C:\Program Files\Hitex\GnuToolPackageArm\bin\..\arm-hitex-elf\lib\interwork/libc.a(lib_a-fvwrite.o)
 .glue_7t       0x000160b8        0x0 C:\Program Files\Hitex\GnuToolPackageArm\bin\..\arm-hitex-elf\lib\interwork/libc.a(lib_a-fwalk.o)
 .glue_7t       0x000160b8        0x0 C:\Program Files\Hitex\GnuToolPackageArm\bin\..\arm-hitex-elf\lib\interwork/libc.a(lib_a-iswspace.o)
 .glue_7t       0x000160b8        0x0 C:\Program Files\Hitex\GnuToolPackageArm\bin\..\arm-hitex-elf\lib\interwork/libc.a(lib_a-locale.o)
 .glue_7t       0x000160b8        0x0 C:\Program Files\Hitex\GnuToolPackageArm\bin\..\arm-hitex-elf\lib\interwork/libc.a(lib_a-makebuf.o)
 .glue_7t       0x000160b8        0x0 C:\Program Files\Hitex\GnuToolPackageArm\bin\..\arm-hitex-elf\lib\interwork/libc.a(lib_a-mbrtowc.o)
 .glue_7t       0x000160b8        0x0 C:\Program Files\Hitex\GnuToolPackageArm\bin\..\arm-hitex-elf\lib\interwork/libc.a(lib_a-mbtowc_r.o)
 .glue_7t       0x000160b8        0x0 C:\Program Files\Hitex\GnuToolPackageArm\bin\..\arm-hitex-elf\lib\interwork/libc.a(lib_a-memchr.o)
 .glue_7t       0x000160b8        0x0 C:\Program Files\Hitex\GnuToolPackageArm\bin\..\arm-hitex-elf\lib\interwork/libc.a(lib_a-mprec.o)
 .glue_7t       0x000160b8        0x0 C:\Program Files\Hitex\GnuToolPackageArm\bin\..\arm-hitex-elf\lib\interwork/libc.a(lib_a-putc.o)
 .glue_7t       0x000160b8        0x0 C:\Program Files\Hitex\GnuToolPackageArm\bin\..\arm-hitex-elf\lib\interwork/libc.a(lib_a-reallocr.o)
 .glue_7t       0x000160b8        0x0 C:\Program Files\Hitex\GnuToolPackageArm\bin\..\arm-hitex-elf\lib\interwork/libc.a(lib_a-refill.o)
 .glue_7t       0x000160b8        0x0 C:\Program Files\Hitex\GnuToolPackageArm\bin\..\arm-hitex-elf\lib\interwork/libc.a(lib_a-s_isinfd.o)
 .glue_7t       0x000160b8        0x0 C:\Program Files\Hitex\GnuToolPackageArm\bin\..\arm-hitex-elf\lib\interwork/libc.a(lib_a-s_isnand.o)
 .glue_7t       0x000160b8        0x0 C:\Program Files\Hitex\GnuToolPackageArm\bin\..\arm-hitex-elf\lib\interwork/libc.a(lib_a-sccl.o)
 .glue_7t       0x000160b8        0x0 C:\Program Files\Hitex\GnuToolPackageArm\bin\..\arm-hitex-elf\lib\interwork/libc.a(lib_a-sf_nan.o)
 .glue_7t       0x000160b8        0x0 C:\Program Files\Hitex\GnuToolPackageArm\bin\..\arm-hitex-elf\lib\interwork/libc.a(lib_a-sprintf.o)
 .glue_7t       0x000160b8        0x0 C:\Program Files\Hitex\GnuToolPackageArm\bin\..\arm-hitex-elf\lib\interwork/libc.a(lib_a-stdio.o)
 .glue_7t       0x000160b8        0x0 C:\Program Files\Hitex\GnuToolPackageArm\bin\..\arm-hitex-elf\lib\interwork/libc.a(lib_a-strcmp.o)
 .glue_7t       0x000160b8        0x0 C:\Program Files\Hitex\GnuToolPackageArm\bin\..\arm-hitex-elf\lib\interwork/libc.a(lib_a-strtod.o)
 .glue_7t       0x000160b8        0x0 C:\Program Files\Hitex\GnuToolPackageArm\bin\..\arm-hitex-elf\lib\interwork/libc.a(lib_a-strtol.o)
 .glue_7t       0x000160b8        0x0 C:\Program Files\Hitex\GnuToolPackageArm\bin\..\arm-hitex-elf\lib\interwork/libc.a(lib_a-strtoul.o)
 .glue_7t       0x000160b8        0x0 C:\Program Files\Hitex\GnuToolPackageArm\bin\..\arm-hitex-elf\lib\interwork/libc.a(lib_a-syscalls.o)
 .glue_7t       0x000160b8        0x0 C:\Program Files\Hitex\GnuToolPackageArm\bin\..\arm-hitex-elf\lib\interwork/libc.a(lib_a-ungetc.o)
 .glue_7t       0x000160b8        0x0 C:\Program Files\Hitex\GnuToolPackageArm\bin\..\arm-hitex-elf\lib\interwork/libc.a(lib_a-wbuf.o)
 .glue_7t       0x000160b8        0x0 C:\Program Files\Hitex\GnuToolPackageArm\bin\..\arm-hitex-elf\lib\interwork/libc.a(lib_a-callocr.o)
 .glue_7t       0x000160b8        0x0 C:\Program Files\Hitex\GnuToolPackageArm\bin\..\arm-hitex-elf\lib\interwork/libc.a(lib_a-closer.o)
 .glue_7t       0x000160b8        0x0 C:\Program Files\Hitex\GnuToolPackageArm\bin\..\arm-hitex-elf\lib\interwork/libc.a(lib_a-errno.o)
 .glue_7t       0x000160b8        0x0 C:\Program Files\Hitex\GnuToolPackageArm\bin\..\arm-hitex-elf\lib\interwork/libc.a(lib_a-fclose.o)
 .glue_7t       0x000160b8        0x0 C:\Program Files\Hitex\GnuToolPackageArm\bin\..\arm-hitex-elf\lib\interwork/libc.a(lib_a-fstatr.o)
 .glue_7t       0x000160b8        0x0 C:\Program Files\Hitex\GnuToolPackageArm\bin\..\arm-hitex-elf\lib\interwork/libc.a(lib_a-gdtoa-gethex.o)
 .glue_7t       0x000160b8        0x0 C:\Program Files\Hitex\GnuToolPackageArm\bin\..\arm-hitex-elf\lib\interwork/libc.a(lib_a-gdtoa-hexnan.o)
 .glue_7t       0x000160b8        0x0 C:\Program Files\Hitex\GnuToolPackageArm\bin\..\arm-hitex-elf\lib\interwork/libc.a(lib_a-lseekr.o)
 .glue_7t       0x000160b8        0x0 C:\Program Files\Hitex\GnuToolPackageArm\bin\..\arm-hitex-elf\lib\interwork/libc.a(lib_a-reent.o)
 .glue_7t       0x000160b8        0x0 C:\Program Files\Hitex\GnuToolPackageArm\bin\..\lib\gcc\arm-hitex-elf\4.1.1\interwork/libgcc.a(_udivsi3.o)
 .glue_7t       0x000160b8        0x0 C:\Program Files\Hitex\GnuToolPackageArm\bin\..\lib\gcc\arm-hitex-elf\4.1.1\interwork/libgcc.a(_divsi3.o)
 .glue_7t       0x000160b8        0x0 C:\Program Files\Hitex\GnuToolPackageArm\bin\..\lib\gcc\arm-hitex-elf\4.1.1\interwork/libgcc.a(_umodsi3.o)
 .glue_7t       0x000160b8        0x0 C:\Program Files\Hitex\GnuToolPackageArm\bin\..\lib\gcc\arm-hitex-elf\4.1.1\interwork/libgcc.a(_modsi3.o)
 .glue_7t       0x000160b8        0x0 C:\Program Files\Hitex\GnuToolPackageArm\bin\..\lib\gcc\arm-hitex-elf\4.1.1\interwork/libgcc.a(_dvmd_tls.o)
 .glue_7t       0x000160b8        0x0 C:\Program Files\Hitex\GnuToolPackageArm\bin\..\lib\gcc\arm-hitex-elf\4.1.1\interwork/libgcc.a(_addsubdf3.o)
 .glue_7t       0x000160b8        0x0 C:\Program Files\Hitex\GnuToolPackageArm\bin\..\lib\gcc\arm-hitex-elf\4.1.1\interwork/libgcc.a(_muldivdf3.o)
 .glue_7t       0x000160b8        0x0 C:\Program Files\Hitex\GnuToolPackageArm\bin\..\lib\gcc\arm-hitex-elf\4.1.1\interwork/libgcc.a(_cmpdf2.o)
 .glue_7t       0x000160b8        0x0 C:\Program Files\Hitex\GnuToolPackageArm\bin\..\lib\gcc\arm-hitex-elf\4.1.1\interwork/libgcc.a(_fixdfsi.o)
 .glue_7t       0x000160b8        0x0 C:\Program Files\Hitex\GnuToolPackageArm\bin\..\lib\gcc\arm-hitex-elf\4.1.1\interwork/libgcc.a(_fixunsdfsi.o)
 .glue_7t       0x000160b8        0x0 C:\Program Files\Hitex\GnuToolPackageArm\bin\..\lib\gcc\arm-hitex-elf\4.1.1\interwork/libgcc.a(_truncdfsf2.o)
 *(.gcc_except_table)
 *(.gnu.linkonce.r.*)
                0x000160b8                . = ALIGN (0x4)

.rodata         0x000160b8     0x3d94
 *(.rodata)
 .rodata        0x000160b8       0x10 .\objects\main.o
 .rodata        0x000160c8       0x9c .\objects\mp3.o
 .rodata        0x00016164      0x57c .\objects\spi.o
 .rodata        0x000166e0       0x40 .\objects\portlcd.o
 .rodata        0x00016720      0x510 lib/libhelix.a(mp3tabs.o)
                0x00016744                xmp3fixpt_bitrateTab
                0x00016876                xmp3fixpt_slotTab
                0x00016852                xmp3fixpt_samplesPerFrameTab
                0x00016720                xmp3fixpt_samplerateTab
                0x00016864                xmp3fixpt_bitsPerSlotTab
                0x00016984                xmp3fixpt_sfBandTable
                0x0001686a                xmp3fixpt_sideBytesTab
 .rodata        0x00016c30       0x68 lib/libhelix.a(scalfact.o)
 .rodata        0x00016c98      0x86c lib/libhelix.a(trigtabs_fixpt.o)
                0x00016ed8                xmp3fixpt_ISFMpeg1
                0x00017010                xmp3fixpt_ISFIIP
                0x00017068                xmp3fixpt_coef32
                0x00016f10                xmp3fixpt_ISFMpeg2
                0x00017020                xmp3fixpt_uniqueIDTab
                0x000170e4                xmp3fixpt_polyCoef
                0x00017028                xmp3fixpt_csa
                0x00016c98                xmp3fixpt_imdctWin
 .rodata        0x00017504       0xc0 lib/libhelix.a(dct32.o)
 .rodata        0x000175c4      0x250 lib/libhelix.a(dqchan.o)
 .rodata        0x00017814     0x2304 lib/libhelix.a(hufftabs.o)
                0x00019b10                xmp3fixpt_quadTabMaxBits
                0x000199b8                xmp3fixpt_huffTabLookup
                0x00019b08                xmp3fixpt_quadTabOffset
                0x00019938                xmp3fixpt_huffTabOffset
                0x00017814                xmp3fixpt_huffTable
                0x00019ab8                xmp3fixpt_quadTable
 .rodata        0x00019b18       0x6c lib/libhelix.a(imdct.o)
 .rodata        0x00019b84        0x4 C:\Program Files\Hitex\GnuToolPackageArm\bin\..\arm-hitex-elf\lib\interwork/libc.a(lib_a-impure.o)
                0x00019b84                _global_impure_ptr
 .rodata        0x00019b88       0x20 C:\Program Files\Hitex\GnuToolPackageArm\bin\..\arm-hitex-elf\lib\interwork/libc.a(lib_a-vfprintf.o)
 .rodata        0x00019ba8       0x22 C:\Program Files\Hitex\GnuToolPackageArm\bin\..\arm-hitex-elf\lib\interwork/libc.a(lib_a-vfscanf.o)
 .rodata        0x00019bca      0x101 C:\Program Files\Hitex\GnuToolPackageArm\bin\..\arm-hitex-elf\lib\interwork/libc.a(lib_a-ctype_.o)
                0x00019bca                _ctype_
 *fill*         0x00019ccb        0x1 00
 .rodata        0x00019ccc       0x34 C:\Program Files\Hitex\GnuToolPackageArm\bin\..\arm-hitex-elf\lib\interwork/libc.a(lib_a-locale.o)
 .rodata        0x00019d00      0x124 C:\Program Files\Hitex\GnuToolPackageArm\bin\..\arm-hitex-elf\lib\interwork/libc.a(lib_a-mprec.o)
                0x00019df0                __mprec_tinytens
                0x00019d00                __mprec_tens
                0x00019dc8                __mprec_bigtens
 .rodata        0x00019e24       0x28 C:\Program Files\Hitex\GnuToolPackageArm\bin\..\arm-hitex-elf\lib\interwork/libc.a(lib_a-strtod.o)

.rodata.str1.4  0x00019e4c       0xe0
 .rodata.str1.4
                0x00019e4c        0x2 C:\Program Files\Hitex\GnuToolPackageArm\bin\..\arm-hitex-elf\lib\interwork/libc.a(lib_a-impure.o)
                                  0x4 (size before relaxing)
 *fill*         0x00019e4e        0x2 00
 .rodata.str1.4
                0x00019e50        0x2 C:\Program Files\Hitex\GnuToolPackageArm\bin\..\arm-hitex-elf\lib\interwork/libc.a(lib_a-puts.o)
                                  0x4 (size before relaxing)
 *fill*         0x00019e52        0x2 00
 .rodata.str1.4
                0x00019e54       0x63 C:\Program Files\Hitex\GnuToolPackageArm\bin\..\arm-hitex-elf\lib\interwork/libc.a(lib_a-vfprintf.o)
                                 0x64 (size before relaxing)
 *fill*         0x00019eb7        0x1 00
 .rodata.str1.4
                0x00019eb8        0x5 C:\Program Files\Hitex\GnuToolPackageArm\bin\..\arm-hitex-elf\lib\interwork/libc.a(lib_a-vfscanf.o)
                                  0x8 (size before relaxing)
 *fill*         0x00019ebd        0x3 00
 .rodata.str1.4
                0x00019ec0       0x1e C:\Program Files\Hitex\GnuToolPackageArm\bin\..\arm-hitex-elf\lib\interwork/libc.a(lib_a-wctomb_r.o)
                                 0x20 (size before relaxing)
 *fill*         0x00019ede        0x2 00
 .rodata.str1.4
                0x00019ee0       0x10 C:\Program Files\Hitex\GnuToolPackageArm\bin\..\arm-hitex-elf\lib\interwork/libc.a(lib_a-dtoa.o)
                                 0x14 (size before relaxing)
 .rodata.str1.4
                0x00019ef0        0xb C:\Program Files\Hitex\GnuToolPackageArm\bin\..\arm-hitex-elf\lib\interwork/libc.a(lib_a-locale.o)
                                 0x18 (size before relaxing)
 .rodata.str1.4
                0x00000000        0x4 C:\Program Files\Hitex\GnuToolPackageArm\bin\..\arm-hitex-elf\lib\interwork/libc.a(lib_a-mbrtowc.o)
 *fill*         0x00019efb        0x1 00
 .rodata.str1.4
                0x00019efc        0xf C:\Program Files\Hitex\GnuToolPackageArm\bin\..\arm-hitex-elf\lib\interwork/libc.a(lib_a-strtod.o)
                                 0x10 (size before relaxing)
 *fill*         0x00019f0b        0x1 00
 .rodata.str1.4
                0x00019f0c        0x4 C:\Program Files\Hitex\GnuToolPackageArm\bin\..\arm-hitex-elf\lib\interwork/libc.a(lib_a-syscalls.o)
 .rodata.str1.4
                0x00019f10       0x1c C:\Program Files\Hitex\GnuToolPackageArm\bin\..\arm-hitex-elf\lib\interwork/libc.a(lib_a-gdtoa-gethex.o)
                0x00019f2c                . = ALIGN (0x4)
                0x00019f2c                _etext = .
                0x00019f2c                PROVIDE (etext, .)

.data           0x40000000      0x854 load address 0x00019f2c
                0x40000000                __data_start__ = .
                0x40000000                PROVIDE (__data_start__, .)
 *(.data)
 .data          0x40000000        0x0 .\objects\main.o
 .data          0x40000000        0x0 .\objects\mp3.o
 .data          0x40000000        0x0 .\objects\spi.o
 .data          0x40000000        0x0 .\objects\startup.o
 .data          0x40000000        0x0 .\objects\ConfigStick.o
 .data          0x40000000        0x0 .\objects\armVIC.o
 .data          0x40000000        0x4 .\objects\delay.o
 .data          0x40000004        0x0 .\objects\fio.o
 .data          0x40000004        0x0 .\objects\interrupt.o
 .data          0x40000004        0x0 .\objects\portlcd.o
 .data          0x40000004        0x0 .\objects\syscalls_lpc.o
 .data          0x40000004        0x0 .\objects\target_info.o
 .data          0x40000004        0x0 .\objects\uart.o
 .data          0x40000004        0x0 .\objects\uartISR.o
 .data          0x40000004        0x0 lib/libhelix.a(mp3dec.o)
 .data          0x40000004        0x0 lib/libhelix.a(mp3tabs.o)
 .data          0x40000004        0x0 lib/libhelix.a(scalfact.o)
 .data          0x40000004        0x0 lib/libhelix.a(subband.o)
 .data          0x40000004        0x0 lib/libhelix.a(trigtabs_fixpt.o)
 .data          0x40000004        0x0 lib/libhelix.a(asmpoly_gcc.o)
 .data          0x40000004        0x0 lib/libhelix.a(bitstream.o)
 .data          0x40000004        0x0 lib/libhelix.a(buffers.o)
 .data          0x40000004        0x0 lib/libhelix.a(dct32.o)
 .data          0x40000004        0x0 lib/libhelix.a(dequant.o)
 .data          0x40000004        0x0 lib/libhelix.a(dqchan.o)
 .data          0x40000004        0x0 lib/libhelix.a(huffman.o)
 .data          0x40000004        0x0 lib/libhelix.a(hufftabs.o)
 .data          0x40000004        0x0 lib/libhelix.a(imdct.o)
 .data          0x40000004        0x0 lib/libhelix.a(stproc.o)
 .data          0x40000004      0x404 C:\Program Files\Hitex\GnuToolPackageArm\bin\..\arm-hitex-elf\lib\interwork/libc.a(lib_a-impure.o)
                0x40000004                _impure_ptr
 .data          0x40000408        0x0 C:\Program Files\Hitex\GnuToolPackageArm\bin\..\arm-hitex-elf\lib\interwork/libc.a(lib_a-malloc.o)
 .data          0x40000408      0x410 C:\Program Files\Hitex\GnuToolPackageArm\bin\..\arm-hitex-elf\lib\interwork/libc.a(lib_a-mallocr.o)
                0x40000814                __malloc_sbrk_base
                0x40000408                __malloc_av_
                0x40000810                __malloc_trim_threshold
 .data          0x40000818        0x0 C:\Program Files\Hitex\GnuToolPackageArm\bin\..\arm-hitex-elf\lib\interwork/libc.a(lib_a-memcmp.o)
 .data          0x40000818        0x0 C:\Program Files\Hitex\GnuToolPackageArm\bin\..\arm-hitex-elf\lib\interwork/libc.a(lib_a-memcpy.o)
 .data          0x40000818        0x0 C:\Program Files\Hitex\GnuToolPackageArm\bin\..\arm-hitex-elf\lib\interwork/libc.a(lib_a-memmove.o)
 .data          0x40000818        0x0 C:\Program Files\Hitex\GnuToolPackageArm\bin\..\arm-hitex-elf\lib\interwork/libc.a(lib_a-memset.o)
 .data          0x40000818        0x0 C:\Program Files\Hitex\GnuToolPackageArm\bin\..\arm-hitex-elf\lib\interwork/libc.a(lib_a-mlock.o)
 .data          0x40000818        0x0 C:\Program Files\Hitex\GnuToolPackageArm\bin\..\arm-hitex-elf\lib\interwork/libc.a(lib_a-printf.o)
 .data          0x40000818        0x0 C:\Program Files\Hitex\GnuToolPackageArm\bin\..\arm-hitex-elf\lib\interwork/libc.a(lib_a-putchar.o)
 .data          0x40000818        0x0 C:\Program Files\Hitex\GnuToolPackageArm\bin\..\arm-hitex-elf\lib\interwork/libc.a(lib_a-puts.o)
 .data          0x40000818        0x0 C:\Program Files\Hitex\GnuToolPackageArm\bin\..\arm-hitex-elf\lib\interwork/libc.a(lib_a-rget.o)
 .data          0x40000818        0x0 C:\Program Files\Hitex\GnuToolPackageArm\bin\..\arm-hitex-elf\lib\interwork/libc.a(lib_a-scanf.o)
 .data          0x40000818        0x0 C:\Program Files\Hitex\GnuToolPackageArm\bin\..\arm-hitex-elf\lib\interwork/libc.a(lib_a-strlen.o)
 .data          0x40000818        0x0 C:\Program Files\Hitex\GnuToolPackageArm\bin\..\arm-hitex-elf\lib\interwork/libc.a(lib_a-vfprintf.o)
 .data          0x40000818        0x0 C:\Program Files\Hitex\GnuToolPackageArm\bin\..\arm-hitex-elf\lib\interwork/libc.a(lib_a-vfscanf.o)
 .data          0x40000818        0x0 C:\Program Files\Hitex\GnuToolPackageArm\bin\..\arm-hitex-elf\lib\interwork/libc.a(lib_a-wcrtomb.o)
 .data          0x40000818        0x0 C:\Program Files\Hitex\GnuToolPackageArm\bin\..\arm-hitex-elf\lib\interwork/libc.a(lib_a-wcsrtombs.o)
 .data          0x40000818        0x0 C:\Program Files\Hitex\GnuToolPackageArm\bin\..\arm-hitex-elf\lib\interwork/libc.a(lib_a-wctomb_r.o)
 .data          0x40000818        0x0 C:\Program Files\Hitex\GnuToolPackageArm\bin\..\arm-hitex-elf\lib\interwork/libc.a(lib_a-wsetup.o)
 .data          0x40000818        0x4 C:\Program Files\Hitex\GnuToolPackageArm\bin\..\arm-hitex-elf\lib\interwork/libc.a(lib_a-ctype_.o)
                0x40000818                __ctype_ptr
 .data          0x4000081c        0x0 C:\Program Files\Hitex\GnuToolPackageArm\bin\..\arm-hitex-elf\lib\interwork/libc.a(lib_a-dtoa.o)
 .data          0x4000081c        0x0 C:\Program Files\Hitex\GnuToolPackageArm\bin\..\arm-hitex-elf\lib\interwork/libc.a(lib_a-fflush.o)
 .data          0x4000081c        0x0 C:\Program Files\Hitex\GnuToolPackageArm\bin\..\arm-hitex-elf\lib\interwork/libc.a(lib_a-findfp.o)
 .data          0x4000081c        0x0 C:\Program Files\Hitex\GnuToolPackageArm\bin\..\arm-hitex-elf\lib\interwork/libc.a(lib_a-fread.o)
 .data          0x4000081c        0x0 C:\Program Files\Hitex\GnuToolPackageArm\bin\..\arm-hitex-elf\lib\interwork/libc.a(lib_a-freer.o)
 .data          0x4000081c        0x0 C:\Program Files\Hitex\GnuToolPackageArm\bin\..\arm-hitex-elf\lib\interwork/libc.a(lib_a-fvwrite.o)
 .data          0x4000081c        0x0 C:\Program Files\Hitex\GnuToolPackageArm\bin\..\arm-hitex-elf\lib\interwork/libc.a(lib_a-fwalk.o)
 .data          0x4000081c        0x0 C:\Program Files\Hitex\GnuToolPackageArm\bin\..\arm-hitex-elf\lib\interwork/libc.a(lib_a-iswspace.o)
 .data          0x4000081c       0x10 C:\Program Files\Hitex\GnuToolPackageArm\bin\..\arm-hitex-elf\lib\interwork/libc.a(lib_a-locale.o)
                0x4000081c                __mb_cur_max
                0x40000820                __lc_ctype
 .data          0x4000082c        0x0 C:\Program Files\Hitex\GnuToolPackageArm\bin\..\arm-hitex-elf\lib\interwork/libc.a(lib_a-makebuf.o)
 .data          0x4000082c        0x0 C:\Program Files\Hitex\GnuToolPackageArm\bin\..\arm-hitex-elf\lib\interwork/libc.a(lib_a-mbrtowc.o)
 .data          0x4000082c        0x0 C:\Program Files\Hitex\GnuToolPackageArm\bin\..\arm-hitex-elf\lib\interwork/libc.a(lib_a-mbtowc_r.o)
 .data          0x4000082c        0x0 C:\Program Files\Hitex\GnuToolPackageArm\bin\..\arm-hitex-elf\lib\interwork/libc.a(lib_a-memchr.o)
 .data          0x4000082c        0x0 C:\Program Files\Hitex\GnuToolPackageArm\bin\..\arm-hitex-elf\lib\interwork/libc.a(lib_a-mprec.o)
 .data          0x4000082c        0x0 C:\Program Files\Hitex\GnuToolPackageArm\bin\..\arm-hitex-elf\lib\interwork/libc.a(lib_a-putc.o)
 .data          0x4000082c        0x0 C:\Program Files\Hitex\GnuToolPackageArm\bin\..\arm-hitex-elf\lib\interwork/libc.a(lib_a-reallocr.o)
 .data          0x4000082c        0x0 C:\Program Files\Hitex\GnuToolPackageArm\bin\..\arm-hitex-elf\lib\interwork/libc.a(lib_a-refill.o)
 .data          0x4000082c        0x0 C:\Program Files\Hitex\GnuToolPackageArm\bin\..\arm-hitex-elf\lib\interwork/libc.a(lib_a-s_isinfd.o)
 .data          0x4000082c        0x0 C:\Program Files\Hitex\GnuToolPackageArm\bin\..\arm-hitex-elf\lib\interwork/libc.a(lib_a-s_isnand.o)
 .data          0x4000082c        0x0 C:\Program Files\Hitex\GnuToolPackageArm\bin\..\arm-hitex-elf\lib\interwork/libc.a(lib_a-sccl.o)
 .data          0x4000082c        0x0 C:\Program Files\Hitex\GnuToolPackageArm\bin\..\arm-hitex-elf\lib\interwork/libc.a(lib_a-sf_nan.o)
 .data          0x4000082c        0x0 C:\Program Files\Hitex\GnuToolPackageArm\bin\..\arm-hitex-elf\lib\interwork/libc.a(lib_a-sprintf.o)
 .data          0x4000082c        0x0 C:\Program Files\Hitex\GnuToolPackageArm\bin\..\arm-hitex-elf\lib\interwork/libc.a(lib_a-stdio.o)
 .data          0x4000082c        0x0 C:\Program Files\Hitex\GnuToolPackageArm\bin\..\arm-hitex-elf\lib\interwork/libc.a(lib_a-strcmp.o)
 .data          0x4000082c       0x28 C:\Program Files\Hitex\GnuToolPackageArm\bin\..\arm-hitex-elf\lib\interwork/libc.a(lib_a-strtod.o)
 .data          0x40000854        0x0 C:\Program Files\Hitex\GnuToolPackageArm\bin\..\arm-hitex-elf\lib\interwork/libc.a(lib_a-strtol.o)
 .data          0x40000854        0x0 C:\Program Files\Hitex\GnuToolPackageArm\bin\..\arm-hitex-elf\lib\interwork/libc.a(lib_a-strtoul.o)
 .data          0x40000854        0x0 C:\Program Files\Hitex\GnuToolPackageArm\bin\..\arm-hitex-elf\lib\interwork/libc.a(lib_a-syscalls.o)
 .data          0x40000854        0x0 C:\Program Files\Hitex\GnuToolPackageArm\bin\..\arm-hitex-elf\lib\interwork/libc.a(lib_a-ungetc.o)
 .data          0x40000854        0x0 C:\Program Files\Hitex\GnuToolPackageArm\bin\..\arm-hitex-elf\lib\interwork/libc.a(lib_a-wbuf.o)
 .data          0x40000854        0x0 C:\Program Files\Hitex\GnuToolPackageArm\bin\..\arm-hitex-elf\lib\interwork/libc.a(lib_a-callocr.o)
 .data          0x40000854        0x0 C:\Program Files\Hitex\GnuToolPackageArm\bin\..\arm-hitex-elf\lib\interwork/libc.a(lib_a-closer.o)
 .data          0x40000854        0x0 C:\Program Files\Hitex\GnuToolPackageArm\bin\..\arm-hitex-elf\lib\interwork/libc.a(lib_a-errno.o)
 .data          0x40000854        0x0 C:\Program Files\Hitex\GnuToolPackageArm\bin\..\arm-hitex-elf\lib\interwork/libc.a(lib_a-fclose.o)
 .data          0x40000854        0x0 C:\Program Files\Hitex\GnuToolPackageArm\bin\..\arm-hitex-elf\lib\interwork/libc.a(lib_a-fstatr.o)
 .data          0x40000854        0x0 C:\Program Files\Hitex\GnuToolPackageArm\bin\..\arm-hitex-elf\lib\interwork/libc.a(lib_a-gdtoa-gethex.o)
 .data          0x40000854        0x0 C:\Program Files\Hitex\GnuToolPackageArm\bin\..\arm-hitex-elf\lib\interwork/libc.a(lib_a-gdtoa-hexnan.o)
 .data          0x40000854        0x0 C:\Program Files\Hitex\GnuToolPackageArm\bin\..\arm-hitex-elf\lib\interwork/libc.a(lib_a-lseekr.o)
 .data          0x40000854        0x0 C:\Program Files\Hitex\GnuToolPackageArm\bin\..\arm-hitex-elf\lib\interwork/libc.a(lib_a-reent.o)
 .data          0x40000854        0x0 C:\Program Files\Hitex\GnuToolPackageArm\bin\..\lib\gcc\arm-hitex-elf\4.1.1\interwork/libgcc.a(_udivsi3.o)
 .data          0x40000854        0x0 C:\Program Files\Hitex\GnuToolPackageArm\bin\..\lib\gcc\arm-hitex-elf\4.1.1\interwork/libgcc.a(_divsi3.o)
 .data          0x40000854        0x0 C:\Program Files\Hitex\GnuToolPackageArm\bin\..\lib\gcc\arm-hitex-elf\4.1.1\interwork/libgcc.a(_umodsi3.o)
 .data          0x40000854        0x0 C:\Program Files\Hitex\GnuToolPackageArm\bin\..\lib\gcc\arm-hitex-elf\4.1.1\interwork/libgcc.a(_modsi3.o)
 .data          0x40000854        0x0 C:\Program Files\Hitex\GnuToolPackageArm\bin\..\lib\gcc\arm-hitex-elf\4.1.1\interwork/libgcc.a(_dvmd_tls.o)
 .data          0x40000854        0x0 C:\Program Files\Hitex\GnuToolPackageArm\bin\..\lib\gcc\arm-hitex-elf\4.1.1\interwork/libgcc.a(_addsubdf3.o)
 .data          0x40000854        0x0 C:\Program Files\Hitex\GnuToolPackageArm\bin\..\lib\gcc\arm-hitex-elf\4.1.1\interwork/libgcc.a(_muldivdf3.o)
 .data          0x40000854        0x0 C:\Program Files\Hitex\GnuToolPackageArm\bin\..\lib\gcc\arm-hitex-elf\4.1.1\interwork/libgcc.a(_cmpdf2.o)
 .data          0x40000854        0x0 C:\Program Files\Hitex\GnuToolPackageArm\bin\..\lib\gcc\arm-hitex-elf\4.1.1\interwork/libgcc.a(_fixdfsi.o)
 .data          0x40000854        0x0 C:\Program Files\Hitex\GnuToolPackageArm\bin\..\lib\gcc\arm-hitex-elf\4.1.1\interwork/libgcc.a(_fixunsdfsi.o)
 .data          0x40000854        0x0 C:\Program Files\Hitex\GnuToolPackageArm\bin\..\lib\gcc\arm-hitex-elf\4.1.1\interwork/libgcc.a(_truncdfsf2.o)
 *(.data.*)
 *(.gnu.linkonce.d*)
                0x40000854                __data_end__ = .
                0x40000854                PROVIDE (__data_end__, .)
                0x40000854                . = ALIGN (0x4)
                0x40000854                _edata = .
                0x40000854                PROVIDE (edata, .)

.bss            0x40000858     0x196c
                0x40000858                __bss_start = .
                0x40000858                __bss_start__ = .
 *(.bss)
 .bss           0x40000858        0x0 .\objects\main.o
 .bss           0x40000858        0x0 .\objects\mp3.o
 .bss           0x40000858        0x0 .\objects\spi.o
 .bss           0x40000858     0x1860 .\objects\startup.o
                0x400008b4                FIQ_Stack
                0x40000894                ABT_Stack
                0x40000874                UND_Stack
                0x400010b4                IRQ_Stack
                0x400020b4                SVC_Stack
 .bss           0x400020b8        0x8 .\objects\ConfigStick.o
                0x400020b8                Setup_Data
 .bss           0x400020c0        0x0 .\objects\armVIC.o
 .bss           0x400020c0        0x4 .\objects\delay.o
 .bss           0x400020c4        0x0 .\objects\fio.o
 .bss           0x400020c4        0x0 .\objects\interrupt.o
 .bss           0x400020c4        0x4 .\objects\portlcd.o
 .bss           0x400020c8        0x4 .\objects\syscalls_lpc.o
 .bss           0x400020cc        0x0 .\objects\target_info.o
 .bss           0x400020cc        0x0 .\objects\uart.o
 .bss           0x400020cc        0x8 .\objects\uartISR.o
 .bss           0x400020d4        0x0 lib/libhelix.a(mp3dec.o)
 .bss           0x400020d4        0x0 lib/libhelix.a(mp3tabs.o)
 .bss           0x400020d4        0x0 lib/libhelix.a(scalfact.o)
 .bss           0x400020d4        0x0 lib/libhelix.a(subband.o)
 .bss           0x400020d4        0x0 lib/libhelix.a(trigtabs_fixpt.o)
 .bss           0x400020d4        0x0 lib/libhelix.a(asmpoly_gcc.o)
 .bss           0x400020d4        0x0 lib/libhelix.a(bitstream.o)
 .bss           0x400020d4        0x0 lib/libhelix.a(buffers.o)
 .bss           0x400020d4        0x0 lib/libhelix.a(dct32.o)
 .bss           0x400020d4        0x0 lib/libhelix.a(dequant.o)
 .bss           0x400020d4        0x0 lib/libhelix.a(dqchan.o)
 .bss           0x400020d4        0x0 lib/libhelix.a(huffman.o)
 .bss           0x400020d4        0x0 lib/libhelix.a(hufftabs.o)
 .bss           0x400020d4        0x0 lib/libhelix.a(imdct.o)
 .bss           0x400020d4        0x0 lib/libhelix.a(stproc.o)
 .bss           0x400020d4        0x0 C:\Program Files\Hitex\GnuToolPackageArm\bin\..\arm-hitex-elf\lib\interwork/libc.a(lib_a-impure.o)
 .bss           0x400020d4        0x0 C:\Program Files\Hitex\GnuToolPackageArm\bin\..\arm-hitex-elf\lib\interwork/libc.a(lib_a-malloc.o)
 .bss           0x400020d4       0x34 C:\Program Files\Hitex\GnuToolPackageArm\bin\..\arm-hitex-elf\lib\interwork/libc.a(lib_a-mallocr.o)
                0x400020d4                __malloc_top_pad
                0x400020d8                __malloc_max_sbrked_mem
                0x400020e0                __malloc_current_mallinfo
                0x400020dc                __malloc_max_total_mem
 .bss           0x40002108        0x0 C:\Program Files\Hitex\GnuToolPackageArm\bin\..\arm-hitex-elf\lib\interwork/libc.a(lib_a-memcmp.o)
 .bss           0x40002108        0x0 C:\Program Files\Hitex\GnuToolPackageArm\bin\..\arm-hitex-elf\lib\interwork/libc.a(lib_a-memcpy.o)
 .bss           0x40002108        0x0 C:\Program Files\Hitex\GnuToolPackageArm\bin\..\arm-hitex-elf\lib\interwork/libc.a(lib_a-memmove.o)
 .bss           0x40002108        0x0 C:\Program Files\Hitex\GnuToolPackageArm\bin\..\arm-hitex-elf\lib\interwork/libc.a(lib_a-memset.o)
 .bss           0x40002108        0x0 C:\Program Files\Hitex\GnuToolPackageArm\bin\..\arm-hitex-elf\lib\interwork/libc.a(lib_a-mlock.o)
 .bss           0x40002108        0x0 C:\Program Files\Hitex\GnuToolPackageArm\bin\..\arm-hitex-elf\lib\interwork/libc.a(lib_a-printf.o)
 .bss           0x40002108        0x0 C:\Program Files\Hitex\GnuToolPackageArm\bin\..\arm-hitex-elf\lib\interwork/libc.a(lib_a-putchar.o)
 .bss           0x40002108        0x0 C:\Program Files\Hitex\GnuToolPackageArm\bin\..\arm-hitex-elf\lib\interwork/libc.a(lib_a-puts.o)
 .bss           0x40002108        0x0 C:\Program Files\Hitex\GnuToolPackageArm\bin\..\arm-hitex-elf\lib\interwork/libc.a(lib_a-rget.o)
 .bss           0x40002108        0x0 C:\Program Files\Hitex\GnuToolPackageArm\bin\..\arm-hitex-elf\lib\interwork/libc.a(lib_a-scanf.o)
 .bss           0x40002108        0x0 C:\Program Files\Hitex\GnuToolPackageArm\bin\..\arm-hitex-elf\lib\interwork/libc.a(lib_a-strlen.o)
 .bss           0x40002108        0x0 C:\Program Files\Hitex\GnuToolPackageArm\bin\..\arm-hitex-elf\lib\interwork/libc.a(lib_a-vfprintf.o)
 .bss           0x40002108        0x0 C:\Program Files\Hitex\GnuToolPackageArm\bin\..\arm-hitex-elf\lib\interwork/libc.a(lib_a-vfscanf.o)
 .bss           0x40002108        0x0 C:\Program Files\Hitex\GnuToolPackageArm\bin\..\arm-hitex-elf\lib\interwork/libc.a(lib_a-wcrtomb.o)
 .bss           0x40002108        0x0 C:\Program Files\Hitex\GnuToolPackageArm\bin\..\arm-hitex-elf\lib\interwork/libc.a(lib_a-wcsrtombs.o)
 .bss           0x40002108        0x0 C:\Program Files\Hitex\GnuToolPackageArm\bin\..\arm-hitex-elf\lib\interwork/libc.a(lib_a-wctomb_r.o)
 .bss           0x40002108        0x0 C:\Program Files\Hitex\GnuToolPackageArm\bin\..\arm-hitex-elf\lib\interwork/libc.a(lib_a-wsetup.o)
 .bss           0x40002108        0x0 C:\Program Files\Hitex\GnuToolPackageArm\bin\..\arm-hitex-elf\lib\interwork/libc.a(lib_a-ctype_.o)
 .bss           0x40002108        0x0 C:\Program Files\Hitex\GnuToolPackageArm\bin\..\arm-hitex-elf\lib\interwork/libc.a(lib_a-dtoa.o)
 .bss           0x40002108        0x0 C:\Program Files\Hitex\GnuToolPackageArm\bin\..\arm-hitex-elf\lib\interwork/libc.a(lib_a-fflush.o)
 .bss           0x40002108        0x0 C:\Program Files\Hitex\GnuToolPackageArm\bin\..\arm-hitex-elf\lib\interwork/libc.a(lib_a-findfp.o)
 .bss           0x40002108        0x0 C:\Program Files\Hitex\GnuToolPackageArm\bin\..\arm-hitex-elf\lib\interwork/libc.a(lib_a-fread.o)
 .bss           0x40002108        0x0 C:\Program Files\Hitex\GnuToolPackageArm\bin\..\arm-hitex-elf\lib\interwork/libc.a(lib_a-freer.o)
 .bss           0x40002108        0x0 C:\Program Files\Hitex\GnuToolPackageArm\bin\..\arm-hitex-elf\lib\interwork/libc.a(lib_a-fvwrite.o)
 .bss           0x40002108        0x0 C:\Program Files\Hitex\GnuToolPackageArm\bin\..\arm-hitex-elf\lib\interwork/libc.a(lib_a-fwalk.o)
 .bss           0x40002108        0x0 C:\Program Files\Hitex\GnuToolPackageArm\bin\..\arm-hitex-elf\lib\interwork/libc.a(lib_a-iswspace.o)
 .bss           0x40002108        0xc C:\Program Files\Hitex\GnuToolPackageArm\bin\..\arm-hitex-elf\lib\interwork/libc.a(lib_a-locale.o)
                0x40002108                __nlocale_changed
                0x4000210c                __mlocale_changed
                0x40002110                _PathLocale
 .bss           0x40002114        0x0 C:\Program Files\Hitex\GnuToolPackageArm\bin\..\arm-hitex-elf\lib\interwork/libc.a(lib_a-makebuf.o)
 .bss           0x40002114        0x0 C:\Program Files\Hitex\GnuToolPackageArm\bin\..\arm-hitex-elf\lib\interwork/libc.a(lib_a-mbrtowc.o)
 .bss           0x40002114        0x0 C:\Program Files\Hitex\GnuToolPackageArm\bin\..\arm-hitex-elf\lib\interwork/libc.a(lib_a-mbtowc_r.o)
 .bss           0x40002114        0x0 C:\Program Files\Hitex\GnuToolPackageArm\bin\..\arm-hitex-elf\lib\interwork/libc.a(lib_a-memchr.o)
 .bss           0x40002114        0x0 C:\Program Files\Hitex\GnuToolPackageArm\bin\..\arm-hitex-elf\lib\interwork/libc.a(lib_a-mprec.o)
 .bss           0x40002114        0x0 C:\Program Files\Hitex\GnuToolPackageArm\bin\..\arm-hitex-elf\lib\interwork/libc.a(lib_a-putc.o)
 .bss           0x40002114        0x0 C:\Program Files\Hitex\GnuToolPackageArm\bin\..\arm-hitex-elf\lib\interwork/libc.a(lib_a-reallocr.o)
 .bss           0x40002114        0x0 C:\Program Files\Hitex\GnuToolPackageArm\bin\..\arm-hitex-elf\lib\interwork/libc.a(lib_a-refill.o)
 .bss           0x40002114        0x0 C:\Program Files\Hitex\GnuToolPackageArm\bin\..\arm-hitex-elf\lib\interwork/libc.a(lib_a-s_isinfd.o)
 .bss           0x40002114        0x0 C:\Program Files\Hitex\GnuToolPackageArm\bin\..\arm-hitex-elf\lib\interwork/libc.a(lib_a-s_isnand.o)
 .bss           0x40002114        0x0 C:\Program Files\Hitex\GnuToolPackageArm\bin\..\arm-hitex-elf\lib\interwork/libc.a(lib_a-sccl.o)
 .bss           0x40002114        0x0 C:\Program Files\Hitex\GnuToolPackageArm\bin\..\arm-hitex-elf\lib\interwork/libc.a(lib_a-sf_nan.o)
 .bss           0x40002114        0x0 C:\Program Files\Hitex\GnuToolPackageArm\bin\..\arm-hitex-elf\lib\interwork/libc.a(lib_a-sprintf.o)
 .bss           0x40002114        0x0 C:\Program Files\Hitex\GnuToolPackageArm\bin\..\arm-hitex-elf\lib\interwork/libc.a(lib_a-stdio.o)
 .bss           0x40002114        0x0 C:\Program Files\Hitex\GnuToolPackageArm\bin\..\arm-hitex-elf\lib\interwork/libc.a(lib_a-strcmp.o)
 .bss           0x40002114        0x0 C:\Program Files\Hitex\GnuToolPackageArm\bin\..\arm-hitex-elf\lib\interwork/libc.a(lib_a-strtod.o)
 .bss           0x40002114        0x0 C:\Program Files\Hitex\GnuToolPackageArm\bin\..\arm-hitex-elf\lib\interwork/libc.a(lib_a-strtol.o)
 .bss           0x40002114        0x0 C:\Program Files\Hitex\GnuToolPackageArm\bin\..\arm-hitex-elf\lib\interwork/libc.a(lib_a-strtoul.o)
 .bss           0x40002114       0xb0 C:\Program Files\Hitex\GnuToolPackageArm\bin\..\arm-hitex-elf\lib\interwork/libc.a(lib_a-syscalls.o)
 .bss           0x400021c4        0x0 C:\Program Files\Hitex\GnuToolPackageArm\bin\..\arm-hitex-elf\lib\interwork/libc.a(lib_a-ungetc.o)
 .bss           0x400021c4        0x0 C:\Program Files\Hitex\GnuToolPackageArm\bin\..\arm-hitex-elf\lib\interwork/libc.a(lib_a-wbuf.o)
 .bss           0x400021c4        0x0 C:\Program Files\Hitex\GnuToolPackageArm\bin\..\arm-hitex-elf\lib\interwork/libc.a(lib_a-callocr.o)
 .bss           0x400021c4        0x0 C:\Program Files\Hitex\GnuToolPackageArm\bin\..\arm-hitex-elf\lib\interwork/libc.a(lib_a-closer.o)
 .bss           0x400021c4        0x0 C:\Program Files\Hitex\GnuToolPackageArm\bin\..\arm-hitex-elf\lib\interwork/libc.a(lib_a-errno.o)
 .bss           0x400021c4        0x0 C:\Program Files\Hitex\GnuToolPackageArm\bin\..\arm-hitex-elf\lib\interwork/libc.a(lib_a-fclose.o)
 .bss           0x400021c4        0x0 C:\Program Files\Hitex\GnuToolPackageArm\bin\..\arm-hitex-elf\lib\interwork/libc.a(lib_a-fstatr.o)
 .bss           0x400021c4        0x0 C:\Program Files\Hitex\GnuToolPackageArm\bin\..\arm-hitex-elf\lib\interwork/libc.a(lib_a-gdtoa-gethex.o)
 .bss           0x400021c4        0x0 C:\Program Files\Hitex\GnuToolPackageArm\bin\..\arm-hitex-elf\lib\interwork/libc.a(lib_a-gdtoa-hexnan.o)
 .bss           0x400021c4        0x0 C:\Program Files\Hitex\GnuToolPackageArm\bin\..\arm-hitex-elf\lib\interwork/libc.a(lib_a-lseekr.o)
 .bss           0x400021c4        0x0 C:\Program Files\Hitex\GnuToolPackageArm\bin\..\arm-hitex-elf\lib\interwork/libc.a(lib_a-reent.o)
 .bss           0x400021c4        0x0 C:\Program Files\Hitex\GnuToolPackageArm\bin\..\lib\gcc\arm-hitex-elf\4.1.1\interwork/libgcc.a(_udivsi3.o)
 .bss           0x400021c4        0x0 C:\Program Files\Hitex\GnuToolPackageArm\bin\..\lib\gcc\arm-hitex-elf\4.1.1\interwork/libgcc.a(_divsi3.o)
 .bss           0x400021c4        0x0 C:\Program Files\Hitex\GnuToolPackageArm\bin\..\lib\gcc\arm-hitex-elf\4.1.1\interwork/libgcc.a(_umodsi3.o)
 .bss           0x400021c4        0x0 C:\Program Files\Hitex\GnuToolPackageArm\bin\..\lib\gcc\arm-hitex-elf\4.1.1\interwork/libgcc.a(_modsi3.o)
 .bss           0x400021c4        0x0 C:\Program Files\Hitex\GnuToolPackageArm\bin\..\lib\gcc\arm-hitex-elf\4.1.1\interwork/libgcc.a(_dvmd_tls.o)
 .bss           0x400021c4        0x0 C:\Program Files\Hitex\GnuToolPackageArm\bin\..\lib\gcc\arm-hitex-elf\4.1.1\interwork/libgcc.a(_addsubdf3.o)
 .bss           0x400021c4        0x0 C:\Program Files\Hitex\GnuToolPackageArm\bin\..\lib\gcc\arm-hitex-elf\4.1.1\interwork/libgcc.a(_muldivdf3.o)
 .bss           0x400021c4        0x0 C:\Program Files\Hitex\GnuToolPackageArm\bin\..\lib\gcc\arm-hitex-elf\4.1.1\interwork/libgcc.a(_cmpdf2.o)
 .bss           0x400021c4        0x0 C:\Program Files\Hitex\GnuToolPackageArm\bin\..\lib\gcc\arm-hitex-elf\4.1.1\interwork/libgcc.a(_fixdfsi.o)
 .bss           0x400021c4        0x0 C:\Program Files\Hitex\GnuToolPackageArm\bin\..\lib\gcc\arm-hitex-elf\4.1.1\interwork/libgcc.a(_fixunsdfsi.o)
 .bss           0x400021c4        0x0 C:\Program Files\Hitex\GnuToolPackageArm\bin\..\lib\gcc\arm-hitex-elf\4.1.1\interwork/libgcc.a(_truncdfsf2.o)
 *(.gnu.linkonce.b*)
                0x400021c4                . = ALIGN (0x4)
                0x400021c4                __bss_end__ = .

.bss2           0x400021c4      0x320
                0x400021c4                __bss2_start = .
                0x400021c4                __bss2_start__ = .
 *(COMMON)
 COMMON         0x400021c4        0x4 .\objects\spi.o
                0x400021c4                throwAway
 COMMON         0x400021c8      0x218 .\objects\uart.o
                0x400021c8                uart0_tx_buffer
                0x40002248                uart2_rx_extract_idx
                0x4000224a                uart2_tx_insert_idx
                0x4000224c                uart0_tx_insert_idx
                0x4000224e                uart0_rx_insert_idx
                0x40002250                uart2_rx_insert_idx
                0x40002252                uart0_tx_extract_idx
                0x40002254                uart2_tx_buffer
                0x400022d4                uart2_tx_running
                0x400022d8                uart2_rx_buffer
                0x40002358                uart0_tx_running
                0x4000235c                uart2_tx_extract_idx
                0x4000235e                uart0_rx_buffer
                0x400023de                uart0_rx_extract_idx
 COMMON         0x400023e0      0x100 C:\Program Files\Hitex\GnuToolPackageArm\bin\..\arm-hitex-elf\lib\interwork/libc.a(lib_a-gdtoa-gethex.o)
                0x400023e0                __hexdig
 COMMON         0x400024e0        0x4 C:\Program Files\Hitex\GnuToolPackageArm\bin\..\arm-hitex-elf\lib\interwork/libc.a(lib_a-reent.o)
                0x400024e0                errno
                0x400024e4                . = ALIGN (0x4)
                0x400024e4                __bss2_end__ = .
                0x400024e4                _end = .
                0x400024e4                PROVIDE (end, .)

.comment        0x00000000      0x61e
 *(.comment)
 .comment       0x00000000       0x12 .\objects\main.o
 .comment       0x00000012       0x12 .\objects\mp3.o
 .comment       0x00000024       0x12 .\objects\spi.o
 .comment       0x00000036       0x12 .\objects\ConfigStick.o
 .comment       0x00000048       0x12 .\objects\armVIC.o
 .comment       0x0000005a       0x12 .\objects\delay.o
 .comment       0x0000006c       0x12 .\objects\fio.o
 .comment       0x0000007e       0x12 .\objects\interrupt.o
 .comment       0x00000090       0x12 .\objects\portlcd.o
 .comment       0x000000a2       0x12 .\objects\syscalls_lpc.o
 .comment       0x000000b4       0x12 .\objects\target_info.o
 .comment       0x000000c6       0x12 .\objects\uart.o
 .comment       0x000000d8       0x12 .\objects\uartISR.o
 .comment       0x000000ea       0x12 lib/libhelix.a(mp3dec.o)
 .comment       0x000000fc       0x12 lib/libhelix.a(mp3tabs.o)
 .comment       0x0000010e       0x12 lib/libhelix.a(scalfact.o)
 .comment       0x00000120       0x12 lib/libhelix.a(subband.o)
 .comment       0x00000132       0x12 lib/libhelix.a(trigtabs_fixpt.o)
 .comment       0x00000144       0x12 lib/libhelix.a(bitstream.o)
 .comment       0x00000156       0x12 lib/libhelix.a(buffers.o)
 .comment       0x00000168       0x12 lib/libhelix.a(dct32.o)
 .comment       0x0000017a       0x12 lib/libhelix.a(dequant.o)
 .comment       0x0000018c       0x12 lib/libhelix.a(dqchan.o)
 .comment       0x0000019e       0x12 lib/libhelix.a(huffman.o)
 .comment       0x000001b0       0x12 lib/libhelix.a(hufftabs.o)
 .comment       0x000001c2       0x12 lib/libhelix.a(imdct.o)
 .comment       0x000001d4       0x12 lib/libhelix.a(stproc.o)
 .comment       0x000001e6       0x12 C:\Program Files\Hitex\GnuToolPackageArm\bin\..\arm-hitex-elf\lib\interwork/libc.a(lib_a-impure.o)
 .comment       0x000001f8       0x12 C:\Program Files\Hitex\GnuToolPackageArm\bin\..\arm-hitex-elf\lib\interwork/libc.a(lib_a-malloc.o)
 .comment       0x0000020a       0x12 C:\Program Files\Hitex\GnuToolPackageArm\bin\..\arm-hitex-elf\lib\interwork/libc.a(lib_a-mallocr.o)
 .comment       0x0000021c       0x12 C:\Program Files\Hitex\GnuToolPackageArm\bin\..\arm-hitex-elf\lib\interwork/libc.a(lib_a-memcmp.o)
 .comment       0x0000022e       0x12 C:\Program Files\Hitex\GnuToolPackageArm\bin\..\arm-hitex-elf\lib\interwork/libc.a(lib_a-memcpy.o)
 .comment       0x00000240       0x12 C:\Program Files\Hitex\GnuToolPackageArm\bin\..\arm-hitex-elf\lib\interwork/libc.a(lib_a-memmove.o)
 .comment       0x00000252       0x12 C:\Program Files\Hitex\GnuToolPackageArm\bin\..\arm-hitex-elf\lib\interwork/libc.a(lib_a-memset.o)
 .comment       0x00000264       0x12 C:\Program Files\Hitex\GnuToolPackageArm\bin\..\arm-hitex-elf\lib\interwork/libc.a(lib_a-mlock.o)
 .comment       0x00000276       0x12 C:\Program Files\Hitex\GnuToolPackageArm\bin\..\arm-hitex-elf\lib\interwork/libc.a(lib_a-printf.o)
 .comment       0x00000288       0x12 C:\Program Files\Hitex\GnuToolPackageArm\bin\..\arm-hitex-elf\lib\interwork/libc.a(lib_a-putchar.o)
 .comment       0x0000029a       0x12 C:\Program Files\Hitex\GnuToolPackageArm\bin\..\arm-hitex-elf\lib\interwork/libc.a(lib_a-puts.o)
 .comment       0x000002ac       0x12 C:\Program Files\Hitex\GnuToolPackageArm\bin\..\arm-hitex-elf\lib\interwork/libc.a(lib_a-rget.o)
 .comment       0x000002be       0x12 C:\Program Files\Hitex\GnuToolPackageArm\bin\..\arm-hitex-elf\lib\interwork/libc.a(lib_a-scanf.o)
 .comment       0x000002d0       0x12 C:\Program Files\Hitex\GnuToolPackageArm\bin\..\arm-hitex-elf\lib\interwork/libc.a(lib_a-strlen.o)
 .comment       0x000002e2       0x12 C:\Program Files\Hitex\GnuToolPackageArm\bin\..\arm-hitex-elf\lib\interwork/libc.a(lib_a-vfprintf.o)
 .comment       0x000002f4       0x12 C:\Program Files\Hitex\GnuToolPackageArm\bin\..\arm-hitex-elf\lib\interwork/libc.a(lib_a-vfscanf.o)
 .comment       0x00000306       0x12 C:\Program Files\Hitex\GnuToolPackageArm\bin\..\arm-hitex-elf\lib\interwork/libc.a(lib_a-wcrtomb.o)
 .comment       0x00000318       0x12 C:\Program Files\Hitex\GnuToolPackageArm\bin\..\arm-hitex-elf\lib\interwork/libc.a(lib_a-wcsrtombs.o)
 .comment       0x0000032a       0x12 C:\Program Files\Hitex\GnuToolPackageArm\bin\..\arm-hitex-elf\lib\interwork/libc.a(lib_a-wctomb_r.o)
 .comment       0x0000033c       0x12 C:\Program Files\Hitex\GnuToolPackageArm\bin\..\arm-hitex-elf\lib\interwork/libc.a(lib_a-wsetup.o)
 .comment       0x0000034e       0x12 C:\Program Files\Hitex\GnuToolPackageArm\bin\..\arm-hitex-elf\lib\interwork/libc.a(lib_a-ctype_.o)
 .comment       0x00000360       0x12 C:\Program Files\Hitex\GnuToolPackageArm\bin\..\arm-hitex-elf\lib\interwork/libc.a(lib_a-dtoa.o)
 .comment       0x00000372       0x12 C:\Program Files\Hitex\GnuToolPackageArm\bin\..\arm-hitex-elf\lib\interwork/libc.a(lib_a-fflush.o)
 .comment       0x00000384       0x12 C:\Program Files\Hitex\GnuToolPackageArm\bin\..\arm-hitex-elf\lib\interwork/libc.a(lib_a-findfp.o)
 .comment       0x00000396       0x12 C:\Program Files\Hitex\GnuToolPackageArm\bin\..\arm-hitex-elf\lib\interwork/libc.a(lib_a-fread.o)
 .comment       0x000003a8       0x12 C:\Program Files\Hitex\GnuToolPackageArm\bin\..\arm-hitex-elf\lib\interwork/libc.a(lib_a-freer.o)
 .comment       0x000003ba       0x12 C:\Program Files\Hitex\GnuToolPackageArm\bin\..\arm-hitex-elf\lib\interwork/libc.a(lib_a-fvwrite.o)
 .comment       0x000003cc       0x12 C:\Program Files\Hitex\GnuToolPackageArm\bin\..\arm-hitex-elf\lib\interwork/libc.a(lib_a-fwalk.o)
 .comment       0x000003de       0x12 C:\Program Files\Hitex\GnuToolPackageArm\bin\..\arm-hitex-elf\lib\interwork/libc.a(lib_a-iswspace.o)
 .comment       0x000003f0       0x12 C:\Program Files\Hitex\GnuToolPackageArm\bin\..\arm-hitex-elf\lib\interwork/libc.a(lib_a-locale.o)
 .comment       0x00000402       0x12 C:\Program Files\Hitex\GnuToolPackageArm\bin\..\arm-hitex-elf\lib\interwork/libc.a(lib_a-makebuf.o)
 .comment       0x00000414       0x12 C:\Program Files\Hitex\GnuToolPackageArm\bin\..\arm-hitex-elf\lib\interwork/libc.a(lib_a-mbrtowc.o)
 .comment       0x00000426       0x12 C:\Program Files\Hitex\GnuToolPackageArm\bin\..\arm-hitex-elf\lib\interwork/libc.a(lib_a-mbtowc_r.o)
 .comment       0x00000438       0x12 C:\Program Files\Hitex\GnuToolPackageArm\bin\..\arm-hitex-elf\lib\interwork/libc.a(lib_a-memchr.o)
 .comment       0x0000044a       0x12 C:\Program Files\Hitex\GnuToolPackageArm\bin\..\arm-hitex-elf\lib\interwork/libc.a(lib_a-mprec.o)
 .comment       0x0000045c       0x12 C:\Program Files\Hitex\GnuToolPackageArm\bin\..\arm-hitex-elf\lib\interwork/libc.a(lib_a-putc.o)
 .comment       0x0000046e       0x12 C:\Program Files\Hitex\GnuToolPackageArm\bin\..\arm-hitex-elf\lib\interwork/libc.a(lib_a-reallocr.o)
 .comment       0x00000480       0x12 C:\Program Files\Hitex\GnuToolPackageArm\bin\..\arm-hitex-elf\lib\interwork/libc.a(lib_a-refill.o)
 .comment       0x00000492       0x12 C:\Program Files\Hitex\GnuToolPackageArm\bin\..\arm-hitex-elf\lib\interwork/libc.a(lib_a-s_isinfd.o)
 .comment       0x000004a4       0x12 C:\Program Files\Hitex\GnuToolPackageArm\bin\..\arm-hitex-elf\lib\interwork/libc.a(lib_a-s_isnand.o)
 .comment       0x000004b6       0x12 C:\Program Files\Hitex\GnuToolPackageArm\bin\..\arm-hitex-elf\lib\interwork/libc.a(lib_a-sccl.o)
 .comment       0x000004c8       0x12 C:\Program Files\Hitex\GnuToolPackageArm\bin\..\arm-hitex-elf\lib\interwork/libc.a(lib_a-sf_nan.o)
 .comment       0x000004da       0x12 C:\Program Files\Hitex\GnuToolPackageArm\bin\..\arm-hitex-elf\lib\interwork/libc.a(lib_a-sprintf.o)
 .comment       0x000004ec       0x12 C:\Program Files\Hitex\GnuToolPackageArm\bin\..\arm-hitex-elf\lib\interwork/libc.a(lib_a-stdio.o)
 .comment       0x000004fe       0x12 C:\Program Files\Hitex\GnuToolPackageArm\bin\..\arm-hitex-elf\lib\interwork/libc.a(lib_a-strcmp.o)
 .comment       0x00000510       0x12 C:\Program Files\Hitex\GnuToolPackageArm\bin\..\arm-hitex-elf\lib\interwork/libc.a(lib_a-strtod.o)
 .comment       0x00000522       0x12 C:\Program Files\Hitex\GnuToolPackageArm\bin\..\arm-hitex-elf\lib\interwork/libc.a(lib_a-strtol.o)
 .comment       0x00000534       0x12 C:\Program Files\Hitex\GnuToolPackageArm\bin\..\arm-hitex-elf\lib\interwork/libc.a(lib_a-strtoul.o)
 .comment       0x00000546       0x12 C:\Program Files\Hitex\GnuToolPackageArm\bin\..\arm-hitex-elf\lib\interwork/libc.a(lib_a-syscalls.o)
 .comment       0x00000558       0x12 C:\Program Files\Hitex\GnuToolPackageArm\bin\..\arm-hitex-elf\lib\interwork/libc.a(lib_a-ungetc.o)
 .comment       0x0000056a       0x12 C:\Program Files\Hitex\GnuToolPackageArm\bin\..\arm-hitex-elf\lib\interwork/libc.a(lib_a-wbuf.o)
 .comment       0x0000057c       0x12 C:\Program Files\Hitex\GnuToolPackageArm\bin\..\arm-hitex-elf\lib\interwork/libc.a(lib_a-callocr.o)
 .comment       0x0000058e       0x12 C:\Program Files\Hitex\GnuToolPackageArm\bin\..\arm-hitex-elf\lib\interwork/libc.a(lib_a-closer.o)
 .comment       0x000005a0       0x12 C:\Program Files\Hitex\GnuToolPackageArm\bin\..\arm-hitex-elf\lib\interwork/libc.a(lib_a-errno.o)
 .comment       0x000005b2       0x12 C:\Program Files\Hitex\GnuToolPackageArm\bin\..\arm-hitex-elf\lib\interwork/libc.a(lib_a-fclose.o)
 .comment       0x000005c4       0x12 C:\Program Files\Hitex\GnuToolPackageArm\bin\..\arm-hitex-elf\lib\interwork/libc.a(lib_a-fstatr.o)
 .comment       0x000005d6       0x12 C:\Program Files\Hitex\GnuToolPackageArm\bin\..\arm-hitex-elf\lib\interwork/libc.a(lib_a-gdtoa-gethex.o)
 .comment       0x000005e8       0x12 C:\Program Files\Hitex\GnuToolPackageArm\bin\..\arm-hitex-elf\lib\interwork/libc.a(lib_a-gdtoa-hexnan.o)