Archive member included because of file (symbol)

lib/libhelix.a(mp3dec.o)      .\objects\mp3.o (MP3FindSyncWord)
lib/libhelix.a(mp3tabs.o)     lib/libhelix.a(mp3dec.o) (xmp3fixpt_samplesPerFrameTab)
lib/libhelix.a(scalfact.o)    lib/libhelix.a(mp3dec.o) (xmp3fixpt_UnpackScaleFactors)
lib/libhelix.a(subband.o)     lib/libhelix.a(mp3dec.o) (xmp3fixpt_Subband)
lib/libhelix.a(trigtabs_fixpt.o)
                              lib/libhelix.a(subband.o) (xmp3fixpt_polyCoef)
lib/libhelix.a(asmpoly_gcc.o)
                              lib/libhelix.a(subband.o) (xmp3fixpt_PolyphaseStereo)
lib/libhelix.a(bitstream.o)   lib/libhelix.a(scalfact.o) (xmp3fixpt_SetBitstreamPointer)
lib/libhelix.a(buffers.o)     lib/libhelix.a(mp3dec.o) (xmp3fixpt_FreeBuffers)
lib/libhelix.a(dct32.o)       lib/libhelix.a(subband.o) (xmp3fixpt_FDCT32)
lib/libhelix.a(dequant.o)     lib/libhelix.a(mp3dec.o) (xmp3fixpt_Dequantize)
lib/libhelix.a(dqchan.o)      lib/libhelix.a(dequant.o) (xmp3fixpt_DequantChannel)
lib/libhelix.a(huffman.o)     lib/libhelix.a(mp3dec.o) (xmp3fixpt_DecodeHuffman)
lib/libhelix.a(hufftabs.o)    lib/libhelix.a(huffman.o) (xmp3fixpt_huffTable)
lib/libhelix.a(imdct.o)       lib/libhelix.a(mp3dec.o) (xmp3fixpt_IMDCT)
lib/libhelix.a(stproc.o)      lib/libhelix.a(dequant.o) (xmp3fixpt_MidSideProc)
C:\Program Files\Hitex\GnuToolPackageArm\bin\..\arm-hitex-elf\lib\interwork/libc.a(lib_a-impure.o)
                              .\objects\spi.o (_impure_ptr)
C:\Program Files\Hitex\GnuToolPackageArm\bin\..\arm-hitex-elf\lib\interwork/libc.a(lib_a-malloc.o)
                              .\objects\spi.o (free)
C:\Program Files\Hitex\GnuToolPackageArm\bin\..\arm-hitex-elf\lib\interwork/libc.a(lib_a-mallocr.o)
                              C:\Program Files\Hitex\GnuToolPackageArm\bin\..\arm-hitex-elf\lib\interwork/libc.a(lib_a-malloc.o) (_malloc_r)
C:\Program Files\Hitex\GnuToolPackageArm\bin\..\arm-hitex-elf\lib\interwork/libc.a(lib_a-memcmp.o)
                              .\objects\spi.o (memcmp)
C:\Program Files\Hitex\GnuToolPackageArm\bin\..\arm-hitex-elf\lib\interwork/libc.a(lib_a-memcpy.o)
                              lib/libhelix.a(mp3dec.o) (memcpy)
C:\Program Files\Hitex\GnuToolPackageArm\bin\..\arm-hitex-elf\lib\interwork/libc.a(lib_a-memmove.o)
                              .\objects\mp3.o (memmove)
C:\Program Files\Hitex\GnuToolPackageArm\bin\..\arm-hitex-elf\lib\interwork/libc.a(lib_a-memset.o)
                              .\objects\main.o (memset)
C:\Program Files\Hitex\GnuToolPackageArm\bin\..\arm-hitex-elf\lib\interwork/libc.a(lib_a-mlock.o)
                              C:\Program Files\Hitex\GnuToolPackageArm\bin\..\arm-hitex-elf\lib\interwork/libc.a(lib_a-mallocr.o) (__malloc_lock)
C:\Program Files\Hitex\GnuToolPackageArm\bin\..\arm-hitex-elf\lib\interwork/libc.a(lib_a-printf.o)
                              .\objects\main.o (printf)
C:\Program Files\Hitex\GnuToolPackageArm\bin\..\arm-hitex-elf\lib\interwork/libc.a(lib_a-putchar.o)
                              .\objects\spi.o (putchar)
C:\Program Files\Hitex\GnuToolPackageArm\bin\..\arm-hitex-elf\lib\interwork/libc.a(lib_a-puts.o)
                              .\objects\main.o (puts)
C:\Program Files\Hitex\GnuToolPackageArm\bin\..\arm-hitex-elf\lib\interwork/libc.a(lib_a-rget.o)
                              .\objects\spi.o (__srget_r)
C:\Program Files\Hitex\GnuToolPackageArm\bin\..\arm-hitex-elf\lib\interwork/libc.a(lib_a-scanf.o)
                              .\objects\spi.o (scanf)
C:\Program Files\Hitex\GnuToolPackageArm\bin\..\arm-hitex-elf\lib\interwork/libc.a(lib_a-strlen.o)
                              C:\Program Files\Hitex\GnuToolPackageArm\bin\..\arm-hitex-elf\lib\interwork/libc.a(lib_a-puts.o) (strlen)
C:\Program Files\Hitex\GnuToolPackageArm\bin\..\arm-hitex-elf\lib\interwork/libc.a(lib_a-vfprintf.o)
                              C:\Program Files\Hitex\GnuToolPackageArm\bin\..\arm-hitex-elf\lib\interwork/libc.a(lib_a-printf.o) (_vfprintf_r)
C:\Program Files\Hitex\GnuToolPackageArm\bin\..\arm-hitex-elf\lib\interwork/libc.a(lib_a-vfscanf.o)
                              C:\Program Files\Hitex\GnuToolPackageArm\bin\..\arm-hitex-elf\lib\interwork/libc.a(lib_a-scanf.o) (__svfscanf_r)
C:\Program Files\Hitex\GnuToolPackageArm\bin\..\arm-hitex-elf\lib\interwork/libc.a(lib_a-wcrtomb.o)
                              C:\Program Files\Hitex\GnuToolPackageArm\bin\..\arm-hitex-elf\lib\interwork/libc.a(lib_a-vfprintf.o) (_wcrtomb_r)
C:\Program Files\Hitex\GnuToolPackageArm\bin\..\arm-hitex-elf\lib\interwork/libc.a(lib_a-wcsrtombs.o)
                              C:\Program Files\Hitex\GnuToolPackageArm\bin\..\arm-hitex-elf\lib\interwork/libc.a(lib_a-vfprintf.o) (_wcsrtombs_r)
C:\Program Files\Hitex\GnuToolPackageArm\bin\..\arm-hitex-elf\lib\interwork/libc.a(lib_a-wctomb_r.o)
                              C:\Program Files\Hitex\GnuToolPackageArm\bin\..\arm-hitex-elf\lib\interwork/libc.a(lib_a-wcrtomb.o) (_wctomb_r)
[...]
Memory Configuration

Name             Origin             Length             Attributes
IntCode          0x00000000         0x00080000         xr
IntDataRAM       0x40000000         0x00010000         rw
*default*        0x00000000         0xffffffff

Linker script and memory map

LOAD .\objects\audioOut.o
LOAD .\objects\isrRoutine.o
LOAD .\objects\main.o
LOAD .\objects\mp3.o
LOAD .\objects\spi.o
LOAD .\objects\startup.o
LOAD .\objects\ConfigStick.o
LOAD .\objects\armVIC.o
LOAD .\objects\delay.o
LOAD .\objects\fio.o
LOAD .\objects\interrupt.o
LOAD .\objects\portlcd.o
LOAD .\objects\syscalls_lpc.o
LOAD .\objects\target_info.o
LOAD .\objects\uart.o
LOAD .\objects\uartISR.o
                0x40010000                PROVIDE (_top_stack_, 0x40010000)
                0x40010000                PROVIDE (_end_of_heap_, 0x40010000)

.text           0x00000000    0x16308
                0x00000000                __code_start__ = .
 .\objects\startup.o(.text)
 .text          0x00000000      0x214 .\objects\startup.o
                0x00000000                _startup
                0x00000038                ResetEntry
                0x0000004c                start
                0x0000004c                Start_init_s
 *.o(.text)
 .text          0x00000214      0x2ec .\objects\audioOut.o
                0x00000214                isr_timer
                0x00000254                pwmInit
                0x000003e4                initTimer
                0x0000034c                dacInit
 .text          0x00000500      0x194 .\objects\isrRoutine.o
                0x00000500                isrRoutine
 .text          0x00000694      0x380 .\objects\main.o
                0x00000694                main
                0x0000094c                restart
 .text          0x00000a14      0x2d0 .\objects\mp3.o
                0x00000ab0                decode
                0x00000c48                initMp3Module
                0x00000a6c                fillBuffer
                0x00000a14                mp3Cleanup
 .text          0x00000ce4      0xee0 .\objects\spi.o
                0x00000fa4                spiFlashMemGlobalUnprotect
                0x00000f18                spiFlashMemSetWriteEnable
                0x00001498                eraseChip
                0x00000e48                spiFlashMemWaitReady
                0x00001564                readSpecs
                0x0000119c                spiFlashMemRead
                0x000016c8                testSpiMem
                0x0000135c                spiFlashMemErase
                0x000017a8                menue
                0x00000d9c                spiFlashMemReadStatusRegister
                0x000012d4                spiReadBytes
                0x00001050                spiFlashMemWrite
                0x00000ce4                sspInit
 .text          0x00001bc4      0x818 .\objects\ConfigStick.o
                0x00002268                Check_Hardware
                0x00002170                ADC_get_channel
                0x00001bc4                Peripheral_Clock_Configuration
                0x00001c24                Power_Configuration
                0x0000234c                BaseStickConfig
                0x00002144                WDT_Configuration
                0x00001ccc                GPIO_Configuration
 .text          0x000023dc      0x1f4 .\objects\armVIC.o
                0x00002470                restoreIRQ
                0x00002590                enableFIQ
                0x00002500                disableFIQ
                0x000024c0                enableIRQ
                0x00002540                restoreFIQ
                0x000023dc                disableIRQ
 .text          0x000025d0      0x144 .\objects\delay.o
                0x000025d0                delay
                0x000026a8                init_delay
 .text          0x00002714      0x1b8 .\objects\fio.o
                0x00002714                GPIOInit
 .text          0x000028cc       0xd8 .\objects\interrupt.o
                0x000028cc                SWI_Handler
                0x00002970                Undef_Handler
                0x0000295c                DAbt_Handler
                0x00002984                FIQ_Handler
                0x00002948                PAbt_Handler
 .text          0x000029a4      0x6a8 .\objects\portlcd.o
                0x00002a88                lcd_write
                0x00002c98                LCD_init
                0x00002d7c                LCD_load
                0x000029a4                lcd_delay
                0x00002be0                lcd_wait_busy
                0x00002c18                lcd_write_cmd
                0x00002f48                LCD_puts
                0x00002fa0                LCD_bargraph
                0x000029dc                lcd_write_4bit
                0x00002ec8                LCD_on
                0x00002ee8                LCD_putc
                0x00002c58                lcd_write_data
                0x00002df4                LCD_gotoxy
                0x00002ac0                lcd_read_stat
                0x00002ea8                LCD_cur_off
                0x00002e7c                LCD_cls
 .text          0x0000304c      0x27c .\objects\syscalls_lpc.o
                0x00003220                _sbrk_r
                0x0000310c                _read_r
                0x0000304c                _write_r
 .text          0x000032c8      0x180 .\objects\target_info.o
                0x000033a4                GetPclk
                0x000032c8                GetCclk
 .text          0x00003448      0xd18 .\objects\uart.o
                0x00003e0c                uart2Space
                0x00003f00                uart2Write
                0x00003fc4                uart2TxEmpty
                0x0000387c                uart0Write
                0x00003628                uart0Putch
                0x00003448                uart0Init
                0x00003980                uart0TxFlush
                0x00004004                uart2TxFlush
                0x0000380c                uart0Puts
                0x00003a20                uart0Getch
                0x00003788                uart0Space
                0x00003adc                uart2Init
                0x00003940                uart0TxEmpty
                0x000040a4                uart2Getch
                0x00003cac                uart2Putch
                0x00003e90                uart2Puts
 .text          0x00004160      0x508 .\objects\uartISR.o
                0x000043d0                uart2ISR
                0x00004160                uart0ISR
 .text          0x00004668      0x6a4 lib/libhelix.a(mp3dec.o)
                0x00004668                MP3FindSyncWord
                0x00004cf0                MP3InitDecoder
                0x00004cd0                MP3FreeDecoder
                0x000047b0                MP3GetNextFrameInfo
                0x000046c8                MP3GetLastFrameInfo
                0x00004814                MP3Decode
 .text          0x00004d0c        0x0 lib/libhelix.a(mp3tabs.o)
 .text          0x00004d0c      0x91c lib/libhelix.a(scalfact.o)
                0x00004d0c                xmp3fixpt_UnpackScaleFactors
 .text          0x00005628      0x19c lib/libhelix.a(subband.o)
                0x00005628                xmp3fixpt_Subband
 .text          0x000057c4        0x0 lib/libhelix.a(trigtabs_fixpt.o)
 .text          0x000057c4      0x8b8 lib/libhelix.a(asmpoly_gcc.o)
                0x00005d30                xmp3fixpt_PolyphaseMono
                0x000057c4                xmp3fixpt_PolyphaseStereo
 .text          0x0000607c      0x7fc lib/libhelix.a(bitstream.o)
                0x000064bc                xmp3fixpt_UnpackSideInfo
                0x00006094                xmp3fixpt_GetBits
                0x000061c8                xmp3fixpt_CalcBitsUsed
                0x000061e0                xmp3fixpt_CheckPadBit
                0x0000620c                xmp3fixpt_UnpackFrameHeader
                0x0000607c                xmp3fixpt_SetBitstreamPointer
 .text          0x00006878      0x224 lib/libhelix.a(buffers.o)
                0x00006938                xmp3fixpt_AllocateBuffers
                0x0000689c                xmp3fixpt_FreeBuffers
 .text          0x00006a9c      0xb74 lib/libhelix.a(dct32.o)
                0x00006a9c                xmp3fixpt_FDCT32
 .text          0x00007610      0x40c lib/libhelix.a(dequant.o)
                0x00007610                xmp3fixpt_Dequantize
 .text          0x00007a1c      0x62c lib/libhelix.a(dqchan.o)
                0x00007c58                xmp3fixpt_DequantChannel
 .text          0x00008048      0x9c0 lib/libhelix.a(huffman.o)
                0x00008048                xmp3fixpt_DecodeHuffman
 .text          0x00008a08        0x0 lib/libhelix.a(hufftabs.o)
 .text          0x00008a08     0x176c lib/libhelix.a(imdct.o)
                0x00008d7c                xmp3fixpt_IMDCT
 .text          0x0000a174      0x9bc lib/libhelix.a(stproc.o)
                0x0000a660                xmp3fixpt_IntensityProcMPEG1
                0x0000a174                xmp3fixpt_MidSideProc
                0x0000a208                xmp3fixpt_IntensityProcMPEG2
 .text          0x0000ab30        0x0 C:\Program Files\Hitex\GnuToolPackageArm\bin\..\arm-hitex-elf\lib\interwork/libc.a(lib_a-impure.o)
 .text          0x0000ab30       0x40 C:\Program Files\Hitex\GnuToolPackageArm\bin\..\arm-hitex-elf\lib\interwork/libc.a(lib_a-malloc.o)
                0x0000ab50                malloc
                0x0000ab30                free
 .text          0x0000ab70      0x688 C:\Program Files\Hitex\GnuToolPackageArm\bin\..\arm-hitex-elf\lib\interwork/libc.a(lib_a-mallocr.o)
                0x0000ab70                _malloc_r
 .text          0x0000b1f8       0x3c C:\Program Files\Hitex\GnuToolPackageArm\bin\..\arm-hitex-elf\lib\interwork/libc.a(lib_a-memcmp.o)
                0x0000b1f8                memcmp
 .text          0x0000b234       0x20 C:\Program Files\Hitex\GnuToolPackageArm\bin\..\arm-hitex-elf\lib\interwork/libc.a(lib_a-memcpy.o)
                0x0000b234                memcpy
 .text          0x0000b254       0x54 C:\Program Files\Hitex\GnuToolPackageArm\bin\..\arm-hitex-elf\lib\interwork/libc.a(lib_a-memmove.o)
                0x0000b254                memmove
 .text          0x0000b2a8       0x1c C:\Program Files\Hitex\GnuToolPackageArm\bin\..\arm-hitex-elf\lib\interwork/libc.a(lib_a-memset.o)
                0x0000b2a8                memset
 .text          0x0000b2c4        0x8 C:\Program Files\Hitex\GnuToolPackageArm\bin\..\arm-hitex-elf\lib\interwork/libc.a(lib_a-mlock.o)
                0x0000b2c8                __malloc_unlock
                0x0000b2c4                __malloc_lock
 .text          0x0000b2cc       0x74 C:\Program Files\Hitex\GnuToolPackageArm\bin\..\arm-hitex-elf\lib\interwork/libc.a(lib_a-printf.o)
                0x0000b2cc                printf
                0x0000b30c                _printf_r
 .text          0x0000b340       0x3c C:\Program Files\Hitex\GnuToolPackageArm\bin\..\arm-hitex-elf\lib\interwork/libc.a(lib_a-putchar.o)
                0x0000b340                putchar
                0x0000b368                _putchar_r
 .text          0x0000b37c       0x88 C:\Program Files\Hitex\GnuToolPackageArm\bin\..\arm-hitex-elf\lib\interwork/libc.a(lib_a-puts.o)
                0x0000b37c                _puts_r
                0x0000b3f0                puts
 .text          0x0000b404       0x4c C:\Program Files\Hitex\GnuToolPackageArm\bin\..\arm-hitex-elf\lib\interwork/libc.a(lib_a-rget.o)
                0x0000b43c                __srget
                0x0000b404                __srget_r
 .text          0x0000b450       0x74 C:\Program Files\Hitex\GnuToolPackageArm\bin\..\arm-hitex-elf\lib\interwork/libc.a(lib_a-scanf.o)
                0x0000b450                _scanf_r
                0x0000b484                scanf
 .text          0x0000b4c4       0x20 C:\Program Files\Hitex\GnuToolPackageArm\bin\..\arm-hitex-elf\lib\interwork/libc.a(lib_a-strlen.o)
                0x0000b4c4                strlen
 .text          0x0000b4e4     0x1da0 C:\Program Files\Hitex\GnuToolPackageArm\bin\..\arm-hitex-elf\lib\interwork/libc.a(lib_a-vfprintf.o)
                0x0000b520                _vfprintf_r
                0x0000d258                vfprintf
 .text          0x0000d284     0x1114 C:\Program Files\Hitex\GnuToolPackageArm\bin\..\arm-hitex-elf\lib\interwork/libc.a(lib_a-vfscanf.o)
                0x0000e2e0                __svfscanf
                0x0000e30c                _vfscanf_r
                0x0000e348                vfscanf
                0x0000d284                __svfscanf_r
 .text          0x0000e398       0x78 C:\Program Files\Hitex\GnuToolPackageArm\bin\..\arm-hitex-elf\lib\interwork/libc.a(lib_a-wcrtomb.o)
                0x0000e398                _wcrtomb_r
                0x0000e3e4                wcrtomb
 .text          0x0000e410      0x14c C:\Program Files\Hitex\GnuToolPackageArm\bin\..\arm-hitex-elf\lib\interwork/libc.a(lib_a-wcsrtombs.o)
                0x0000e410                _wcsrtombs_r
                0x0000e51c                wcsrtombs
 .text          0x0000e55c      0x424 C:\Program Files\Hitex\GnuToolPackageArm\bin\..\arm-hitex-elf\lib\interwork/libc.a(lib_a-wctomb_r.o)
                0x0000e55c                _wctomb_r
 .text          0x0000e980       0xf8 C:\Program Files\Hitex\GnuToolPackageArm\bin\..\arm-hitex-elf\lib\interwork/libc.a(lib_a-wsetup.o)
                0x0000e980                __swsetup
 .text          0x0000ea78        0x0 C:\Program Files\Hitex\GnuToolPackageArm\bin\..\arm-hitex-elf\lib\interwork/libc.a(lib_a-ctype_.o)
 .text          0x0000ea78     0x14fc C:\Program Files\Hitex\GnuToolPackageArm\bin\..\arm-hitex-elf\lib\interwork/libc.a(lib_a-dtoa.o)
                0x0000ec54                _dtoa_r
 .text          0x0000ff74      0x19c C:\Program Files\Hitex\GnuToolPackageArm\bin\..\arm-hitex-elf\lib\interwork/libc.a(lib_a-fflush.o)
                0x0000ff74                fflush
 .text          0x00010110      0x284 C:\Program Files\Hitex\GnuToolPackageArm\bin\..\arm-hitex-elf\lib\interwork/libc.a(lib_a-findfp.o)
                0x0001016c                __sinit
                0x00010234                __sfmoreglue
                0x00010224                _cleanup
                0x0001020c                _cleanup_r
                0x000102a8                __fp_lock_all
                0x000101ec                __sfp_lock_acquire
                0x000102cc                __sfp
                0x000101f8                __sinit_lock_release
                0x00010284                __fp_unlock_all
                0x000101f0                __sfp_lock_release
                0x000101f4                __sinit_lock_acquire
 .text          0x00010394      0x120 C:\Program Files\Hitex\GnuToolPackageArm\bin\..\arm-hitex-elf\lib\interwork/libc.a(lib_a-fread.o)
                0x00010474                fread
                0x00010394                _fread_r
 .text          0x000104b4      0x35c C:\Program Files\Hitex\GnuToolPackageArm\bin\..\arm-hitex-elf\lib\interwork/libc.a(lib_a-freer.o)
                0x000105b0                _free_r
                0x000104b4                _malloc_trim_r
 .text          0x00010810      0x3fc C:\Program Files\Hitex\GnuToolPackageArm\bin\..\arm-hitex-elf\lib\interwork/libc.a(lib_a-fvwrite.o)
                0x00010810                __sfvwrite_r
 .text          0x00010c0c       0xf4 C:\Program Files\Hitex\GnuToolPackageArm\bin\..\arm-hitex-elf\lib\interwork/libc.a(lib_a-fwalk.o)
                0x00010c88                _fwalk
                0x00010c0c                _fwalk_reent
 .text          0x00010d00       0x24 C:\Program Files\Hitex\GnuToolPackageArm\bin\..\arm-hitex-elf\lib\interwork/libc.a(lib_a-iswspace.o)
                0x00010d00                iswspace
 .text          0x00010d24       0xa8 C:\Program Files\Hitex\GnuToolPackageArm\bin\..\arm-hitex-elf\lib\interwork/libc.a(lib_a-locale.o)
                0x00010d40                _setlocale_r
                0x00010d24                __locale_charset
                0x00010d34                _localeconv_r
                0x00010da4                setlocale
                0x00010dc0                localeconv
 .text          0x00010dcc      0x154 C:\Program Files\Hitex\GnuToolPackageArm\bin\..\arm-hitex-elf\lib\interwork/libc.a(lib_a-makebuf.o)
                0x00010dcc                __smakebuf
 .text          0x00010f20       0x98 C:\Program Files\Hitex\GnuToolPackageArm\bin\..\arm-hitex-elf\lib\interwork/libc.a(lib_a-mbrtowc.o)
                0x00010f78                mbrtowc
                0x00010f20                _mbrtowc_r
 .text          0x00010fb8       0x50 C:\Program Files\Hitex\GnuToolPackageArm\bin\..\arm-hitex-elf\lib\interwork/libc.a(lib_a-mbtowc_r.o)
                0x00010fb8                _mbtowc_r
 .text          0x00011008       0x28 C:\Program Files\Hitex\GnuToolPackageArm\bin\..\arm-hitex-elf\lib\interwork/libc.a(lib_a-memchr.o)
                0x00011008                memchr
 .text          0x00011030      0xc00 C:\Program Files\Hitex\GnuToolPackageArm\bin\..\arm-hitex-elf\lib\interwork/libc.a(lib_a-mprec.o)
                0x00011324                _mprec_log10
                0x000113d8                __any_on
                0x00011440                _Balloc
                0x000112a8                __ratio
                0x00011984                __i2b
                0x000111f4                __b2d
                0x00011b4c                __s2b
                0x00011134                __mcmp
                0x0001104c                __hi0bits
                0x00011a70                __pow5mult
                0x0001170c                __lshift
                0x000117ec                __multiply
                0x000114d4                __d2b
                0x00011390                __copybits
                0x00011194                __ulp
                0x000115e8                __mdiff
                0x000110a4                __lo0bits
                0x000119a8                __multadd
                0x00011030                _Bfree
 .text          0x00011c30       0xb4 C:\Program Files\Hitex\GnuToolPackageArm\bin\..\arm-hitex-elf\lib\interwork/libc.a(lib_a-putc.o)
                0x00011c30                _putc_r
                0x00011cc8                putc
 .text          0x00011ce4      0x4d4 C:\Program Files\Hitex\GnuToolPackageArm\bin\..\arm-hitex-elf\lib\interwork/libc.a(lib_a-reallocr.o)
                0x00011ce4                _realloc_r
 .text          0x000121b8      0x1b8 C:\Program Files\Hitex\GnuToolPackageArm\bin\..\arm-hitex-elf\lib\interwork/libc.a(lib_a-refill.o)
                0x000121e4                __srefill_r
 .text          0x00012370       0x2c C:\Program Files\Hitex\GnuToolPackageArm\bin\..\arm-hitex-elf\lib\interwork/libc.a(lib_a-s_isinfd.o)
                0x00012370                __isinfd
 .text          0x0001239c       0x20 C:\Program Files\Hitex\GnuToolPackageArm\bin\..\arm-hitex-elf\lib\interwork/libc.a(lib_a-s_isnand.o)
                0x0001239c                __isnand
 .text          0x000123bc       0xcc C:\Program Files\Hitex\GnuToolPackageArm\bin\..\arm-hitex-elf\lib\interwork/libc.a(lib_a-sccl.o)
                0x000123bc                __sccl
 .text          0x00012488        0xc C:\Program Files\Hitex\GnuToolPackageArm\bin\..\arm-hitex-elf\lib\interwork/libc.a(lib_a-sf_nan.o)
                0x00012488                nanf
 .text          0x00012494       0xdc C:\Program Files\Hitex\GnuToolPackageArm\bin\..\arm-hitex-elf\lib\interwork/libc.a(lib_a-sprintf.o)
                0x00012508                _sprintf_r
                0x00012494                sprintf
 .text          0x00012570      0x110 C:\Program Files\Hitex\GnuToolPackageArm\bin\..\arm-hitex-elf\lib\interwork/libc.a(lib_a-stdio.o)
                0x00012590                __sseek
                0x00012638                __sread
                0x00012570                __sclose
                0x000125d8                __swrite
 .text          0x00012680       0x30 C:\Program Files\Hitex\GnuToolPackageArm\bin\..\arm-hitex-elf\lib\interwork/libc.a(lib_a-strcmp.o)
                0x00012680                strcmp
 .text          0x000126b0     0x12d0 C:\Program Files\Hitex\GnuToolPackageArm\bin\..\arm-hitex-elf\lib\interwork/libc.a(lib_a-strtod.o)
                0x000126fc                _strtod_r
                0x00013964                strtod
                0x00013910                strtof
 .text          0x00013980      0x1c4 C:\Program Files\Hitex\GnuToolPackageArm\bin\..\arm-hitex-elf\lib\interwork/libc.a(lib_a-strtol.o)
                0x00013b18                strtol
                0x00013980                _strtol_r
 .text          0x00013b44      0x1a4 C:\Program Files\Hitex\GnuToolPackageArm\bin\..\arm-hitex-elf\lib\interwork/libc.a(lib_a-strtoul.o)
                0x00013cbc                strtoul
                0x00013b44                _strtoul_r
 .text          0x00013ce8      0x5e4 C:\Program Files\Hitex\GnuToolPackageArm\bin\..\arm-hitex-elf\lib\interwork/libc.a(lib_a-syscalls.o)
                0x00013dac                _getpid
                0x00013d18                initialise_monitor_handles
                0x00013e20                isatty
                0x00013f9c                _fstat
                0x00013f7c                _open
                0x00013e70                _sbrk
                0x00013dc4                _raise
                0x00013df4                _times
                0x00014074                _stat
                0x0001421c                _lseek
                0x00013db4                _link
                0x000140d8                _swiwrite
                0x00013e30                _rename
                0x00014178                _swilseek
                0x00014040                _swiclose
                0x00013ee0                _swiopen
                0x00013dbc                _unlink
                0x00014104                _write
                0x00013da4                _kill
                0x00013dc8                _gettimeofday
                0x00014258                _read
                0x000142c4                _exit
                0x00013e4c                _system
                0x0001422c                _swiread
                0x000140c8                _close
 .text          0x000142cc      0x228 C:\Program Files\Hitex\GnuToolPackageArm\bin\..\arm-hitex-elf\lib\interwork/libc.a(lib_a-ungetc.o)
                0x000144d8                ungetc
                0x000142cc                __submore
                0x00014380                _ungetc_r
 .text          0x000144f4      0x114 C:\Program Files\Hitex\GnuToolPackageArm\bin\..\arm-hitex-elf\lib\interwork/libc.a(lib_a-wbuf.o)
                0x000144f4                __swbuf_r
                0x000145ec                __swbuf
 .text          0x00014608       0x9c C:\Program Files\Hitex\GnuToolPackageArm\bin\..\arm-hitex-elf\lib\interwork/libc.a(lib_a-callocr.o)
                0x00014608                _calloc_r
 .text          0x000146a4       0x3c C:\Program Files\Hitex\GnuToolPackageArm\bin\..\arm-hitex-elf\lib\interwork/libc.a(lib_a-closer.o)
                0x000146a4                _close_r
 .text          0x000146e0       0x10 C:\Program Files\Hitex\GnuToolPackageArm\bin\..\arm-hitex-elf\lib\interwork/libc.a(lib_a-errno.o)
                0x000146e0                __errno
 .text          0x000146f0       0xf4 C:\Program Files\Hitex\GnuToolPackageArm\bin\..\arm-hitex-elf\lib\interwork/libc.a(lib_a-fclose.o)
                0x000146f0                _fclose_r
                0x000147d0                fclose
 .text          0x000147e4       0x40 C:\Program Files\Hitex\GnuToolPackageArm\bin\..\arm-hitex-elf\lib\interwork/libc.a(lib_a-fstatr.o)
                0x000147e4                _fstat_r
 .text          0x00014824      0x764 C:\Program Files\Hitex\GnuToolPackageArm\bin\..\arm-hitex-elf\lib\interwork/libc.a(lib_a-gdtoa-gethex.o)
                0x00014858                __hexdig_init
                0x00014944                __gethex
 .text          0x00014f88      0x240 C:\Program Files\Hitex\GnuToolPackageArm\bin\..\arm-hitex-elf\lib\interwork/libc.a(lib_a-gdtoa-hexnan.o)
                0x00014fc0                __hexnan
 .text          0x000151c8       0x44 C:\Program Files\Hitex\GnuToolPackageArm\bin\..\arm-hitex-elf\lib\interwork/libc.a(lib_a-lseekr.o)
                0x000151c8                _lseek_r
 .text          0x0001520c      0x18c C:\Program Files\Hitex\GnuToolPackageArm\bin\..\arm-hitex-elf\lib\interwork/libc.a(lib_a-reent.o)
                0x0001527c                cleanup_glue
                0x000152a8                _reclaim_reent
                0x0001520c                _wrapup_reent
 .text          0x00015398      0x114 C:\Program Files\Hitex\GnuToolPackageArm\bin\..\lib\gcc\arm-hitex-elf\4.1.1\interwork/libgcc.a(_udivsi3.o)
                0x00015398                __udivsi3
                0x00015398                __aeabi_uidiv
                0x00015494                __aeabi_uidivmod
 .text          0x000154ac      0x144 C:\Program Files\Hitex\GnuToolPackageArm\bin\..\lib\gcc\arm-hitex-elf\4.1.1\interwork/libgcc.a(_divsi3.o)
                0x000154ac                __aeabi_idiv
                0x000154ac                __divsi3
                0x000155d8                __aeabi_idivmod
 .text          0x000155f0       0xd0 C:\Program Files\Hitex\GnuToolPackageArm\bin\..\lib\gcc\arm-hitex-elf\4.1.1\interwork/libgcc.a(_umodsi3.o)
                0x000155f0                __umodsi3
 .text          0x000156c0       0xe8 C:\Program Files\Hitex\GnuToolPackageArm\bin\..\lib\gcc\arm-hitex-elf\4.1.1\interwork/libgcc.a(_modsi3.o)
                0x000156c0                __modsi3
 .text          0x000157a8        0x4 C:\Program Files\Hitex\GnuToolPackageArm\bin\..\lib\gcc\arm-hitex-elf\4.1.1\interwork/libgcc.a(_dvmd_tls.o)
                0x000157a8                __aeabi_ldiv0
                0x000157a8                __div0
                0x000157a8                __aeabi_idiv0
 .text          0x000157ac      0x430 C:\Program Files\Hitex\GnuToolPackageArm\bin\..\lib\gcc\arm-hitex-elf\4.1.1\interwork/libgcc.a(_addsubdf3.o)
                0x00015b70                __floatdidf
                0x00015af0                __floatsidf
                0x00015ac8                __aeabi_ui2d
                0x000157ac                __aeabi_drsub
                0x00015b1c                __extendsfdf2
                0x000157b8                __adddf3
                0x00015ac8                __floatunsidf
                0x000157b8                __aeabi_dadd
                0x00015b5c                __aeabi_ul2d
                0x000157b4                __aeabi_dsub
                0x00015b5c                __floatundidf
                0x00015af0                __aeabi_i2d
                0x00015b70                __aeabi_l2d
                0x00015b1c                __aeabi_f2d
                0x000157b4                __subdf3
 .text          0x00015bdc      0x49c C:\Program Files\Hitex\GnuToolPackageArm\bin\..\lib\gcc\arm-hitex-elf\4.1.1\interwork/libgcc.a(_muldivdf3.o)
                0x00015e6c                __aeabi_ddiv
                0x00015bdc                __aeabi_dmul
                0x00015e6c                __divdf3
                0x00015bdc                __muldf3
 .text          0x00016078      0x140 C:\Program Files\Hitex\GnuToolPackageArm\bin\..\lib\gcc\arm-hitex-elf\4.1.1\interwork/libgcc.a(_cmpdf2.o)
                0x00016170                __aeabi_dcmple
                0x00016088                __cmpdf2
                0x00016088                __eqdf2
                0x00016078                __gtdf2
                0x00016128                __aeabi_cdcmple
                0x0001610c                __aeabi_cdrcmple
                0x00016080                __ltdf2
                0x00016158                __aeabi_dcmplt
                0x00016080                __ledf2
                0x000161a0                __aeabi_dcmpgt
                0x00016188                __aeabi_dcmpge
                0x00016088                __nedf2
                0x00016140                __aeabi_dcmpeq
                0x00016128                __aeabi_cdcmpeq
                0x00016078                __gedf2
 .text          0x000161b8       0x5c C:\Program Files\Hitex\GnuToolPackageArm\bin\..\lib\gcc\arm-hitex-elf\4.1.1\interwork/libgcc.a(_fixdfsi.o)
                0x000161b8                __fixdfsi
                0x000161b8                __aeabi_d2iz
 .text          0x00016214       0x54 C:\Program Files\Hitex\GnuToolPackageArm\bin\..\lib\gcc\arm-hitex-elf\4.1.1\interwork/libgcc.a(_fixunsdfsi.o)
                0x00016214                __fixunsdfsi
                0x00016214                __aeabi_d2uiz
 .text          0x00016268       0xa0 C:\Program Files\Hitex\GnuToolPackageArm\bin\..\lib\gcc\arm-hitex-elf\4.1.1\interwork/libgcc.a(_truncdfsf2.o)
                0x00016268                __aeabi_d2f
                0x00016268                __truncdfsf2
                0x00016308                . = ALIGN (0x4)
                0x00016308                __code_end__ = .
 *(.gnu.linkonce.t.*)
 *(.glue_7)
 .glue_7        0x00016308        0x0 .\objects\audioOut.o
 .glue_7        0x00016308        0x0 .\objects\isrRoutine.o
 .glue_7        0x00016308        0x0 .\objects\main.o
 .glue_7        0x00016308        0x0 .\objects\mp3.o
 .glue_7        0x00016308        0x0 .\objects\spi.o
 .glue_7        0x00016308        0x0 .\objects\startup.o
 .glue_7        0x00016308        0x0 .\objects\ConfigStick.o
 .glue_7        0x00016308        0x0 .\objects\armVIC.o
 .glue_7        0x00016308        0x0 .\objects\delay.o
 .glue_7        0x00016308        0x0 .\objects\fio.o
 .glue_7        0x00016308        0x0 .\objects\interrupt.o
 .glue_7        0x00016308        0x0 .\objects\portlcd.o
 .glue_7        0x00016308        0x0 .\objects\syscalls_lpc.o
 .glue_7        0x00016308        0x0 .\objects\target_info.o
 .glue_7        0x00016308        0x0 .\objects\uart.o
 .glue_7        0x00016308        0x0 .\objects\uartISR.o
 .glue_7        0x00016308        0x0 lib/libhelix.a(mp3dec.o)
 .glue_7        0x00016308        0x0 lib/libhelix.a(mp3tabs.o)
 .glue_7        0x00016308        0x0 lib/libhelix.a(scalfact.o)
 .glue_7        0x00016308        0x0 lib/libhelix.a(subband.o)
 .glue_7        0x00016308        0x0 lib/libhelix.a(trigtabs_fixpt.o)
 .glue_7        0x00016308        0x0 lib/libhelix.a(asmpoly_gcc.o)
 .glue_7        0x00016308        0x0 lib/libhelix.a(bitstream.o)
 .glue_7        0x00016308        0x0 lib/libhelix.a(buffers.o)
 .glue_7        0x00016308        0x0 lib/libhelix.a(dct32.o)
 .glue_7        0x00016308        0x0 lib/libhelix.a(dequant.o)
 .glue_7        0x00016308        0x0 lib/libhelix.a(dqchan.o)
 .glue_7        0x00016308        0x0 lib/libhelix.a(huffman.o)
 .glue_7        0x00016308        0x0 lib/libhelix.a(hufftabs.o)
 .glue_7        0x00016308        0x0 lib/libhelix.a(imdct.o)
 .glue_7        0x00016308        0x0 lib/libhelix.a(stproc.o)
 .glue_7        0x00016308        0x0 C:\Program Files\Hitex\GnuToolPackageArm\bin\..\arm-hitex-elf\lib\interwork/libc.a(lib_a-impure.o)
 .glue_7        0x00016308        0x0 C:\Program Files\Hitex\GnuToolPackageArm\bin\..\arm-hitex-elf\lib\interwork/libc.a(lib_a-malloc.o)
 .glue_7        0x00016308        0x0 C:\Program Files\Hitex\GnuToolPackageArm\bin\..\arm-hitex-elf\lib\interwork/libc.a(lib_a-mallocr.o)
 .glue_7        0x00016308        0x0 C:\Program Files\Hitex\GnuToolPackageArm\bin\..\arm-hitex-elf\lib\interwork/libc.a(lib_a-memcmp.o)
 .glue_7        0x00016308        0x0 C:\Program Files\Hitex\GnuToolPackageArm\bin\..\arm-hitex-elf\lib\interwork/libc.a(lib_a-memcpy.o)
 .glue_7        0x00016308        0x0 C:\Program Files\Hitex\GnuToolPackageArm\bin\..\arm-hitex-elf\lib\interwork/libc.a(lib_a-memmove.o)
 .glue_7        0x00016308        0x0 C:\Program Files\Hitex\GnuToolPackageArm\bin\..\arm-hitex-elf\lib\interwork/libc.a(lib_a-memset.o)
 .glue_7        0x00016308        0x0 C:\Program Files\Hitex\GnuToolPackageArm\bin\..\arm-hitex-elf\lib\interwork/libc.a(lib_a-mlock.o)
 .glue_7        0x00016308        0x0 C:\Program Files\Hitex\GnuToolPackageArm\bin\..\arm-hitex-elf\lib\interwork/libc.a(lib_a-printf.o)
 .glue_7        0x00016308        0x0 C:\Program Files\Hitex\GnuToolPackageArm\bin\..\arm-hitex-elf\lib\interwork/libc.a(lib_a-putchar.o)
 .glue_7        0x00016308        0x0 C:\Program Files\Hitex\GnuToolPackageArm\bin\..\arm-hitex-elf\lib\interwork/libc.a(lib_a-puts.o)
 .glue_7        0x00016308        0x0 C:\Program Files\Hitex\GnuToolPackageArm\bin\..\arm-hitex-elf\lib\interwork/libc.a(lib_a-rget.o)
 .glue_7        0x00016308        0x0 C:\Program Files\Hitex\GnuToolPackageArm\bin\..\arm-hitex-elf\lib\interwork/libc.a(lib_a-scanf.o)
 .glue_7        0x00016308        0x0 C:\Program Files\Hitex\GnuToolPackageArm\bin\..\arm-hitex-elf\lib\interwork/libc.a(lib_a-strlen.o)
 .glue_7        0x00016308        0x0 C:\Program Files\Hitex\GnuToolPackageArm\bin\..\arm-hitex-elf\lib\interwork/libc.a(lib_a-vfprintf.o)
 .glue_7        0x00016308        0x0 C:\Program Files\Hitex\GnuToolPackageArm\bin\..\arm-hitex-elf\lib\interwork/libc.a(lib_a-vfscanf.o)
 .glue_7        0x00016308        0x0 C:\Program Files\Hitex\GnuToolPackageArm\bin\..\arm-hitex-elf\lib\interwork/libc.a(lib_a-wcrtomb.o)
 .glue_7        0x00016308        0x0 C:\Program Files\Hitex\GnuToolPackageArm\bin\..\arm-hitex-elf\lib\interwork/libc.a(lib_a-wcsrtombs.o)
 .glue_7        0x00016308        0x0 C:\Program Files\Hitex\GnuToolPackageArm\bin\..\arm-hitex-elf\lib\interwork/libc.a(lib_a-wctomb_r.o)
 .glue_7        0x00016308        0x0 C:\Program Files\Hitex\GnuToolPackageArm\bin\..\arm-hitex-elf\lib\interwork/libc.a(lib_a-wsetup.o)
 .glue_7        0x00016308        0x0 C:\Program Files\Hitex\GnuToolPackageArm\bin\..\arm-hitex-elf\lib\interwork/libc.a(lib_a-ctype_.o)
 .glue_7        0x00016308        0x0 C:\Program Files\Hitex\GnuToolPackageArm\bin\..\arm-hitex-elf\lib\interwork/libc.a(lib_a-dtoa.o)
 .glue_7        0x00016308        0x0 C:\Program Files\Hitex\GnuToolPackageArm\bin\..\arm-hitex-elf\lib\interwork/libc.a(lib_a-fflush.o)
 .glue_7        0x00016308        0x0 C:\Program Files\Hitex\GnuToolPackageArm\bin\..\arm-hitex-elf\lib\interwork/libc.a(lib_a-findfp.o)
 .glue_7        0x00016308        0x0 C:\Program Files\Hitex\GnuToolPackageArm\bin\..\arm-hitex-elf\lib\interwork/libc.a(lib_a-fread.o)
 .glue_7        0x00016308        0x0 C:\Program Files\Hitex\GnuToolPackageArm\bin\..\arm-hitex-elf\lib\interwork/libc.a(lib_a-freer.o)
 .glue_7        0x00016308        0x0 C:\Program Files\Hitex\GnuToolPackageArm\bin\..\arm-hitex-elf\lib\interwork/libc.a(lib_a-fvwrite.o)
 .glue_7        0x00016308        0x0 C:\Program Files\Hitex\GnuToolPackageArm\bin\..\arm-hitex-elf\lib\interwork/libc.a(lib_a-fwalk.o)
 .glue_7        0x00016308        0x0 C:\Program Files\Hitex\GnuToolPackageArm\bin\..\arm-hitex-elf\lib\interwork/libc.a(lib_a-iswspace.o)
 .glue_7        0x00016308        0x0 C:\Program Files\Hitex\GnuToolPackageArm\bin\..\arm-hitex-elf\lib\interwork/libc.a(lib_a-locale.o)
 .glue_7        0x00016308        0x0 C:\Program Files\Hitex\GnuToolPackageArm\bin\..\arm-hitex-elf\lib\interwork/libc.a(lib_a-makebuf.o)
 .glue_7        0x00016308        0x0 C:\Program Files\Hitex\GnuToolPackageArm\bin\..\arm-hitex-elf\lib\interwork/libc.a(lib_a-mbrtowc.o)
 .glue_7        0x00016308        0x0 C:\Program Files\Hitex\GnuToolPackageArm\bin\..\arm-hitex-elf\lib\interwork/libc.a(lib_a-mbtowc_r.o)
 .glue_7        0x00016308        0x0 C:\Program Files\Hitex\GnuToolPackageArm\bin\..\arm-hitex-elf\lib\interwork/libc.a(lib_a-memchr.o)
 .glue_7        0x00016308        0x0 C:\Program Files\Hitex\GnuToolPackageArm\bin\..\arm-hitex-elf\lib\interwork/libc.a(lib_a-mprec.o)
 .glue_7        0x00016308        0x0 C:\Program Files\Hitex\GnuToolPackageArm\bin\..\arm-hitex-elf\lib\interwork/libc.a(lib_a-putc.o)
 .glue_7        0x00016308        0x0 C:\Program Files\Hitex\GnuToolPackageArm\bin\..\arm-hitex-elf\lib\interwork/libc.a(lib_a-reallocr.o)
 .glue_7        0x00016308        0x0 C:\Program Files\Hitex\GnuToolPackageArm\bin\..\arm-hitex-elf\lib\interwork/libc.a(lib_a-refill.o)
 .glue_7        0x00016308        0x0 C:\Program Files\Hitex\GnuToolPackageArm\bin\..\arm-hitex-elf\lib\interwork/libc.a(lib_a-s_isinfd.o)
 .glue_7        0x00016308        0x0 C:\Program Files\Hitex\GnuToolPackageArm\bin\..\arm-hitex-elf\lib\interwork/libc.a(lib_a-s_isnand.o)
 .glue_7        0x00016308        0x0 C:\Program Files\Hitex\GnuToolPackageArm\bin\..\arm-hitex-elf\lib\interwork/libc.a(lib_a-sccl.o)
 .glue_7        0x00016308        0x0 C:\Program Files\Hitex\GnuToolPackageArm\bin\..\arm-hitex-elf\lib\interwork/libc.a(lib_a-sf_nan.o)
 .glue_7        0x00016308        0x0 C:\Program Files\Hitex\GnuToolPackageArm\bin\..\arm-hitex-elf\lib\interwork/libc.a(lib_a-sprintf.o)
 .glue_7        0x00016308        0x0 C:\Program Files\Hitex\GnuToolPackageArm\bin\..\arm-hitex-elf\lib\interwork/libc.a(lib_a-stdio.o)
 .glue_7        0x00016308        0x0 C:\Program Files\Hitex\GnuToolPackageArm\bin\..\arm-hitex-elf\lib\interwork/libc.a(lib_a-strcmp.o)
 .glue_7        0x00016308        0x0 C:\Program Files\Hitex\GnuToolPackageArm\bin\..\arm-hitex-elf\lib\interwork/libc.a(lib_a-strtod.o)
 .glue_7        0x00016308        0x0 C:\Program Files\Hitex\GnuToolPackageArm\bin\..\arm-hitex-elf\lib\interwork/libc.a(lib_a-strtol.o)
 .glue_7        0x00016308        0x0 C:\Program Files\Hitex\GnuToolPackageArm\bin\..\arm-hitex-elf\lib\interwork/libc.a(lib_a-strtoul.o)
 .glue_7        0x00016308        0x0 C:\Program Files\Hitex\GnuToolPackageArm\bin\..\arm-hitex-elf\lib\interwork/libc.a(lib_a-syscalls.o)
 .glue_7        0x00016308        0x0 C:\Program Files\Hitex\GnuToolPackageArm\bin\..\arm-hitex-elf\lib\interwork/libc.a(lib_a-ungetc.o)
 .glue_7        0x00016308        0x0 C:\Program Files\Hitex\GnuToolPackageArm\bin\..\arm-hitex-elf\lib\interwork/libc.a(lib_a-wbuf.o)
 .glue_7        0x00016308        0x0 C:\Program Files\Hitex\GnuToolPackageArm\bin\..\arm-hitex-elf\lib\interwork/libc.a(lib_a-callocr.o)
 .glue_7        0x00016308        0x0 C:\Program Files\Hitex\GnuToolPackageArm\bin\..\arm-hitex-elf\lib\interwork/libc.a(lib_a-closer.o)
 .glue_7        0x00016308        0x0 C:\Program Files\Hitex\GnuToolPackageArm\bin\..\arm-hitex-elf\lib\interwork/libc.a(lib_a-errno.o)
 .glue_7        0x00016308        0x0 C:\Program Files\Hitex\GnuToolPackageArm\bin\..\arm-hitex-elf\lib\interwork/libc.a(lib_a-fclose.o)
 .glue_7        0x00016308        0x0 C:\Program Files\Hitex\GnuToolPackageArm\bin\..\arm-hitex-elf\lib\interwork/libc.a(lib_a-fstatr.o)
 .glue_7        0x00016308        0x0 C:\Program Files\Hitex\GnuToolPackageArm\bin\..\arm-hitex-elf\lib\interwork/libc.a(lib_a-gdtoa-gethex.o)
 .glue_7        0x00016308        0x0 C:\Program Files\Hitex\GnuToolPackageArm\bin\..\arm-hitex-elf\lib\interwork/libc.a(lib_a-gdtoa-hexnan.o)
 .glue_7        0x00016308        0x0 C:\Program Files\Hitex\GnuToolPackageArm\bin\..\arm-hitex-elf\lib\interwork/libc.a(lib_a-lseekr.o)
 .glue_7        0x00016308        0x0 C:\Program Files\Hitex\GnuToolPackageArm\bin\..\arm-hitex-elf\lib\interwork/libc.a(lib_a-reent.o)
 .glue_7        0x00016308        0x0 C:\Program Files\Hitex\GnuToolPackageArm\bin\..\lib\gcc\arm-hitex-elf\4.1.1\interwork/libgcc.a(_udivsi3.o)
 .glue_7        0x00016308        0x0 C:\Program Files\Hitex\GnuToolPackageArm\bin\..\lib\gcc\arm-hitex-elf\4.1.1\interwork/libgcc.a(_divsi3.o)
 .glue_7        0x00016308        0x0 C:\Program Files\Hitex\GnuToolPackageArm\bin\..\lib\gcc\arm-hitex-elf\4.1.1\interwork/libgcc.a(_umodsi3.o)
 .glue_7        0x00016308        0x0 C:\Program Files\Hitex\GnuToolPackageArm\bin\..\lib\gcc\arm-hitex-elf\4.1.1\interwork/libgcc.a(_modsi3.o)
 .glue_7        0x00016308        0x0 C:\Program Files\Hitex\GnuToolPackageArm\bin\..\lib\gcc\arm-hitex-elf\4.1.1\interwork/libgcc.a(_dvmd_tls.o)
 .glue_7        0x00016308        0x0 C:\Program Files\Hitex\GnuToolPackageArm\bin\..\lib\gcc\arm-hitex-elf\4.1.1\interwork/libgcc.a(_addsubdf3.o)
 .glue_7        0x00016308        0x0 C:\Program Files\Hitex\GnuToolPackageArm\bin\..\lib\gcc\arm-hitex-elf\4.1.1\interwork/libgcc.a(_muldivdf3.o)
 .glue_7        0x00016308        0x0 C:\Program Files\Hitex\GnuToolPackageArm\bin\..\lib\gcc\arm-hitex-elf\4.1.1\interwork/libgcc.a(_cmpdf2.o)
 .glue_7        0x00016308        0x0 C:\Program Files\Hitex\GnuToolPackageArm\bin\..\lib\gcc\arm-hitex-elf\4.1.1\interwork/libgcc.a(_fixdfsi.o)
 .glue_7        0x00016308        0x0 C:\Program Files\Hitex\GnuToolPackageArm\bin\..\lib\gcc\arm-hitex-elf\4.1.1\interwork/libgcc.a(_fixunsdfsi.o)
 .glue_7        0x00016308        0x0 C:\Program Files\Hitex\GnuToolPackageArm\bin\..\lib\gcc\arm-hitex-elf\4.1.1\interwork/libgcc.a(_truncdfsf2.o)
 *(.glue_7t)
 .glue_7t       0x00016308        0x0 .\objects\audioOut.o
 .glue_7t       0x00016308        0x0 .\objects\isrRoutine.o
 .glue_7t       0x00016308        0x0 .\objects\main.o
 .glue_7t       0x00016308        0x0 .\objects\mp3.o
 .glue_7t       0x00016308        0x0 .\objects\spi.o
 .glue_7t       0x00016308        0x0 .\objects\startup.o
 .glue_7t       0x00016308        0x0 .\objects\ConfigStick.o
 .glue_7t       0x00016308        0x0 .\objects\armVIC.o
 .glue_7t       0x00016308        0x0 .\objects\delay.o
 .glue_7t       0x00016308        0x0 .\objects\fio.o
 .glue_7t       0x00016308        0x0 .\objects\interrupt.o
 .glue_7t       0x00016308        0x0 .\objects\portlcd.o
 .glue_7t       0x00016308        0x0 .\objects\syscalls_lpc.o
 .glue_7t       0x00016308        0x0 .\objects\target_info.o
 .glue_7t       0x00016308        0x0 .\objects\uart.o
 .glue_7t       0x00016308        0x0 .\objects\uartISR.o
 .glue_7t       0x00016308        0x0 lib/libhelix.a(mp3dec.o)
 .glue_7t       0x00016308        0x0 lib/libhelix.a(mp3tabs.o)
 .glue_7t       0x00016308        0x0 lib/libhelix.a(scalfact.o)
 .glue_7t       0x00016308        0x0 lib/libhelix.a(subband.o)
 .glue_7t       0x00016308        0x0 lib/libhelix.a(trigtabs_fixpt.o)
 .glue_7t       0x00016308        0x0 lib/libhelix.a(asmpoly_gcc.o)
 .glue_7t       0x00016308        0x0 lib/libhelix.a(bitstream.o)
 .glue_7t       0x00016308        0x0 lib/libhelix.a(buffers.o)
 .glue_7t       0x00016308        0x0 lib/libhelix.a(dct32.o)
 .glue_7t       0x00016308        0x0 lib/libhelix.a(dequant.o)
 .glue_7t       0x00016308        0x0 lib/libhelix.a(dqchan.o)
 .glue_7t       0x00016308        0x0 lib/libhelix.a(huffman.o)
 .glue_7t       0x00016308        0x0 lib/libhelix.a(hufftabs.o)
 .glue_7t       0x00016308        0x0 lib/libhelix.a(imdct.o)
 .glue_7t       0x00016308        0x0 lib/libhelix.a(stproc.o)
 .glue_7t       0x00016308        0x0 C:\Program Files\Hitex\GnuToolPackageArm\bin\..\arm-hitex-elf\lib\interwork/libc.a(lib_a-impure.o)
 .glue_7t       0x00016308        0x0 C:\Program Files\Hitex\GnuToolPackageArm\bin\..\arm-hitex-elf\lib\interwork/libc.a(lib_a-malloc.o)
 .glue_7t       0x00016308        0x0 C:\Program Files\Hitex\GnuToolPackageArm\bin\..\arm-hitex-elf\lib\interwork/libc.a(lib_a-mallocr.o)
 .glue_7t       0x00016308        0x0 C:\Program Files\Hitex\GnuToolPackageArm\bin\..\arm-hitex-elf\lib\interwork/libc.a(lib_a-memcmp.o)
 .glue_7t       0x00016308        0x0 C:\Program Files\Hitex\GnuToolPackageArm\bin\..\arm-hitex-elf\lib\interwork/libc.a(lib_a-memcpy.o)
 .glue_7t       0x00016308        0x0 C:\Program Files\Hitex\GnuToolPackageArm\bin\..\arm-hitex-elf\lib\interwork/libc.a(lib_a-memmove.o)
 .glue_7t       0x00016308        0x0 C:\Program Files\Hitex\GnuToolPackageArm\bin\..\arm-hitex-elf\lib\interwork/libc.a(lib_a-memset.o)
 .glue_7t       0x00016308        0x0 C:\Program Files\Hitex\GnuToolPackageArm\bin\..\arm-hitex-elf\lib\interwork/libc.a(lib_a-mlock.o)
 .glue_7t       0x00016308        0x0 C:\Program Files\Hitex\GnuToolPackageArm\bin\..\arm-hitex-elf\lib\interwork/libc.a(lib_a-printf.o)
 .glue_7t       0x00016308        0x0 C:\Program Files\Hitex\GnuToolPackageArm\bin\..\arm-hitex-elf\lib\interwork/libc.a(lib_a-putchar.o)
 .glue_7t       0x00016308        0x0 C:\Program Files\Hitex\GnuToolPackageArm\bin\..\arm-hitex-elf\lib\interwork/libc.a(lib_a-puts.o)
 .glue_7t       0x00016308        0x0 C:\Program Files\Hitex\GnuToolPackageArm\bin\..\arm-hitex-elf\lib\interwork/libc.a(lib_a-rget.o)
 .glue_7t       0x00016308        0x0 C:\Program Files\Hitex\GnuToolPackageArm\bin\..\arm-hitex-elf\lib\interwork/libc.a(lib_a-scanf.o)
 .glue_7t       0x00016308        0x0 C:\Program Files\Hitex\GnuToolPackageArm\bin\..\arm-hitex-elf\lib\interwork/libc.a(lib_a-strlen.o)
 .glue_7t       0x00016308        0x0 C:\Program Files\Hitex\GnuToolPackageArm\bin\..\arm-hitex-elf\lib\interwork/libc.a(lib_a-vfprintf.o)
 .glue_7t       0x00016308        0x0 C:\Program Files\Hitex\GnuToolPackageArm\bin\..\arm-hitex-elf\lib\interwork/libc.a(lib_a-vfscanf.o)
 .glue_7t       0x00016308        0x0 C:\Program Files\Hitex\GnuToolPackageArm\bin\..\arm-hitex-elf\lib\interwork/libc.a(lib_a-wcrtomb.o)
 .glue_7t       0x00016308        0x0 C:\Program Files\Hitex\GnuToolPackageArm\bin\..\arm-hitex-elf\lib\interwork/libc.a(lib_a-wcsrtombs.o)
 .glue_7t       0x00016308        0x0 C:\Program Files\Hitex\GnuToolPackageArm\bin\..\arm-hitex-elf\lib\interwork/libc.a(lib_a-wctomb_r.o)
 .glue_7t       0x00016308        0x0 C:\Program Files\Hitex\GnuToolPackageArm\bin\..\arm-hitex-elf\lib\interwork/libc.a(lib_a-wsetup.o)
 .glue_7t       0x00016308        0x0 C:\Program Files\Hitex\GnuToolPackageArm\bin\..\arm-hitex-elf\lib\interwork/libc.a(lib_a-ctype_.o)
 .glue_7t       0x00016308        0x0 C:\Program Files\Hitex\GnuToolPackageArm\bin\..\arm-hitex-elf\lib\interwork/libc.a(lib_a-dtoa.o)
 .glue_7t       0x00016308        0x0 C:\Program Files\Hitex\GnuToolPackageArm\bin\..\arm-hitex-elf\lib\interwork/libc.a(lib_a-fflush.o)
 .glue_7t       0x00016308        0x0 C:\Program Files\Hitex\GnuToolPackageArm\bin\..\arm-hitex-elf\lib\interwork/libc.a(lib_a-findfp.o)
 .glue_7t       0x00016308        0x0 C:\Program Files\Hitex\GnuToolPackageArm\bin\..\arm-hitex-elf\lib\interwork/libc.a(lib_a-fread.o)
 .glue_7t       0x00016308        0x0 C:\Program Files\Hitex\GnuToolPackageArm\bin\..\arm-hitex-elf\lib\interwork/libc.a(lib_a-freer.o)
 .glue_7t       0x00016308        0x0 C:\Program Files\Hitex\GnuToolPackageArm\bin\..\arm-hitex-elf\lib\interwork/libc.a(lib_a-fvwrite.o)
 .glue_7t       0x00016308        0x0 C:\Program Files\Hitex\GnuToolPackageArm\bin\..\arm-hitex-elf\lib\interwork/libc.a(lib_a-fwalk.o)
 .glue_7t       0x00016308        0x0 C:\Program Files\Hitex\GnuToolPackageArm\bin\..\arm-hitex-elf\lib\interwork/libc.a(lib_a-iswspace.o)
 .glue_7t       0x00016308        0x0 C:\Program Files\Hitex\GnuToolPackageArm\bin\..\arm-hitex-elf\lib\interwork/libc.a(lib_a-locale.o)
 .glue_7t       0x00016308        0x0 C:\Program Files\Hitex\GnuToolPackageArm\bin\..\arm-hitex-elf\lib\interwork/libc.a(lib_a-makebuf.o)
 .glue_7t       0x00016308        0x0 C:\Program Files\Hitex\GnuToolPackageArm\bin\..\arm-hitex-elf\lib\interwork/libc.a(lib_a-mbrtowc.o)
 .glue_7t       0x00016308        0x0 C:\Program Files\Hitex\GnuToolPackageArm\bin\..\arm-hitex-elf\lib\interwork/libc.a(lib_a-mbtowc_r.o)
 .glue_7t       0x00016308        0x0 C:\Program Files\Hitex\GnuToolPackageArm\bin\..\arm-hitex-elf\lib\interwork/libc.a(lib_a-memchr.o)
 .glue_7t       0x00016308        0x0 C:\Program Files\Hitex\GnuToolPackageArm\bin\..\arm-hitex-elf\lib\interwork/libc.a(lib_a-mprec.o)
 .glue_7t       0x00016308        0x0 C:\Program Files\Hitex\GnuToolPackageArm\bin\..\arm-hitex-elf\lib\interwork/libc.a(lib_a-putc.o)
 .glue_7t       0x00016308        0x0 C:\Program Files\Hitex\GnuToolPackageArm\bin\..\arm-hitex-elf\lib\interwork/libc.a(lib_a-reallocr.o)
 .glue_7t       0x00016308        0x0 C:\Program Files\Hitex\GnuToolPackageArm\bin\..\arm-hitex-elf\lib\interwork/libc.a(lib_a-refill.o)
 .glue_7t       0x00016308        0x0 C:\Program Files\Hitex\GnuToolPackageArm\bin\..\arm-hitex-elf\lib\interwork/libc.a(lib_a-s_isinfd.o)
 .glue_7t       0x00016308        0x0 C:\Program Files\Hitex\GnuToolPackageArm\bin\..\arm-hitex-elf\lib\interwork/libc.a(lib_a-s_isnand.o)
 .glue_7t       0x00016308        0x0 C:\Program Files\Hitex\GnuToolPackageArm\bin\..\arm-hitex-elf\lib\interwork/libc.a(lib_a-sccl.o)
 .glue_7t       0x00016308        0x0 C:\Program Files\Hitex\GnuToolPackageArm\bin\..\arm-hitex-elf\lib\interwork/libc.a(lib_a-sf_nan.o)
 .glue_7t       0x00016308        0x0 C:\Program Files\Hitex\GnuToolPackageArm\bin\..\arm-hitex-elf\lib\interwork/libc.a(lib_a-sprintf.o)
 .glue_7t       0x00016308        0x0 C:\Program Files\Hitex\GnuToolPackageArm\bin\..\arm-hitex-elf\lib\interwork/libc.a(lib_a-stdio.o)
 .glue_7t       0x00016308        0x0 C:\Program Files\Hitex\GnuToolPackageArm\bin\..\arm-hitex-elf\lib\interwork/libc.a(lib_a-strcmp.o)
 .glue_7t       0x00016308        0x0 C:\Program Files\Hitex\GnuToolPackageArm\bin\..\arm-hitex-elf\lib\interwork/libc.a(lib_a-strtod.o)
 .glue_7t       0x00016308        0x0 C:\Program Files\Hitex\GnuToolPackageArm\bin\..\arm-hitex-elf\lib\interwork/libc.a(lib_a-strtol.o)
 .glue_7t       0x00016308        0x0 C:\Program Files\Hitex\GnuToolPackageArm\bin\..\arm-hitex-elf\lib\interwork/libc.a(lib_a-strtoul.o)
 .glue_7t       0x00016308        0x0 C:\Program Files\Hitex\GnuToolPackageArm\bin\..\arm-hitex-elf\lib\interwork/libc.a(lib_a-syscalls.o)
 .glue_7t       0x00016308        0x0 C:\Program Files\Hitex\GnuToolPackageArm\bin\..\arm-hitex-elf\lib\interwork/libc.a(lib_a-ungetc.o)
 .glue_7t       0x00016308        0x0 C:\Program Files\Hitex\GnuToolPackageArm\bin\..\arm-hitex-elf\lib\interwork/libc.a(lib_a-wbuf.o)
 .glue_7t       0x00016308        0x0 C:\Program Files\Hitex\GnuToolPackageArm\bin\..\arm-hitex-elf\lib\interwork/libc.a(lib_a-callocr.o)
 .glue_7t       0x00016308        0x0 C:\Program Files\Hitex\GnuToolPackageArm\bin\..\arm-hitex-elf\lib\interwork/libc.a(lib_a-closer.o)
 .glue_7t       0x00016308        0x0 C:\Program Files\Hitex\GnuToolPackageArm\bin\..\arm-hitex-elf\lib\interwork/libc.a(lib_a-errno.o)
 .glue_7t       0x00016308        0x0 C:\Program Files\Hitex\GnuToolPackageArm\bin\..\arm-hitex-elf\lib\interwork/libc.a(lib_a-fclose.o)
 .glue_7t       0x00016308        0x0 C:\Program Files\Hitex\GnuToolPackageArm\bin\..\arm-hitex-elf\lib\interwork/libc.a(lib_a-fstatr.o)
 .glue_7t       0x00016308        0x0 C:\Program Files\Hitex\GnuToolPackageArm\bin\..\arm-hitex-elf\lib\interwork/libc.a(lib_a-gdtoa-gethex.o)
 .glue_7t       0x00016308        0x0 C:\Program Files\Hitex\GnuToolPackageArm\bin\..\arm-hitex-elf\lib\interwork/libc.a(lib_a-gdtoa-hexnan.o)
 .glue_7t       0x00016308        0x0 C:\Program Files\Hitex\GnuToolPackageArm\bin\..\arm-hitex-elf\lib\interwork/libc.a(lib_a-lseekr.o)
 .glue_7t       0x00016308        0x0 C:\Program Files\Hitex\GnuToolPackageArm\bin\..\arm-hitex-elf\lib\interwork/libc.a(lib_a-reent.o)
 .glue_7t       0x00016308        0x0 C:\Program Files\Hitex\GnuToolPackageArm\bin\..\lib\gcc\arm-hitex-elf\4.1.1\interwork/libgcc.a(_udivsi3.o)
 .glue_7t       0x00016308        0x0 C:\Program Files\Hitex\GnuToolPackageArm\bin\..\lib\gcc\arm-hitex-elf\4.1.1\interwork/libgcc.a(_divsi3.o)
 .glue_7t       0x00016308        0x0 C:\Program Files\Hitex\GnuToolPackageArm\bin\..\lib\gcc\arm-hitex-elf\4.1.1\interwork/libgcc.a(_umodsi3.o)
 .glue_7t       0x00016308        0x0 C:\Program Files\Hitex\GnuToolPackageArm\bin\..\lib\gcc\arm-hitex-elf\4.1.1\interwork/libgcc.a(_modsi3.o)
 .glue_7t       0x00016308        0x0 C:\Program Files\Hitex\GnuToolPackageArm\bin\..\lib\gcc\arm-hitex-elf\4.1.1\interwork/libgcc.a(_dvmd_tls.o)
 .glue_7t       0x00016308        0x0 C:\Program Files\Hitex\GnuToolPackageArm\bin\..\lib\gcc\arm-hitex-elf\4.1.1\interwork/libgcc.a(_addsubdf3.o)
 .glue_7t       0x00016308        0x0 C:\Program Files\Hitex\GnuToolPackageArm\bin\..\lib\gcc\arm-hitex-elf\4.1.1\interwork/libgcc.a(_muldivdf3.o)
 .glue_7t       0x00016308        0x0 C:\Program Files\Hitex\GnuToolPackageArm\bin\..\lib\gcc\arm-hitex-elf\4.1.1\interwork/libgcc.a(_cmpdf2.o)
 .glue_7t       0x00016308        0x0 C:\Program Files\Hitex\GnuToolPackageArm\bin\..\lib\gcc\arm-hitex-elf\4.1.1\interwork/libgcc.a(_fixdfsi.o)
 .glue_7t       0x00016308        0x0 C:\Program Files\Hitex\GnuToolPackageArm\bin\..\lib\gcc\arm-hitex-elf\4.1.1\interwork/libgcc.a(_fixunsdfsi.o)
 .glue_7t       0x00016308        0x0 C:\Program Files\Hitex\GnuToolPackageArm\bin\..\lib\gcc\arm-hitex-elf\4.1.1\interwork/libgcc.a(_truncdfsf2.o)
 *(.gcc_except_table)
 *(.gnu.linkonce.r.*)
                0x00016308                . = ALIGN (0x4)

.rodata         0x00016308     0x37ec
 *(.rodata)
 .rodata        0x00016308       0x80 .\objects\main.o
 .rodata        0x00016388       0x40 .\objects\portlcd.o
 .rodata        0x000163c8      0x510 lib/libhelix.a(mp3tabs.o)
                0x000163ec                xmp3fixpt_bitrateTab
                0x0001651e                xmp3fixpt_slotTab
                0x000164fa                xmp3fixpt_samplesPerFrameTab
                0x000163c8                xmp3fixpt_samplerateTab
                0x0001650c                xmp3fixpt_bitsPerSlotTab
                0x0001662c                xmp3fixpt_sfBandTable
                0x00016512                xmp3fixpt_sideBytesTab
 .rodata        0x000168d8       0x68 lib/libhelix.a(scalfact.o)
 .rodata        0x00016940      0x86c lib/libhelix.a(trigtabs_fixpt.o)
                0x00016b80                xmp3fixpt_ISFMpeg1
                0x00016cb8                xmp3fixpt_ISFIIP
                0x00016d10                xmp3fixpt_coef32
                0x00016bb8                xmp3fixpt_ISFMpeg2
                0x00016cc8                xmp3fixpt_uniqueIDTab
                0x00016d8c                xmp3fixpt_polyCoef
                0x00016cd0                xmp3fixpt_csa
                0x00016940                xmp3fixpt_imdctWin
 .rodata        0x000171ac       0xc0 lib/libhelix.a(dct32.o)
 .rodata        0x0001726c      0x250 lib/libhelix.a(dqchan.o)
 .rodata        0x000174bc     0x2304 lib/libhelix.a(hufftabs.o)
                0x000197b8                xmp3fixpt_quadTabMaxBits
                0x00019660                xmp3fixpt_huffTabLookup
                0x000197b0                xmp3fixpt_quadTabOffset
                0x000195e0                xmp3fixpt_huffTabOffset
                0x000174bc                xmp3fixpt_huffTable
                0x00019760                xmp3fixpt_quadTable
 .rodata        0x000197c0       0x6c lib/libhelix.a(imdct.o)
 .rodata        0x0001982c        0x4 C:\Program Files\Hitex\GnuToolPackageArm\bin\..\arm-hitex-elf\lib\interwork/libc.a(lib_a-impure.o)
                0x0001982c                _global_impure_ptr
 .rodata        0x00019830       0x20 C:\Program Files\Hitex\GnuToolPackageArm\bin\..\arm-hitex-elf\lib\interwork/libc.a(lib_a-vfprintf.o)
 .rodata        0x00019850       0x22 C:\Program Files\Hitex\GnuToolPackageArm\bin\..\arm-hitex-elf\lib\interwork/libc.a(lib_a-vfscanf.o)
 .rodata        0x00019872      0x101 C:\Program Files\Hitex\GnuToolPackageArm\bin\..\arm-hitex-elf\lib\interwork/libc.a(lib_a-ctype_.o)
                0x00019872                _ctype_
 *fill*         0x00019973        0x1 00
 .rodata        0x00019974       0x34 C:\Program Files\Hitex\GnuToolPackageArm\bin\..\arm-hitex-elf\lib\interwork/libc.a(lib_a-locale.o)
 .rodata        0x000199a8      0x124 C:\Program Files\Hitex\GnuToolPackageArm\bin\..\arm-hitex-elf\lib\interwork/libc.a(lib_a-mprec.o)
                0x00019a98                __mprec_tinytens
                0x000199a8                __mprec_tens
                0x00019a70                __mprec_bigtens
 .rodata        0x00019acc       0x28 C:\Program Files\Hitex\GnuToolPackageArm\bin\..\arm-hitex-elf\lib\interwork/libc.a(lib_a-strtod.o)

.rodata.str1.4  0x00019af4      0x76c
 .rodata.str1.4
                0x00019af4       0xe3 .\objects\mp3.o
                                 0xe4 (size before relaxing)
 *fill*         0x00019bd7        0x1 00
 .rodata.str1.4
                0x00019bd8      0x5ae .\objects\spi.o
                                0x5b0 (size before relaxing)
 *fill*         0x0001a186        0x2 00
 .rodata.str1.4
                0x0001a188        0x2 C:\Program Files\Hitex\GnuToolPackageArm\bin\..\arm-hitex-elf\lib\interwork/libc.a(lib_a-impure.o)
                                  0x4 (size before relaxing)
 .rodata.str1.4
                0x00000000        0x2 C:\Program Files\Hitex\GnuToolPackageArm\bin\..\arm-hitex-elf\lib\interwork/libc.a(lib_a-puts.o)
                                  0x4 (size before relaxing)
 *fill*         0x0001a18a        0x2 00
 .rodata.str1.4
                0x0001a18c       0x5f C:\Program Files\Hitex\GnuToolPackageArm\bin\..\arm-hitex-elf\lib\interwork/libc.a(lib_a-vfprintf.o)
                                 0x64 (size before relaxing)
 *fill*         0x0001a1eb        0x1 00
 .rodata.str1.4
                0x0001a1ec        0x5 C:\Program Files\Hitex\GnuToolPackageArm\bin\..\arm-hitex-elf\lib\interwork/libc.a(lib_a-vfscanf.o)
                                  0x8 (size before relaxing)
 *fill*         0x0001a1f1        0x3 00
 .rodata.str1.4
                0x0001a1f4       0x1e C:\Program Files\Hitex\GnuToolPackageArm\bin\..\arm-hitex-elf\lib\interwork/libc.a(lib_a-wctomb_r.o)
                                 0x20 (size before relaxing)
 *fill*         0x0001a212        0x2 00
 .rodata.str1.4
                0x0001a214       0x10 C:\Program Files\Hitex\GnuToolPackageArm\bin\..\arm-hitex-elf\lib\interwork/libc.a(lib_a-dtoa.o)
                                 0x14 (size before relaxing)
 .rodata.str1.4
                0x0001a224        0xb C:\Program Files\Hitex\GnuToolPackageArm\bin\..\arm-hitex-elf\lib\interwork/libc.a(lib_a-locale.o)
                                 0x18 (size before relaxing)
 .rodata.str1.4
                0x00000000        0x4 C:\Program Files\Hitex\GnuToolPackageArm\bin\..\arm-hitex-elf\lib\interwork/libc.a(lib_a-mbrtowc.o)
 *fill*         0x0001a22f        0x1 00
 .rodata.str1.4
                0x0001a230        0xf C:\Program Files\Hitex\GnuToolPackageArm\bin\..\arm-hitex-elf\lib\interwork/libc.a(lib_a-strtod.o)
                                 0x10 (size before relaxing)
 *fill*         0x0001a23f        0x1 00
 .rodata.str1.4
                0x0001a240        0x4 C:\Program Files\Hitex\GnuToolPackageArm\bin\..\arm-hitex-elf\lib\interwork/libc.a(lib_a-syscalls.o)
 .rodata.str1.4
                0x0001a244       0x1c C:\Program Files\Hitex\GnuToolPackageArm\bin\..\arm-hitex-elf\lib\interwork/libc.a(lib_a-gdtoa-gethex.o)
                0x0001a260                . = ALIGN (0x4)
                0x0001a260                _etext = .
                0x0001a260                PROVIDE (etext, .)

.data           0x40000000      0x860 load address 0x0001a260
                0x40000000                __data_start__ = .
                0x40000000                PROVIDE (__data_start__, .)
 *(.data)
 .data          0x40000000        0xc .\objects\audioOut.o
                0x40000000                freq_signal
                0x40000008                b_fixpoint
                0x40000004                a_fixpoint
 .data          0x4000000c        0x0 .\objects\isrRoutine.o
 .data          0x4000000c        0x0 .\objects\main.o
 .data          0x4000000c        0x0 .\objects\mp3.o
 .data          0x4000000c        0x0 .\objects\spi.o
 .data          0x4000000c        0x0 .\objects\startup.o
 .data          0x4000000c        0x0 .\objects\ConfigStick.o
 .data          0x4000000c        0x0 .\objects\armVIC.o
 .data          0x4000000c        0x4 .\objects\delay.o
 .data          0x40000010        0x0 .\objects\fio.o
 .data          0x40000010        0x0 .\objects\interrupt.o
 .data          0x40000010        0x0 .\objects\portlcd.o
 .data          0x40000010        0x0 .\objects\syscalls_lpc.o
 .data          0x40000010        0x0 .\objects\target_info.o
 .data          0x40000010        0x0 .\objects\uart.o
 .data          0x40000010        0x0 .\objects\uartISR.o
 .data          0x40000010        0x0 lib/libhelix.a(mp3dec.o)
 .data          0x40000010        0x0 lib/libhelix.a(mp3tabs.o)
 .data          0x40000010        0x0 lib/libhelix.a(scalfact.o)
 .data          0x40000010        0x0 lib/libhelix.a(subband.o)
 .data          0x40000010        0x0 lib/libhelix.a(trigtabs_fixpt.o)
 .data          0x40000010        0x0 lib/libhelix.a(asmpoly_gcc.o)
 .data          0x40000010        0x0 lib/libhelix.a(bitstream.o)
 .data          0x40000010        0x0 lib/libhelix.a(buffers.o)
 .data          0x40000010        0x0 lib/libhelix.a(dct32.o)
 .data          0x40000010        0x0 lib/libhelix.a(dequant.o)
 .data          0x40000010        0x0 lib/libhelix.a(dqchan.o)
 .data          0x40000010        0x0 lib/libhelix.a(huffman.o)
 .data          0x40000010        0x0 lib/libhelix.a(hufftabs.o)
 .data          0x40000010        0x0 lib/libhelix.a(imdct.o)
 .data          0x40000010        0x0 lib/libhelix.a(stproc.o)
 .data          0x40000010      0x404 C:\Program Files\Hitex\GnuToolPackageArm\bin\..\arm-hitex-elf\lib\interwork/libc.a(lib_a-impure.o)
                0x40000010                _impure_ptr
 .data          0x40000414        0x0 C:\Program Files\Hitex\GnuToolPackageArm\bin\..\arm-hitex-elf\lib\interwork/libc.a(lib_a-malloc.o)
 .data          0x40000414      0x410 C:\Program Files\Hitex\GnuToolPackageArm\bin\..\arm-hitex-elf\lib\interwork/libc.a(lib_a-mallocr.o)
                0x40000820                __malloc_sbrk_base
                0x40000414                __malloc_av_
                0x4000081c                __malloc_trim_threshold
 .data          0x40000824        0x0 C:\Program Files\Hitex\GnuToolPackageArm\bin\..\arm-hitex-elf\lib\interwork/libc.a(lib_a-memcmp.o)
 .data          0x40000824        0x0 C:\Program Files\Hitex\GnuToolPackageArm\bin\..\arm-hitex-elf\lib\interwork/libc.a(lib_a-memcpy.o)
 .data          0x40000824        0x0 C:\Program Files\Hitex\GnuToolPackageArm\bin\..\arm-hitex-elf\lib\interwork/libc.a(lib_a-memmove.o)
 .data          0x40000824        0x0 C:\Program Files\Hitex\GnuToolPackageArm\bin\..\arm-hitex-elf\lib\interwork/libc.a(lib_a-memset.o)
 .data          0x40000824        0x0 C:\Program Files\Hitex\GnuToolPackageArm\bin\..\arm-hitex-elf\lib\interwork/libc.a(lib_a-mlock.o)
 .data          0x40000824        0x0 C:\Program Files\Hitex\GnuToolPackageArm\bin\..\arm-hitex-elf\lib\interwork/libc.a(lib_a-printf.o)
 .data          0x40000824        0x0 C:\Program Files\Hitex\GnuToolPackageArm\bin\..\arm-hitex-elf\lib\interwork/libc.a(lib_a-putchar.o)
 .data          0x40000824        0x0 C:\Program Files\Hitex\GnuToolPackageArm\bin\..\arm-hitex-elf\lib\interwork/libc.a(lib_a-puts.o)
 .data          0x40000824        0x0 C:\Program Files\Hitex\GnuToolPackageArm\bin\..\arm-hitex-elf\lib\interwork/libc.a(lib_a-rget.o)
 .data          0x40000824        0x0 C:\Program Files\Hitex\GnuToolPackageArm\bin\..\arm-hitex-elf\lib\interwork/libc.a(lib_a-scanf.o)
 .data          0x40000824        0x0 C:\Program Files\Hitex\GnuToolPackageArm\bin\..\arm-hitex-elf\lib\interwork/libc.a(lib_a-strlen.o)
 .data          0x40000824        0x0 C:\Program Files\Hitex\GnuToolPackageArm\bin\..\arm-hitex-elf\lib\interwork/libc.a(lib_a-vfprintf.o)
 .data          0x40000824        0x0 C:\Program Files\Hitex\GnuToolPackageArm\bin\..\arm-hitex-elf\lib\interwork/libc.a(lib_a-vfscanf.o)
 .data          0x40000824        0x0 C:\Program Files\Hitex\GnuToolPackageArm\bin\..\arm-hitex-elf\lib\interwork/libc.a(lib_a-wcrtomb.o)
 .data          0x40000824        0x0 C:\Program Files\Hitex\GnuToolPackageArm\bin\..\arm-hitex-elf\lib\interwork/libc.a(lib_a-wcsrtombs.o)
 .data          0x40000824        0x0 C:\Program Files\Hitex\GnuToolPackageArm\bin\..\arm-hitex-elf\lib\interwork/libc.a(lib_a-wctomb_r.o)
 .data          0x40000824        0x0 C:\Program Files\Hitex\GnuToolPackageArm\bin\..\arm-hitex-elf\lib\interwork/libc.a(lib_a-wsetup.o)
 .data          0x40000824        0x4 C:\Program Files\Hitex\GnuToolPackageArm\bin\..\arm-hitex-elf\lib\interwork/libc.a(lib_a-ctype_.o)
                0x40000824                __ctype_ptr
 .data          0x40000828        0x0 C:\Program Files\Hitex\GnuToolPackageArm\bin\..\arm-hitex-elf\lib\interwork/libc.a(lib_a-dtoa.o)
 .data          0x40000828        0x0 C:\Program Files\Hitex\GnuToolPackageArm\bin\..\arm-hitex-elf\lib\interwork/libc.a(lib_a-fflush.o)
 .data          0x40000828        0x0 C:\Program Files\Hitex\GnuToolPackageArm\bin\..\arm-hitex-elf\lib\interwork/libc.a(lib_a-findfp.o)
 .data          0x40000828        0x0 C:\Program Files\Hitex\GnuToolPackageArm\bin\..\arm-hitex-elf\lib\interwork/libc.a(lib_a-fread.o)
 .data          0x40000828        0x0 C:\Program Files\Hitex\GnuToolPackageArm\bin\..\arm-hitex-elf\lib\interwork/libc.a(lib_a-freer.o)
 .data          0x40000828        0x0 C:\Program Files\Hitex\GnuToolPackageArm\bin\..\arm-hitex-elf\lib\interwork/libc.a(lib_a-fvwrite.o)
 .data          0x40000828        0x0 C:\Program Files\Hitex\GnuToolPackageArm\bin\..\arm-hitex-elf\lib\interwork/libc.a(lib_a-fwalk.o)
 .data          0x40000828        0x0 C:\Program Files\Hitex\GnuToolPackageArm\bin\..\arm-hitex-elf\lib\interwork/libc.a(lib_a-iswspace.o)
 .data          0x40000828       0x10 C:\Program Files\Hitex\GnuToolPackageArm\bin\..\arm-hitex-elf\lib\interwork/libc.a(lib_a-locale.o)
                0x40000828                __mb_cur_max
                0x4000082c                __lc_ctype
 .data          0x40000838        0x0 C:\Program Files\Hitex\GnuToolPackageArm\bin\..\arm-hitex-elf\lib\interwork/libc.a(lib_a-makebuf.o)
 .data          0x40000838        0x0 C:\Program Files\Hitex\GnuToolPackageArm\bin\..\arm-hitex-elf\lib\interwork/libc.a(lib_a-mbrtowc.o)
 .data          0x40000838        0x0 C:\Program Files\Hitex\GnuToolPackageArm\bin\..\arm-hitex-elf\lib\interwork/libc.a(lib_a-mbtowc_r.o)
 .data          0x40000838        0x0 C:\Program Files\Hitex\GnuToolPackageArm\bin\..\arm-hitex-elf\lib\interwork/libc.a(lib_a-memchr.o)
 .data          0x40000838        0x0 C:\Program Files\Hitex\GnuToolPackageArm\bin\..\arm-hitex-elf\lib\interwork/libc.a(lib_a-mprec.o)
 .data          0x40000838        0x0 C:\Program Files\Hitex\GnuToolPackageArm\bin\..\arm-hitex-elf\lib\interwork/libc.a(lib_a-putc.o)
 .data          0x40000838        0x0 C:\Program Files\Hitex\GnuToolPackageArm\bin\..\arm-hitex-elf\lib\interwork/libc.a(lib_a-reallocr.o)
 .data          0x40000838        0x0 C:\Program Files\Hitex\GnuToolPackageArm\bin\..\arm-hitex-elf\lib\interwork/libc.a(lib_a-refill.o)
 .data          0x40000838        0x0 C:\Program Files\Hitex\GnuToolPackageArm\bin\..\arm-hitex-elf\lib\interwork/libc.a(lib_a-s_isinfd.o)
 .data          0x40000838        0x0 C:\Program Files\Hitex\GnuToolPackageArm\bin\..\arm-hitex-elf\lib\interwork/libc.a(lib_a-s_isnand.o)
 .data          0x40000838        0x0 C:\Program Files\Hitex\GnuToolPackageArm\bin\..\arm-hitex-elf\lib\interwork/libc.a(lib_a-sccl.o)
 .data          0x40000838        0x0 C:\Program Files\Hitex\GnuToolPackageArm\bin\..\arm-hitex-elf\lib\interwork/libc.a(lib_a-sf_nan.o)
 .data          0x40000838        0x0 C:\Program Files\Hitex\GnuToolPackageArm\bin\..\arm-hitex-elf\lib\interwork/libc.a(lib_a-sprintf.o)
 .data          0x40000838        0x0 C:\Program Files\Hitex\GnuToolPackageArm\bin\..\arm-hitex-elf\lib\interwork/libc.a(lib_a-stdio.o)
 .data          0x40000838        0x0 C:\Program Files\Hitex\GnuToolPackageArm\bin\..\arm-hitex-elf\lib\interwork/libc.a(lib_a-strcmp.o)
 .data          0x40000838       0x28 C:\Program Files\Hitex\GnuToolPackageArm\bin\..\arm-hitex-elf\lib\interwork/libc.a(lib_a-strtod.o)
 .data          0x40000860        0x0 C:\Program Files\Hitex\GnuToolPackageArm\bin\..\arm-hitex-elf\lib\interwork/libc.a(lib_a-strtol.o)
 .data          0x40000860        0x0 C:\Program Files\Hitex\GnuToolPackageArm\bin\..\arm-hitex-elf\lib\interwork/libc.a(lib_a-strtoul.o)
 .data          0x40000860        0x0 C:\Program Files\Hitex\GnuToolPackageArm\bin\..\arm-hitex-elf\lib\interwork/libc.a(lib_a-syscalls.o)
 .data          0x40000860        0x0 C:\Program Files\Hitex\GnuToolPackageArm\bin\..\arm-hitex-elf\lib\interwork/libc.a(lib_a-ungetc.o)
 .data          0x40000860        0x0 C:\Program Files\Hitex\GnuToolPackageArm\bin\..\arm-hitex-elf\lib\interwork/libc.a(lib_a-wbuf.o)
 .data          0x40000860        0x0 C:\Program Files\Hitex\GnuToolPackageArm\bin\..\arm-hitex-elf\lib\interwork/libc.a(lib_a-callocr.o)
 .data          0x40000860        0x0 C:\Program Files\Hitex\GnuToolPackageArm\bin\..\arm-hitex-elf\lib\interwork/libc.a(lib_a-closer.o)
 .data          0x40000860        0x0 C:\Program Files\Hitex\GnuToolPackageArm\bin\..\arm-hitex-elf\lib\interwork/libc.a(lib_a-errno.o)
 .data          0x40000860        0x0 C:\Program Files\Hitex\GnuToolPackageArm\bin\..\arm-hitex-elf\lib\interwork/libc.a(lib_a-fclose.o)
 .data          0x40000860        0x0 C:\Program Files\Hitex\GnuToolPackageArm\bin\..\arm-hitex-elf\lib\interwork/libc.a(lib_a-fstatr.o)
 .data          0x40000860        0x0 C:\Program Files\Hitex\GnuToolPackageArm\bin\..\arm-hitex-elf\lib\interwork/libc.a(lib_a-gdtoa-gethex.o)
 .data          0x40000860        0x0 C:\Program Files\Hitex\GnuToolPackageArm\bin\..\arm-hitex-elf\lib\interwork/libc.a(lib_a-gdtoa-hexnan.o)
 .data          0x40000860        0x0 C:\Program Files\Hitex\GnuToolPackageArm\bin\..\arm-hitex-elf\lib\interwork/libc.a(lib_a-lseekr.o)
 .data          0x40000860        0x0 C:\Program Files\Hitex\GnuToolPackageArm\bin\..\arm-hitex-elf\lib\interwork/libc.a(lib_a-reent.o)
 .data          0x40000860        0x0 C:\Program Files\Hitex\GnuToolPackageArm\bin\..\lib\gcc\arm-hitex-elf\4.1.1\interwork/libgcc.a(_udivsi3.o)
 .data          0x40000860        0x0 C:\Program Files\Hitex\GnuToolPackageArm\bin\..\lib\gcc\arm-hitex-elf\4.1.1\interwork/libgcc.a(_divsi3.o)
 .data          0x40000860        0x0 C:\Program Files\Hitex\GnuToolPackageArm\bin\..\lib\gcc\arm-hitex-elf\4.1.1\interwork/libgcc.a(_umodsi3.o)
 .data          0x40000860        0x0 C:\Program Files\Hitex\GnuToolPackageArm\bin\..\lib\gcc\arm-hitex-elf\4.1.1\interwork/libgcc.a(_modsi3.o)
 .data          0x40000860        0x0 C:\Program Files\Hitex\GnuToolPackageArm\bin\..\lib\gcc\arm-hitex-elf\4.1.1\interwork/libgcc.a(_dvmd_tls.o)
 .data          0x40000860        0x0 C:\Program Files\Hitex\GnuToolPackageArm\bin\..\lib\gcc\arm-hitex-elf\4.1.1\interwork/libgcc.a(_addsubdf3.o)
 .data          0x40000860        0x0 C:\Program Files\Hitex\GnuToolPackageArm\bin\..\lib\gcc\arm-hitex-elf\4.1.1\interwork/libgcc.a(_muldivdf3.o)
 .data          0x40000860        0x0 C:\Program Files\Hitex\GnuToolPackageArm\bin\..\lib\gcc\arm-hitex-elf\4.1.1\interwork/libgcc.a(_cmpdf2.o)
 .data          0x40000860        0x0 C:\Program Files\Hitex\GnuToolPackageArm\bin\..\lib\gcc\arm-hitex-elf\4.1.1\interwork/libgcc.a(_fixdfsi.o)
 .data          0x40000860        0x0 C:\Program Files\Hitex\GnuToolPackageArm\bin\..\lib\gcc\arm-hitex-elf\4.1.1\interwork/libgcc.a(_fixunsdfsi.o)
 .data          0x40000860        0x0 C:\Program Files\Hitex\GnuToolPackageArm\bin\..\lib\gcc\arm-hitex-elf\4.1.1\interwork/libgcc.a(_truncdfsf2.o)
 *(.data.*)
 *(.gnu.linkonce.d*)
                0x40000860                __data_end__ = .
                0x40000860                PROVIDE (__data_end__, .)
                0x40000860                . = ALIGN (0x4)
                0x40000860                _edata = .
                0x40000860                PROVIDE (edata, .)

.bss            0x40000860     0x19ac
                0x40000860                __bss_start = .
                0x40000860                __bss_start__ = .
 *(.bss)
 .bss           0x40000860       0x20 .\objects\audioOut.o
                0x4000087c                buffIdx
                0x40000868                running
                0x40000870                printCount
                0x40000874                isrBufferIdx
                0x40000864                msRuntime
                0x4000086c                timerRunning
                0x40000878                tableIdx
                0x40000860                count
 .bss           0x40000880        0x0 .\objects\isrRoutine.o
 .bss           0x40000880        0x0 .\objects\main.o
 .bss           0x40000880       0x1c .\objects\mp3.o
                0x4000088c                nRead
                0x40000898                err
                0x40000880                bytesLeft
                0x40000884                outOfData
                0x40000894                offset
                0x40000890                nFrames
                0x40000888                eofReached
 .bss           0x4000089c        0x0 .\objects\spi.o
 *fill*         0x4000089c        0x4 00
 .bss           0x400008a0     0x1860 .\objects\startup.o
                0x400008fc                FIQ_Stack
                0x400008dc                ABT_Stack
                0x400008bc                UND_Stack
                0x400010fc                IRQ_Stack
                0x400020fc                SVC_Stack
 .bss           0x40002100        0x8 .\objects\ConfigStick.o
                0x40002100                Setup_Data
 .bss           0x40002108        0x0 .\objects\armVIC.o
 .bss           0x40002108        0x4 .\objects\delay.o
 .bss           0x4000210c        0x0 .\objects\fio.o
 .bss           0x4000210c        0x0 .\objects\interrupt.o
 .bss           0x4000210c        0x4 .\objects\portlcd.o
 .bss           0x40002110        0x4 .\objects\syscalls_lpc.o
 .bss           0x40002114        0x0 .\objects\target_info.o
 .bss           0x40002114        0x0 .\objects\uart.o
 .bss           0x40002114        0x8 .\objects\uartISR.o
 .bss           0x4000211c        0x0 lib/libhelix.a(mp3dec.o)
 .bss           0x4000211c        0x0 lib/libhelix.a(mp3tabs.o)
 .bss           0x4000211c        0x0 lib/libhelix.a(scalfact.o)
 .bss           0x4000211c        0x0 lib/libhelix.a(subband.o)
 .bss           0x4000211c        0x0 lib/libhelix.a(trigtabs_fixpt.o)
 .bss           0x4000211c        0x0 lib/libhelix.a(asmpoly_gcc.o)
 .bss           0x4000211c        0x0 lib/libhelix.a(bitstream.o)
 .bss           0x4000211c        0x0 lib/libhelix.a(buffers.o)
 .bss           0x4000211c        0x0 lib/libhelix.a(dct32.o)
 .bss           0x4000211c        0x0 lib/libhelix.a(dequant.o)
 .bss           0x4000211c        0x0 lib/libhelix.a(dqchan.o)
 .bss           0x4000211c        0x0 lib/libhelix.a(huffman.o)
 .bss           0x4000211c        0x0 lib/libhelix.a(hufftabs.o)
 .bss           0x4000211c        0x0 lib/libhelix.a(imdct.o)
 .bss           0x4000211c        0x0 lib/libhelix.a(stproc.o)
 .bss           0x4000211c        0x0 C:\Program Files\Hitex\GnuToolPackageArm\bin\..\arm-hitex-elf\lib\interwork/libc.a(lib_a-impure.o)
 .bss           0x4000211c        0x0 C:\Program Files\Hitex\GnuToolPackageArm\bin\..\arm-hitex-elf\lib\interwork/libc.a(lib_a-malloc.o)
 .bss           0x4000211c       0x34 C:\Program Files\Hitex\GnuToolPackageArm\bin\..\arm-hitex-elf\lib\interwork/libc.a(lib_a-mallocr.o)
                0x4000211c                __malloc_top_pad
                0x40002120                __malloc_max_sbrked_mem
                0x40002128                __malloc_current_mallinfo
                0x40002124                __malloc_max_total_mem
 .bss           0x40002150        0x0 C:\Program Files\Hitex\GnuToolPackageArm\bin\..\arm-hitex-elf\lib\interwork/libc.a(lib_a-memcmp.o)
 .bss           0x40002150        0x0 C:\Program Files\Hitex\GnuToolPackageArm\bin\..\arm-hitex-elf\lib\interwork/libc.a(lib_a-memcpy.o)
 .bss           0x40002150        0x0 C:\Program Files\Hitex\GnuToolPackageArm\bin\..\arm-hitex-elf\lib\interwork/libc.a(lib_a-memmove.o)
 .bss           0x40002150        0x0 C:\Program Files\Hitex\GnuToolPackageArm\bin\..\arm-hitex-elf\lib\interwork/libc.a(lib_a-memset.o)
 .bss           0x40002150        0x0 C:\Program Files\Hitex\GnuToolPackageArm\bin\..\arm-hitex-elf\lib\interwork/libc.a(lib_a-mlock.o)
 .bss           0x40002150        0x0 C:\Program Files\Hitex\GnuToolPackageArm\bin\..\arm-hitex-elf\lib\interwork/libc.a(lib_a-printf.o)
 .bss           0x40002150        0x0 C:\Program Files\Hitex\GnuToolPackageArm\bin\..\arm-hitex-elf\lib\interwork/libc.a(lib_a-putchar.o)
 .bss           0x40002150        0x0 C:\Program Files\Hitex\GnuToolPackageArm\bin\..\arm-hitex-elf\lib\interwork/libc.a(lib_a-puts.o)
 .bss           0x40002150        0x0 C:\Program Files\Hitex\GnuToolPackageArm\bin\..\arm-hitex-elf\lib\interwork/libc.a(lib_a-rget.o)
 .bss           0x40002150        0x0 C:\Program Files\Hitex\GnuToolPackageArm\bin\..\arm-hitex-elf\lib\interwork/libc.a(lib_a-scanf.o)
 .bss           0x40002150        0x0 C:\Program Files\Hitex\GnuToolPackageArm\bin\..\arm-hitex-elf\lib\interwork/libc.a(lib_a-strlen.o)
 .bss           0x40002150        0x0 C:\Program Files\Hitex\GnuToolPackageArm\bin\..\arm-hitex-elf\lib\interwork/libc.a(lib_a-vfprintf.o)
 .bss           0x40002150        0x0 C:\Program Files\Hitex\GnuToolPackageArm\bin\..\arm-hitex-elf\lib\interwork/libc.a(lib_a-vfscanf.o)
 .bss           0x40002150        0x0 C:\Program Files\Hitex\GnuToolPackageArm\bin\..\arm-hitex-elf\lib\interwork/libc.a(lib_a-wcrtomb.o)
 .bss           0x40002150        0x0 C:\Program Files\Hitex\GnuToolPackageArm\bin\..\arm-hitex-elf\lib\interwork/libc.a(lib_a-wcsrtombs.o)
 .bss           0x40002150        0x0 C:\Program Files\Hitex\GnuToolPackageArm\bin\..\arm-hitex-elf\lib\interwork/libc.a(lib_a-wctomb_r.o)
 .bss           0x40002150        0x0 C:\Program Files\Hitex\GnuToolPackageArm\bin\..\arm-hitex-elf\lib\interwork/libc.a(lib_a-wsetup.o)
 .bss           0x40002150        0x0 C:\Program Files\Hitex\GnuToolPackageArm\bin\..\arm-hitex-elf\lib\interwork/libc.a(lib_a-ctype_.o)
 .bss           0x40002150        0x0 C:\Program Files\Hitex\GnuToolPackageArm\bin\..\arm-hitex-elf\lib\interwork/libc.a(lib_a-dtoa.o)
 .bss           0x40002150        0x0 C:\Program Files\Hitex\GnuToolPackageArm\bin\..\arm-hitex-elf\lib\interwork/libc.a(lib_a-fflush.o)
 .bss           0x40002150        0x0 C:\Program Files\Hitex\GnuToolPackageArm\bin\..\arm-hitex-elf\lib\interwork/libc.a(lib_a-findfp.o)
 .bss           0x40002150        0x0 C:\Program Files\Hitex\GnuToolPackageArm\bin\..\arm-hitex-elf\lib\interwork/libc.a(lib_a-fread.o)
 .bss           0x40002150        0x0 C:\Program Files\Hitex\GnuToolPackageArm\bin\..\arm-hitex-elf\lib\interwork/libc.a(lib_a-freer.o)
 .bss           0x40002150        0x0 C:\Program Files\Hitex\GnuToolPackageArm\bin\..\arm-hitex-elf\lib\interwork/libc.a(lib_a-fvwrite.o)
 .bss           0x40002150        0x0 C:\Program Files\Hitex\GnuToolPackageArm\bin\..\arm-hitex-elf\lib\interwork/libc.a(lib_a-fwalk.o)
 .bss           0x40002150        0x0 C:\Program Files\Hitex\GnuToolPackageArm\bin\..\arm-hitex-elf\lib\interwork/libc.a(lib_a-iswspace.o)
 .bss           0x40002150        0xc C:\Program Files\Hitex\GnuToolPackageArm\bin\..\arm-hitex-elf\lib\interwork/libc.a(lib_a-locale.o)
                0x40002150                __nlocale_changed
                0x40002154                __mlocale_changed
                0x40002158                _PathLocale
 .bss           0x4000215c        0x0 C:\Program Files\Hitex\GnuToolPackageArm\bin\..\arm-hitex-elf\lib\interwork/libc.a(lib_a-makebuf.o)
 .bss           0x4000215c        0x0 C:\Program Files\Hitex\GnuToolPackageArm\bin\..\arm-hitex-elf\lib\interwork/libc.a(lib_a-mbrtowc.o)
 .bss           0x4000215c        0x0 C:\Program Files\Hitex\GnuToolPackageArm\bin\..\arm-hitex-elf\lib\interwork/libc.a(lib_a-mbtowc_r.o)
 .bss           0x4000215c        0x0 C:\Program Files\Hitex\GnuToolPackageArm\bin\..\arm-hitex-elf\lib\interwork/libc.a(lib_a-memchr.o)
 .bss           0x4000215c        0x0 C:\Program Files\Hitex\GnuToolPackageArm\bin\..\arm-hitex-elf\lib\interwork/libc.a(lib_a-mprec.o)
 .bss           0x4000215c        0x0 C:\Program Files\Hitex\GnuToolPackageArm\bin\..\arm-hitex-elf\lib\interwork/libc.a(lib_a-putc.o)
 .bss           0x4000215c        0x0 C:\Program Files\Hitex\GnuToolPackageArm\bin\..\arm-hitex-elf\lib\interwork/libc.a(lib_a-reallocr.o)
 .bss           0x4000215c        0x0 C:\Program Files\Hitex\GnuToolPackageArm\bin\..\arm-hitex-elf\lib\interwork/libc.a(lib_a-refill.o)
 .bss           0x4000215c        0x0 C:\Program Files\Hitex\GnuToolPackageArm\bin\..\arm-hitex-elf\lib\interwork/libc.a(lib_a-s_isinfd.o)
 .bss           0x4000215c        0x0 C:\Program Files\Hitex\GnuToolPackageArm\bin\..\arm-hitex-elf\lib\interwork/libc.a(lib_a-s_isnand.o)
 .bss           0x4000215c        0x0 C:\Program Files\Hitex\GnuToolPackageArm\bin\..\arm-hitex-elf\lib\interwork/libc.a(lib_a-sccl.o)
 .bss           0x4000215c        0x0 C:\Program Files\Hitex\GnuToolPackageArm\bin\..\arm-hitex-elf\lib\interwork/libc.a(lib_a-sf_nan.o)
 .bss           0x4000215c        0x0 C:\Program Files\Hitex\GnuToolPackageArm\bin\..\arm-hitex-elf\lib\interwork/libc.a(lib_a-sprintf.o)
 .bss           0x4000215c        0x0 C:\Program Files\Hitex\GnuToolPackageArm\bin\..\arm-hitex-elf\lib\interwork/libc.a(lib_a-stdio.o)
 .bss           0x4000215c        0x0 C:\Program Files\Hitex\GnuToolPackageArm\bin\..\arm-hitex-elf\lib\interwork/libc.a(lib_a-strcmp.o)
 .bss           0x4000215c        0x0 C:\Program Files\Hitex\GnuToolPackageArm\bin\..\arm-hitex-elf\lib\interwork/libc.a(lib_a-strtod.o)
 .bss           0x4000215c        0x0 C:\Program Files\Hitex\GnuToolPackageArm\bin\..\arm-hitex-elf\lib\interwork/libc.a(lib_a-strtol.o)
 .bss           0x4000215c        0x0 C:\Program Files\Hitex\GnuToolPackageArm\bin\..\arm-hitex-elf\lib\interwork/libc.a(lib_a-strtoul.o)
 .bss           0x4000215c       0xb0 C:\Program Files\Hitex\GnuToolPackageArm\bin\..\arm-hitex-elf\lib\interwork/libc.a(lib_a-syscalls.o)
 .bss           0x4000220c        0x0 C:\Program Files\Hitex\GnuToolPackageArm\bin\..\arm-hitex-elf\lib\interwork/libc.a(lib_a-ungetc.o)
 .bss           0x4000220c        0x0 C:\Program Files\Hitex\GnuToolPackageArm\bin\..\arm-hitex-elf\lib\interwork/libc.a(lib_a-wbuf.o)
 .bss           0x4000220c        0x0 C:\Program Files\Hitex\GnuToolPackageArm\bin\..\arm-hitex-elf\lib\interwork/libc.a(lib_a-callocr.o)
 .bss           0x4000220c        0x0 C:\Program Files\Hitex\GnuToolPackageArm\bin\..\arm-hitex-elf\lib\interwork/libc.a(lib_a-closer.o)
 .bss           0x4000220c        0x0 C:\Program Files\Hitex\GnuToolPackageArm\bin\..\arm-hitex-elf\lib\interwork/libc.a(lib_a-errno.o)
 .bss           0x4000220c        0x0 C:\Program Files\Hitex\GnuToolPackageArm\bin\..\arm-hitex-elf\lib\interwork/libc.a(lib_a-fclose.o)
 .bss           0x4000220c        0x0 C:\Program Files\Hitex\GnuToolPackageArm\bin\..\arm-hitex-elf\lib\interwork/libc.a(lib_a-fstatr.o)
 .bss           0x4000220c        0x0 C:\Program Files\Hitex\GnuToolPackageArm\bin\..\arm-hitex-elf\lib\interwork/libc.a(lib_a-gdtoa-gethex.o)
 .bss           0x4000220c        0x0 C:\Program Files\Hitex\GnuToolPackageArm\bin\..\arm-hitex-elf\lib\interwork/libc.a(lib_a-gdtoa-hexnan.o)
 .bss           0x4000220c        0x0 C:\Program Files\Hitex\GnuToolPackageArm\bin\..\arm-hitex-elf\lib\interwork/libc.a(lib_a-lseekr.o)
 .bss           0x4000220c        0x0 C:\Program Files\Hitex\GnuToolPackageArm\bin\..\arm-hitex-elf\lib\interwork/libc.a(lib_a-reent.o)
 .bss           0x4000220c        0x0 C:\Program Files\Hitex\GnuToolPackageArm\bin\..\lib\gcc\arm-hitex-elf\4.1.1\interwork/libgcc.a(_udivsi3.o)
 .bss           0x4000220c        0x0 C:\Program Files\Hitex\GnuToolPackageArm\bin\..\lib\gcc\arm-hitex-elf\4.1.1\interwork/libgcc.a(_divsi3.o)
 .bss           0x4000220c        0x0 C:\Program Files\Hitex\GnuToolPackageArm\bin\..\lib\gcc\arm-hitex-elf\4.1.1\interwork/libgcc.a(_umodsi3.o)
 .bss           0x4000220c        0x0 C:\Program Files\Hitex\GnuToolPackageArm\bin\..\lib\gcc\arm-hitex-elf\4.1.1\interwork/libgcc.a(_modsi3.o)
 .bss           0x4000220c        0x0 C:\Program Files\Hitex\GnuToolPackageArm\bin\..\lib\gcc\arm-hitex-elf\4.1.1\interwork/libgcc.a(_dvmd_tls.o)
 .bss           0x4000220c        0x0 C:\Program Files\Hitex\GnuToolPackageArm\bin\..\lib\gcc\arm-hitex-elf\4.1.1\interwork/libgcc.a(_addsubdf3.o)
 .bss           0x4000220c        0x0 C:\Program Files\Hitex\GnuToolPackageArm\bin\..\lib\gcc\arm-hitex-elf\4.1.1\interwork/libgcc.a(_muldivdf3.o)
 .bss           0x4000220c        0x0 C:\Program Files\Hitex\GnuToolPackageArm\bin\..\lib\gcc\arm-hitex-elf\4.1.1\interwork/libgcc.a(_cmpdf2.o)
 .bss           0x4000220c        0x0 C:\Program Files\Hitex\GnuToolPackageArm\bin\..\lib\gcc\arm-hitex-elf\4.1.1\interwork/libgcc.a(_fixdfsi.o)
 .bss           0x4000220c        0x0 C:\Program Files\Hitex\GnuToolPackageArm\bin\..\lib\gcc\arm-hitex-elf\4.1.1\interwork/libgcc.a(_fixunsdfsi.o)
 .bss           0x4000220c        0x0 C:\Program Files\Hitex\GnuToolPackageArm\bin\..\lib\gcc\arm-hitex-elf\4.1.1\interwork/libgcc.a(_truncdfsf2.o)
 *(.gnu.linkonce.b*)
                0x4000220c                . = ALIGN (0x4)
                0x4000220c                __bss_end__ = .

.bss2           0x4000220c     0x3ab4
                0x4000220c                __bss2_start = .
                0x4000220c                __bss2_start__ = .
 *(COMMON)
 COMMON         0x4000220c      0x434 .\objects\audioOut.o
                0x4000220c                IsrBuffer1
                0x40002210                tabelle
                0x40002614                stringBufferForLcdPrint
                0x40002638                currentIsrBuffer
                0x4000263c                IsrBuffer2
 COMMON         0x40002640     0x2410 .\objects\main.o
                0x40002640                outputBuffer1
                0x40003840                dacChannel
                0x40003844                currentBuffer
                0x40003848                outBuf1
                0x4000384c                outBuf2
                0x40003850                outputBuffer2
 COMMON         0x40004a50      0xf50 .\objects\mp3.o
                0x40004a50                spiDataPosition
                0x40004a54                mp3Dec
                0x40004a58                inputBuffer
                0x40005980                inBufPtr
                0x40005984                mp3FrameInfo
 COMMON         0x400059a0        0x4 .\objects\spi.o
                0x400059a0                throwAway
 COMMON         0x400059a4      0x218 .\objects\uart.o
                0x400059a4                uart0_tx_buffer
                0x40005a24                uart2_rx_extract_idx
                0x40005a26                uart2_tx_insert_idx
                0x40005a28                uart0_tx_insert_idx
                0x40005a2a                uart0_rx_insert_idx
                0x40005a2c                uart2_rx_insert_idx
                0x40005a2e                uart0_tx_extract_idx
                0x40005a30                uart2_tx_buffer
                0x40005ab0                uart2_tx_running
                0x40005ab4                uart2_rx_buffer
                0x40005b34                uart0_tx_running
                0x40005b38                uart2_tx_extract_idx
                0x40005b3a                uart0_rx_buffer
                0x40005bba                uart0_rx_extract_idx
 COMMON         0x40005bbc      0x100 C:\Program Files\Hitex\GnuToolPackageArm\bin\..\arm-hitex-elf\lib\interwork/libc.a(lib_a-gdtoa-gethex.o)
                0x40005bbc                __hexdig
 COMMON         0x40005cbc        0x4 C:\Program Files\Hitex\GnuToolPackageArm\bin\..\arm-hitex-elf\lib\interwork/libc.a(lib_a-reent.o)
                0x40005cbc                errno
                0x40005cc0                . = ALIGN (0x4)
                0x40005cc0                __bss2_end__ = .
                0x40005cc0                _end = .
                0x40005cc0                PROVIDE (end, .)

.comment        0x00000000      0x642
 *(.comment)
 .comment       0x00000000       0x12 .\objects\audioOut.o
 .comment       0x00000012       0x12 .\objects\isrRoutine.o
 .comment       0x00000024       0x12 .\objects\main.o
 .comment       0x00000036       0x12 .\objects\mp3.o
 .comment       0x00000048       0x12 .\objects\spi.o
 .comment       0x0000005a       0x12 .\objects\ConfigStick.o
 .comment       0x0000006c       0x12 .\objects\armVIC.o
 .comment       0x0000007e       0x12 .\objects\delay.o
 .comment       0x00000090       0x12 .\objects\fio.o
 .comment       0x000000a2       0x12 .\objects\interrupt.o
 .comment       0x000000b4       0x12 .\objects\portlcd.o
 .comment       0x000000c6       0x12 .\objects\syscalls_lpc.o
 .comment       0x000000d8       0x12 .\objects\target_info.o
 .comment       0x000000ea       0x12 .\objects\uart.o
 .comment       0x000000fc       0x12 .\objects\uartISR.o
 .comment       0x0000010e       0x12 lib/libhelix.a(mp3dec.o)
 .comment       0x00000120       0x12 lib/libhelix.a(mp3tabs.o)
 .comment       0x00000132       0x12 lib/libhelix.a(scalfact.o)
 .comment       0x00000144       0x12 lib/libhelix.a(subband.o)
 .comment       0x00000156       0x12 lib/libhelix.a(trigtabs_fixpt.o)
 .comment       0x00000168       0x12 lib/libhelix.a(bitstream.o)
 .comment       0x0000017a       0x12 lib/libhelix.a(buffers.o)
 .comment       0x0000018c       0x12 lib/libhelix.a(dct32.o)
 .comment       0x0000019e       0x12 lib/libhelix.a(dequant.o)
 .comment       0x000001b0       0x12 lib/libhelix.a(dqchan.o)
 .comment       0x000001c2       0x12 lib/libhelix.a(huffman.o)
 .comment       0x000001d4       0x12 lib/libhelix.a(hufftabs.o)
 .comment       0x000001e6       0x12 lib/libhelix.a(imdct.o)
 .comment       0x000001f8       0x12 lib/libhelix.a(stproc.o)
 .comment       0x0000020a       0x12 C:\Program Files\Hitex\GnuToolPackageArm\bin\..\arm-hitex-elf\lib\interwork/libc.a(lib_a-impure.o)
 .comment       0x0000021c       0x12 C:\Program Files\Hitex\GnuToolPackageArm\bin\..\arm-hitex-elf\lib\interwork/libc.a(lib_a-malloc.o)
 .comment       0x0000022e       0x12 C:\Program Files\Hitex\GnuToolPackageArm\bin\..\arm-hitex-elf\lib\interwork/libc.a(lib_a-mallocr.o)
 .comment       0x00000240       0x12 C:\Program Files\Hitex\GnuToolPackageArm\bin\..\arm-hitex-elf\lib\interwork/libc.a(lib_a-memcmp.o)
 .comment       0x00000252       0x12 C:\Program Files\Hitex\GnuToolPackageArm\bin\..\arm-hitex-elf\lib\interwork/libc.a(lib_a-memcpy.o)
 .comment       0x00000264       0x12 C:\Program Files\Hitex\GnuToolPackageArm\bin\..\arm-hitex-elf\lib\interwork/libc.a(lib_a-memmove.o)
 .comment       0x00000276       0x12 C:\Program Files\Hitex\GnuToolPackageArm\bin\..\arm-hitex-elf\lib\interwork/libc.a(lib_a-memset.o)
 .comment       0x00000288       0x12 C:\Program Files\Hitex\GnuToolPackageArm\bin\..\arm-hitex-elf\lib\interwork/libc.a(lib_a-mlock.o)
 .comment       0x0000029a       0x12 C:\Program Files\Hitex\GnuToolPackageArm\bin\..\arm-hitex-elf\lib\interwork/libc.a(lib_a-printf.o)
 .comment       0x000002ac       0x12 C:\Program Files\Hitex\GnuToolPackageArm\bin\..\arm-hitex-elf\lib\interwork/libc.a(lib_a-putchar.o)
 .comment       0x000002be       0x12 C:\Program Files\Hitex\GnuToolPackageArm\bin\..\arm-hitex-elf\lib\interwork/libc.a(lib_a-puts.o)
 .comment       0x000002d0       0x12 C:\Program Files\Hitex\GnuToolPackageArm\bin\..\arm-hitex-elf\lib\interwork/libc.a(lib_a-rget.o)
 .comment       0x000002e2       0x12 C:\Program Files\Hitex\GnuToolPackageArm\bin\..\arm-hitex-elf\lib\interwork/libc.a(lib_a-scanf.o)
 .comment       0x000002f4       0x12 C:\Program Files\Hitex\GnuToolPackageArm\bin\..\arm-hitex-elf\lib\interwork/libc.a(lib_a-strlen.o)
 .comment       0x00000306       0x12 C:\Program Files\Hitex\GnuToolPackageArm\bin\..\arm-hitex-elf\lib\interwork/libc.a(lib_a-vfprintf.o)
 .comment       0x00000318       0x12 C:\Program Files\Hitex\GnuToolPackageArm\bin\..\arm-hitex-elf\lib\interwork/libc.a(lib_a-vfscanf.o)
 .comment       0x0000032a       0x12 C:\Program Files\Hitex\GnuToolPackageArm\bin\..\arm-hitex-elf\lib\interwork/libc.a(lib_a-wcrtomb.o)
 .comment       0x0000033c       0x12 C:\Program Files\Hitex\GnuToolPackageArm\bin\..\arm-hitex-elf\lib\interwork/libc.a(lib_a-wcsrtombs.o)
 .comment       0x0000034e       0x12 C:\Program Files\Hitex\GnuToolPackageArm\bin\..\arm-hitex-elf\lib\interwork/libc.a(lib_a-wctomb_r.o)
 .comment       0x00000360       0x12 C:\Program Files\Hitex\GnuToolPackageArm\bin\..\arm-hitex-elf\lib\interwork/libc.a(lib_a-wsetup.o)
 .comment       0x00000372       0x12 C:\Program Files\Hitex\GnuToolPackageArm\bin\..\arm-hitex-elf\lib\interwork/libc.a(lib_a-ctype_.o)
 .comment       0x00000384       0x12 C:\Program Files\Hitex\GnuToolPackageArm\bin\..\arm-hitex-elf\lib\interwork/libc.a(lib_a-dtoa.o)
 .comment       0x00000396       0x12 C:\Program Files\Hitex\GnuToolPackageArm\bin\..\arm-hitex-elf\lib\interwork/libc.a(lib_a-fflush.o)
 .comment       0x000003a8       0x12 C:\Program Files\Hitex\GnuToolPackageArm\bin\..\arm-hitex-elf\lib\interwork/libc.a(lib_a-findfp.o)
 .comment       0x000003ba       0x12 C:\Program Files\Hitex\GnuToolPackageArm\bin\..\arm-hitex-elf\lib\interwork/libc.a(lib_a-fread.o)
 .comment       0x000003cc       0x12 C:\Program Files\Hitex\GnuToolPackageArm\bin\..\arm-hitex-elf\lib\interwork/libc.a(lib_a-freer.o)
 .comment       0x000003de       0x12 C:\Program Files\Hitex\GnuToolPackageArm\bin\..\arm-hitex-elf\lib\interwork/libc.a(lib_a-fvwrite.o)
 .comment       0x000003f0       0x12 C:\Program Files\Hitex\GnuToolPackageArm\bin\..\arm-hitex-elf\lib\interwork/libc.a(lib_a-fwalk.o)
 .comment       0x00000402       0x12 C:\Program Files\Hitex\GnuToolPackageArm\bin\..\arm-hitex-elf\lib\interwork/libc.a(lib_a-iswspace.o)
 .comment       0x00000414       0x12 C:\Program Files\Hitex\GnuToolPackageArm\bin\..\arm-hitex-elf\lib\interwork/libc.a(lib_a-locale.o)
 .comment       0x00000426       0x12 C:\Program Files\Hitex\GnuToolPackageArm\bin\..\arm-hitex-elf\lib\interwork/libc.a(lib_a-makebuf.o)
 .comment       0x00000438       0x12 C:\Program Files\Hitex\GnuToolPackageArm\bin\..\arm-hitex-elf\lib\interwork/libc.a(lib_a-mbrtowc.o)