Archive member included because of file (symbol)

lib/libhelix.a(mp3dec.o)      .\objects\mp3.o (MP3FindSyncWord)
lib/libhelix.a(mp3tabs.o)     lib/libhelix.a(mp3dec.o) (xmp3fixpt_samplesPerFrameTab)
lib/libhelix.a(scalfact.o)    lib/libhelix.a(mp3dec.o) (xmp3fixpt_UnpackScaleFactors)
lib/libhelix.a(subband.o)     lib/libhelix.a(mp3dec.o) (xmp3fixpt_Subband)
lib/libhelix.a(trigtabs_fixpt.o)
                              lib/libhelix.a(subband.o) (xmp3fixpt_polyCoef)
lib/libhelix.a(asmpoly_gcc.o)
                              lib/libhelix.a(subband.o) (xmp3fixpt_PolyphaseStereo)
lib/libhelix.a(bitstream.o)   lib/libhelix.a(scalfact.o) (xmp3fixpt_SetBitstreamPointer)
lib/libhelix.a(buffers.o)     lib/libhelix.a(mp3dec.o) (xmp3fixpt_FreeBuffers)
lib/libhelix.a(dct32.o)       lib/libhelix.a(subband.o) (xmp3fixpt_FDCT32)
lib/libhelix.a(dequant.o)     lib/libhelix.a(mp3dec.o) (xmp3fixpt_Dequantize)
lib/libhelix.a(dqchan.o)      lib/libhelix.a(dequant.o) (xmp3fixpt_DequantChannel)
lib/libhelix.a(huffman.o)     lib/libhelix.a(mp3dec.o) (xmp3fixpt_DecodeHuffman)
lib/libhelix.a(hufftabs.o)    lib/libhelix.a(huffman.o) (xmp3fixpt_huffTable)
lib/libhelix.a(imdct.o)       lib/libhelix.a(mp3dec.o) (xmp3fixpt_IMDCT)
lib/libhelix.a(stproc.o)      lib/libhelix.a(dequant.o) (xmp3fixpt_MidSideProc)
C:\Program Files\Hitex\GnuToolPackageArm\bin\..\arm-hitex-elf\lib\interwork/libc.a(lib_a-impure.o)
                              .\objects\spi.o (_impure_ptr)
C:\Program Files\Hitex\GnuToolPackageArm\bin\..\arm-hitex-elf\lib\interwork/libc.a(lib_a-malloc.o)
                              .\objects\spi.o (free)
C:\Program Files\Hitex\GnuToolPackageArm\bin\..\arm-hitex-elf\lib\interwork/libc.a(lib_a-mallocr.o)
                              C:\Program Files\Hitex\GnuToolPackageArm\bin\..\arm-hitex-elf\lib\interwork/libc.a(lib_a-malloc.o) (_malloc_r)
C:\Program Files\Hitex\GnuToolPackageArm\bin\..\arm-hitex-elf\lib\interwork/libc.a(lib_a-memcmp.o)
                              .\objects\spi.o (memcmp)
C:\Program Files\Hitex\GnuToolPackageArm\bin\..\arm-hitex-elf\lib\interwork/libc.a(lib_a-memcpy.o)
                              lib/libhelix.a(mp3dec.o) (memcpy)
C:\Program Files\Hitex\GnuToolPackageArm\bin\..\arm-hitex-elf\lib\interwork/libc.a(lib_a-memmove.o)
                              .\objects\mp3.o (memmove)
C:\Program Files\Hitex\GnuToolPackageArm\bin\..\arm-hitex-elf\lib\interwork/libc.a(lib_a-memset.o)
                              .\objects\spi.o (memset)
C:\Program Files\Hitex\GnuToolPackageArm\bin\..\arm-hitex-elf\lib\interwork/libc.a(lib_a-mlock.o)
                              C:\Program Files\Hitex\GnuToolPackageArm\bin\..\arm-hitex-elf\lib\interwork/libc.a(lib_a-mallocr.o) (__malloc_lock)
C:\Program Files\Hitex\GnuToolPackageArm\bin\..\arm-hitex-elf\lib\interwork/libc.a(lib_a-printf.o)
                              .\objects\main.o (printf)
C:\Program Files\Hitex\GnuToolPackageArm\bin\..\arm-hitex-elf\lib\interwork/libc.a(lib_a-putchar.o)
                              .\objects\spi.o (putchar)
C:\Program Files\Hitex\GnuToolPackageArm\bin\..\arm-hitex-elf\lib\interwork/libc.a(lib_a-puts.o)
                              .\objects\main.o (puts)
C:\Program Files\Hitex\GnuToolPackageArm\bin\..\arm-hitex-elf\lib\interwork/libc.a(lib_a-rget.o)
                              .\objects\spi.o (__srget_r)
C:\Program Files\Hitex\GnuToolPackageArm\bin\..\arm-hitex-elf\lib\interwork/libc.a(lib_a-scanf.o)
                              .\objects\spi.o (scanf)
C:\Program Files\Hitex\GnuToolPackageArm\bin\..\arm-hitex-elf\lib\interwork/libc.a(lib_a-strlen.o)
                              C:\Program Files\Hitex\GnuToolPackageArm\bin\..\arm-hitex-elf\lib\interwork/libc.a(lib_a-puts.o) (strlen)
C:\Program Files\Hitex\GnuToolPackageArm\bin\..\arm-hitex-elf\lib\interwork/libc.a(lib_a-vfprintf.o)
                              C:\Program Files\Hitex\GnuToolPackageArm\bin\..\arm-hitex-elf\lib\interwork/libc.a(lib_a-printf.o) (_vfprintf_r)
C:\Program Files\Hitex\GnuToolPackageArm\bin\..\arm-hitex-elf\lib\interwork/libc.a(lib_a-vfscanf.o)
                              C:\Program Files\Hitex\GnuToolPackageArm\bin\..\arm-hitex-elf\lib\interwork/libc.a(lib_a-scanf.o) (__svfscanf_r)
C:\Program Files\Hitex\GnuToolPackageArm\bin\..\arm-hitex-elf\lib\interwork/libc.a(lib_a-wcrtomb.o)
                              C:\Program Files\Hitex\GnuToolPackageArm\bin\..\arm-hitex-elf\lib\interwork/libc.a(lib_a-vfprintf.o) (_wcrtomb_r)
C:\Program Files\Hitex\GnuToolPackageArm\bin\..\arm-hitex-elf\lib\interwork/libc.a(lib_a-wcsrtombs.o)
                              C:\Program Files\Hitex\GnuToolPackageArm\bin\..\arm-hitex-elf\lib\interwork/libc.a(lib_a-vfprintf.o) (_wcsrtombs_r)
C:\Program Files\Hitex\GnuToolPackageArm\bin\..\arm-hitex-elf\lib\interwork/libc.a(lib_a-wctomb_r.o)
                              C:\Program Files\Hitex\GnuToolPackageArm\bin\..\arm-hitex-elf\lib\interwork/libc.a(lib_a-wcrtomb.o) (_wctomb_r)
[...]
Memory Configuration

Name             Origin             Length             Attributes
IntCode          0x00000000         0x00080000         xr
IntDataRAM       0x40000000         0x00010000         rw
*default*        0x00000000         0xffffffff

Linker script and memory map

LOAD .\objects\main.o
LOAD .\objects\mp3.o
LOAD .\objects\outline.o
LOAD .\objects\spi.o
LOAD .\objects\startup.o
LOAD .\objects\ConfigStick.o
LOAD .\objects\armVIC.o
LOAD .\objects\delay.o
LOAD .\objects\fio.o
LOAD .\objects\interrupt.o
LOAD .\objects\portlcd.o
LOAD .\objects\syscalls_lpc.o
LOAD .\objects\target_info.o
LOAD .\objects\uart.o
LOAD .\objects\uartISR.o
                0x40010000                PROVIDE (_top_stack_, 0x40010000)
                0x40010000                PROVIDE (_end_of_heap_, 0x40010000)

.text           0x00000000    0x16af8
                0x00000000                __code_start__ = .
 .\objects\startup.o(.text)
 .text          0x00000000      0x214 .\objects\startup.o
                0x00000000                _startup
                0x00000038                ResetEntry
                0x0000004c                start
                0x0000004c                Start_init_s
 *.o(.text)
 .text          0x00000214      0x1fc .\objects\main.o
                0x00000214                main
 .text          0x00000410      0x408 .\objects\mp3.o
                0x000004e4                decode
                0x00000410                initMp3Module
                0x00000758                fillBuffer
                0x000007e0                mp3Cleanup
 .text          0x00000818      0x4a4 .\objects\outline.o
                0x00000818                isr_timer
                0x000009ec                pwmInit
                0x00000b90                initTimer
                0x00000af8                dacInit
 .text          0x00000cbc     0x16f8 .\objects\spi.o
                0x000014f4                spiFlashMemGlobalUnprotect
                0x00001418                spiFlashMemSetWriteEnable
                0x00000f28                eraseChip
                0x000012b8                spiFlashMemWaitReady
                0x00001c28                readSpecs
                0x000019e0                spiFlashMemRead
                0x0000102c                testSpiMem
                0x00001610                spiFlashMemErase
                0x00001e6c                menue
                0x00001174                spiFlashMemReadStatusRegister
                0x00000e38                spiReadBytes
                0x000017d8                spiFlashMemWrite
                0x00000cbc                sspInit
 .text          0x000023b4      0x818 .\objects\ConfigStick.o
                0x00002a58                Check_Hardware
                0x00002960                ADC_get_channel
                0x000023b4                Peripheral_Clock_Configuration
                0x00002414                Power_Configuration
                0x00002b3c                BaseStickConfig
                0x00002934                WDT_Configuration
                0x000024bc                GPIO_Configuration
 .text          0x00002bcc      0x1f4 .\objects\armVIC.o
                0x00002c60                restoreIRQ
                0x00002d80                enableFIQ
                0x00002cf0                disableFIQ
                0x00002cb0                enableIRQ
                0x00002d30                restoreFIQ
                0x00002bcc                disableIRQ
 .text          0x00002dc0      0x144 .\objects\delay.o
                0x00002dc0                delay
                0x00002e98                init_delay
 .text          0x00002f04      0x1b8 .\objects\fio.o
                0x00002f04                GPIOInit
 .text          0x000030bc       0xd8 .\objects\interrupt.o
                0x000030bc                SWI_Handler
                0x00003160                Undef_Handler
                0x0000314c                DAbt_Handler
                0x00003174                FIQ_Handler
                0x00003138                PAbt_Handler
 .text          0x00003194      0x6a8 .\objects\portlcd.o
                0x00003278                lcd_write
                0x00003488                LCD_init
                0x0000356c                LCD_load
                0x00003194                lcd_delay
                0x000033d0                lcd_wait_busy
                0x00003408                lcd_write_cmd
                0x00003738                LCD_puts
                0x00003790                LCD_bargraph
                0x000031cc                lcd_write_4bit
                0x000036b8                LCD_on
                0x000036d8                LCD_putc
                0x00003448                lcd_write_data
                0x000035e4                LCD_gotoxy
                0x000032b0                lcd_read_stat
                0x00003698                LCD_cur_off
                0x0000366c                LCD_cls
 .text          0x0000383c      0x27c .\objects\syscalls_lpc.o
                0x00003a10                _sbrk_r
                0x000038fc                _read_r
                0x0000383c                _write_r
 .text          0x00003ab8      0x180 .\objects\target_info.o
                0x00003b94                GetPclk
                0x00003ab8                GetCclk
 .text          0x00003c38      0xd18 .\objects\uart.o
                0x000045fc                uart2Space
                0x000046f0                uart2Write
                0x000047b4                uart2TxEmpty
                0x0000406c                uart0Write
                0x00003e18                uart0Putch
                0x00003c38                uart0Init
                0x00004170                uart0TxFlush
                0x000047f4                uart2TxFlush
                0x00003ffc                uart0Puts
                0x00004210                uart0Getch
                0x00003f78                uart0Space
                0x000042cc                uart2Init
                0x00004130                uart0TxEmpty
                0x00004894                uart2Getch
                0x0000449c                uart2Putch
                0x00004680                uart2Puts
 .text          0x00004950      0x508 .\objects\uartISR.o
                0x00004bc0                uart2ISR
                0x00004950                uart0ISR
 .text          0x00004e58      0x6a4 lib/libhelix.a(mp3dec.o)
                0x00004e58                MP3FindSyncWord
                0x000054e0                MP3InitDecoder
                0x000054c0                MP3FreeDecoder
                0x00004fa0                MP3GetNextFrameInfo
                0x00004eb8                MP3GetLastFrameInfo
                0x00005004                MP3Decode
 .text          0x000054fc        0x0 lib/libhelix.a(mp3tabs.o)
 .text          0x000054fc      0x91c lib/libhelix.a(scalfact.o)
                0x000054fc                xmp3fixpt_UnpackScaleFactors
 .text          0x00005e18      0x19c lib/libhelix.a(subband.o)
                0x00005e18                xmp3fixpt_Subband
 .text          0x00005fb4        0x0 lib/libhelix.a(trigtabs_fixpt.o)
 .text          0x00005fb4      0x8b8 lib/libhelix.a(asmpoly_gcc.o)
                0x00006520                xmp3fixpt_PolyphaseMono
                0x00005fb4                xmp3fixpt_PolyphaseStereo
 .text          0x0000686c      0x7fc lib/libhelix.a(bitstream.o)
                0x00006cac                xmp3fixpt_UnpackSideInfo
                0x00006884                xmp3fixpt_GetBits
                0x000069b8                xmp3fixpt_CalcBitsUsed
                0x000069d0                xmp3fixpt_CheckPadBit
                0x000069fc                xmp3fixpt_UnpackFrameHeader
                0x0000686c                xmp3fixpt_SetBitstreamPointer
 .text          0x00007068      0x224 lib/libhelix.a(buffers.o)
                0x00007128                xmp3fixpt_AllocateBuffers
                0x0000708c                xmp3fixpt_FreeBuffers
 .text          0x0000728c      0xb74 lib/libhelix.a(dct32.o)
                0x0000728c                xmp3fixpt_FDCT32
 .text          0x00007e00      0x40c lib/libhelix.a(dequant.o)
                0x00007e00                xmp3fixpt_Dequantize
 .text          0x0000820c      0x62c lib/libhelix.a(dqchan.o)
                0x00008448                xmp3fixpt_DequantChannel
 .text          0x00008838      0x9c0 lib/libhelix.a(huffman.o)
                0x00008838                xmp3fixpt_DecodeHuffman
 .text          0x000091f8        0x0 lib/libhelix.a(hufftabs.o)
 .text          0x000091f8     0x176c lib/libhelix.a(imdct.o)
                0x0000956c                xmp3fixpt_IMDCT
 .text          0x0000a964      0x9bc lib/libhelix.a(stproc.o)
                0x0000ae50                xmp3fixpt_IntensityProcMPEG1
                0x0000a964                xmp3fixpt_MidSideProc
                0x0000a9f8                xmp3fixpt_IntensityProcMPEG2
 .text          0x0000b320        0x0 C:\Program Files\Hitex\GnuToolPackageArm\bin\..\arm-hitex-elf\lib\interwork/libc.a(lib_a-impure.o)
 .text          0x0000b320       0x40 C:\Program Files\Hitex\GnuToolPackageArm\bin\..\arm-hitex-elf\lib\interwork/libc.a(lib_a-malloc.o)
                0x0000b340                malloc
                0x0000b320                free
 .text          0x0000b360      0x688 C:\Program Files\Hitex\GnuToolPackageArm\bin\..\arm-hitex-elf\lib\interwork/libc.a(lib_a-mallocr.o)
                0x0000b360                _malloc_r
 .text          0x0000b9e8       0x3c C:\Program Files\Hitex\GnuToolPackageArm\bin\..\arm-hitex-elf\lib\interwork/libc.a(lib_a-memcmp.o)
                0x0000b9e8                memcmp
 .text          0x0000ba24       0x20 C:\Program Files\Hitex\GnuToolPackageArm\bin\..\arm-hitex-elf\lib\interwork/libc.a(lib_a-memcpy.o)
                0x0000ba24                memcpy
 .text          0x0000ba44       0x54 C:\Program Files\Hitex\GnuToolPackageArm\bin\..\arm-hitex-elf\lib\interwork/libc.a(lib_a-memmove.o)
                0x0000ba44                memmove
 .text          0x0000ba98       0x1c C:\Program Files\Hitex\GnuToolPackageArm\bin\..\arm-hitex-elf\lib\interwork/libc.a(lib_a-memset.o)
                0x0000ba98                memset
 .text          0x0000bab4        0x8 C:\Program Files\Hitex\GnuToolPackageArm\bin\..\arm-hitex-elf\lib\interwork/libc.a(lib_a-mlock.o)
                0x0000bab8                __malloc_unlock
                0x0000bab4                __malloc_lock
 .text          0x0000babc       0x74 C:\Program Files\Hitex\GnuToolPackageArm\bin\..\arm-hitex-elf\lib\interwork/libc.a(lib_a-printf.o)
                0x0000babc                printf
                0x0000bafc                _printf_r
 .text          0x0000bb30       0x3c C:\Program Files\Hitex\GnuToolPackageArm\bin\..\arm-hitex-elf\lib\interwork/libc.a(lib_a-putchar.o)
                0x0000bb30                putchar
                0x0000bb58                _putchar_r
 .text          0x0000bb6c       0x88 C:\Program Files\Hitex\GnuToolPackageArm\bin\..\arm-hitex-elf\lib\interwork/libc.a(lib_a-puts.o)
                0x0000bb6c                _puts_r
                0x0000bbe0                puts
 .text          0x0000bbf4       0x4c C:\Program Files\Hitex\GnuToolPackageArm\bin\..\arm-hitex-elf\lib\interwork/libc.a(lib_a-rget.o)
                0x0000bc2c                __srget
                0x0000bbf4                __srget_r
 .text          0x0000bc40       0x74 C:\Program Files\Hitex\GnuToolPackageArm\bin\..\arm-hitex-elf\lib\interwork/libc.a(lib_a-scanf.o)
                0x0000bc40                _scanf_r
                0x0000bc74                scanf
 .text          0x0000bcb4       0x20 C:\Program Files\Hitex\GnuToolPackageArm\bin\..\arm-hitex-elf\lib\interwork/libc.a(lib_a-strlen.o)
                0x0000bcb4                strlen
 .text          0x0000bcd4     0x1da0 C:\Program Files\Hitex\GnuToolPackageArm\bin\..\arm-hitex-elf\lib\interwork/libc.a(lib_a-vfprintf.o)
                0x0000bd10                _vfprintf_r
                0x0000da48                vfprintf
 .text          0x0000da74     0x1114 C:\Program Files\Hitex\GnuToolPackageArm\bin\..\arm-hitex-elf\lib\interwork/libc.a(lib_a-vfscanf.o)
                0x0000ead0                __svfscanf
                0x0000eafc                _vfscanf_r
                0x0000eb38                vfscanf
                0x0000da74                __svfscanf_r
 .text          0x0000eb88       0x78 C:\Program Files\Hitex\GnuToolPackageArm\bin\..\arm-hitex-elf\lib\interwork/libc.a(lib_a-wcrtomb.o)
                0x0000eb88                _wcrtomb_r
                0x0000ebd4                wcrtomb
 .text          0x0000ec00      0x14c C:\Program Files\Hitex\GnuToolPackageArm\bin\..\arm-hitex-elf\lib\interwork/libc.a(lib_a-wcsrtombs.o)
                0x0000ec00                _wcsrtombs_r
                0x0000ed0c                wcsrtombs
 .text          0x0000ed4c      0x424 C:\Program Files\Hitex\GnuToolPackageArm\bin\..\arm-hitex-elf\lib\interwork/libc.a(lib_a-wctomb_r.o)
                0x0000ed4c                _wctomb_r
 .text          0x0000f170       0xf8 C:\Program Files\Hitex\GnuToolPackageArm\bin\..\arm-hitex-elf\lib\interwork/libc.a(lib_a-wsetup.o)
                0x0000f170                __swsetup
 .text          0x0000f268        0x0 C:\Program Files\Hitex\GnuToolPackageArm\bin\..\arm-hitex-elf\lib\interwork/libc.a(lib_a-ctype_.o)
 .text          0x0000f268     0x14fc C:\Program Files\Hitex\GnuToolPackageArm\bin\..\arm-hitex-elf\lib\interwork/libc.a(lib_a-dtoa.o)
                0x0000f444                _dtoa_r
 .text          0x00010764      0x19c C:\Program Files\Hitex\GnuToolPackageArm\bin\..\arm-hitex-elf\lib\interwork/libc.a(lib_a-fflush.o)
                0x00010764                fflush
 .text          0x00010900      0x284 C:\Program Files\Hitex\GnuToolPackageArm\bin\..\arm-hitex-elf\lib\interwork/libc.a(lib_a-findfp.o)
                0x0001095c                __sinit
                0x00010a24                __sfmoreglue
                0x00010a14                _cleanup
                0x000109fc                _cleanup_r
                0x00010a98                __fp_lock_all
                0x000109dc                __sfp_lock_acquire
                0x00010abc                __sfp
                0x000109e8                __sinit_lock_release
                0x00010a74                __fp_unlock_all
                0x000109e0                __sfp_lock_release
                0x000109e4                __sinit_lock_acquire
 .text          0x00010b84      0x120 C:\Program Files\Hitex\GnuToolPackageArm\bin\..\arm-hitex-elf\lib\interwork/libc.a(lib_a-fread.o)
                0x00010c64                fread
                0x00010b84                _fread_r
 .text          0x00010ca4      0x35c C:\Program Files\Hitex\GnuToolPackageArm\bin\..\arm-hitex-elf\lib\interwork/libc.a(lib_a-freer.o)
                0x00010da0                _free_r
                0x00010ca4                _malloc_trim_r
 .text          0x00011000      0x3fc C:\Program Files\Hitex\GnuToolPackageArm\bin\..\arm-hitex-elf\lib\interwork/libc.a(lib_a-fvwrite.o)
                0x00011000                __sfvwrite_r
 .text          0x000113fc       0xf4 C:\Program Files\Hitex\GnuToolPackageArm\bin\..\arm-hitex-elf\lib\interwork/libc.a(lib_a-fwalk.o)
                0x00011478                _fwalk
                0x000113fc                _fwalk_reent
 .text          0x000114f0       0x24 C:\Program Files\Hitex\GnuToolPackageArm\bin\..\arm-hitex-elf\lib\interwork/libc.a(lib_a-iswspace.o)
                0x000114f0                iswspace
 .text          0x00011514       0xa8 C:\Program Files\Hitex\GnuToolPackageArm\bin\..\arm-hitex-elf\lib\interwork/libc.a(lib_a-locale.o)
                0x00011530                _setlocale_r
                0x00011514                __locale_charset
                0x00011524                _localeconv_r
                0x00011594                setlocale
                0x000115b0                localeconv
 .text          0x000115bc      0x154 C:\Program Files\Hitex\GnuToolPackageArm\bin\..\arm-hitex-elf\lib\interwork/libc.a(lib_a-makebuf.o)
                0x000115bc                __smakebuf
 .text          0x00011710       0x98 C:\Program Files\Hitex\GnuToolPackageArm\bin\..\arm-hitex-elf\lib\interwork/libc.a(lib_a-mbrtowc.o)
                0x00011768                mbrtowc
                0x00011710                _mbrtowc_r
 .text          0x000117a8       0x50 C:\Program Files\Hitex\GnuToolPackageArm\bin\..\arm-hitex-elf\lib\interwork/libc.a(lib_a-mbtowc_r.o)
                0x000117a8                _mbtowc_r
 .text          0x000117f8       0x28 C:\Program Files\Hitex\GnuToolPackageArm\bin\..\arm-hitex-elf\lib\interwork/libc.a(lib_a-memchr.o)
                0x000117f8                memchr
 .text          0x00011820      0xc00 C:\Program Files\Hitex\GnuToolPackageArm\bin\..\arm-hitex-elf\lib\interwork/libc.a(lib_a-mprec.o)
                0x00011b14                _mprec_log10
                0x00011bc8                __any_on
                0x00011c30                _Balloc
                0x00011a98                __ratio
                0x00012174                __i2b
                0x000119e4                __b2d
                0x0001233c                __s2b
                0x00011924                __mcmp
                0x0001183c                __hi0bits
                0x00012260                __pow5mult
                0x00011efc                __lshift
                0x00011fdc                __multiply
                0x00011cc4                __d2b
                0x00011b80                __copybits
                0x00011984                __ulp
                0x00011dd8                __mdiff
                0x00011894                __lo0bits
                0x00012198                __multadd
                0x00011820                _Bfree
 .text          0x00012420       0xb4 C:\Program Files\Hitex\GnuToolPackageArm\bin\..\arm-hitex-elf\lib\interwork/libc.a(lib_a-putc.o)
                0x00012420                _putc_r
                0x000124b8                putc
 .text          0x000124d4      0x4d4 C:\Program Files\Hitex\GnuToolPackageArm\bin\..\arm-hitex-elf\lib\interwork/libc.a(lib_a-reallocr.o)
                0x000124d4                _realloc_r
 .text          0x000129a8      0x1b8 C:\Program Files\Hitex\GnuToolPackageArm\bin\..\arm-hitex-elf\lib\interwork/libc.a(lib_a-refill.o)
                0x000129d4                __srefill_r
 .text          0x00012b60       0x2c C:\Program Files\Hitex\GnuToolPackageArm\bin\..\arm-hitex-elf\lib\interwork/libc.a(lib_a-s_isinfd.o)
                0x00012b60                __isinfd
 .text          0x00012b8c       0x20 C:\Program Files\Hitex\GnuToolPackageArm\bin\..\arm-hitex-elf\lib\interwork/libc.a(lib_a-s_isnand.o)
                0x00012b8c                __isnand
 .text          0x00012bac       0xcc C:\Program Files\Hitex\GnuToolPackageArm\bin\..\arm-hitex-elf\lib\interwork/libc.a(lib_a-sccl.o)
                0x00012bac                __sccl
 .text          0x00012c78        0xc C:\Program Files\Hitex\GnuToolPackageArm\bin\..\arm-hitex-elf\lib\interwork/libc.a(lib_a-sf_nan.o)
                0x00012c78                nanf
 .text          0x00012c84       0xdc C:\Program Files\Hitex\GnuToolPackageArm\bin\..\arm-hitex-elf\lib\interwork/libc.a(lib_a-sprintf.o)
                0x00012cf8                _sprintf_r
                0x00012c84                sprintf
 .text          0x00012d60      0x110 C:\Program Files\Hitex\GnuToolPackageArm\bin\..\arm-hitex-elf\lib\interwork/libc.a(lib_a-stdio.o)
                0x00012d80                __sseek
                0x00012e28                __sread
                0x00012d60                __sclose
                0x00012dc8                __swrite
 .text          0x00012e70       0x30 C:\Program Files\Hitex\GnuToolPackageArm\bin\..\arm-hitex-elf\lib\interwork/libc.a(lib_a-strcmp.o)
                0x00012e70                strcmp
 .text          0x00012ea0     0x12d0 C:\Program Files\Hitex\GnuToolPackageArm\bin\..\arm-hitex-elf\lib\interwork/libc.a(lib_a-strtod.o)
                0x00012eec                _strtod_r
                0x00014154                strtod
                0x00014100                strtof
 .text          0x00014170      0x1c4 C:\Program Files\Hitex\GnuToolPackageArm\bin\..\arm-hitex-elf\lib\interwork/libc.a(lib_a-strtol.o)
                0x00014308                strtol
                0x00014170                _strtol_r
 .text          0x00014334      0x1a4 C:\Program Files\Hitex\GnuToolPackageArm\bin\..\arm-hitex-elf\lib\interwork/libc.a(lib_a-strtoul.o)
                0x000144ac                strtoul
                0x00014334                _strtoul_r
 .text          0x000144d8      0x5e4 C:\Program Files\Hitex\GnuToolPackageArm\bin\..\arm-hitex-elf\lib\interwork/libc.a(lib_a-syscalls.o)
                0x0001459c                _getpid
                0x00014508                initialise_monitor_handles
                0x00014610                isatty
                0x0001478c                _fstat
                0x0001476c                _open
                0x00014660                _sbrk
                0x000145b4                _raise
                0x000145e4                _times
                0x00014864                _stat
                0x00014a0c                _lseek
                0x000145a4                _link
                0x000148c8                _swiwrite
                0x00014620                _rename
                0x00014968                _swilseek
                0x00014830                _swiclose
                0x000146d0                _swiopen
                0x000145ac                _unlink
                0x000148f4                _write
                0x00014594                _kill
                0x000145b8                _gettimeofday
                0x00014a48                _read
                0x00014ab4                _exit
                0x0001463c                _system
                0x00014a1c                _swiread
                0x000148b8                _close
 .text          0x00014abc      0x228 C:\Program Files\Hitex\GnuToolPackageArm\bin\..\arm-hitex-elf\lib\interwork/libc.a(lib_a-ungetc.o)
                0x00014cc8                ungetc
                0x00014abc                __submore
                0x00014b70                _ungetc_r
 .text          0x00014ce4      0x114 C:\Program Files\Hitex\GnuToolPackageArm\bin\..\arm-hitex-elf\lib\interwork/libc.a(lib_a-wbuf.o)
                0x00014ce4                __swbuf_r
                0x00014ddc                __swbuf
 .text          0x00014df8       0x9c C:\Program Files\Hitex\GnuToolPackageArm\bin\..\arm-hitex-elf\lib\interwork/libc.a(lib_a-callocr.o)
                0x00014df8                _calloc_r
 .text          0x00014e94       0x3c C:\Program Files\Hitex\GnuToolPackageArm\bin\..\arm-hitex-elf\lib\interwork/libc.a(lib_a-closer.o)
                0x00014e94                _close_r
 .text          0x00014ed0       0x10 C:\Program Files\Hitex\GnuToolPackageArm\bin\..\arm-hitex-elf\lib\interwork/libc.a(lib_a-errno.o)
                0x00014ed0                __errno
 .text          0x00014ee0       0xf4 C:\Program Files\Hitex\GnuToolPackageArm\bin\..\arm-hitex-elf\lib\interwork/libc.a(lib_a-fclose.o)
                0x00014ee0                _fclose_r
                0x00014fc0                fclose
 .text          0x00014fd4       0x40 C:\Program Files\Hitex\GnuToolPackageArm\bin\..\arm-hitex-elf\lib\interwork/libc.a(lib_a-fstatr.o)
                0x00014fd4                _fstat_r
 .text          0x00015014      0x764 C:\Program Files\Hitex\GnuToolPackageArm\bin\..\arm-hitex-elf\lib\interwork/libc.a(lib_a-gdtoa-gethex.o)
                0x00015048                __hexdig_init
                0x00015134                __gethex
 .text          0x00015778      0x240 C:\Program Files\Hitex\GnuToolPackageArm\bin\..\arm-hitex-elf\lib\interwork/libc.a(lib_a-gdtoa-hexnan.o)
                0x000157b0                __hexnan
 .text          0x000159b8       0x44 C:\Program Files\Hitex\GnuToolPackageArm\bin\..\arm-hitex-elf\lib\interwork/libc.a(lib_a-lseekr.o)
                0x000159b8                _lseek_r
 .text          0x000159fc      0x18c C:\Program Files\Hitex\GnuToolPackageArm\bin\..\arm-hitex-elf\lib\interwork/libc.a(lib_a-reent.o)
                0x00015a6c                cleanup_glue
                0x00015a98                _reclaim_reent
                0x000159fc                _wrapup_reent
 .text          0x00015b88      0x114 C:\Program Files\Hitex\GnuToolPackageArm\bin\..\lib\gcc\arm-hitex-elf\4.1.1\interwork/libgcc.a(_udivsi3.o)
                0x00015b88                __udivsi3
                0x00015b88                __aeabi_uidiv
                0x00015c84                __aeabi_uidivmod
 .text          0x00015c9c      0x144 C:\Program Files\Hitex\GnuToolPackageArm\bin\..\lib\gcc\arm-hitex-elf\4.1.1\interwork/libgcc.a(_divsi3.o)
                0x00015c9c                __aeabi_idiv
                0x00015c9c                __divsi3
                0x00015dc8                __aeabi_idivmod
 .text          0x00015de0       0xd0 C:\Program Files\Hitex\GnuToolPackageArm\bin\..\lib\gcc\arm-hitex-elf\4.1.1\interwork/libgcc.a(_umodsi3.o)
                0x00015de0                __umodsi3
 .text          0x00015eb0       0xe8 C:\Program Files\Hitex\GnuToolPackageArm\bin\..\lib\gcc\arm-hitex-elf\4.1.1\interwork/libgcc.a(_modsi3.o)
                0x00015eb0                __modsi3
 .text          0x00015f98        0x4 C:\Program Files\Hitex\GnuToolPackageArm\bin\..\lib\gcc\arm-hitex-elf\4.1.1\interwork/libgcc.a(_dvmd_tls.o)
                0x00015f98                __aeabi_ldiv0
                0x00015f98                __div0
                0x00015f98                __aeabi_idiv0
 .text          0x00015f9c      0x430 C:\Program Files\Hitex\GnuToolPackageArm\bin\..\lib\gcc\arm-hitex-elf\4.1.1\interwork/libgcc.a(_addsubdf3.o)
                0x00016360                __floatdidf
                0x000162e0                __floatsidf
                0x000162b8                __aeabi_ui2d
                0x00015f9c                __aeabi_drsub
                0x0001630c                __extendsfdf2
                0x00015fa8                __adddf3
                0x000162b8                __floatunsidf
                0x00015fa8                __aeabi_dadd
                0x0001634c                __aeabi_ul2d
                0x00015fa4                __aeabi_dsub
                0x0001634c                __floatundidf
                0x000162e0                __aeabi_i2d
                0x00016360                __aeabi_l2d
                0x0001630c                __aeabi_f2d
                0x00015fa4                __subdf3
 .text          0x000163cc      0x49c C:\Program Files\Hitex\GnuToolPackageArm\bin\..\lib\gcc\arm-hitex-elf\4.1.1\interwork/libgcc.a(_muldivdf3.o)
                0x0001665c                __aeabi_ddiv
                0x000163cc                __aeabi_dmul
                0x0001665c                __divdf3
                0x000163cc                __muldf3
 .text          0x00016868      0x140 C:\Program Files\Hitex\GnuToolPackageArm\bin\..\lib\gcc\arm-hitex-elf\4.1.1\interwork/libgcc.a(_cmpdf2.o)
                0x00016960                __aeabi_dcmple
                0x00016878                __cmpdf2
                0x00016878                __eqdf2
                0x00016868                __gtdf2
                0x00016918                __aeabi_cdcmple
                0x000168fc                __aeabi_cdrcmple
                0x00016870                __ltdf2
                0x00016948                __aeabi_dcmplt
                0x00016870                __ledf2
                0x00016990                __aeabi_dcmpgt
                0x00016978                __aeabi_dcmpge
                0x00016878                __nedf2
                0x00016930                __aeabi_dcmpeq
                0x00016918                __aeabi_cdcmpeq
                0x00016868                __gedf2
 .text          0x000169a8       0x5c C:\Program Files\Hitex\GnuToolPackageArm\bin\..\lib\gcc\arm-hitex-elf\4.1.1\interwork/libgcc.a(_fixdfsi.o)
                0x000169a8                __fixdfsi
                0x000169a8                __aeabi_d2iz
 .text          0x00016a04       0x54 C:\Program Files\Hitex\GnuToolPackageArm\bin\..\lib\gcc\arm-hitex-elf\4.1.1\interwork/libgcc.a(_fixunsdfsi.o)
                0x00016a04                __fixunsdfsi
                0x00016a04                __aeabi_d2uiz
 .text          0x00016a58       0xa0 C:\Program Files\Hitex\GnuToolPackageArm\bin\..\lib\gcc\arm-hitex-elf\4.1.1\interwork/libgcc.a(_truncdfsf2.o)
                0x00016a58                __aeabi_d2f
                0x00016a58                __truncdfsf2
                0x00016af8                . = ALIGN (0x4)
                0x00016af8                __code_end__ = .
 *(.gnu.linkonce.t.*)
 *(.glue_7)
 .glue_7        0x00016af8        0x0 .\objects\main.o
 .glue_7        0x00016af8        0x0 .\objects\mp3.o
 .glue_7        0x00016af8        0x0 .\objects\outline.o
 .glue_7        0x00016af8        0x0 .\objects\spi.o
 .glue_7        0x00016af8        0x0 .\objects\startup.o
 .glue_7        0x00016af8        0x0 .\objects\ConfigStick.o
 .glue_7        0x00016af8        0x0 .\objects\armVIC.o
 .glue_7        0x00016af8        0x0 .\objects\delay.o
 .glue_7        0x00016af8        0x0 .\objects\fio.o
 .glue_7        0x00016af8        0x0 .\objects\interrupt.o
 .glue_7        0x00016af8        0x0 .\objects\portlcd.o
 .glue_7        0x00016af8        0x0 .\objects\syscalls_lpc.o
 .glue_7        0x00016af8        0x0 .\objects\target_info.o
 .glue_7        0x00016af8        0x0 .\objects\uart.o
 .glue_7        0x00016af8        0x0 .\objects\uartISR.o
 .glue_7        0x00016af8        0x0 lib/libhelix.a(mp3dec.o)
 .glue_7        0x00016af8        0x0 lib/libhelix.a(mp3tabs.o)
 .glue_7        0x00016af8        0x0 lib/libhelix.a(scalfact.o)
 .glue_7        0x00016af8        0x0 lib/libhelix.a(subband.o)
 .glue_7        0x00016af8        0x0 lib/libhelix.a(trigtabs_fixpt.o)
 .glue_7        0x00016af8        0x0 lib/libhelix.a(asmpoly_gcc.o)
 .glue_7        0x00016af8        0x0 lib/libhelix.a(bitstream.o)
 .glue_7        0x00016af8        0x0 lib/libhelix.a(buffers.o)
 .glue_7        0x00016af8        0x0 lib/libhelix.a(dct32.o)
 .glue_7        0x00016af8        0x0 lib/libhelix.a(dequant.o)
 .glue_7        0x00016af8        0x0 lib/libhelix.a(dqchan.o)
 .glue_7        0x00016af8        0x0 lib/libhelix.a(huffman.o)
 .glue_7        0x00016af8        0x0 lib/libhelix.a(hufftabs.o)
 .glue_7        0x00016af8        0x0 lib/libhelix.a(imdct.o)
 .glue_7        0x00016af8        0x0 lib/libhelix.a(stproc.o)
 .glue_7        0x00016af8        0x0 C:\Program Files\Hitex\GnuToolPackageArm\bin\..\arm-hitex-elf\lib\interwork/libc.a(lib_a-impure.o)
 .glue_7        0x00016af8        0x0 C:\Program Files\Hitex\GnuToolPackageArm\bin\..\arm-hitex-elf\lib\interwork/libc.a(lib_a-malloc.o)
 .glue_7        0x00016af8        0x0 C:\Program Files\Hitex\GnuToolPackageArm\bin\..\arm-hitex-elf\lib\interwork/libc.a(lib_a-mallocr.o)
 .glue_7        0x00016af8        0x0 C:\Program Files\Hitex\GnuToolPackageArm\bin\..\arm-hitex-elf\lib\interwork/libc.a(lib_a-memcmp.o)
 .glue_7        0x00016af8        0x0 C:\Program Files\Hitex\GnuToolPackageArm\bin\..\arm-hitex-elf\lib\interwork/libc.a(lib_a-memcpy.o)
 .glue_7        0x00016af8        0x0 C:\Program Files\Hitex\GnuToolPackageArm\bin\..\arm-hitex-elf\lib\interwork/libc.a(lib_a-memmove.o)
 .glue_7        0x00016af8        0x0 C:\Program Files\Hitex\GnuToolPackageArm\bin\..\arm-hitex-elf\lib\interwork/libc.a(lib_a-memset.o)
 .glue_7        0x00016af8        0x0 C:\Program Files\Hitex\GnuToolPackageArm\bin\..\arm-hitex-elf\lib\interwork/libc.a(lib_a-mlock.o)
 .glue_7        0x00016af8        0x0 C:\Program Files\Hitex\GnuToolPackageArm\bin\..\arm-hitex-elf\lib\interwork/libc.a(lib_a-printf.o)
 .glue_7        0x00016af8        0x0 C:\Program Files\Hitex\GnuToolPackageArm\bin\..\arm-hitex-elf\lib\interwork/libc.a(lib_a-putchar.o)
 .glue_7        0x00016af8        0x0 C:\Program Files\Hitex\GnuToolPackageArm\bin\..\arm-hitex-elf\lib\interwork/libc.a(lib_a-puts.o)
 .glue_7        0x00016af8        0x0 C:\Program Files\Hitex\GnuToolPackageArm\bin\..\arm-hitex-elf\lib\interwork/libc.a(lib_a-rget.o)
 .glue_7        0x00016af8        0x0 C:\Program Files\Hitex\GnuToolPackageArm\bin\..\arm-hitex-elf\lib\interwork/libc.a(lib_a-scanf.o)
 .glue_7        0x00016af8        0x0 C:\Program Files\Hitex\GnuToolPackageArm\bin\..\arm-hitex-elf\lib\interwork/libc.a(lib_a-strlen.o)
 .glue_7        0x00016af8        0x0 C:\Program Files\Hitex\GnuToolPackageArm\bin\..\arm-hitex-elf\lib\interwork/libc.a(lib_a-vfprintf.o)
 .glue_7        0x00016af8        0x0 C:\Program Files\Hitex\GnuToolPackageArm\bin\..\arm-hitex-elf\lib\interwork/libc.a(lib_a-vfscanf.o)
 .glue_7        0x00016af8        0x0 C:\Program Files\Hitex\GnuToolPackageArm\bin\..\arm-hitex-elf\lib\interwork/libc.a(lib_a-wcrtomb.o)
 .glue_7        0x00016af8        0x0 C:\Program Files\Hitex\GnuToolPackageArm\bin\..\arm-hitex-elf\lib\interwork/libc.a(lib_a-wcsrtombs.o)
 .glue_7        0x00016af8        0x0 C:\Program Files\Hitex\GnuToolPackageArm\bin\..\arm-hitex-elf\lib\interwork/libc.a(lib_a-wctomb_r.o)
 .glue_7        0x00016af8        0x0 C:\Program Files\Hitex\GnuToolPackageArm\bin\..\arm-hitex-elf\lib\interwork/libc.a(lib_a-wsetup.o)
 .glue_7        0x00016af8        0x0 C:\Program Files\Hitex\GnuToolPackageArm\bin\..\arm-hitex-elf\lib\interwork/libc.a(lib_a-ctype_.o)
 .glue_7        0x00016af8        0x0 C:\Program Files\Hitex\GnuToolPackageArm\bin\..\arm-hitex-elf\lib\interwork/libc.a(lib_a-dtoa.o)
 .glue_7        0x00016af8        0x0 C:\Program Files\Hitex\GnuToolPackageArm\bin\..\arm-hitex-elf\lib\interwork/libc.a(lib_a-fflush.o)
 .glue_7        0x00016af8        0x0 C:\Program Files\Hitex\GnuToolPackageArm\bin\..\arm-hitex-elf\lib\interwork/libc.a(lib_a-findfp.o)
 .glue_7        0x00016af8        0x0 C:\Program Files\Hitex\GnuToolPackageArm\bin\..\arm-hitex-elf\lib\interwork/libc.a(lib_a-fread.o)
 .glue_7        0x00016af8        0x0 C:\Program Files\Hitex\GnuToolPackageArm\bin\..\arm-hitex-elf\lib\interwork/libc.a(lib_a-freer.o)
 .glue_7        0x00016af8        0x0 C:\Program Files\Hitex\GnuToolPackageArm\bin\..\arm-hitex-elf\lib\interwork/libc.a(lib_a-fvwrite.o)
 .glue_7        0x00016af8        0x0 C:\Program Files\Hitex\GnuToolPackageArm\bin\..\arm-hitex-elf\lib\interwork/libc.a(lib_a-fwalk.o)
 .glue_7        0x00016af8        0x0 C:\Program Files\Hitex\GnuToolPackageArm\bin\..\arm-hitex-elf\lib\interwork/libc.a(lib_a-iswspace.o)
 .glue_7        0x00016af8        0x0 C:\Program Files\Hitex\GnuToolPackageArm\bin\..\arm-hitex-elf\lib\interwork/libc.a(lib_a-locale.o)
 .glue_7        0x00016af8        0x0 C:\Program Files\Hitex\GnuToolPackageArm\bin\..\arm-hitex-elf\lib\interwork/libc.a(lib_a-makebuf.o)
 .glue_7        0x00016af8        0x0 C:\Program Files\Hitex\GnuToolPackageArm\bin\..\arm-hitex-elf\lib\interwork/libc.a(lib_a-mbrtowc.o)
 .glue_7        0x00016af8        0x0 C:\Program Files\Hitex\GnuToolPackageArm\bin\..\arm-hitex-elf\lib\interwork/libc.a(lib_a-mbtowc_r.o)
 .glue_7        0x00016af8        0x0 C:\Program Files\Hitex\GnuToolPackageArm\bin\..\arm-hitex-elf\lib\interwork/libc.a(lib_a-memchr.o)
 .glue_7        0x00016af8        0x0 C:\Program Files\Hitex\GnuToolPackageArm\bin\..\arm-hitex-elf\lib\interwork/libc.a(lib_a-mprec.o)
 .glue_7        0x00016af8        0x0 C:\Program Files\Hitex\GnuToolPackageArm\bin\..\arm-hitex-elf\lib\interwork/libc.a(lib_a-putc.o)
 .glue_7        0x00016af8        0x0 C:\Program Files\Hitex\GnuToolPackageArm\bin\..\arm-hitex-elf\lib\interwork/libc.a(lib_a-reallocr.o)
 .glue_7        0x00016af8        0x0 C:\Program Files\Hitex\GnuToolPackageArm\bin\..\arm-hitex-elf\lib\interwork/libc.a(lib_a-refill.o)
 .glue_7        0x00016af8        0x0 C:\Program Files\Hitex\GnuToolPackageArm\bin\..\arm-hitex-elf\lib\interwork/libc.a(lib_a-s_isinfd.o)
 .glue_7        0x00016af8        0x0 C:\Program Files\Hitex\GnuToolPackageArm\bin\..\arm-hitex-elf\lib\interwork/libc.a(lib_a-s_isnand.o)
 .glue_7        0x00016af8        0x0 C:\Program Files\Hitex\GnuToolPackageArm\bin\..\arm-hitex-elf\lib\interwork/libc.a(lib_a-sccl.o)
 .glue_7        0x00016af8        0x0 C:\Program Files\Hitex\GnuToolPackageArm\bin\..\arm-hitex-elf\lib\interwork/libc.a(lib_a-sf_nan.o)
 .glue_7        0x00016af8        0x0 C:\Program Files\Hitex\GnuToolPackageArm\bin\..\arm-hitex-elf\lib\interwork/libc.a(lib_a-sprintf.o)
 .glue_7        0x00016af8        0x0 C:\Program Files\Hitex\GnuToolPackageArm\bin\..\arm-hitex-elf\lib\interwork/libc.a(lib_a-stdio.o)
 .glue_7        0x00016af8        0x0 C:\Program Files\Hitex\GnuToolPackageArm\bin\..\arm-hitex-elf\lib\interwork/libc.a(lib_a-strcmp.o)
 .glue_7        0x00016af8        0x0 C:\Program Files\Hitex\GnuToolPackageArm\bin\..\arm-hitex-elf\lib\interwork/libc.a(lib_a-strtod.o)
 .glue_7        0x00016af8        0x0 C:\Program Files\Hitex\GnuToolPackageArm\bin\..\arm-hitex-elf\lib\interwork/libc.a(lib_a-strtol.o)
 .glue_7        0x00016af8        0x0 C:\Program Files\Hitex\GnuToolPackageArm\bin\..\arm-hitex-elf\lib\interwork/libc.a(lib_a-strtoul.o)
 .glue_7        0x00016af8        0x0 C:\Program Files\Hitex\GnuToolPackageArm\bin\..\arm-hitex-elf\lib\interwork/libc.a(lib_a-syscalls.o)
 .glue_7        0x00016af8        0x0 C:\Program Files\Hitex\GnuToolPackageArm\bin\..\arm-hitex-elf\lib\interwork/libc.a(lib_a-ungetc.o)
 .glue_7        0x00016af8        0x0 C:\Program Files\Hitex\GnuToolPackageArm\bin\..\arm-hitex-elf\lib\interwork/libc.a(lib_a-wbuf.o)
 .glue_7        0x00016af8        0x0 C:\Program Files\Hitex\GnuToolPackageArm\bin\..\arm-hitex-elf\lib\interwork/libc.a(lib_a-callocr.o)
 .glue_7        0x00016af8        0x0 C:\Program Files\Hitex\GnuToolPackageArm\bin\..\arm-hitex-elf\lib\interwork/libc.a(lib_a-closer.o)
 .glue_7        0x00016af8        0x0 C:\Program Files\Hitex\GnuToolPackageArm\bin\..\arm-hitex-elf\lib\interwork/libc.a(lib_a-errno.o)
 .glue_7        0x00016af8        0x0 C:\Program Files\Hitex\GnuToolPackageArm\bin\..\arm-hitex-elf\lib\interwork/libc.a(lib_a-fclose.o)
 .glue_7        0x00016af8        0x0 C:\Program Files\Hitex\GnuToolPackageArm\bin\..\arm-hitex-elf\lib\interwork/libc.a(lib_a-fstatr.o)
 .glue_7        0x00016af8        0x0 C:\Program Files\Hitex\GnuToolPackageArm\bin\..\arm-hitex-elf\lib\interwork/libc.a(lib_a-gdtoa-gethex.o)
 .glue_7        0x00016af8        0x0 C:\Program Files\Hitex\GnuToolPackageArm\bin\..\arm-hitex-elf\lib\interwork/libc.a(lib_a-gdtoa-hexnan.o)
 .glue_7        0x00016af8        0x0 C:\Program Files\Hitex\GnuToolPackageArm\bin\..\arm-hitex-elf\lib\interwork/libc.a(lib_a-lseekr.o)
 .glue_7        0x00016af8        0x0 C:\Program Files\Hitex\GnuToolPackageArm\bin\..\arm-hitex-elf\lib\interwork/libc.a(lib_a-reent.o)
 .glue_7        0x00016af8        0x0 C:\Program Files\Hitex\GnuToolPackageArm\bin\..\lib\gcc\arm-hitex-elf\4.1.1\interwork/libgcc.a(_udivsi3.o)
 .glue_7        0x00016af8        0x0 C:\Program Files\Hitex\GnuToolPackageArm\bin\..\lib\gcc\arm-hitex-elf\4.1.1\interwork/libgcc.a(_divsi3.o)
 .glue_7        0x00016af8        0x0 C:\Program Files\Hitex\GnuToolPackageArm\bin\..\lib\gcc\arm-hitex-elf\4.1.1\interwork/libgcc.a(_umodsi3.o)
 .glue_7        0x00016af8        0x0 C:\Program Files\Hitex\GnuToolPackageArm\bin\..\lib\gcc\arm-hitex-elf\4.1.1\interwork/libgcc.a(_modsi3.o)
 .glue_7        0x00016af8        0x0 C:\Program Files\Hitex\GnuToolPackageArm\bin\..\lib\gcc\arm-hitex-elf\4.1.1\interwork/libgcc.a(_dvmd_tls.o)
 .glue_7        0x00016af8        0x0 C:\Program Files\Hitex\GnuToolPackageArm\bin\..\lib\gcc\arm-hitex-elf\4.1.1\interwork/libgcc.a(_addsubdf3.o)
 .glue_7        0x00016af8        0x0 C:\Program Files\Hitex\GnuToolPackageArm\bin\..\lib\gcc\arm-hitex-elf\4.1.1\interwork/libgcc.a(_muldivdf3.o)
 .glue_7        0x00016af8        0x0 C:\Program Files\Hitex\GnuToolPackageArm\bin\..\lib\gcc\arm-hitex-elf\4.1.1\interwork/libgcc.a(_cmpdf2.o)
 .glue_7        0x00016af8        0x0 C:\Program Files\Hitex\GnuToolPackageArm\bin\..\lib\gcc\arm-hitex-elf\4.1.1\interwork/libgcc.a(_fixdfsi.o)
 .glue_7        0x00016af8        0x0 C:\Program Files\Hitex\GnuToolPackageArm\bin\..\lib\gcc\arm-hitex-elf\4.1.1\interwork/libgcc.a(_fixunsdfsi.o)
 .glue_7        0x00016af8        0x0 C:\Program Files\Hitex\GnuToolPackageArm\bin\..\lib\gcc\arm-hitex-elf\4.1.1\interwork/libgcc.a(_truncdfsf2.o)
 *(.glue_7t)
 .glue_7t       0x00016af8        0x0 .\objects\main.o
 .glue_7t       0x00016af8        0x0 .\objects\mp3.o
 .glue_7t       0x00016af8        0x0 .\objects\outline.o
 .glue_7t       0x00016af8        0x0 .\objects\spi.o
 .glue_7t       0x00016af8        0x0 .\objects\startup.o
 .glue_7t       0x00016af8        0x0 .\objects\ConfigStick.o
 .glue_7t       0x00016af8        0x0 .\objects\armVIC.o
 .glue_7t       0x00016af8        0x0 .\objects\delay.o
 .glue_7t       0x00016af8        0x0 .\objects\fio.o
 .glue_7t       0x00016af8        0x0 .\objects\interrupt.o
 .glue_7t       0x00016af8        0x0 .\objects\portlcd.o
 .glue_7t       0x00016af8        0x0 .\objects\syscalls_lpc.o
 .glue_7t       0x00016af8        0x0 .\objects\target_info.o
 .glue_7t       0x00016af8        0x0 .\objects\uart.o
 .glue_7t       0x00016af8        0x0 .\objects\uartISR.o
 .glue_7t       0x00016af8        0x0 lib/libhelix.a(mp3dec.o)
 .glue_7t       0x00016af8        0x0 lib/libhelix.a(mp3tabs.o)
 .glue_7t       0x00016af8        0x0 lib/libhelix.a(scalfact.o)
 .glue_7t       0x00016af8        0x0 lib/libhelix.a(subband.o)
 .glue_7t       0x00016af8        0x0 lib/libhelix.a(trigtabs_fixpt.o)
 .glue_7t       0x00016af8        0x0 lib/libhelix.a(asmpoly_gcc.o)
 .glue_7t       0x00016af8        0x0 lib/libhelix.a(bitstream.o)
 .glue_7t       0x00016af8        0x0 lib/libhelix.a(buffers.o)
 .glue_7t       0x00016af8        0x0 lib/libhelix.a(dct32.o)
 .glue_7t       0x00016af8        0x0 lib/libhelix.a(dequant.o)
 .glue_7t       0x00016af8        0x0 lib/libhelix.a(dqchan.o)
 .glue_7t       0x00016af8        0x0 lib/libhelix.a(huffman.o)
 .glue_7t       0x00016af8        0x0 lib/libhelix.a(hufftabs.o)
 .glue_7t       0x00016af8        0x0 lib/libhelix.a(imdct.o)
 .glue_7t       0x00016af8        0x0 lib/libhelix.a(stproc.o)
 .glue_7t       0x00016af8        0x0 C:\Program Files\Hitex\GnuToolPackageArm\bin\..\arm-hitex-elf\lib\interwork/libc.a(lib_a-impure.o)
 .glue_7t       0x00016af8        0x0 C:\Program Files\Hitex\GnuToolPackageArm\bin\..\arm-hitex-elf\lib\interwork/libc.a(lib_a-malloc.o)
 .glue_7t       0x00016af8        0x0 C:\Program Files\Hitex\GnuToolPackageArm\bin\..\arm-hitex-elf\lib\interwork/libc.a(lib_a-mallocr.o)
 .glue_7t       0x00016af8        0x0 C:\Program Files\Hitex\GnuToolPackageArm\bin\..\arm-hitex-elf\lib\interwork/libc.a(lib_a-memcmp.o)
 .glue_7t       0x00016af8        0x0 C:\Program Files\Hitex\GnuToolPackageArm\bin\..\arm-hitex-elf\lib\interwork/libc.a(lib_a-memcpy.o)
 .glue_7t       0x00016af8        0x0 C:\Program Files\Hitex\GnuToolPackageArm\bin\..\arm-hitex-elf\lib\interwork/libc.a(lib_a-memmove.o)
 .glue_7t       0x00016af8        0x0 C:\Program Files\Hitex\GnuToolPackageArm\bin\..\arm-hitex-elf\lib\interwork/libc.a(lib_a-memset.o)
 .glue_7t       0x00016af8        0x0 C:\Program Files\Hitex\GnuToolPackageArm\bin\..\arm-hitex-elf\lib\interwork/libc.a(lib_a-mlock.o)
 .glue_7t       0x00016af8        0x0 C:\Program Files\Hitex\GnuToolPackageArm\bin\..\arm-hitex-elf\lib\interwork/libc.a(lib_a-printf.o)
 .glue_7t       0x00016af8        0x0 C:\Program Files\Hitex\GnuToolPackageArm\bin\..\arm-hitex-elf\lib\interwork/libc.a(lib_a-putchar.o)
 .glue_7t       0x00016af8        0x0 C:\Program Files\Hitex\GnuToolPackageArm\bin\..\arm-hitex-elf\lib\interwork/libc.a(lib_a-puts.o)
 .glue_7t       0x00016af8        0x0 C:\Program Files\Hitex\GnuToolPackageArm\bin\..\arm-hitex-elf\lib\interwork/libc.a(lib_a-rget.o)
 .glue_7t       0x00016af8        0x0 C:\Program Files\Hitex\GnuToolPackageArm\bin\..\arm-hitex-elf\lib\interwork/libc.a(lib_a-scanf.o)
 .glue_7t       0x00016af8        0x0 C:\Program Files\Hitex\GnuToolPackageArm\bin\..\arm-hitex-elf\lib\interwork/libc.a(lib_a-strlen.o)
 .glue_7t       0x00016af8        0x0 C:\Program Files\Hitex\GnuToolPackageArm\bin\..\arm-hitex-elf\lib\interwork/libc.a(lib_a-vfprintf.o)
 .glue_7t       0x00016af8        0x0 C:\Program Files\Hitex\GnuToolPackageArm\bin\..\arm-hitex-elf\lib\interwork/libc.a(lib_a-vfscanf.o)
 .glue_7t       0x00016af8        0x0 C:\Program Files\Hitex\GnuToolPackageArm\bin\..\arm-hitex-elf\lib\interwork/libc.a(lib_a-wcrtomb.o)
 .glue_7t       0x00016af8        0x0 C:\Program Files\Hitex\GnuToolPackageArm\bin\..\arm-hitex-elf\lib\interwork/libc.a(lib_a-wcsrtombs.o)
 .glue_7t       0x00016af8        0x0 C:\Program Files\Hitex\GnuToolPackageArm\bin\..\arm-hitex-elf\lib\interwork/libc.a(lib_a-wctomb_r.o)
 .glue_7t       0x00016af8        0x0 C:\Program Files\Hitex\GnuToolPackageArm\bin\..\arm-hitex-elf\lib\interwork/libc.a(lib_a-wsetup.o)
 .glue_7t       0x00016af8        0x0 C:\Program Files\Hitex\GnuToolPackageArm\bin\..\arm-hitex-elf\lib\interwork/libc.a(lib_a-ctype_.o)
 .glue_7t       0x00016af8        0x0 C:\Program Files\Hitex\GnuToolPackageArm\bin\..\arm-hitex-elf\lib\interwork/libc.a(lib_a-dtoa.o)
 .glue_7t       0x00016af8        0x0 C:\Program Files\Hitex\GnuToolPackageArm\bin\..\arm-hitex-elf\lib\interwork/libc.a(lib_a-fflush.o)
 .glue_7t       0x00016af8        0x0 C:\Program Files\Hitex\GnuToolPackageArm\bin\..\arm-hitex-elf\lib\interwork/libc.a(lib_a-findfp.o)
 .glue_7t       0x00016af8        0x0 C:\Program Files\Hitex\GnuToolPackageArm\bin\..\arm-hitex-elf\lib\interwork/libc.a(lib_a-fread.o)
 .glue_7t       0x00016af8        0x0 C:\Program Files\Hitex\GnuToolPackageArm\bin\..\arm-hitex-elf\lib\interwork/libc.a(lib_a-freer.o)
 .glue_7t       0x00016af8        0x0 C:\Program Files\Hitex\GnuToolPackageArm\bin\..\arm-hitex-elf\lib\interwork/libc.a(lib_a-fvwrite.o)
 .glue_7t       0x00016af8        0x0 C:\Program Files\Hitex\GnuToolPackageArm\bin\..\arm-hitex-elf\lib\interwork/libc.a(lib_a-fwalk.o)
 .glue_7t       0x00016af8        0x0 C:\Program Files\Hitex\GnuToolPackageArm\bin\..\arm-hitex-elf\lib\interwork/libc.a(lib_a-iswspace.o)
 .glue_7t       0x00016af8        0x0 C:\Program Files\Hitex\GnuToolPackageArm\bin\..\arm-hitex-elf\lib\interwork/libc.a(lib_a-locale.o)
 .glue_7t       0x00016af8        0x0 C:\Program Files\Hitex\GnuToolPackageArm\bin\..\arm-hitex-elf\lib\interwork/libc.a(lib_a-makebuf.o)
 .glue_7t       0x00016af8        0x0 C:\Program Files\Hitex\GnuToolPackageArm\bin\..\arm-hitex-elf\lib\interwork/libc.a(lib_a-mbrtowc.o)
 .glue_7t       0x00016af8        0x0 C:\Program Files\Hitex\GnuToolPackageArm\bin\..\arm-hitex-elf\lib\interwork/libc.a(lib_a-mbtowc_r.o)
 .glue_7t       0x00016af8        0x0 C:\Program Files\Hitex\GnuToolPackageArm\bin\..\arm-hitex-elf\lib\interwork/libc.a(lib_a-memchr.o)
 .glue_7t       0x00016af8        0x0 C:\Program Files\Hitex\GnuToolPackageArm\bin\..\arm-hitex-elf\lib\interwork/libc.a(lib_a-mprec.o)
 .glue_7t       0x00016af8        0x0 C:\Program Files\Hitex\GnuToolPackageArm\bin\..\arm-hitex-elf\lib\interwork/libc.a(lib_a-putc.o)
 .glue_7t       0x00016af8        0x0 C:\Program Files\Hitex\GnuToolPackageArm\bin\..\arm-hitex-elf\lib\interwork/libc.a(lib_a-reallocr.o)
 .glue_7t       0x00016af8        0x0 C:\Program Files\Hitex\GnuToolPackageArm\bin\..\arm-hitex-elf\lib\interwork/libc.a(lib_a-refill.o)
 .glue_7t       0x00016af8        0x0 C:\Program Files\Hitex\GnuToolPackageArm\bin\..\arm-hitex-elf\lib\interwork/libc.a(lib_a-s_isinfd.o)
 .glue_7t       0x00016af8        0x0 C:\Program Files\Hitex\GnuToolPackageArm\bin\..\arm-hitex-elf\lib\interwork/libc.a(lib_a-s_isnand.o)
 .glue_7t       0x00016af8        0x0 C:\Program Files\Hitex\GnuToolPackageArm\bin\..\arm-hitex-elf\lib\interwork/libc.a(lib_a-sccl.o)
 .glue_7t       0x00016af8        0x0 C:\Program Files\Hitex\GnuToolPackageArm\bin\..\arm-hitex-elf\lib\interwork/libc.a(lib_a-sf_nan.o)
 .glue_7t       0x00016af8        0x0 C:\Program Files\Hitex\GnuToolPackageArm\bin\..\arm-hitex-elf\lib\interwork/libc.a(lib_a-sprintf.o)
 .glue_7t       0x00016af8        0x0 C:\Program Files\Hitex\GnuToolPackageArm\bin\..\arm-hitex-elf\lib\interwork/libc.a(lib_a-stdio.o)
 .glue_7t       0x00016af8        0x0 C:\Program Files\Hitex\GnuToolPackageArm\bin\..\arm-hitex-elf\lib\interwork/libc.a(lib_a-strcmp.o)
 .glue_7t       0x00016af8        0x0 C:\Program Files\Hitex\GnuToolPackageArm\bin\..\arm-hitex-elf\lib\interwork/libc.a(lib_a-strtod.o)
 .glue_7t       0x00016af8        0x0 C:\Program Files\Hitex\GnuToolPackageArm\bin\..\arm-hitex-elf\lib\interwork/libc.a(lib_a-strtol.o)
 .glue_7t       0x00016af8        0x0 C:\Program Files\Hitex\GnuToolPackageArm\bin\..\arm-hitex-elf\lib\interwork/libc.a(lib_a-strtoul.o)
 .glue_7t       0x00016af8        0x0 C:\Program Files\Hitex\GnuToolPackageArm\bin\..\arm-hitex-elf\lib\interwork/libc.a(lib_a-syscalls.o)
 .glue_7t       0x00016af8        0x0 C:\Program Files\Hitex\GnuToolPackageArm\bin\..\arm-hitex-elf\lib\interwork/libc.a(lib_a-ungetc.o)
 .glue_7t       0x00016af8        0x0 C:\Program Files\Hitex\GnuToolPackageArm\bin\..\arm-hitex-elf\lib\interwork/libc.a(lib_a-wbuf.o)
 .glue_7t       0x00016af8        0x0 C:\Program Files\Hitex\GnuToolPackageArm\bin\..\arm-hitex-elf\lib\interwork/libc.a(lib_a-callocr.o)
 .glue_7t       0x00016af8        0x0 C:\Program Files\Hitex\GnuToolPackageArm\bin\..\arm-hitex-elf\lib\interwork/libc.a(lib_a-closer.o)
 .glue_7t       0x00016af8        0x0 C:\Program Files\Hitex\GnuToolPackageArm\bin\..\arm-hitex-elf\lib\interwork/libc.a(lib_a-errno.o)
 .glue_7t       0x00016af8        0x0 C:\Program Files\Hitex\GnuToolPackageArm\bin\..\arm-hitex-elf\lib\interwork/libc.a(lib_a-fclose.o)
 .glue_7t       0x00016af8        0x0 C:\Program Files\Hitex\GnuToolPackageArm\bin\..\arm-hitex-elf\lib\interwork/libc.a(lib_a-fstatr.o)
 .glue_7t       0x00016af8        0x0 C:\Program Files\Hitex\GnuToolPackageArm\bin\..\arm-hitex-elf\lib\interwork/libc.a(lib_a-gdtoa-gethex.o)
 .glue_7t       0x00016af8        0x0 C:\Program Files\Hitex\GnuToolPackageArm\bin\..\arm-hitex-elf\lib\interwork/libc.a(lib_a-gdtoa-hexnan.o)
 .glue_7t       0x00016af8        0x0 C:\Program Files\Hitex\GnuToolPackageArm\bin\..\arm-hitex-elf\lib\interwork/libc.a(lib_a-lseekr.o)
 .glue_7t       0x00016af8        0x0 C:\Program Files\Hitex\GnuToolPackageArm\bin\..\arm-hitex-elf\lib\interwork/libc.a(lib_a-reent.o)
 .glue_7t       0x00016af8        0x0 C:\Program Files\Hitex\GnuToolPackageArm\bin\..\lib\gcc\arm-hitex-elf\4.1.1\interwork/libgcc.a(_udivsi3.o)
 .glue_7t       0x00016af8        0x0 C:\Program Files\Hitex\GnuToolPackageArm\bin\..\lib\gcc\arm-hitex-elf\4.1.1\interwork/libgcc.a(_divsi3.o)
 .glue_7t       0x00016af8        0x0 C:\Program Files\Hitex\GnuToolPackageArm\bin\..\lib\gcc\arm-hitex-elf\4.1.1\interwork/libgcc.a(_umodsi3.o)
 .glue_7t       0x00016af8        0x0 C:\Program Files\Hitex\GnuToolPackageArm\bin\..\lib\gcc\arm-hitex-elf\4.1.1\interwork/libgcc.a(_modsi3.o)
 .glue_7t       0x00016af8        0x0 C:\Program Files\Hitex\GnuToolPackageArm\bin\..\lib\gcc\arm-hitex-elf\4.1.1\interwork/libgcc.a(_dvmd_tls.o)
 .glue_7t       0x00016af8        0x0 C:\Program Files\Hitex\GnuToolPackageArm\bin\..\lib\gcc\arm-hitex-elf\4.1.1\interwork/libgcc.a(_addsubdf3.o)
 .glue_7t       0x00016af8        0x0 C:\Program Files\Hitex\GnuToolPackageArm\bin\..\lib\gcc\arm-hitex-elf\4.1.1\interwork/libgcc.a(_muldivdf3.o)
 .glue_7t       0x00016af8        0x0 C:\Program Files\Hitex\GnuToolPackageArm\bin\..\lib\gcc\arm-hitex-elf\4.1.1\interwork/libgcc.a(_cmpdf2.o)
 .glue_7t       0x00016af8        0x0 C:\Program Files\Hitex\GnuToolPackageArm\bin\..\lib\gcc\arm-hitex-elf\4.1.1\interwork/libgcc.a(_fixdfsi.o)
 .glue_7t       0x00016af8        0x0 C:\Program Files\Hitex\GnuToolPackageArm\bin\..\lib\gcc\arm-hitex-elf\4.1.1\interwork/libgcc.a(_fixunsdfsi.o)
 .glue_7t       0x00016af8        0x0 C:\Program Files\Hitex\GnuToolPackageArm\bin\..\lib\gcc\arm-hitex-elf\4.1.1\interwork/libgcc.a(_truncdfsf2.o)
 *(.gcc_except_table)
 *(.gnu.linkonce.r.*)
                0x00016af8                . = ALIGN (0x4)

.rodata         0x00016af8     0x3e20
 *(.rodata)
 .rodata        0x00016af8       0x78 .\objects\main.o
 .rodata        0x00016b70       0xc0 .\objects\mp3.o
 .rodata        0x00016c30      0x57c .\objects\spi.o
 .rodata        0x000171ac       0x40 .\objects\portlcd.o
 .rodata        0x000171ec      0x510 lib/libhelix.a(mp3tabs.o)
                0x00017210                xmp3fixpt_bitrateTab
                0x00017342                xmp3fixpt_slotTab
                0x0001731e                xmp3fixpt_samplesPerFrameTab
                0x000171ec                xmp3fixpt_samplerateTab
                0x00017330                xmp3fixpt_bitsPerSlotTab
                0x00017450                xmp3fixpt_sfBandTable
                0x00017336                xmp3fixpt_sideBytesTab
 .rodata        0x000176fc       0x68 lib/libhelix.a(scalfact.o)
 .rodata        0x00017764      0x86c lib/libhelix.a(trigtabs_fixpt.o)
                0x000179a4                xmp3fixpt_ISFMpeg1
                0x00017adc                xmp3fixpt_ISFIIP
                0x00017b34                xmp3fixpt_coef32
                0x000179dc                xmp3fixpt_ISFMpeg2
                0x00017aec                xmp3fixpt_uniqueIDTab
                0x00017bb0                xmp3fixpt_polyCoef
                0x00017af4                xmp3fixpt_csa
                0x00017764                xmp3fixpt_imdctWin
 .rodata        0x00017fd0       0xc0 lib/libhelix.a(dct32.o)
 .rodata        0x00018090      0x250 lib/libhelix.a(dqchan.o)
 .rodata        0x000182e0     0x2304 lib/libhelix.a(hufftabs.o)
                0x0001a5dc                xmp3fixpt_quadTabMaxBits
                0x0001a484                xmp3fixpt_huffTabLookup
                0x0001a5d4                xmp3fixpt_quadTabOffset
                0x0001a404                xmp3fixpt_huffTabOffset
                0x000182e0                xmp3fixpt_huffTable
                0x0001a584                xmp3fixpt_quadTable
 .rodata        0x0001a5e4       0x6c lib/libhelix.a(imdct.o)
 .rodata        0x0001a650        0x4 C:\Program Files\Hitex\GnuToolPackageArm\bin\..\arm-hitex-elf\lib\interwork/libc.a(lib_a-impure.o)
                0x0001a650                _global_impure_ptr
 .rodata        0x0001a654       0x20 C:\Program Files\Hitex\GnuToolPackageArm\bin\..\arm-hitex-elf\lib\interwork/libc.a(lib_a-vfprintf.o)
 .rodata        0x0001a674       0x22 C:\Program Files\Hitex\GnuToolPackageArm\bin\..\arm-hitex-elf\lib\interwork/libc.a(lib_a-vfscanf.o)
 .rodata        0x0001a696      0x101 C:\Program Files\Hitex\GnuToolPackageArm\bin\..\arm-hitex-elf\lib\interwork/libc.a(lib_a-ctype_.o)
                0x0001a696                _ctype_
 *fill*         0x0001a797        0x1 00
 .rodata        0x0001a798       0x34 C:\Program Files\Hitex\GnuToolPackageArm\bin\..\arm-hitex-elf\lib\interwork/libc.a(lib_a-locale.o)
 .rodata        0x0001a7cc      0x124 C:\Program Files\Hitex\GnuToolPackageArm\bin\..\arm-hitex-elf\lib\interwork/libc.a(lib_a-mprec.o)
                0x0001a8bc                __mprec_tinytens
                0x0001a7cc                __mprec_tens
                0x0001a894                __mprec_bigtens
 .rodata        0x0001a8f0       0x28 C:\Program Files\Hitex\GnuToolPackageArm\bin\..\arm-hitex-elf\lib\interwork/libc.a(lib_a-strtod.o)

.rodata.str1.4  0x0001a918       0xe0
 .rodata.str1.4
                0x0001a918        0x2 C:\Program Files\Hitex\GnuToolPackageArm\bin\..\arm-hitex-elf\lib\interwork/libc.a(lib_a-impure.o)
                                  0x4 (size before relaxing)
 *fill*         0x0001a91a        0x2 00
 .rodata.str1.4
                0x0001a91c        0x2 C:\Program Files\Hitex\GnuToolPackageArm\bin\..\arm-hitex-elf\lib\interwork/libc.a(lib_a-puts.o)
                                  0x4 (size before relaxing)
 *fill*         0x0001a91e        0x2 00
 .rodata.str1.4
                0x0001a920       0x63 C:\Program Files\Hitex\GnuToolPackageArm\bin\..\arm-hitex-elf\lib\interwork/libc.a(lib_a-vfprintf.o)
                                 0x64 (size before relaxing)
 *fill*         0x0001a983        0x1 00
 .rodata.str1.4
                0x0001a984        0x5 C:\Program Files\Hitex\GnuToolPackageArm\bin\..\arm-hitex-elf\lib\interwork/libc.a(lib_a-vfscanf.o)
                                  0x8 (size before relaxing)
 *fill*         0x0001a989        0x3 00
 .rodata.str1.4
                0x0001a98c       0x1e C:\Program Files\Hitex\GnuToolPackageArm\bin\..\arm-hitex-elf\lib\interwork/libc.a(lib_a-wctomb_r.o)
                                 0x20 (size before relaxing)
 *fill*         0x0001a9aa        0x2 00
 .rodata.str1.4
                0x0001a9ac       0x10 C:\Program Files\Hitex\GnuToolPackageArm\bin\..\arm-hitex-elf\lib\interwork/libc.a(lib_a-dtoa.o)
                                 0x14 (size before relaxing)
 .rodata.str1.4
                0x0001a9bc        0xb C:\Program Files\Hitex\GnuToolPackageArm\bin\..\arm-hitex-elf\lib\interwork/libc.a(lib_a-locale.o)
                                 0x18 (size before relaxing)
 .rodata.str1.4
                0x00000000        0x4 C:\Program Files\Hitex\GnuToolPackageArm\bin\..\arm-hitex-elf\lib\interwork/libc.a(lib_a-mbrtowc.o)
 *fill*         0x0001a9c7        0x1 00
 .rodata.str1.4
                0x0001a9c8        0xf C:\Program Files\Hitex\GnuToolPackageArm\bin\..\arm-hitex-elf\lib\interwork/libc.a(lib_a-strtod.o)
                                 0x10 (size before relaxing)
 *fill*         0x0001a9d7        0x1 00
 .rodata.str1.4
                0x0001a9d8        0x4 C:\Program Files\Hitex\GnuToolPackageArm\bin\..\arm-hitex-elf\lib\interwork/libc.a(lib_a-syscalls.o)
 .rodata.str1.4
                0x0001a9dc       0x1c C:\Program Files\Hitex\GnuToolPackageArm\bin\..\arm-hitex-elf\lib\interwork/libc.a(lib_a-gdtoa-gethex.o)
                0x0001a9f8                . = ALIGN (0x4)
                0x0001a9f8                _etext = .
                0x0001a9f8                PROVIDE (etext, .)

.data           0x40000000      0x860 load address 0x0001a9f8
                0x40000000                __data_start__ = .
                0x40000000                PROVIDE (__data_start__, .)
 *(.data)
 .data          0x40000000        0x0 .\objects\main.o
 .data          0x40000000        0x0 .\objects\mp3.o
 .data          0x40000000        0xc .\objects\outline.o
                0x40000000                freq_signal
                0x40000008                b_fixpoint
                0x40000004                a_fixpoint
 .data          0x4000000c        0x0 .\objects\spi.o
 .data          0x4000000c        0x0 .\objects\startup.o
 .data          0x4000000c        0x0 .\objects\ConfigStick.o
 .data          0x4000000c        0x0 .\objects\armVIC.o
 .data          0x4000000c        0x4 .\objects\delay.o
 .data          0x40000010        0x0 .\objects\fio.o
 .data          0x40000010        0x0 .\objects\interrupt.o
 .data          0x40000010        0x0 .\objects\portlcd.o
 .data          0x40000010        0x0 .\objects\syscalls_lpc.o
 .data          0x40000010        0x0 .\objects\target_info.o
 .data          0x40000010        0x0 .\objects\uart.o
 .data          0x40000010        0x0 .\objects\uartISR.o
 .data          0x40000010        0x0 lib/libhelix.a(mp3dec.o)
 .data          0x40000010        0x0 lib/libhelix.a(mp3tabs.o)
 .data          0x40000010        0x0 lib/libhelix.a(scalfact.o)
 .data          0x40000010        0x0 lib/libhelix.a(subband.o)
 .data          0x40000010        0x0 lib/libhelix.a(trigtabs_fixpt.o)
 .data          0x40000010        0x0 lib/libhelix.a(asmpoly_gcc.o)
 .data          0x40000010        0x0 lib/libhelix.a(bitstream.o)
 .data          0x40000010        0x0 lib/libhelix.a(buffers.o)
 .data          0x40000010        0x0 lib/libhelix.a(dct32.o)
 .data          0x40000010        0x0 lib/libhelix.a(dequant.o)
 .data          0x40000010        0x0 lib/libhelix.a(dqchan.o)
 .data          0x40000010        0x0 lib/libhelix.a(huffman.o)
 .data          0x40000010        0x0 lib/libhelix.a(hufftabs.o)
 .data          0x40000010        0x0 lib/libhelix.a(imdct.o)
 .data          0x40000010        0x0 lib/libhelix.a(stproc.o)
 .data          0x40000010      0x404 C:\Program Files\Hitex\GnuToolPackageArm\bin\..\arm-hitex-elf\lib\interwork/libc.a(lib_a-impure.o)
                0x40000010                _impure_ptr
 .data          0x40000414        0x0 C:\Program Files\Hitex\GnuToolPackageArm\bin\..\arm-hitex-elf\lib\interwork/libc.a(lib_a-malloc.o)
 .data          0x40000414      0x410 C:\Program Files\Hitex\GnuToolPackageArm\bin\..\arm-hitex-elf\lib\interwork/libc.a(lib_a-mallocr.o)
                0x40000820                __malloc_sbrk_base
                0x40000414                __malloc_av_
                0x4000081c                __malloc_trim_threshold
 .data          0x40000824        0x0 C:\Program Files\Hitex\GnuToolPackageArm\bin\..\arm-hitex-elf\lib\interwork/libc.a(lib_a-memcmp.o)
 .data          0x40000824        0x0 C:\Program Files\Hitex\GnuToolPackageArm\bin\..\arm-hitex-elf\lib\interwork/libc.a(lib_a-memcpy.o)
 .data          0x40000824        0x0 C:\Program Files\Hitex\GnuToolPackageArm\bin\..\arm-hitex-elf\lib\interwork/libc.a(lib_a-memmove.o)
 .data          0x40000824        0x0 C:\Program Files\Hitex\GnuToolPackageArm\bin\..\arm-hitex-elf\lib\interwork/libc.a(lib_a-memset.o)
 .data          0x40000824        0x0 C:\Program Files\Hitex\GnuToolPackageArm\bin\..\arm-hitex-elf\lib\interwork/libc.a(lib_a-mlock.o)
 .data          0x40000824        0x0 C:\Program Files\Hitex\GnuToolPackageArm\bin\..\arm-hitex-elf\lib\interwork/libc.a(lib_a-printf.o)
 .data          0x40000824        0x0 C:\Program Files\Hitex\GnuToolPackageArm\bin\..\arm-hitex-elf\lib\interwork/libc.a(lib_a-putchar.o)
 .data          0x40000824        0x0 C:\Program Files\Hitex\GnuToolPackageArm\bin\..\arm-hitex-elf\lib\interwork/libc.a(lib_a-puts.o)
 .data          0x40000824        0x0 C:\Program Files\Hitex\GnuToolPackageArm\bin\..\arm-hitex-elf\lib\interwork/libc.a(lib_a-rget.o)
 .data          0x40000824        0x0 C:\Program Files\Hitex\GnuToolPackageArm\bin\..\arm-hitex-elf\lib\interwork/libc.a(lib_a-scanf.o)
 .data          0x40000824        0x0 C:\Program Files\Hitex\GnuToolPackageArm\bin\..\arm-hitex-elf\lib\interwork/libc.a(lib_a-strlen.o)
 .data          0x40000824        0x0 C:\Program Files\Hitex\GnuToolPackageArm\bin\..\arm-hitex-elf\lib\interwork/libc.a(lib_a-vfprintf.o)
 .data          0x40000824        0x0 C:\Program Files\Hitex\GnuToolPackageArm\bin\..\arm-hitex-elf\lib\interwork/libc.a(lib_a-vfscanf.o)
 .data          0x40000824        0x0 C:\Program Files\Hitex\GnuToolPackageArm\bin\..\arm-hitex-elf\lib\interwork/libc.a(lib_a-wcrtomb.o)
 .data          0x40000824        0x0 C:\Program Files\Hitex\GnuToolPackageArm\bin\..\arm-hitex-elf\lib\interwork/libc.a(lib_a-wcsrtombs.o)
 .data          0x40000824        0x0 C:\Program Files\Hitex\GnuToolPackageArm\bin\..\arm-hitex-elf\lib\interwork/libc.a(lib_a-wctomb_r.o)
 .data          0x40000824        0x0 C:\Program Files\Hitex\GnuToolPackageArm\bin\..\arm-hitex-elf\lib\interwork/libc.a(lib_a-wsetup.o)
 .data          0x40000824        0x4 C:\Program Files\Hitex\GnuToolPackageArm\bin\..\arm-hitex-elf\lib\interwork/libc.a(lib_a-ctype_.o)
                0x40000824                __ctype_ptr
 .data          0x40000828        0x0 C:\Program Files\Hitex\GnuToolPackageArm\bin\..\arm-hitex-elf\lib\interwork/libc.a(lib_a-dtoa.o)
 .data          0x40000828        0x0 C:\Program Files\Hitex\GnuToolPackageArm\bin\..\arm-hitex-elf\lib\interwork/libc.a(lib_a-fflush.o)
 .data          0x40000828        0x0 C:\Program Files\Hitex\GnuToolPackageArm\bin\..\arm-hitex-elf\lib\interwork/libc.a(lib_a-findfp.o)
 .data          0x40000828        0x0 C:\Program Files\Hitex\GnuToolPackageArm\bin\..\arm-hitex-elf\lib\interwork/libc.a(lib_a-fread.o)
 .data          0x40000828        0x0 C:\Program Files\Hitex\GnuToolPackageArm\bin\..\arm-hitex-elf\lib\interwork/libc.a(lib_a-freer.o)
 .data          0x40000828        0x0 C:\Program Files\Hitex\GnuToolPackageArm\bin\..\arm-hitex-elf\lib\interwork/libc.a(lib_a-fvwrite.o)
 .data          0x40000828        0x0 C:\Program Files\Hitex\GnuToolPackageArm\bin\..\arm-hitex-elf\lib\interwork/libc.a(lib_a-fwalk.o)
 .data          0x40000828        0x0 C:\Program Files\Hitex\GnuToolPackageArm\bin\..\arm-hitex-elf\lib\interwork/libc.a(lib_a-iswspace.o)
 .data          0x40000828       0x10 C:\Program Files\Hitex\GnuToolPackageArm\bin\..\arm-hitex-elf\lib\interwork/libc.a(lib_a-locale.o)
                0x40000828                __mb_cur_max
                0x4000082c                __lc_ctype
 .data          0x40000838        0x0 C:\Program Files\Hitex\GnuToolPackageArm\bin\..\arm-hitex-elf\lib\interwork/libc.a(lib_a-makebuf.o)
 .data          0x40000838        0x0 C:\Program Files\Hitex\GnuToolPackageArm\bin\..\arm-hitex-elf\lib\interwork/libc.a(lib_a-mbrtowc.o)
 .data          0x40000838        0x0 C:\Program Files\Hitex\GnuToolPackageArm\bin\..\arm-hitex-elf\lib\interwork/libc.a(lib_a-mbtowc_r.o)
 .data          0x40000838        0x0 C:\Program Files\Hitex\GnuToolPackageArm\bin\..\arm-hitex-elf\lib\interwork/libc.a(lib_a-memchr.o)
 .data          0x40000838        0x0 C:\Program Files\Hitex\GnuToolPackageArm\bin\..\arm-hitex-elf\lib\interwork/libc.a(lib_a-mprec.o)
 .data          0x40000838        0x0 C:\Program Files\Hitex\GnuToolPackageArm\bin\..\arm-hitex-elf\lib\interwork/libc.a(lib_a-putc.o)
 .data          0x40000838        0x0 C:\Program Files\Hitex\GnuToolPackageArm\bin\..\arm-hitex-elf\lib\interwork/libc.a(lib_a-reallocr.o)
 .data          0x40000838        0x0 C:\Program Files\Hitex\GnuToolPackageArm\bin\..\arm-hitex-elf\lib\interwork/libc.a(lib_a-refill.o)
 .data          0x40000838        0x0 C:\Program Files\Hitex\GnuToolPackageArm\bin\..\arm-hitex-elf\lib\interwork/libc.a(lib_a-s_isinfd.o)
 .data          0x40000838        0x0 C:\Program Files\Hitex\GnuToolPackageArm\bin\..\arm-hitex-elf\lib\interwork/libc.a(lib_a-s_isnand.o)
 .data          0x40000838        0x0 C:\Program Files\Hitex\GnuToolPackageArm\bin\..\arm-hitex-elf\lib\interwork/libc.a(lib_a-sccl.o)
 .data          0x40000838        0x0 C:\Program Files\Hitex\GnuToolPackageArm\bin\..\arm-hitex-elf\lib\interwork/libc.a(lib_a-sf_nan.o)
 .data          0x40000838        0x0 C:\Program Files\Hitex\GnuToolPackageArm\bin\..\arm-hitex-elf\lib\interwork/libc.a(lib_a-sprintf.o)
 .data          0x40000838        0x0 C:\Program Files\Hitex\GnuToolPackageArm\bin\..\arm-hitex-elf\lib\interwork/libc.a(lib_a-stdio.o)
 .data          0x40000838        0x0 C:\Program Files\Hitex\GnuToolPackageArm\bin\..\arm-hitex-elf\lib\interwork/libc.a(lib_a-strcmp.o)
 .data          0x40000838       0x28 C:\Program Files\Hitex\GnuToolPackageArm\bin\..\arm-hitex-elf\lib\interwork/libc.a(lib_a-strtod.o)
 .data          0x40000860        0x0 C:\Program Files\Hitex\GnuToolPackageArm\bin\..\arm-hitex-elf\lib\interwork/libc.a(lib_a-strtol.o)
 .data          0x40000860        0x0 C:\Program Files\Hitex\GnuToolPackageArm\bin\..\arm-hitex-elf\lib\interwork/libc.a(lib_a-strtoul.o)
 .data          0x40000860        0x0 C:\Program Files\Hitex\GnuToolPackageArm\bin\..\arm-hitex-elf\lib\interwork/libc.a(lib_a-syscalls.o)
 .data          0x40000860        0x0 C:\Program Files\Hitex\GnuToolPackageArm\bin\..\arm-hitex-elf\lib\interwork/libc.a(lib_a-ungetc.o)
 .data          0x40000860        0x0 C:\Program Files\Hitex\GnuToolPackageArm\bin\..\arm-hitex-elf\lib\interwork/libc.a(lib_a-wbuf.o)
 .data          0x40000860        0x0 C:\Program Files\Hitex\GnuToolPackageArm\bin\..\arm-hitex-elf\lib\interwork/libc.a(lib_a-callocr.o)
 .data          0x40000860        0x0 C:\Program Files\Hitex\GnuToolPackageArm\bin\..\arm-hitex-elf\lib\interwork/libc.a(lib_a-closer.o)
 .data          0x40000860        0x0 C:\Program Files\Hitex\GnuToolPackageArm\bin\..\arm-hitex-elf\lib\interwork/libc.a(lib_a-errno.o)
 .data          0x40000860        0x0 C:\Program Files\Hitex\GnuToolPackageArm\bin\..\arm-hitex-elf\lib\interwork/libc.a(lib_a-fclose.o)
 .data          0x40000860        0x0 C:\Program Files\Hitex\GnuToolPackageArm\bin\..\arm-hitex-elf\lib\interwork/libc.a(lib_a-fstatr.o)
 .data          0x40000860        0x0 C:\Program Files\Hitex\GnuToolPackageArm\bin\..\arm-hitex-elf\lib\interwork/libc.a(lib_a-gdtoa-gethex.o)
 .data          0x40000860        0x0 C:\Program Files\Hitex\GnuToolPackageArm\bin\..\arm-hitex-elf\lib\interwork/libc.a(lib_a-gdtoa-hexnan.o)
 .data          0x40000860        0x0 C:\Program Files\Hitex\GnuToolPackageArm\bin\..\arm-hitex-elf\lib\interwork/libc.a(lib_a-lseekr.o)
 .data          0x40000860        0x0 C:\Program Files\Hitex\GnuToolPackageArm\bin\..\arm-hitex-elf\lib\interwork/libc.a(lib_a-reent.o)
 .data          0x40000860        0x0 C:\Program Files\Hitex\GnuToolPackageArm\bin\..\lib\gcc\arm-hitex-elf\4.1.1\interwork/libgcc.a(_udivsi3.o)
 .data          0x40000860        0x0 C:\Program Files\Hitex\GnuToolPackageArm\bin\..\lib\gcc\arm-hitex-elf\4.1.1\interwork/libgcc.a(_divsi3.o)
 .data          0x40000860        0x0 C:\Program Files\Hitex\GnuToolPackageArm\bin\..\lib\gcc\arm-hitex-elf\4.1.1\interwork/libgcc.a(_umodsi3.o)
 .data          0x40000860        0x0 C:\Program Files\Hitex\GnuToolPackageArm\bin\..\lib\gcc\arm-hitex-elf\4.1.1\interwork/libgcc.a(_modsi3.o)
 .data          0x40000860        0x0 C:\Program Files\Hitex\GnuToolPackageArm\bin\..\lib\gcc\arm-hitex-elf\4.1.1\interwork/libgcc.a(_dvmd_tls.o)
 .data          0x40000860        0x0 C:\Program Files\Hitex\GnuToolPackageArm\bin\..\lib\gcc\arm-hitex-elf\4.1.1\interwork/libgcc.a(_addsubdf3.o)
 .data          0x40000860        0x0 C:\Program Files\Hitex\GnuToolPackageArm\bin\..\lib\gcc\arm-hitex-elf\4.1.1\interwork/libgcc.a(_muldivdf3.o)
 .data          0x40000860        0x0 C:\Program Files\Hitex\GnuToolPackageArm\bin\..\lib\gcc\arm-hitex-elf\4.1.1\interwork/libgcc.a(_cmpdf2.o)
 .data          0x40000860        0x0 C:\Program Files\Hitex\GnuToolPackageArm\bin\..\lib\gcc\arm-hitex-elf\4.1.1\interwork/libgcc.a(_fixdfsi.o)
 .data          0x40000860        0x0 C:\Program Files\Hitex\GnuToolPackageArm\bin\..\lib\gcc\arm-hitex-elf\4.1.1\interwork/libgcc.a(_fixunsdfsi.o)
 .data          0x40000860        0x0 C:\Program Files\Hitex\GnuToolPackageArm\bin\..\lib\gcc\arm-hitex-elf\4.1.1\interwork/libgcc.a(_truncdfsf2.o)
 *(.data.*)
 *(.gnu.linkonce.d*)
                0x40000860                __data_end__ = .
                0x40000860                PROVIDE (__data_end__, .)
                0x40000860                . = ALIGN (0x4)
                0x40000860                _edata = .
                0x40000860                PROVIDE (edata, .)

.bss            0x40000860     0x19ac
                0x40000860                __bss_start = .
                0x40000860                __bss_start__ = .
 *(.bss)
 .bss           0x40000860        0x0 .\objects\main.o
 .bss           0x40000860       0x20 .\objects\mp3.o
                0x40000860                spiDataPosition
                0x40000870                nRead
                0x4000087c                err
                0x40000864                bytesLeft
                0x40000868                outOfData
                0x40000878                offset
                0x40000874                nFrames
                0x4000086c                eofReached
 .bss           0x40000880       0x20 .\objects\outline.o
                0x4000089c                buffIdx
                0x40000888                running
                0x40000890                printCount
                0x40000894                isrBufferIdx
                0x40000884                msRuntime
                0x4000088c                timerRunning
                0x40000898                tableIdx
                0x40000880                count
 .bss           0x400008a0        0x0 .\objects\spi.o
 .bss           0x400008a0     0x1860 .\objects\startup.o
                0x400008fc                FIQ_Stack
                0x400008dc                ABT_Stack
                0x400008bc                UND_Stack
                0x400010fc                IRQ_Stack
                0x400020fc                SVC_Stack
 .bss           0x40002100        0x8 .\objects\ConfigStick.o
                0x40002100                Setup_Data
 .bss           0x40002108        0x0 .\objects\armVIC.o
 .bss           0x40002108        0x4 .\objects\delay.o
 .bss           0x4000210c        0x0 .\objects\fio.o
 .bss           0x4000210c        0x0 .\objects\interrupt.o
 .bss           0x4000210c        0x4 .\objects\portlcd.o
 .bss           0x40002110        0x4 .\objects\syscalls_lpc.o
 .bss           0x40002114        0x0 .\objects\target_info.o
 .bss           0x40002114        0x0 .\objects\uart.o
 .bss           0x40002114        0x8 .\objects\uartISR.o
 .bss           0x4000211c        0x0 lib/libhelix.a(mp3dec.o)
 .bss           0x4000211c        0x0 lib/libhelix.a(mp3tabs.o)
 .bss           0x4000211c        0x0 lib/libhelix.a(scalfact.o)
 .bss           0x4000211c        0x0 lib/libhelix.a(subband.o)
 .bss           0x4000211c        0x0 lib/libhelix.a(trigtabs_fixpt.o)
 .bss           0x4000211c        0x0 lib/libhelix.a(asmpoly_gcc.o)
 .bss           0x4000211c        0x0 lib/libhelix.a(bitstream.o)
 .bss           0x4000211c        0x0 lib/libhelix.a(buffers.o)
 .bss           0x4000211c        0x0 lib/libhelix.a(dct32.o)
 .bss           0x4000211c        0x0 lib/libhelix.a(dequant.o)
 .bss           0x4000211c        0x0 lib/libhelix.a(dqchan.o)
 .bss           0x4000211c        0x0 lib/libhelix.a(huffman.o)
 .bss           0x4000211c        0x0 lib/libhelix.a(hufftabs.o)
 .bss           0x4000211c        0x0 lib/libhelix.a(imdct.o)
 .bss           0x4000211c        0x0 lib/libhelix.a(stproc.o)
 .bss           0x4000211c        0x0 C:\Program Files\Hitex\GnuToolPackageArm\bin\..\arm-hitex-elf\lib\interwork/libc.a(lib_a-impure.o)
 .bss           0x4000211c        0x0 C:\Program Files\Hitex\GnuToolPackageArm\bin\..\arm-hitex-elf\lib\interwork/libc.a(lib_a-malloc.o)
 .bss           0x4000211c       0x34 C:\Program Files\Hitex\GnuToolPackageArm\bin\..\arm-hitex-elf\lib\interwork/libc.a(lib_a-mallocr.o)
                0x4000211c                __malloc_top_pad
                0x40002120                __malloc_max_sbrked_mem
                0x40002128                __malloc_current_mallinfo
                0x40002124                __malloc_max_total_mem
 .bss           0x40002150        0x0 C:\Program Files\Hitex\GnuToolPackageArm\bin\..\arm-hitex-elf\lib\interwork/libc.a(lib_a-memcmp.o)
 .bss           0x40002150        0x0 C:\Program Files\Hitex\GnuToolPackageArm\bin\..\arm-hitex-elf\lib\interwork/libc.a(lib_a-memcpy.o)
 .bss           0x40002150        0x0 C:\Program Files\Hitex\GnuToolPackageArm\bin\..\arm-hitex-elf\lib\interwork/libc.a(lib_a-memmove.o)
 .bss           0x40002150        0x0 C:\Program Files\Hitex\GnuToolPackageArm\bin\..\arm-hitex-elf\lib\interwork/libc.a(lib_a-memset.o)
 .bss           0x40002150        0x0 C:\Program Files\Hitex\GnuToolPackageArm\bin\..\arm-hitex-elf\lib\interwork/libc.a(lib_a-mlock.o)
 .bss           0x40002150        0x0 C:\Program Files\Hitex\GnuToolPackageArm\bin\..\arm-hitex-elf\lib\interwork/libc.a(lib_a-printf.o)
 .bss           0x40002150        0x0 C:\Program Files\Hitex\GnuToolPackageArm\bin\..\arm-hitex-elf\lib\interwork/libc.a(lib_a-putchar.o)
 .bss           0x40002150        0x0 C:\Program Files\Hitex\GnuToolPackageArm\bin\..\arm-hitex-elf\lib\interwork/libc.a(lib_a-puts.o)
 .bss           0x40002150        0x0 C:\Program Files\Hitex\GnuToolPackageArm\bin\..\arm-hitex-elf\lib\interwork/libc.a(lib_a-rget.o)
 .bss           0x40002150        0x0 C:\Program Files\Hitex\GnuToolPackageArm\bin\..\arm-hitex-elf\lib\interwork/libc.a(lib_a-scanf.o)
 .bss           0x40002150        0x0 C:\Program Files\Hitex\GnuToolPackageArm\bin\..\arm-hitex-elf\lib\interwork/libc.a(lib_a-strlen.o)
 .bss           0x40002150        0x0 C:\Program Files\Hitex\GnuToolPackageArm\bin\..\arm-hitex-elf\lib\interwork/libc.a(lib_a-vfprintf.o)
 .bss           0x40002150        0x0 C:\Program Files\Hitex\GnuToolPackageArm\bin\..\arm-hitex-elf\lib\interwork/libc.a(lib_a-vfscanf.o)
 .bss           0x40002150        0x0 C:\Program Files\Hitex\GnuToolPackageArm\bin\..\arm-hitex-elf\lib\interwork/libc.a(lib_a-wcrtomb.o)
 .bss           0x40002150        0x0 C:\Program Files\Hitex\GnuToolPackageArm\bin\..\arm-hitex-elf\lib\interwork/libc.a(lib_a-wcsrtombs.o)
 .bss           0x40002150        0x0 C:\Program Files\Hitex\GnuToolPackageArm\bin\..\arm-hitex-elf\lib\interwork/libc.a(lib_a-wctomb_r.o)
 .bss           0x40002150        0x0 C:\Program Files\Hitex\GnuToolPackageArm\bin\..\arm-hitex-elf\lib\interwork/libc.a(lib_a-wsetup.o)
 .bss           0x40002150        0x0 C:\Program Files\Hitex\GnuToolPackageArm\bin\..\arm-hitex-elf\lib\interwork/libc.a(lib_a-ctype_.o)
 .bss           0x40002150        0x0 C:\Program Files\Hitex\GnuToolPackageArm\bin\..\arm-hitex-elf\lib\interwork/libc.a(lib_a-dtoa.o)
 .bss           0x40002150        0x0 C:\Program Files\Hitex\GnuToolPackageArm\bin\..\arm-hitex-elf\lib\interwork/libc.a(lib_a-fflush.o)
 .bss           0x40002150        0x0 C:\Program Files\Hitex\GnuToolPackageArm\bin\..\arm-hitex-elf\lib\interwork/libc.a(lib_a-findfp.o)
 .bss           0x40002150        0x0 C:\Program Files\Hitex\GnuToolPackageArm\bin\..\arm-hitex-elf\lib\interwork/libc.a(lib_a-fread.o)
 .bss           0x40002150        0x0 C:\Program Files\Hitex\GnuToolPackageArm\bin\..\arm-hitex-elf\lib\interwork/libc.a(lib_a-freer.o)
 .bss           0x40002150        0x0 C:\Program Files\Hitex\GnuToolPackageArm\bin\..\arm-hitex-elf\lib\interwork/libc.a(lib_a-fvwrite.o)
 .bss           0x40002150        0x0 C:\Program Files\Hitex\GnuToolPackageArm\bin\..\arm-hitex-elf\lib\interwork/libc.a(lib_a-fwalk.o)
 .bss           0x40002150        0x0 C:\Program Files\Hitex\GnuToolPackageArm\bin\..\arm-hitex-elf\lib\interwork/libc.a(lib_a-iswspace.o)
 .bss           0x40002150        0xc C:\Program Files\Hitex\GnuToolPackageArm\bin\..\arm-hitex-elf\lib\interwork/libc.a(lib_a-locale.o)
                0x40002150                __nlocale_changed
                0x40002154                __mlocale_changed
                0x40002158                _PathLocale
 .bss           0x4000215c        0x0 C:\Program Files\Hitex\GnuToolPackageArm\bin\..\arm-hitex-elf\lib\interwork/libc.a(lib_a-makebuf.o)
 .bss           0x4000215c        0x0 C:\Program Files\Hitex\GnuToolPackageArm\bin\..\arm-hitex-elf\lib\interwork/libc.a(lib_a-mbrtowc.o)
 .bss           0x4000215c        0x0 C:\Program Files\Hitex\GnuToolPackageArm\bin\..\arm-hitex-elf\lib\interwork/libc.a(lib_a-mbtowc_r.o)
 .bss           0x4000215c        0x0 C:\Program Files\Hitex\GnuToolPackageArm\bin\..\arm-hitex-elf\lib\interwork/libc.a(lib_a-memchr.o)
 .bss           0x4000215c        0x0 C:\Program Files\Hitex\GnuToolPackageArm\bin\..\arm-hitex-elf\lib\interwork/libc.a(lib_a-mprec.o)
 .bss           0x4000215c        0x0 C:\Program Files\Hitex\GnuToolPackageArm\bin\..\arm-hitex-elf\lib\interwork/libc.a(lib_a-putc.o)
 .bss           0x4000215c        0x0 C:\Program Files\Hitex\GnuToolPackageArm\bin\..\arm-hitex-elf\lib\interwork/libc.a(lib_a-reallocr.o)
 .bss           0x4000215c        0x0 C:\Program Files\Hitex\GnuToolPackageArm\bin\..\arm-hitex-elf\lib\interwork/libc.a(lib_a-refill.o)
 .bss           0x4000215c        0x0 C:\Program Files\Hitex\GnuToolPackageArm\bin\..\arm-hitex-elf\lib\interwork/libc.a(lib_a-s_isinfd.o)
 .bss           0x4000215c        0x0 C:\Program Files\Hitex\GnuToolPackageArm\bin\..\arm-hitex-elf\lib\interwork/libc.a(lib_a-s_isnand.o)
 .bss           0x4000215c        0x0 C:\Program Files\Hitex\GnuToolPackageArm\bin\..\arm-hitex-elf\lib\interwork/libc.a(lib_a-sccl.o)
 .bss           0x4000215c        0x0 C:\Program Files\Hitex\GnuToolPackageArm\bin\..\arm-hitex-elf\lib\interwork/libc.a(lib_a-sf_nan.o)
 .bss           0x4000215c        0x0 C:\Program Files\Hitex\GnuToolPackageArm\bin\..\arm-hitex-elf\lib\interwork/libc.a(lib_a-sprintf.o)
 .bss           0x4000215c        0x0 C:\Program Files\Hitex\GnuToolPackageArm\bin\..\arm-hitex-elf\lib\interwork/libc.a(lib_a-stdio.o)
 .bss           0x4000215c        0x0 C:\Program Files\Hitex\GnuToolPackageArm\bin\..\arm-hitex-elf\lib\interwork/libc.a(lib_a-strcmp.o)
 .bss           0x4000215c        0x0 C:\Program Files\Hitex\GnuToolPackageArm\bin\..\arm-hitex-elf\lib\interwork/libc.a(lib_a-strtod.o)
 .bss           0x4000215c        0x0 C:\Program Files\Hitex\GnuToolPackageArm\bin\..\arm-hitex-elf\lib\interwork/libc.a(lib_a-strtol.o)
 .bss           0x4000215c        0x0 C:\Program Files\Hitex\GnuToolPackageArm\bin\..\arm-hitex-elf\lib\interwork/libc.a(lib_a-strtoul.o)
 .bss           0x4000215c       0xb0 C:\Program Files\Hitex\GnuToolPackageArm\bin\..\arm-hitex-elf\lib\interwork/libc.a(lib_a-syscalls.o)
 .bss           0x4000220c        0x0 C:\Program Files\Hitex\GnuToolPackageArm\bin\..\arm-hitex-elf\lib\interwork/libc.a(lib_a-ungetc.o)
 .bss           0x4000220c        0x0 C:\Program Files\Hitex\GnuToolPackageArm\bin\..\arm-hitex-elf\lib\interwork/libc.a(lib_a-wbuf.o)
 .bss           0x4000220c        0x0 C:\Program Files\Hitex\GnuToolPackageArm\bin\..\arm-hitex-elf\lib\interwork/libc.a(lib_a-callocr.o)
 .bss           0x4000220c        0x0 C:\Program Files\Hitex\GnuToolPackageArm\bin\..\arm-hitex-elf\lib\interwork/libc.a(lib_a-closer.o)
 .bss           0x4000220c        0x0 C:\Program Files\Hitex\GnuToolPackageArm\bin\..\arm-hitex-elf\lib\interwork/libc.a(lib_a-errno.o)
 .bss           0x4000220c        0x0 C:\Program Files\Hitex\GnuToolPackageArm\bin\..\arm-hitex-elf\lib\interwork/libc.a(lib_a-fclose.o)
 .bss           0x4000220c        0x0 C:\Program Files\Hitex\GnuToolPackageArm\bin\..\arm-hitex-elf\lib\interwork/libc.a(lib_a-fstatr.o)
 .bss           0x4000220c        0x0 C:\Program Files\Hitex\GnuToolPackageArm\bin\..\arm-hitex-elf\lib\interwork/libc.a(lib_a-gdtoa-gethex.o)
 .bss           0x4000220c        0x0 C:\Program Files\Hitex\GnuToolPackageArm\bin\..\arm-hitex-elf\lib\interwork/libc.a(lib_a-gdtoa-hexnan.o)
 .bss           0x4000220c        0x0 C:\Program Files\Hitex\GnuToolPackageArm\bin\..\arm-hitex-elf\lib\interwork/libc.a(lib_a-lseekr.o)
 .bss           0x4000220c        0x0 C:\Program Files\Hitex\GnuToolPackageArm\bin\..\arm-hitex-elf\lib\interwork/libc.a(lib_a-reent.o)
 .bss           0x4000220c        0x0 C:\Program Files\Hitex\GnuToolPackageArm\bin\..\lib\gcc\arm-hitex-elf\4.1.1\interwork/libgcc.a(_udivsi3.o)
 .bss           0x4000220c        0x0 C:\Program Files\Hitex\GnuToolPackageArm\bin\..\lib\gcc\arm-hitex-elf\4.1.1\interwork/libgcc.a(_divsi3.o)
 .bss           0x4000220c        0x0 C:\Program Files\Hitex\GnuToolPackageArm\bin\..\lib\gcc\arm-hitex-elf\4.1.1\interwork/libgcc.a(_umodsi3.o)
 .bss           0x4000220c        0x0 C:\Program Files\Hitex\GnuToolPackageArm\bin\..\lib\gcc\arm-hitex-elf\4.1.1\interwork/libgcc.a(_modsi3.o)
 .bss           0x4000220c        0x0 C:\Program Files\Hitex\GnuToolPackageArm\bin\..\lib\gcc\arm-hitex-elf\4.1.1\interwork/libgcc.a(_dvmd_tls.o)
 .bss           0x4000220c        0x0 C:\Program Files\Hitex\GnuToolPackageArm\bin\..\lib\gcc\arm-hitex-elf\4.1.1\interwork/libgcc.a(_addsubdf3.o)
 .bss           0x4000220c        0x0 C:\Program Files\Hitex\GnuToolPackageArm\bin\..\lib\gcc\arm-hitex-elf\4.1.1\interwork/libgcc.a(_muldivdf3.o)
 .bss           0x4000220c        0x0 C:\Program Files\Hitex\GnuToolPackageArm\bin\..\lib\gcc\arm-hitex-elf\4.1.1\interwork/libgcc.a(_cmpdf2.o)
 .bss           0x4000220c        0x0 C:\Program Files\Hitex\GnuToolPackageArm\bin\..\lib\gcc\arm-hitex-elf\4.1.1\interwork/libgcc.a(_fixdfsi.o)
 .bss           0x4000220c        0x0 C:\Program Files\Hitex\GnuToolPackageArm\bin\..\lib\gcc\arm-hitex-elf\4.1.1\interwork/libgcc.a(_fixunsdfsi.o)
 .bss           0x4000220c        0x0 C:\Program Files\Hitex\GnuToolPackageArm\bin\..\lib\gcc\arm-hitex-elf\4.1.1\interwork/libgcc.a(_truncdfsf2.o)
 *(.gnu.linkonce.b*)
                0x4000220c                . = ALIGN (0x4)
                0x4000220c                __bss_end__ = .

.bss2           0x4000220c     0x4528
                0x4000220c                __bss2_start = .
                0x4000220c                __bss2_start__ = .
 *(COMMON)
 COMMON         0x4000220c     0x361c .\objects\main.o
                0x4000220c                outputBuffer1
                0x4000340c                actualbuffer
                0x40003410                isrbuffer
                0x40003414                buffer2
                0x40003418                currentBuffer
                0x4000341c                outBuf1
                0x40003420                outBuf2
                0x40003424                outputBuffer2
                0x40004624                buffer1
                0x40004628                outBuf
 COMMON         0x40005828      0x7b8 .\objects\mp3.o
                0x40005828                mp3Dec
                0x4000582c                inputBuffer
                0x40005fc0                inBufPtr
                0x40005fc4                mp3FrameInfo
 COMMON         0x40005fe0      0x434 .\objects\outline.o
                0x40005fe0                IsrBuffer1
                0x40005fe4                tabelle
                0x400063e8                stringBufferForLcdPrint
                0x4000640c                currentIsrBuffer
                0x40006410                IsrBuffer2
 COMMON         0x40006414        0x4 .\objects\spi.o
                0x40006414                throwAway
 COMMON         0x40006418      0x218 .\objects\uart.o
                0x40006418                uart0_tx_buffer
                0x40006498                uart2_rx_extract_idx
                0x4000649a                uart2_tx_insert_idx
                0x4000649c                uart0_tx_insert_idx
                0x4000649e                uart0_rx_insert_idx
                0x400064a0                uart2_rx_insert_idx
                0x400064a2                uart0_tx_extract_idx
                0x400064a4                uart2_tx_buffer
                0x40006524                uart2_tx_running
                0x40006528                uart2_rx_buffer
                0x400065a8                uart0_tx_running
                0x400065ac                uart2_tx_extract_idx
                0x400065ae                uart0_rx_buffer
                0x4000662e                uart0_rx_extract_idx
 COMMON         0x40006630      0x100 C:\Program Files\Hitex\GnuToolPackageArm\bin\..\arm-hitex-elf\lib\interwork/libc.a(lib_a-gdtoa-gethex.o)
                0x40006630                __hexdig
 COMMON         0x40006730        0x4 C:\Program Files\Hitex\GnuToolPackageArm\bin\..\arm-hitex-elf\lib\interwork/libc.a(lib_a-reent.o)
                0x40006730                errno
                0x40006734                . = ALIGN (0x4)
                0x40006734                __bss2_end__ = .
                0x40006734                _end = .
                0x40006734                PROVIDE (end, .)

.comment        0x00000000      0x630
 *(.comment)
 .comment       0x00000000       0x12 .\objects\main.o
 .comment       0x00000012       0x12 .\objects\mp3.o
 .comment       0x00000024       0x12 .\objects\outline.o
 .comment       0x00000036       0x12 .\objects\spi.o
 .comment       0x00000048       0x12 .\objects\ConfigStick.o
 .comment       0x0000005a       0x12 .\objects\armVIC.o
 .comment       0x0000006c       0x12 .\objects\delay.o
 .comment       0x0000007e       0x12 .\objects\fio.o
 .comment       0x00000090       0x12 .\objects\interrupt.o
 .comment       0x000000a2       0x12 .\objects\portlcd.o
 .comment       0x000000b4       0x12 .\objects\syscalls_lpc.o
 .comment       0x000000c6       0x12 .\objects\target_info.o
 .comment       0x000000d8       0x12 .\objects\uart.o
 .comment       0x000000ea       0x12 .\objects\uartISR.o
 .comment       0x000000fc       0x12 lib/libhelix.a(mp3dec.o)
 .comment       0x0000010e       0x12 lib/libhelix.a(mp3tabs.o)
 .comment       0x00000120       0x12 lib/libhelix.a(scalfact.o)
 .comment       0x00000132       0x12 lib/libhelix.a(subband.o)
 .comment       0x00000144       0x12 lib/libhelix.a(trigtabs_fixpt.o)
 .comment       0x00000156       0x12 lib/libhelix.a(bitstream.o)
 .comment       0x00000168       0x12 lib/libhelix.a(buffers.o)
 .comment       0x0000017a       0x12 lib/libhelix.a(dct32.o)
 .comment       0x0000018c       0x12 lib/libhelix.a(dequant.o)
 .comment       0x0000019e       0x12 lib/libhelix.a(dqchan.o)
 .comment       0x000001b0       0x12 lib/libhelix.a(huffman.o)
 .comment       0x000001c2       0x12 lib/libhelix.a(hufftabs.o)
 .comment       0x000001d4       0x12 lib/libhelix.a(imdct.o)
 .comment       0x000001e6       0x12 lib/libhelix.a(stproc.o)
 .comment       0x000001f8       0x12 C:\Program Files\Hitex\GnuToolPackageArm\bin\..\arm-hitex-elf\lib\interwork/libc.a(lib_a-impure.o)
 .comment       0x0000020a       0x12 C:\Program Files\Hitex\GnuToolPackageArm\bin\..\arm-hitex-elf\lib\interwork/libc.a(lib_a-malloc.o)
 .comment       0x0000021c       0x12 C:\Program Files\Hitex\GnuToolPackageArm\bin\..\arm-hitex-elf\lib\interwork/libc.a(lib_a-mallocr.o)
 .comment       0x0000022e       0x12 C:\Program Files\Hitex\GnuToolPackageArm\bin\..\arm-hitex-elf\lib\interwork/libc.a(lib_a-memcmp.o)
 .comment       0x00000240       0x12 C:\Program Files\Hitex\GnuToolPackageArm\bin\..\arm-hitex-elf\lib\interwork/libc.a(lib_a-memcpy.o)
 .comment       0x00000252       0x12 C:\Program Files\Hitex\GnuToolPackageArm\bin\..\arm-hitex-elf\lib\interwork/libc.a(lib_a-memmove.o)
 .comment       0x00000264       0x12 C:\Program Files\Hitex\GnuToolPackageArm\bin\..\arm-hitex-elf\lib\interwork/libc.a(lib_a-memset.o)
 .comment       0x00000276       0x12 C:\Program Files\Hitex\GnuToolPackageArm\bin\..\arm-hitex-elf\lib\interwork/libc.a(lib_a-mlock.o)
 .comment       0x00000288       0x12 C:\Program Files\Hitex\GnuToolPackageArm\bin\..\arm-hitex-elf\lib\interwork/libc.a(lib_a-printf.o)
 .comment       0x0000029a       0x12 C:\Program Files\Hitex\GnuToolPackageArm\bin\..\arm-hitex-elf\lib\interwork/libc.a(lib_a-putchar.o)
 .comment       0x000002ac       0x12 C:\Program Files\Hitex\GnuToolPackageArm\bin\..\arm-hitex-elf\lib\interwork/libc.a(lib_a-puts.o)
 .comment       0x000002be       0x12 C:\Program Files\Hitex\GnuToolPackageArm\bin\..\arm-hitex-elf\lib\interwork/libc.a(lib_a-rget.o)
 .comment       0x000002d0       0x12 C:\Program Files\Hitex\GnuToolPackageArm\bin\..\arm-hitex-elf\lib\interwork/libc.a(lib_a-scanf.o)
 .comment       0x000002e2       0x12 C:\Program Files\Hitex\GnuToolPackageArm\bin\..\arm-hitex-elf\lib\interwork/libc.a(lib_a-strlen.o)
 .comment       0x000002f4       0x12 C:\Program Files\Hitex\GnuToolPackageArm\bin\..\arm-hitex-elf\lib\interwork/libc.a(lib_a-vfprintf.o)
 .comment       0x00000306       0x12 C:\Program Files\Hitex\GnuToolPackageArm\bin\..\arm-hitex-elf\lib\interwork/libc.a(lib_a-vfscanf.o)
 .comment       0x00000318       0x12 C:\Program Files\Hitex\GnuToolPackageArm\bin\..\arm-hitex-elf\lib\interwork/libc.a(lib_a-wcrtomb.o)
 .comment       0x0000032a       0x12 C:\Program Files\Hitex\GnuToolPackageArm\bin\..\arm-hitex-elf\lib\interwork/libc.a(lib_a-wcsrtombs.o)
 .comment       0x0000033c       0x12 C:\Program Files\Hitex\GnuToolPackageArm\bin\..\arm-hitex-elf\lib\interwork/libc.a(lib_a-wctomb_r.o)
 .comment       0x0000034e       0x12 C:\Program Files\Hitex\GnuToolPackageArm\bin\..\arm-hitex-elf\lib\interwork/libc.a(lib_a-wsetup.o)
 .comment       0x00000360       0x12 C:\Program Files\Hitex\GnuToolPackageArm\bin\..\arm-hitex-elf\lib\interwork/libc.a(lib_a-ctype_.o)
 .comment       0x00000372       0x12 C:\Program Files\Hitex\GnuToolPackageArm\bin\..\arm-hitex-elf\lib\interwork/libc.a(lib_a-dtoa.o)
 .comment       0x00000384       0x12 C:\Program Files\Hitex\GnuToolPackageArm\bin\..\arm-hitex-elf\lib\interwork/libc.a(lib_a-fflush.o)
 .comment       0x00000396       0x12 C:\Program Files\Hitex\GnuToolPackageArm\bin\..\arm-hitex-elf\lib\interwork/libc.a(lib_a-findfp.o)
 .comment       0x000003a8       0x12 C:\Program Files\Hitex\GnuToolPackageArm\bin\..\arm-hitex-elf\lib\interwork/libc.a(lib_a-fread.o)
 .comment       0x000003ba       0x12 C:\Program Files\Hitex\GnuToolPackageArm\bin\..\arm-hitex-elf\lib\interwork/libc.a(lib_a-freer.o)
 .comment       0x000003cc       0x12 C:\Program Files\Hitex\GnuToolPackageArm\bin\..\arm-hitex-elf\lib\interwork/libc.a(lib_a-fvwrite.o)
 .comment       0x000003de       0x12 C:\Program Files\Hitex\GnuToolPackageArm\bin\..\arm-hitex-elf\lib\interwork/libc.a(lib_a-fwalk.o)
 .comment       0x000003f0       0x12 C:\Program Files\Hitex\GnuToolPackageArm\bin\..\arm-hitex-elf\lib\interwork/libc.a(lib_a-iswspace.o)
 .comment       0x00000402       0x12 C:\Program Files\Hitex\GnuToolPackageArm\bin\..\arm-hitex-elf\lib\interwork/libc.a(lib_a-locale.o)
 .comment       0x00000414       0x12 C:\Program Files\Hitex\GnuToolPackageArm\bin\..\arm-hitex-elf\lib\interwork/libc.a(lib_a-makebuf.o)
 .comment       0x00000426       0x12 C:\Program Files\Hitex\GnuToolPackageArm\bin\..\arm-hitex-elf\lib\interwork/libc.a(lib_a-mbrtowc.o)
 .comment       0x00000438       0x12 C:\Program Files\Hitex\GnuToolPackageArm\bin\..\arm-hitex-elf\lib\interwork/libc.a(lib_a-mbtowc_r.o)
 .comment       0x0000044a       0x12 C:\Program Files\Hitex\GnuToolPackageArm\bin\..\arm-hitex-elf\lib\interwork/libc.a(lib_a-memchr.o)
 .comment       0x0000045c       0x12 C:\Program Files\Hitex\GnuToolPackageArm\bin\..\arm-hitex-elf\lib\interwork/libc.a(lib_a-mprec.o)
 .comment       0x0000046e       0x12 C:\Program Files\Hitex\GnuToolPackageArm\bin\..\arm-hitex-elf\lib\interwork/libc.a(lib_a-putc.o)