Archive member included because of file (symbol)

lib/libhelix.a(mp3dec.o)      .\objects\mp3.o (MP3FindSyncWord)
lib/libhelix.a(mp3tabs.o)     lib/libhelix.a(mp3dec.o) (xmp3fixpt_samplesPerFrameTab)
lib/libhelix.a(scalfact.o)    lib/libhelix.a(mp3dec.o) (xmp3fixpt_UnpackScaleFactors)
lib/libhelix.a(subband.o)     lib/libhelix.a(mp3dec.o) (xmp3fixpt_Subband)
lib/libhelix.a(trigtabs_fixpt.o)
                              lib/libhelix.a(subband.o) (xmp3fixpt_polyCoef)
lib/libhelix.a(asmpoly_gcc.o)
                              lib/libhelix.a(subband.o) (xmp3fixpt_PolyphaseStereo)
lib/libhelix.a(bitstream.o)   lib/libhelix.a(scalfact.o) (xmp3fixpt_SetBitstreamPointer)
lib/libhelix.a(buffers.o)     lib/libhelix.a(mp3dec.o) (xmp3fixpt_FreeBuffers)
lib/libhelix.a(dct32.o)       lib/libhelix.a(subband.o) (xmp3fixpt_FDCT32)
lib/libhelix.a(dequant.o)     lib/libhelix.a(mp3dec.o) (xmp3fixpt_Dequantize)
lib/libhelix.a(dqchan.o)      lib/libhelix.a(dequant.o) (xmp3fixpt_DequantChannel)
lib/libhelix.a(huffman.o)     lib/libhelix.a(mp3dec.o) (xmp3fixpt_DecodeHuffman)
lib/libhelix.a(hufftabs.o)    lib/libhelix.a(huffman.o) (xmp3fixpt_huffTable)
lib/libhelix.a(imdct.o)       lib/libhelix.a(mp3dec.o) (xmp3fixpt_IMDCT)
lib/libhelix.a(stproc.o)      lib/libhelix.a(dequant.o) (xmp3fixpt_MidSideProc)
C:\Program Files\Hitex\GnuToolPackageArm\bin\..\arm-hitex-elf\lib\interwork/libc.a(lib_a-impure.o)
                              .\objects\spi.o (_impure_ptr)
C:\Program Files\Hitex\GnuToolPackageArm\bin\..\arm-hitex-elf\lib\interwork/libc.a(lib_a-malloc.o)
                              .\objects\spi.o (free)
C:\Program Files\Hitex\GnuToolPackageArm\bin\..\arm-hitex-elf\lib\interwork/libc.a(lib_a-mallocr.o)
                              C:\Program Files\Hitex\GnuToolPackageArm\bin\..\arm-hitex-elf\lib\interwork/libc.a(lib_a-malloc.o) (_malloc_r)
C:\Program Files\Hitex\GnuToolPackageArm\bin\..\arm-hitex-elf\lib\interwork/libc.a(lib_a-memcmp.o)
                              .\objects\spi.o (memcmp)
C:\Program Files\Hitex\GnuToolPackageArm\bin\..\arm-hitex-elf\lib\interwork/libc.a(lib_a-memcpy.o)
                              lib/libhelix.a(mp3dec.o) (memcpy)
C:\Program Files\Hitex\GnuToolPackageArm\bin\..\arm-hitex-elf\lib\interwork/libc.a(lib_a-memmove.o)
                              .\objects\mp3.o (memmove)
C:\Program Files\Hitex\GnuToolPackageArm\bin\..\arm-hitex-elf\lib\interwork/libc.a(lib_a-memset.o)
                              .\objects\main.o (memset)
C:\Program Files\Hitex\GnuToolPackageArm\bin\..\arm-hitex-elf\lib\interwork/libc.a(lib_a-mlock.o)
                              C:\Program Files\Hitex\GnuToolPackageArm\bin\..\arm-hitex-elf\lib\interwork/libc.a(lib_a-mallocr.o) (__malloc_lock)
C:\Program Files\Hitex\GnuToolPackageArm\bin\..\arm-hitex-elf\lib\interwork/libc.a(lib_a-printf.o)
                              .\objects\mp3.o (printf)
C:\Program Files\Hitex\GnuToolPackageArm\bin\..\arm-hitex-elf\lib\interwork/libc.a(lib_a-putchar.o)
                              .\objects\spi.o (putchar)
C:\Program Files\Hitex\GnuToolPackageArm\bin\..\arm-hitex-elf\lib\interwork/libc.a(lib_a-puts.o)
                              .\objects\main.o (puts)
C:\Program Files\Hitex\GnuToolPackageArm\bin\..\arm-hitex-elf\lib\interwork/libc.a(lib_a-rget.o)
                              .\objects\spi.o (__srget_r)
C:\Program Files\Hitex\GnuToolPackageArm\bin\..\arm-hitex-elf\lib\interwork/libc.a(lib_a-scanf.o)
                              .\objects\spi.o (scanf)
C:\Program Files\Hitex\GnuToolPackageArm\bin\..\arm-hitex-elf\lib\interwork/libc.a(lib_a-strlen.o)
                              C:\Program Files\Hitex\GnuToolPackageArm\bin\..\arm-hitex-elf\lib\interwork/libc.a(lib_a-puts.o) (strlen)
C:\Program Files\Hitex\GnuToolPackageArm\bin\..\arm-hitex-elf\lib\interwork/libc.a(lib_a-vfprintf.o)
                              C:\Program Files\Hitex\GnuToolPackageArm\bin\..\arm-hitex-elf\lib\interwork/libc.a(lib_a-printf.o) (_vfprintf_r)
C:\Program Files\Hitex\GnuToolPackageArm\bin\..\arm-hitex-elf\lib\interwork/libc.a(lib_a-vfscanf.o)
                              C:\Program Files\Hitex\GnuToolPackageArm\bin\..\arm-hitex-elf\lib\interwork/libc.a(lib_a-scanf.o) (__svfscanf_r)
C:\Program Files\Hitex\GnuToolPackageArm\bin\..\arm-hitex-elf\lib\interwork/libc.a(lib_a-wcrtomb.o)
                              C:\Program Files\Hitex\GnuToolPackageArm\bin\..\arm-hitex-elf\lib\interwork/libc.a(lib_a-vfprintf.o) (_wcrtomb_r)
C:\Program Files\Hitex\GnuToolPackageArm\bin\..\arm-hitex-elf\lib\interwork/libc.a(lib_a-wcsrtombs.o)
                              C:\Program Files\Hitex\GnuToolPackageArm\bin\..\arm-hitex-elf\lib\interwork/libc.a(lib_a-vfprintf.o) (_wcsrtombs_r)
C:\Program Files\Hitex\GnuToolPackageArm\bin\..\arm-hitex-elf\lib\interwork/libc.a(lib_a-wctomb_r.o)
                              C:\Program Files\Hitex\GnuToolPackageArm\bin\..\arm-hitex-elf\lib\interwork/libc.a(lib_a-wcrtomb.o) (_wctomb_r)
[...]
Memory Configuration

Name             Origin             Length             Attributes
IntCode          0x00000000         0x00080000         xr
IntDataRAM       0x40000000         0x00010000         rw
*default*        0x00000000         0xffffffff

Linker script and memory map

LOAD .\objects\audioOut.o
LOAD .\objects\isrRoutine.o
LOAD .\objects\main.o
LOAD .\objects\mp3.o
LOAD .\objects\spi.o
LOAD .\objects\startup.o
LOAD .\objects\ConfigStick.o
LOAD .\objects\armVIC.o
LOAD .\objects\delay.o
LOAD .\objects\fio.o
LOAD .\objects\interrupt.o
LOAD .\objects\portlcd.o
LOAD .\objects\syscalls_lpc.o
LOAD .\objects\target_info.o
LOAD .\objects\uart.o
LOAD .\objects\uartISR.o
                0x40010000                PROVIDE (_top_stack_, 0x40010000)
                0x40010000                PROVIDE (_end_of_heap_, 0x40010000)

.text           0x00000000    0x1625c
                0x00000000                __code_start__ = .
 .\objects\startup.o(.text)
 .text          0x00000000      0x214 .\objects\startup.o
                0x00000000                _startup
                0x00000038                ResetEntry
                0x0000004c                start
                0x0000004c                Start_init_s
 *.o(.text)
 .text          0x00000214      0x300 .\objects\audioOut.o
                0x00000214                isr_timer
                0x00000254                pwmInit
                0x000003f8                initTimer
                0x00000360                dacInit
 .text          0x00000514      0x12c .\objects\isrRoutine.o
                0x00000514                isrRoutine
 .text          0x00000640      0x328 .\objects\main.o
                0x00000640                main
                0x000008d8                restart
 .text          0x00000968      0x2d0 .\objects\mp3.o
                0x00000a04                decode
                0x00000b9c                initMp3Module
                0x000009c0                fillBuffer
                0x00000968                mp3Cleanup
 .text          0x00000c38      0xee0 .\objects\spi.o
                0x00000ef8                spiFlashMemGlobalUnprotect
                0x00000e6c                spiFlashMemSetWriteEnable
                0x000013ec                eraseChip
                0x00000d9c                spiFlashMemWaitReady
                0x000014b8                readSpecs
                0x000010f0                spiFlashMemRead
                0x0000161c                testSpiMem
                0x000012b0                spiFlashMemErase
                0x000016fc                menue
                0x00000cf0                spiFlashMemReadStatusRegister
                0x00001228                spiReadBytes
                0x00000fa4                spiFlashMemWrite
                0x00000c38                sspInit
 .text          0x00001b18      0x818 .\objects\ConfigStick.o
                0x000021bc                Check_Hardware
                0x000020c4                ADC_get_channel
                0x00001b18                Peripheral_Clock_Configuration
                0x00001b78                Power_Configuration
                0x000022a0                BaseStickConfig
                0x00002098                WDT_Configuration
                0x00001c20                GPIO_Configuration
 .text          0x00002330      0x1f4 .\objects\armVIC.o
                0x000023c4                restoreIRQ
                0x000024e4                enableFIQ
                0x00002454                disableFIQ
                0x00002414                enableIRQ
                0x00002494                restoreFIQ
                0x00002330                disableIRQ
 .text          0x00002524      0x144 .\objects\delay.o
                0x00002524                delay
                0x000025fc                init_delay
 .text          0x00002668      0x1b8 .\objects\fio.o
                0x00002668                GPIOInit
 .text          0x00002820       0xd8 .\objects\interrupt.o
                0x00002820                SWI_Handler
                0x000028c4                Undef_Handler
                0x000028b0                DAbt_Handler
                0x000028d8                FIQ_Handler
                0x0000289c                PAbt_Handler
 .text          0x000028f8      0x6a8 .\objects\portlcd.o
                0x000029dc                lcd_write
                0x00002bec                LCD_init
                0x00002cd0                LCD_load
                0x000028f8                lcd_delay
                0x00002b34                lcd_wait_busy
                0x00002b6c                lcd_write_cmd
                0x00002e9c                LCD_puts
                0x00002ef4                LCD_bargraph
                0x00002930                lcd_write_4bit
                0x00002e1c                LCD_on
                0x00002e3c                LCD_putc
                0x00002bac                lcd_write_data
                0x00002d48                LCD_gotoxy
                0x00002a14                lcd_read_stat
                0x00002dfc                LCD_cur_off
                0x00002dd0                LCD_cls
 .text          0x00002fa0      0x27c .\objects\syscalls_lpc.o
                0x00003174                _sbrk_r
                0x00003060                _read_r
                0x00002fa0                _write_r
 .text          0x0000321c      0x180 .\objects\target_info.o
                0x000032f8                GetPclk
                0x0000321c                GetCclk
 .text          0x0000339c      0xd18 .\objects\uart.o
                0x00003d60                uart2Space
                0x00003e54                uart2Write
                0x00003f18                uart2TxEmpty
                0x000037d0                uart0Write
                0x0000357c                uart0Putch
                0x0000339c                uart0Init
                0x000038d4                uart0TxFlush
                0x00003f58                uart2TxFlush
                0x00003760                uart0Puts
                0x00003974                uart0Getch
                0x000036dc                uart0Space
                0x00003a30                uart2Init
                0x00003894                uart0TxEmpty
                0x00003ff8                uart2Getch
                0x00003c00                uart2Putch
                0x00003de4                uart2Puts
 .text          0x000040b4      0x508 .\objects\uartISR.o
                0x00004324                uart2ISR
                0x000040b4                uart0ISR
 .text          0x000045bc      0x6a4 lib/libhelix.a(mp3dec.o)
                0x000045bc                MP3FindSyncWord
                0x00004c44                MP3InitDecoder
                0x00004c24                MP3FreeDecoder
                0x00004704                MP3GetNextFrameInfo
                0x0000461c                MP3GetLastFrameInfo
                0x00004768                MP3Decode
 .text          0x00004c60        0x0 lib/libhelix.a(mp3tabs.o)
 .text          0x00004c60      0x91c lib/libhelix.a(scalfact.o)
                0x00004c60                xmp3fixpt_UnpackScaleFactors
 .text          0x0000557c      0x19c lib/libhelix.a(subband.o)
                0x0000557c                xmp3fixpt_Subband
 .text          0x00005718        0x0 lib/libhelix.a(trigtabs_fixpt.o)
 .text          0x00005718      0x8b8 lib/libhelix.a(asmpoly_gcc.o)
                0x00005c84                xmp3fixpt_PolyphaseMono
                0x00005718                xmp3fixpt_PolyphaseStereo
 .text          0x00005fd0      0x7fc lib/libhelix.a(bitstream.o)
                0x00006410                xmp3fixpt_UnpackSideInfo
                0x00005fe8                xmp3fixpt_GetBits
                0x0000611c                xmp3fixpt_CalcBitsUsed
                0x00006134                xmp3fixpt_CheckPadBit
                0x00006160                xmp3fixpt_UnpackFrameHeader
                0x00005fd0                xmp3fixpt_SetBitstreamPointer
 .text          0x000067cc      0x224 lib/libhelix.a(buffers.o)
                0x0000688c                xmp3fixpt_AllocateBuffers
                0x000067f0                xmp3fixpt_FreeBuffers
 .text          0x000069f0      0xb74 lib/libhelix.a(dct32.o)
                0x000069f0                xmp3fixpt_FDCT32
 .text          0x00007564      0x40c lib/libhelix.a(dequant.o)
                0x00007564                xmp3fixpt_Dequantize
 .text          0x00007970      0x62c lib/libhelix.a(dqchan.o)
                0x00007bac                xmp3fixpt_DequantChannel
 .text          0x00007f9c      0x9c0 lib/libhelix.a(huffman.o)
                0x00007f9c                xmp3fixpt_DecodeHuffman
 .text          0x0000895c        0x0 lib/libhelix.a(hufftabs.o)
 .text          0x0000895c     0x176c lib/libhelix.a(imdct.o)
                0x00008cd0                xmp3fixpt_IMDCT
 .text          0x0000a0c8      0x9bc lib/libhelix.a(stproc.o)
                0x0000a5b4                xmp3fixpt_IntensityProcMPEG1
                0x0000a0c8                xmp3fixpt_MidSideProc
                0x0000a15c                xmp3fixpt_IntensityProcMPEG2
 .text          0x0000aa84        0x0 C:\Program Files\Hitex\GnuToolPackageArm\bin\..\arm-hitex-elf\lib\interwork/libc.a(lib_a-impure.o)
 .text          0x0000aa84       0x40 C:\Program Files\Hitex\GnuToolPackageArm\bin\..\arm-hitex-elf\lib\interwork/libc.a(lib_a-malloc.o)
                0x0000aaa4                malloc
                0x0000aa84                free
 .text          0x0000aac4      0x688 C:\Program Files\Hitex\GnuToolPackageArm\bin\..\arm-hitex-elf\lib\interwork/libc.a(lib_a-mallocr.o)
                0x0000aac4                _malloc_r
 .text          0x0000b14c       0x3c C:\Program Files\Hitex\GnuToolPackageArm\bin\..\arm-hitex-elf\lib\interwork/libc.a(lib_a-memcmp.o)
                0x0000b14c                memcmp
 .text          0x0000b188       0x20 C:\Program Files\Hitex\GnuToolPackageArm\bin\..\arm-hitex-elf\lib\interwork/libc.a(lib_a-memcpy.o)
                0x0000b188                memcpy
 .text          0x0000b1a8       0x54 C:\Program Files\Hitex\GnuToolPackageArm\bin\..\arm-hitex-elf\lib\interwork/libc.a(lib_a-memmove.o)
                0x0000b1a8                memmove
 .text          0x0000b1fc       0x1c C:\Program Files\Hitex\GnuToolPackageArm\bin\..\arm-hitex-elf\lib\interwork/libc.a(lib_a-memset.o)
                0x0000b1fc                memset
 .text          0x0000b218        0x8 C:\Program Files\Hitex\GnuToolPackageArm\bin\..\arm-hitex-elf\lib\interwork/libc.a(lib_a-mlock.o)
                0x0000b21c                __malloc_unlock
                0x0000b218                __malloc_lock
 .text          0x0000b220       0x74 C:\Program Files\Hitex\GnuToolPackageArm\bin\..\arm-hitex-elf\lib\interwork/libc.a(lib_a-printf.o)
                0x0000b220                printf
                0x0000b260                _printf_r
 .text          0x0000b294       0x3c C:\Program Files\Hitex\GnuToolPackageArm\bin\..\arm-hitex-elf\lib\interwork/libc.a(lib_a-putchar.o)
                0x0000b294                putchar
                0x0000b2bc                _putchar_r
 .text          0x0000b2d0       0x88 C:\Program Files\Hitex\GnuToolPackageArm\bin\..\arm-hitex-elf\lib\interwork/libc.a(lib_a-puts.o)
                0x0000b2d0                _puts_r
                0x0000b344                puts
 .text          0x0000b358       0x4c C:\Program Files\Hitex\GnuToolPackageArm\bin\..\arm-hitex-elf\lib\interwork/libc.a(lib_a-rget.o)
                0x0000b390                __srget
                0x0000b358                __srget_r
 .text          0x0000b3a4       0x74 C:\Program Files\Hitex\GnuToolPackageArm\bin\..\arm-hitex-elf\lib\interwork/libc.a(lib_a-scanf.o)
                0x0000b3a4                _scanf_r
                0x0000b3d8                scanf
 .text          0x0000b418       0x20 C:\Program Files\Hitex\GnuToolPackageArm\bin\..\arm-hitex-elf\lib\interwork/libc.a(lib_a-strlen.o)
                0x0000b418                strlen
 .text          0x0000b438     0x1da0 C:\Program Files\Hitex\GnuToolPackageArm\bin\..\arm-hitex-elf\lib\interwork/libc.a(lib_a-vfprintf.o)
                0x0000b474                _vfprintf_r
                0x0000d1ac                vfprintf
 .text          0x0000d1d8     0x1114 C:\Program Files\Hitex\GnuToolPackageArm\bin\..\arm-hitex-elf\lib\interwork/libc.a(lib_a-vfscanf.o)
                0x0000e234                __svfscanf
                0x0000e260                _vfscanf_r
                0x0000e29c                vfscanf
                0x0000d1d8                __svfscanf_r
 .text          0x0000e2ec       0x78 C:\Program Files\Hitex\GnuToolPackageArm\bin\..\arm-hitex-elf\lib\interwork/libc.a(lib_a-wcrtomb.o)
                0x0000e2ec                _wcrtomb_r
                0x0000e338                wcrtomb
 .text          0x0000e364      0x14c C:\Program Files\Hitex\GnuToolPackageArm\bin\..\arm-hitex-elf\lib\interwork/libc.a(lib_a-wcsrtombs.o)
                0x0000e364                _wcsrtombs_r
                0x0000e470                wcsrtombs
 .text          0x0000e4b0      0x424 C:\Program Files\Hitex\GnuToolPackageArm\bin\..\arm-hitex-elf\lib\interwork/libc.a(lib_a-wctomb_r.o)
                0x0000e4b0                _wctomb_r
 .text          0x0000e8d4       0xf8 C:\Program Files\Hitex\GnuToolPackageArm\bin\..\arm-hitex-elf\lib\interwork/libc.a(lib_a-wsetup.o)
                0x0000e8d4                __swsetup
 .text          0x0000e9cc        0x0 C:\Program Files\Hitex\GnuToolPackageArm\bin\..\arm-hitex-elf\lib\interwork/libc.a(lib_a-ctype_.o)
 .text          0x0000e9cc     0x14fc C:\Program Files\Hitex\GnuToolPackageArm\bin\..\arm-hitex-elf\lib\interwork/libc.a(lib_a-dtoa.o)
                0x0000eba8                _dtoa_r
 .text          0x0000fec8      0x19c C:\Program Files\Hitex\GnuToolPackageArm\bin\..\arm-hitex-elf\lib\interwork/libc.a(lib_a-fflush.o)
                0x0000fec8                fflush
 .text          0x00010064      0x284 C:\Program Files\Hitex\GnuToolPackageArm\bin\..\arm-hitex-elf\lib\interwork/libc.a(lib_a-findfp.o)
                0x000100c0                __sinit
                0x00010188                __sfmoreglue
                0x00010178                _cleanup
                0x00010160                _cleanup_r
                0x000101fc                __fp_lock_all
                0x00010140                __sfp_lock_acquire
                0x00010220                __sfp
                0x0001014c                __sinit_lock_release
                0x000101d8                __fp_unlock_all
                0x00010144                __sfp_lock_release
                0x00010148                __sinit_lock_acquire
 .text          0x000102e8      0x120 C:\Program Files\Hitex\GnuToolPackageArm\bin\..\arm-hitex-elf\lib\interwork/libc.a(lib_a-fread.o)
                0x000103c8                fread
                0x000102e8                _fread_r
 .text          0x00010408      0x35c C:\Program Files\Hitex\GnuToolPackageArm\bin\..\arm-hitex-elf\lib\interwork/libc.a(lib_a-freer.o)
                0x00010504                _free_r
                0x00010408                _malloc_trim_r
 .text          0x00010764      0x3fc C:\Program Files\Hitex\GnuToolPackageArm\bin\..\arm-hitex-elf\lib\interwork/libc.a(lib_a-fvwrite.o)
                0x00010764                __sfvwrite_r
 .text          0x00010b60       0xf4 C:\Program Files\Hitex\GnuToolPackageArm\bin\..\arm-hitex-elf\lib\interwork/libc.a(lib_a-fwalk.o)
                0x00010bdc                _fwalk
                0x00010b60                _fwalk_reent
 .text          0x00010c54       0x24 C:\Program Files\Hitex\GnuToolPackageArm\bin\..\arm-hitex-elf\lib\interwork/libc.a(lib_a-iswspace.o)
                0x00010c54                iswspace
 .text          0x00010c78       0xa8 C:\Program Files\Hitex\GnuToolPackageArm\bin\..\arm-hitex-elf\lib\interwork/libc.a(lib_a-locale.o)
                0x00010c94                _setlocale_r
                0x00010c78                __locale_charset
                0x00010c88                _localeconv_r
                0x00010cf8                setlocale
                0x00010d14                localeconv
 .text          0x00010d20      0x154 C:\Program Files\Hitex\GnuToolPackageArm\bin\..\arm-hitex-elf\lib\interwork/libc.a(lib_a-makebuf.o)
                0x00010d20                __smakebuf
 .text          0x00010e74       0x98 C:\Program Files\Hitex\GnuToolPackageArm\bin\..\arm-hitex-elf\lib\interwork/libc.a(lib_a-mbrtowc.o)
                0x00010ecc                mbrtowc
                0x00010e74                _mbrtowc_r
 .text          0x00010f0c       0x50 C:\Program Files\Hitex\GnuToolPackageArm\bin\..\arm-hitex-elf\lib\interwork/libc.a(lib_a-mbtowc_r.o)
                0x00010f0c                _mbtowc_r
 .text          0x00010f5c       0x28 C:\Program Files\Hitex\GnuToolPackageArm\bin\..\arm-hitex-elf\lib\interwork/libc.a(lib_a-memchr.o)
                0x00010f5c                memchr
 .text          0x00010f84      0xc00 C:\Program Files\Hitex\GnuToolPackageArm\bin\..\arm-hitex-elf\lib\interwork/libc.a(lib_a-mprec.o)
                0x00011278                _mprec_log10
                0x0001132c                __any_on
                0x00011394                _Balloc
                0x000111fc                __ratio
                0x000118d8                __i2b
                0x00011148                __b2d
                0x00011aa0                __s2b
                0x00011088                __mcmp
                0x00010fa0                __hi0bits
                0x000119c4                __pow5mult
                0x00011660                __lshift
                0x00011740                __multiply
                0x00011428                __d2b
                0x000112e4                __copybits
                0x000110e8                __ulp
                0x0001153c                __mdiff
                0x00010ff8                __lo0bits
                0x000118fc                __multadd
                0x00010f84                _Bfree
 .text          0x00011b84       0xb4 C:\Program Files\Hitex\GnuToolPackageArm\bin\..\arm-hitex-elf\lib\interwork/libc.a(lib_a-putc.o)
                0x00011b84                _putc_r
                0x00011c1c                putc
 .text          0x00011c38      0x4d4 C:\Program Files\Hitex\GnuToolPackageArm\bin\..\arm-hitex-elf\lib\interwork/libc.a(lib_a-reallocr.o)
                0x00011c38                _realloc_r
 .text          0x0001210c      0x1b8 C:\Program Files\Hitex\GnuToolPackageArm\bin\..\arm-hitex-elf\lib\interwork/libc.a(lib_a-refill.o)
                0x00012138                __srefill_r
 .text          0x000122c4       0x2c C:\Program Files\Hitex\GnuToolPackageArm\bin\..\arm-hitex-elf\lib\interwork/libc.a(lib_a-s_isinfd.o)
                0x000122c4                __isinfd
 .text          0x000122f0       0x20 C:\Program Files\Hitex\GnuToolPackageArm\bin\..\arm-hitex-elf\lib\interwork/libc.a(lib_a-s_isnand.o)
                0x000122f0                __isnand
 .text          0x00012310       0xcc C:\Program Files\Hitex\GnuToolPackageArm\bin\..\arm-hitex-elf\lib\interwork/libc.a(lib_a-sccl.o)
                0x00012310                __sccl
 .text          0x000123dc        0xc C:\Program Files\Hitex\GnuToolPackageArm\bin\..\arm-hitex-elf\lib\interwork/libc.a(lib_a-sf_nan.o)
                0x000123dc                nanf
 .text          0x000123e8       0xdc C:\Program Files\Hitex\GnuToolPackageArm\bin\..\arm-hitex-elf\lib\interwork/libc.a(lib_a-sprintf.o)
                0x0001245c                _sprintf_r
                0x000123e8                sprintf
 .text          0x000124c4      0x110 C:\Program Files\Hitex\GnuToolPackageArm\bin\..\arm-hitex-elf\lib\interwork/libc.a(lib_a-stdio.o)
                0x000124e4                __sseek
                0x0001258c                __sread
                0x000124c4                __sclose
                0x0001252c                __swrite
 .text          0x000125d4       0x30 C:\Program Files\Hitex\GnuToolPackageArm\bin\..\arm-hitex-elf\lib\interwork/libc.a(lib_a-strcmp.o)
                0x000125d4                strcmp
 .text          0x00012604     0x12d0 C:\Program Files\Hitex\GnuToolPackageArm\bin\..\arm-hitex-elf\lib\interwork/libc.a(lib_a-strtod.o)
                0x00012650                _strtod_r
                0x000138b8                strtod
                0x00013864                strtof
 .text          0x000138d4      0x1c4 C:\Program Files\Hitex\GnuToolPackageArm\bin\..\arm-hitex-elf\lib\interwork/libc.a(lib_a-strtol.o)
                0x00013a6c                strtol
                0x000138d4                _strtol_r
 .text          0x00013a98      0x1a4 C:\Program Files\Hitex\GnuToolPackageArm\bin\..\arm-hitex-elf\lib\interwork/libc.a(lib_a-strtoul.o)
                0x00013c10                strtoul
                0x00013a98                _strtoul_r
 .text          0x00013c3c      0x5e4 C:\Program Files\Hitex\GnuToolPackageArm\bin\..\arm-hitex-elf\lib\interwork/libc.a(lib_a-syscalls.o)
                0x00013d00                _getpid
                0x00013c6c                initialise_monitor_handles
                0x00013d74                isatty
                0x00013ef0                _fstat
                0x00013ed0                _open
                0x00013dc4                _sbrk
                0x00013d18                _raise
                0x00013d48                _times
                0x00013fc8                _stat
                0x00014170                _lseek
                0x00013d08                _link
                0x0001402c                _swiwrite
                0x00013d84                _rename
                0x000140cc                _swilseek
                0x00013f94                _swiclose
                0x00013e34                _swiopen
                0x00013d10                _unlink
                0x00014058                _write
                0x00013cf8                _kill
                0x00013d1c                _gettimeofday
                0x000141ac                _read
                0x00014218                _exit
                0x00013da0                _system
                0x00014180                _swiread
                0x0001401c                _close
 .text          0x00014220      0x228 C:\Program Files\Hitex\GnuToolPackageArm\bin\..\arm-hitex-elf\lib\interwork/libc.a(lib_a-ungetc.o)
                0x0001442c                ungetc
                0x00014220                __submore
                0x000142d4                _ungetc_r
 .text          0x00014448      0x114 C:\Program Files\Hitex\GnuToolPackageArm\bin\..\arm-hitex-elf\lib\interwork/libc.a(lib_a-wbuf.o)
                0x00014448                __swbuf_r
                0x00014540                __swbuf
 .text          0x0001455c       0x9c C:\Program Files\Hitex\GnuToolPackageArm\bin\..\arm-hitex-elf\lib\interwork/libc.a(lib_a-callocr.o)
                0x0001455c                _calloc_r
 .text          0x000145f8       0x3c C:\Program Files\Hitex\GnuToolPackageArm\bin\..\arm-hitex-elf\lib\interwork/libc.a(lib_a-closer.o)
                0x000145f8                _close_r
 .text          0x00014634       0x10 C:\Program Files\Hitex\GnuToolPackageArm\bin\..\arm-hitex-elf\lib\interwork/libc.a(lib_a-errno.o)
                0x00014634                __errno
 .text          0x00014644       0xf4 C:\Program Files\Hitex\GnuToolPackageArm\bin\..\arm-hitex-elf\lib\interwork/libc.a(lib_a-fclose.o)
                0x00014644                _fclose_r
                0x00014724                fclose
 .text          0x00014738       0x40 C:\Program Files\Hitex\GnuToolPackageArm\bin\..\arm-hitex-elf\lib\interwork/libc.a(lib_a-fstatr.o)
                0x00014738                _fstat_r
 .text          0x00014778      0x764 C:\Program Files\Hitex\GnuToolPackageArm\bin\..\arm-hitex-elf\lib\interwork/libc.a(lib_a-gdtoa-gethex.o)
                0x000147ac                __hexdig_init
                0x00014898                __gethex
 .text          0x00014edc      0x240 C:\Program Files\Hitex\GnuToolPackageArm\bin\..\arm-hitex-elf\lib\interwork/libc.a(lib_a-gdtoa-hexnan.o)
                0x00014f14                __hexnan
 .text          0x0001511c       0x44 C:\Program Files\Hitex\GnuToolPackageArm\bin\..\arm-hitex-elf\lib\interwork/libc.a(lib_a-lseekr.o)
                0x0001511c                _lseek_r
 .text          0x00015160      0x18c C:\Program Files\Hitex\GnuToolPackageArm\bin\..\arm-hitex-elf\lib\interwork/libc.a(lib_a-reent.o)
                0x000151d0                cleanup_glue
                0x000151fc                _reclaim_reent
                0x00015160                _wrapup_reent
 .text          0x000152ec      0x114 C:\Program Files\Hitex\GnuToolPackageArm\bin\..\lib\gcc\arm-hitex-elf\4.1.1\interwork/libgcc.a(_udivsi3.o)
                0x000152ec                __udivsi3
                0x000152ec                __aeabi_uidiv
                0x000153e8                __aeabi_uidivmod
 .text          0x00015400      0x144 C:\Program Files\Hitex\GnuToolPackageArm\bin\..\lib\gcc\arm-hitex-elf\4.1.1\interwork/libgcc.a(_divsi3.o)
                0x00015400                __aeabi_idiv
                0x00015400                __divsi3
                0x0001552c                __aeabi_idivmod
 .text          0x00015544       0xd0 C:\Program Files\Hitex\GnuToolPackageArm\bin\..\lib\gcc\arm-hitex-elf\4.1.1\interwork/libgcc.a(_umodsi3.o)
                0x00015544                __umodsi3
 .text          0x00015614       0xe8 C:\Program Files\Hitex\GnuToolPackageArm\bin\..\lib\gcc\arm-hitex-elf\4.1.1\interwork/libgcc.a(_modsi3.o)
                0x00015614                __modsi3
 .text          0x000156fc        0x4 C:\Program Files\Hitex\GnuToolPackageArm\bin\..\lib\gcc\arm-hitex-elf\4.1.1\interwork/libgcc.a(_dvmd_tls.o)
                0x000156fc                __aeabi_ldiv0
                0x000156fc                __div0
                0x000156fc                __aeabi_idiv0
 .text          0x00015700      0x430 C:\Program Files\Hitex\GnuToolPackageArm\bin\..\lib\gcc\arm-hitex-elf\4.1.1\interwork/libgcc.a(_addsubdf3.o)
                0x00015ac4                __floatdidf
                0x00015a44                __floatsidf
                0x00015a1c                __aeabi_ui2d
                0x00015700                __aeabi_drsub
                0x00015a70                __extendsfdf2
                0x0001570c                __adddf3
                0x00015a1c                __floatunsidf
                0x0001570c                __aeabi_dadd
                0x00015ab0                __aeabi_ul2d
                0x00015708                __aeabi_dsub
                0x00015ab0                __floatundidf
                0x00015a44                __aeabi_i2d
                0x00015ac4                __aeabi_l2d
                0x00015a70                __aeabi_f2d
                0x00015708                __subdf3
 .text          0x00015b30      0x49c C:\Program Files\Hitex\GnuToolPackageArm\bin\..\lib\gcc\arm-hitex-elf\4.1.1\interwork/libgcc.a(_muldivdf3.o)
                0x00015dc0                __aeabi_ddiv
                0x00015b30                __aeabi_dmul
                0x00015dc0                __divdf3
                0x00015b30                __muldf3
 .text          0x00015fcc      0x140 C:\Program Files\Hitex\GnuToolPackageArm\bin\..\lib\gcc\arm-hitex-elf\4.1.1\interwork/libgcc.a(_cmpdf2.o)
                0x000160c4                __aeabi_dcmple
                0x00015fdc                __cmpdf2
                0x00015fdc                __eqdf2
                0x00015fcc                __gtdf2
                0x0001607c                __aeabi_cdcmple
                0x00016060                __aeabi_cdrcmple
                0x00015fd4                __ltdf2
                0x000160ac                __aeabi_dcmplt
                0x00015fd4                __ledf2
                0x000160f4                __aeabi_dcmpgt
                0x000160dc                __aeabi_dcmpge
                0x00015fdc                __nedf2
                0x00016094                __aeabi_dcmpeq
                0x0001607c                __aeabi_cdcmpeq
                0x00015fcc                __gedf2
 .text          0x0001610c       0x5c C:\Program Files\Hitex\GnuToolPackageArm\bin\..\lib\gcc\arm-hitex-elf\4.1.1\interwork/libgcc.a(_fixdfsi.o)
                0x0001610c                __fixdfsi
                0x0001610c                __aeabi_d2iz
 .text          0x00016168       0x54 C:\Program Files\Hitex\GnuToolPackageArm\bin\..\lib\gcc\arm-hitex-elf\4.1.1\interwork/libgcc.a(_fixunsdfsi.o)
                0x00016168                __fixunsdfsi
                0x00016168                __aeabi_d2uiz
 .text          0x000161bc       0xa0 C:\Program Files\Hitex\GnuToolPackageArm\bin\..\lib\gcc\arm-hitex-elf\4.1.1\interwork/libgcc.a(_truncdfsf2.o)
                0x000161bc                __aeabi_d2f
                0x000161bc                __truncdfsf2
                0x0001625c                . = ALIGN (0x4)
                0x0001625c                __code_end__ = .
 *(.gnu.linkonce.t.*)
 *(.glue_7)
 .glue_7        0x0001625c        0x0 .\objects\audioOut.o
 .glue_7        0x0001625c        0x0 .\objects\isrRoutine.o
 .glue_7        0x0001625c        0x0 .\objects\main.o
 .glue_7        0x0001625c        0x0 .\objects\mp3.o
 .glue_7        0x0001625c        0x0 .\objects\spi.o
 .glue_7        0x0001625c        0x0 .\objects\startup.o
 .glue_7        0x0001625c        0x0 .\objects\ConfigStick.o
 .glue_7        0x0001625c        0x0 .\objects\armVIC.o
 .glue_7        0x0001625c        0x0 .\objects\delay.o
 .glue_7        0x0001625c        0x0 .\objects\fio.o
 .glue_7        0x0001625c        0x0 .\objects\interrupt.o
 .glue_7        0x0001625c        0x0 .\objects\portlcd.o
 .glue_7        0x0001625c        0x0 .\objects\syscalls_lpc.o
 .glue_7        0x0001625c        0x0 .\objects\target_info.o
 .glue_7        0x0001625c        0x0 .\objects\uart.o
 .glue_7        0x0001625c        0x0 .\objects\uartISR.o
 .glue_7        0x0001625c        0x0 lib/libhelix.a(mp3dec.o)
 .glue_7        0x0001625c        0x0 lib/libhelix.a(mp3tabs.o)
 .glue_7        0x0001625c        0x0 lib/libhelix.a(scalfact.o)
 .glue_7        0x0001625c        0x0 lib/libhelix.a(subband.o)
 .glue_7        0x0001625c        0x0 lib/libhelix.a(trigtabs_fixpt.o)
 .glue_7        0x0001625c        0x0 lib/libhelix.a(asmpoly_gcc.o)
 .glue_7        0x0001625c        0x0 lib/libhelix.a(bitstream.o)
 .glue_7        0x0001625c        0x0 lib/libhelix.a(buffers.o)
 .glue_7        0x0001625c        0x0 lib/libhelix.a(dct32.o)
 .glue_7        0x0001625c        0x0 lib/libhelix.a(dequant.o)
 .glue_7        0x0001625c        0x0 lib/libhelix.a(dqchan.o)
 .glue_7        0x0001625c        0x0 lib/libhelix.a(huffman.o)
 .glue_7        0x0001625c        0x0 lib/libhelix.a(hufftabs.o)
 .glue_7        0x0001625c        0x0 lib/libhelix.a(imdct.o)
 .glue_7        0x0001625c        0x0 lib/libhelix.a(stproc.o)
 .glue_7        0x0001625c        0x0 C:\Program Files\Hitex\GnuToolPackageArm\bin\..\arm-hitex-elf\lib\interwork/libc.a(lib_a-impure.o)
 .glue_7        0x0001625c        0x0 C:\Program Files\Hitex\GnuToolPackageArm\bin\..\arm-hitex-elf\lib\interwork/libc.a(lib_a-malloc.o)
 .glue_7        0x0001625c        0x0 C:\Program Files\Hitex\GnuToolPackageArm\bin\..\arm-hitex-elf\lib\interwork/libc.a(lib_a-mallocr.o)
 .glue_7        0x0001625c        0x0 C:\Program Files\Hitex\GnuToolPackageArm\bin\..\arm-hitex-elf\lib\interwork/libc.a(lib_a-memcmp.o)
 .glue_7        0x0001625c        0x0 C:\Program Files\Hitex\GnuToolPackageArm\bin\..\arm-hitex-elf\lib\interwork/libc.a(lib_a-memcpy.o)
 .glue_7        0x0001625c        0x0 C:\Program Files\Hitex\GnuToolPackageArm\bin\..\arm-hitex-elf\lib\interwork/libc.a(lib_a-memmove.o)
 .glue_7        0x0001625c        0x0 C:\Program Files\Hitex\GnuToolPackageArm\bin\..\arm-hitex-elf\lib\interwork/libc.a(lib_a-memset.o)
 .glue_7        0x0001625c        0x0 C:\Program Files\Hitex\GnuToolPackageArm\bin\..\arm-hitex-elf\lib\interwork/libc.a(lib_a-mlock.o)
 .glue_7        0x0001625c        0x0 C:\Program Files\Hitex\GnuToolPackageArm\bin\..\arm-hitex-elf\lib\interwork/libc.a(lib_a-printf.o)
 .glue_7        0x0001625c        0x0 C:\Program Files\Hitex\GnuToolPackageArm\bin\..\arm-hitex-elf\lib\interwork/libc.a(lib_a-putchar.o)
 .glue_7        0x0001625c        0x0 C:\Program Files\Hitex\GnuToolPackageArm\bin\..\arm-hitex-elf\lib\interwork/libc.a(lib_a-puts.o)
 .glue_7        0x0001625c        0x0 C:\Program Files\Hitex\GnuToolPackageArm\bin\..\arm-hitex-elf\lib\interwork/libc.a(lib_a-rget.o)
 .glue_7        0x0001625c        0x0 C:\Program Files\Hitex\GnuToolPackageArm\bin\..\arm-hitex-elf\lib\interwork/libc.a(lib_a-scanf.o)
 .glue_7        0x0001625c        0x0 C:\Program Files\Hitex\GnuToolPackageArm\bin\..\arm-hitex-elf\lib\interwork/libc.a(lib_a-strlen.o)
 .glue_7        0x0001625c        0x0 C:\Program Files\Hitex\GnuToolPackageArm\bin\..\arm-hitex-elf\lib\interwork/libc.a(lib_a-vfprintf.o)
 .glue_7        0x0001625c        0x0 C:\Program Files\Hitex\GnuToolPackageArm\bin\..\arm-hitex-elf\lib\interwork/libc.a(lib_a-vfscanf.o)
 .glue_7        0x0001625c        0x0 C:\Program Files\Hitex\GnuToolPackageArm\bin\..\arm-hitex-elf\lib\interwork/libc.a(lib_a-wcrtomb.o)
 .glue_7        0x0001625c        0x0 C:\Program Files\Hitex\GnuToolPackageArm\bin\..\arm-hitex-elf\lib\interwork/libc.a(lib_a-wcsrtombs.o)
 .glue_7        0x0001625c        0x0 C:\Program Files\Hitex\GnuToolPackageArm\bin\..\arm-hitex-elf\lib\interwork/libc.a(lib_a-wctomb_r.o)
 .glue_7        0x0001625c        0x0 C:\Program Files\Hitex\GnuToolPackageArm\bin\..\arm-hitex-elf\lib\interwork/libc.a(lib_a-wsetup.o)
 .glue_7        0x0001625c        0x0 C:\Program Files\Hitex\GnuToolPackageArm\bin\..\arm-hitex-elf\lib\interwork/libc.a(lib_a-ctype_.o)
 .glue_7        0x0001625c        0x0 C:\Program Files\Hitex\GnuToolPackageArm\bin\..\arm-hitex-elf\lib\interwork/libc.a(lib_a-dtoa.o)
 .glue_7        0x0001625c        0x0 C:\Program Files\Hitex\GnuToolPackageArm\bin\..\arm-hitex-elf\lib\interwork/libc.a(lib_a-fflush.o)
 .glue_7        0x0001625c        0x0 C:\Program Files\Hitex\GnuToolPackageArm\bin\..\arm-hitex-elf\lib\interwork/libc.a(lib_a-findfp.o)
 .glue_7        0x0001625c        0x0 C:\Program Files\Hitex\GnuToolPackageArm\bin\..\arm-hitex-elf\lib\interwork/libc.a(lib_a-fread.o)
 .glue_7        0x0001625c        0x0 C:\Program Files\Hitex\GnuToolPackageArm\bin\..\arm-hitex-elf\lib\interwork/libc.a(lib_a-freer.o)
 .glue_7        0x0001625c        0x0 C:\Program Files\Hitex\GnuToolPackageArm\bin\..\arm-hitex-elf\lib\interwork/libc.a(lib_a-fvwrite.o)
 .glue_7        0x0001625c        0x0 C:\Program Files\Hitex\GnuToolPackageArm\bin\..\arm-hitex-elf\lib\interwork/libc.a(lib_a-fwalk.o)
 .glue_7        0x0001625c        0x0 C:\Program Files\Hitex\GnuToolPackageArm\bin\..\arm-hitex-elf\lib\interwork/libc.a(lib_a-iswspace.o)
 .glue_7        0x0001625c        0x0 C:\Program Files\Hitex\GnuToolPackageArm\bin\..\arm-hitex-elf\lib\interwork/libc.a(lib_a-locale.o)
 .glue_7        0x0001625c        0x0 C:\Program Files\Hitex\GnuToolPackageArm\bin\..\arm-hitex-elf\lib\interwork/libc.a(lib_a-makebuf.o)
 .glue_7        0x0001625c        0x0 C:\Program Files\Hitex\GnuToolPackageArm\bin\..\arm-hitex-elf\lib\interwork/libc.a(lib_a-mbrtowc.o)
 .glue_7        0x0001625c        0x0 C:\Program Files\Hitex\GnuToolPackageArm\bin\..\arm-hitex-elf\lib\interwork/libc.a(lib_a-mbtowc_r.o)
 .glue_7        0x0001625c        0x0 C:\Program Files\Hitex\GnuToolPackageArm\bin\..\arm-hitex-elf\lib\interwork/libc.a(lib_a-memchr.o)
 .glue_7        0x0001625c        0x0 C:\Program Files\Hitex\GnuToolPackageArm\bin\..\arm-hitex-elf\lib\interwork/libc.a(lib_a-mprec.o)
 .glue_7        0x0001625c        0x0 C:\Program Files\Hitex\GnuToolPackageArm\bin\..\arm-hitex-elf\lib\interwork/libc.a(lib_a-putc.o)
 .glue_7        0x0001625c        0x0 C:\Program Files\Hitex\GnuToolPackageArm\bin\..\arm-hitex-elf\lib\interwork/libc.a(lib_a-reallocr.o)
 .glue_7        0x0001625c        0x0 C:\Program Files\Hitex\GnuToolPackageArm\bin\..\arm-hitex-elf\lib\interwork/libc.a(lib_a-refill.o)
 .glue_7        0x0001625c        0x0 C:\Program Files\Hitex\GnuToolPackageArm\bin\..\arm-hitex-elf\lib\interwork/libc.a(lib_a-s_isinfd.o)
 .glue_7        0x0001625c        0x0 C:\Program Files\Hitex\GnuToolPackageArm\bin\..\arm-hitex-elf\lib\interwork/libc.a(lib_a-s_isnand.o)
 .glue_7        0x0001625c        0x0 C:\Program Files\Hitex\GnuToolPackageArm\bin\..\arm-hitex-elf\lib\interwork/libc.a(lib_a-sccl.o)
 .glue_7        0x0001625c        0x0 C:\Program Files\Hitex\GnuToolPackageArm\bin\..\arm-hitex-elf\lib\interwork/libc.a(lib_a-sf_nan.o)
 .glue_7        0x0001625c        0x0 C:\Program Files\Hitex\GnuToolPackageArm\bin\..\arm-hitex-elf\lib\interwork/libc.a(lib_a-sprintf.o)
 .glue_7        0x0001625c        0x0 C:\Program Files\Hitex\GnuToolPackageArm\bin\..\arm-hitex-elf\lib\interwork/libc.a(lib_a-stdio.o)
 .glue_7        0x0001625c        0x0 C:\Program Files\Hitex\GnuToolPackageArm\bin\..\arm-hitex-elf\lib\interwork/libc.a(lib_a-strcmp.o)
 .glue_7        0x0001625c        0x0 C:\Program Files\Hitex\GnuToolPackageArm\bin\..\arm-hitex-elf\lib\interwork/libc.a(lib_a-strtod.o)
 .glue_7        0x0001625c        0x0 C:\Program Files\Hitex\GnuToolPackageArm\bin\..\arm-hitex-elf\lib\interwork/libc.a(lib_a-strtol.o)
 .glue_7        0x0001625c        0x0 C:\Program Files\Hitex\GnuToolPackageArm\bin\..\arm-hitex-elf\lib\interwork/libc.a(lib_a-strtoul.o)
 .glue_7        0x0001625c        0x0 C:\Program Files\Hitex\GnuToolPackageArm\bin\..\arm-hitex-elf\lib\interwork/libc.a(lib_a-syscalls.o)
 .glue_7        0x0001625c        0x0 C:\Program Files\Hitex\GnuToolPackageArm\bin\..\arm-hitex-elf\lib\interwork/libc.a(lib_a-ungetc.o)
 .glue_7        0x0001625c        0x0 C:\Program Files\Hitex\GnuToolPackageArm\bin\..\arm-hitex-elf\lib\interwork/libc.a(lib_a-wbuf.o)
 .glue_7        0x0001625c        0x0 C:\Program Files\Hitex\GnuToolPackageArm\bin\..\arm-hitex-elf\lib\interwork/libc.a(lib_a-callocr.o)
 .glue_7        0x0001625c        0x0 C:\Program Files\Hitex\GnuToolPackageArm\bin\..\arm-hitex-elf\lib\interwork/libc.a(lib_a-closer.o)
 .glue_7        0x0001625c        0x0 C:\Program Files\Hitex\GnuToolPackageArm\bin\..\arm-hitex-elf\lib\interwork/libc.a(lib_a-errno.o)
 .glue_7        0x0001625c        0x0 C:\Program Files\Hitex\GnuToolPackageArm\bin\..\arm-hitex-elf\lib\interwork/libc.a(lib_a-fclose.o)
 .glue_7        0x0001625c        0x0 C:\Program Files\Hitex\GnuToolPackageArm\bin\..\arm-hitex-elf\lib\interwork/libc.a(lib_a-fstatr.o)
 .glue_7        0x0001625c        0x0 C:\Program Files\Hitex\GnuToolPackageArm\bin\..\arm-hitex-elf\lib\interwork/libc.a(lib_a-gdtoa-gethex.o)
 .glue_7        0x0001625c        0x0 C:\Program Files\Hitex\GnuToolPackageArm\bin\..\arm-hitex-elf\lib\interwork/libc.a(lib_a-gdtoa-hexnan.o)
 .glue_7        0x0001625c        0x0 C:\Program Files\Hitex\GnuToolPackageArm\bin\..\arm-hitex-elf\lib\interwork/libc.a(lib_a-lseekr.o)
 .glue_7        0x0001625c        0x0 C:\Program Files\Hitex\GnuToolPackageArm\bin\..\arm-hitex-elf\lib\interwork/libc.a(lib_a-reent.o)
 .glue_7        0x0001625c        0x0 C:\Program Files\Hitex\GnuToolPackageArm\bin\..\lib\gcc\arm-hitex-elf\4.1.1\interwork/libgcc.a(_udivsi3.o)
 .glue_7        0x0001625c        0x0 C:\Program Files\Hitex\GnuToolPackageArm\bin\..\lib\gcc\arm-hitex-elf\4.1.1\interwork/libgcc.a(_divsi3.o)
 .glue_7        0x0001625c        0x0 C:\Program Files\Hitex\GnuToolPackageArm\bin\..\lib\gcc\arm-hitex-elf\4.1.1\interwork/libgcc.a(_umodsi3.o)
 .glue_7        0x0001625c        0x0 C:\Program Files\Hitex\GnuToolPackageArm\bin\..\lib\gcc\arm-hitex-elf\4.1.1\interwork/libgcc.a(_modsi3.o)
 .glue_7        0x0001625c        0x0 C:\Program Files\Hitex\GnuToolPackageArm\bin\..\lib\gcc\arm-hitex-elf\4.1.1\interwork/libgcc.a(_dvmd_tls.o)
 .glue_7        0x0001625c        0x0 C:\Program Files\Hitex\GnuToolPackageArm\bin\..\lib\gcc\arm-hitex-elf\4.1.1\interwork/libgcc.a(_addsubdf3.o)
 .glue_7        0x0001625c        0x0 C:\Program Files\Hitex\GnuToolPackageArm\bin\..\lib\gcc\arm-hitex-elf\4.1.1\interwork/libgcc.a(_muldivdf3.o)
 .glue_7        0x0001625c        0x0 C:\Program Files\Hitex\GnuToolPackageArm\bin\..\lib\gcc\arm-hitex-elf\4.1.1\interwork/libgcc.a(_cmpdf2.o)
 .glue_7        0x0001625c        0x0 C:\Program Files\Hitex\GnuToolPackageArm\bin\..\lib\gcc\arm-hitex-elf\4.1.1\interwork/libgcc.a(_fixdfsi.o)
 .glue_7        0x0001625c        0x0 C:\Program Files\Hitex\GnuToolPackageArm\bin\..\lib\gcc\arm-hitex-elf\4.1.1\interwork/libgcc.a(_fixunsdfsi.o)
 .glue_7        0x0001625c        0x0 C:\Program Files\Hitex\GnuToolPackageArm\bin\..\lib\gcc\arm-hitex-elf\4.1.1\interwork/libgcc.a(_truncdfsf2.o)
 *(.glue_7t)
 .glue_7t       0x0001625c        0x0 .\objects\audioOut.o
 .glue_7t       0x0001625c        0x0 .\objects\isrRoutine.o
 .glue_7t       0x0001625c        0x0 .\objects\main.o
 .glue_7t       0x0001625c        0x0 .\objects\mp3.o
 .glue_7t       0x0001625c        0x0 .\objects\spi.o
 .glue_7t       0x0001625c        0x0 .\objects\startup.o
 .glue_7t       0x0001625c        0x0 .\objects\ConfigStick.o
 .glue_7t       0x0001625c        0x0 .\objects\armVIC.o
 .glue_7t       0x0001625c        0x0 .\objects\delay.o
 .glue_7t       0x0001625c        0x0 .\objects\fio.o
 .glue_7t       0x0001625c        0x0 .\objects\interrupt.o
 .glue_7t       0x0001625c        0x0 .\objects\portlcd.o
 .glue_7t       0x0001625c        0x0 .\objects\syscalls_lpc.o
 .glue_7t       0x0001625c        0x0 .\objects\target_info.o
 .glue_7t       0x0001625c        0x0 .\objects\uart.o
 .glue_7t       0x0001625c        0x0 .\objects\uartISR.o
 .glue_7t       0x0001625c        0x0 lib/libhelix.a(mp3dec.o)
 .glue_7t       0x0001625c        0x0 lib/libhelix.a(mp3tabs.o)
 .glue_7t       0x0001625c        0x0 lib/libhelix.a(scalfact.o)
 .glue_7t       0x0001625c        0x0 lib/libhelix.a(subband.o)
 .glue_7t       0x0001625c        0x0 lib/libhelix.a(trigtabs_fixpt.o)
 .glue_7t       0x0001625c        0x0 lib/libhelix.a(asmpoly_gcc.o)
 .glue_7t       0x0001625c        0x0 lib/libhelix.a(bitstream.o)
 .glue_7t       0x0001625c        0x0 lib/libhelix.a(buffers.o)
 .glue_7t       0x0001625c        0x0 lib/libhelix.a(dct32.o)
 .glue_7t       0x0001625c        0x0 lib/libhelix.a(dequant.o)
 .glue_7t       0x0001625c        0x0 lib/libhelix.a(dqchan.o)
 .glue_7t       0x0001625c        0x0 lib/libhelix.a(huffman.o)
 .glue_7t       0x0001625c        0x0 lib/libhelix.a(hufftabs.o)
 .glue_7t       0x0001625c        0x0 lib/libhelix.a(imdct.o)
 .glue_7t       0x0001625c        0x0 lib/libhelix.a(stproc.o)
 .glue_7t       0x0001625c        0x0 C:\Program Files\Hitex\GnuToolPackageArm\bin\..\arm-hitex-elf\lib\interwork/libc.a(lib_a-impure.o)
 .glue_7t       0x0001625c        0x0 C:\Program Files\Hitex\GnuToolPackageArm\bin\..\arm-hitex-elf\lib\interwork/libc.a(lib_a-malloc.o)
 .glue_7t       0x0001625c        0x0 C:\Program Files\Hitex\GnuToolPackageArm\bin\..\arm-hitex-elf\lib\interwork/libc.a(lib_a-mallocr.o)
 .glue_7t       0x0001625c        0x0 C:\Program Files\Hitex\GnuToolPackageArm\bin\..\arm-hitex-elf\lib\interwork/libc.a(lib_a-memcmp.o)
 .glue_7t       0x0001625c        0x0 C:\Program Files\Hitex\GnuToolPackageArm\bin\..\arm-hitex-elf\lib\interwork/libc.a(lib_a-memcpy.o)
 .glue_7t       0x0001625c        0x0 C:\Program Files\Hitex\GnuToolPackageArm\bin\..\arm-hitex-elf\lib\interwork/libc.a(lib_a-memmove.o)
 .glue_7t       0x0001625c        0x0 C:\Program Files\Hitex\GnuToolPackageArm\bin\..\arm-hitex-elf\lib\interwork/libc.a(lib_a-memset.o)
 .glue_7t       0x0001625c        0x0 C:\Program Files\Hitex\GnuToolPackageArm\bin\..\arm-hitex-elf\lib\interwork/libc.a(lib_a-mlock.o)
 .glue_7t       0x0001625c        0x0 C:\Program Files\Hitex\GnuToolPackageArm\bin\..\arm-hitex-elf\lib\interwork/libc.a(lib_a-printf.o)
 .glue_7t       0x0001625c        0x0 C:\Program Files\Hitex\GnuToolPackageArm\bin\..\arm-hitex-elf\lib\interwork/libc.a(lib_a-putchar.o)
 .glue_7t       0x0001625c        0x0 C:\Program Files\Hitex\GnuToolPackageArm\bin\..\arm-hitex-elf\lib\interwork/libc.a(lib_a-puts.o)
 .glue_7t       0x0001625c        0x0 C:\Program Files\Hitex\GnuToolPackageArm\bin\..\arm-hitex-elf\lib\interwork/libc.a(lib_a-rget.o)
 .glue_7t       0x0001625c        0x0 C:\Program Files\Hitex\GnuToolPackageArm\bin\..\arm-hitex-elf\lib\interwork/libc.a(lib_a-scanf.o)
 .glue_7t       0x0001625c        0x0 C:\Program Files\Hitex\GnuToolPackageArm\bin\..\arm-hitex-elf\lib\interwork/libc.a(lib_a-strlen.o)
 .glue_7t       0x0001625c        0x0 C:\Program Files\Hitex\GnuToolPackageArm\bin\..\arm-hitex-elf\lib\interwork/libc.a(lib_a-vfprintf.o)
 .glue_7t       0x0001625c        0x0 C:\Program Files\Hitex\GnuToolPackageArm\bin\..\arm-hitex-elf\lib\interwork/libc.a(lib_a-vfscanf.o)
 .glue_7t       0x0001625c        0x0 C:\Program Files\Hitex\GnuToolPackageArm\bin\..\arm-hitex-elf\lib\interwork/libc.a(lib_a-wcrtomb.o)
 .glue_7t       0x0001625c        0x0 C:\Program Files\Hitex\GnuToolPackageArm\bin\..\arm-hitex-elf\lib\interwork/libc.a(lib_a-wcsrtombs.o)
 .glue_7t       0x0001625c        0x0 C:\Program Files\Hitex\GnuToolPackageArm\bin\..\arm-hitex-elf\lib\interwork/libc.a(lib_a-wctomb_r.o)
 .glue_7t       0x0001625c        0x0 C:\Program Files\Hitex\GnuToolPackageArm\bin\..\arm-hitex-elf\lib\interwork/libc.a(lib_a-wsetup.o)
 .glue_7t       0x0001625c        0x0 C:\Program Files\Hitex\GnuToolPackageArm\bin\..\arm-hitex-elf\lib\interwork/libc.a(lib_a-ctype_.o)
 .glue_7t       0x0001625c        0x0 C:\Program Files\Hitex\GnuToolPackageArm\bin\..\arm-hitex-elf\lib\interwork/libc.a(lib_a-dtoa.o)
 .glue_7t       0x0001625c        0x0 C:\Program Files\Hitex\GnuToolPackageArm\bin\..\arm-hitex-elf\lib\interwork/libc.a(lib_a-fflush.o)
 .glue_7t       0x0001625c        0x0 C:\Program Files\Hitex\GnuToolPackageArm\bin\..\arm-hitex-elf\lib\interwork/libc.a(lib_a-findfp.o)
 .glue_7t       0x0001625c        0x0 C:\Program Files\Hitex\GnuToolPackageArm\bin\..\arm-hitex-elf\lib\interwork/libc.a(lib_a-fread.o)
 .glue_7t       0x0001625c        0x0 C:\Program Files\Hitex\GnuToolPackageArm\bin\..\arm-hitex-elf\lib\interwork/libc.a(lib_a-freer.o)
 .glue_7t       0x0001625c        0x0 C:\Program Files\Hitex\GnuToolPackageArm\bin\..\arm-hitex-elf\lib\interwork/libc.a(lib_a-fvwrite.o)
 .glue_7t       0x0001625c        0x0 C:\Program Files\Hitex\GnuToolPackageArm\bin\..\arm-hitex-elf\lib\interwork/libc.a(lib_a-fwalk.o)
 .glue_7t       0x0001625c        0x0 C:\Program Files\Hitex\GnuToolPackageArm\bin\..\arm-hitex-elf\lib\interwork/libc.a(lib_a-iswspace.o)
 .glue_7t       0x0001625c        0x0 C:\Program Files\Hitex\GnuToolPackageArm\bin\..\arm-hitex-elf\lib\interwork/libc.a(lib_a-locale.o)
 .glue_7t       0x0001625c        0x0 C:\Program Files\Hitex\GnuToolPackageArm\bin\..\arm-hitex-elf\lib\interwork/libc.a(lib_a-makebuf.o)
 .glue_7t       0x0001625c        0x0 C:\Program Files\Hitex\GnuToolPackageArm\bin\..\arm-hitex-elf\lib\interwork/libc.a(lib_a-mbrtowc.o)
 .glue_7t       0x0001625c        0x0 C:\Program Files\Hitex\GnuToolPackageArm\bin\..\arm-hitex-elf\lib\interwork/libc.a(lib_a-mbtowc_r.o)
 .glue_7t       0x0001625c        0x0 C:\Program Files\Hitex\GnuToolPackageArm\bin\..\arm-hitex-elf\lib\interwork/libc.a(lib_a-memchr.o)
 .glue_7t       0x0001625c        0x0 C:\Program Files\Hitex\GnuToolPackageArm\bin\..\arm-hitex-elf\lib\interwork/libc.a(lib_a-mprec.o)
 .glue_7t       0x0001625c        0x0 C:\Program Files\Hitex\GnuToolPackageArm\bin\..\arm-hitex-elf\lib\interwork/libc.a(lib_a-putc.o)
 .glue_7t       0x0001625c        0x0 C:\Program Files\Hitex\GnuToolPackageArm\bin\..\arm-hitex-elf\lib\interwork/libc.a(lib_a-reallocr.o)
 .glue_7t       0x0001625c        0x0 C:\Program Files\Hitex\GnuToolPackageArm\bin\..\arm-hitex-elf\lib\interwork/libc.a(lib_a-refill.o)
 .glue_7t       0x0001625c        0x0 C:\Program Files\Hitex\GnuToolPackageArm\bin\..\arm-hitex-elf\lib\interwork/libc.a(lib_a-s_isinfd.o)
 .glue_7t       0x0001625c        0x0 C:\Program Files\Hitex\GnuToolPackageArm\bin\..\arm-hitex-elf\lib\interwork/libc.a(lib_a-s_isnand.o)
 .glue_7t       0x0001625c        0x0 C:\Program Files\Hitex\GnuToolPackageArm\bin\..\arm-hitex-elf\lib\interwork/libc.a(lib_a-sccl.o)
 .glue_7t       0x0001625c        0x0 C:\Program Files\Hitex\GnuToolPackageArm\bin\..\arm-hitex-elf\lib\interwork/libc.a(lib_a-sf_nan.o)
 .glue_7t       0x0001625c        0x0 C:\Program Files\Hitex\GnuToolPackageArm\bin\..\arm-hitex-elf\lib\interwork/libc.a(lib_a-sprintf.o)
 .glue_7t       0x0001625c        0x0 C:\Program Files\Hitex\GnuToolPackageArm\bin\..\arm-hitex-elf\lib\interwork/libc.a(lib_a-stdio.o)
 .glue_7t       0x0001625c        0x0 C:\Program Files\Hitex\GnuToolPackageArm\bin\..\arm-hitex-elf\lib\interwork/libc.a(lib_a-strcmp.o)
 .glue_7t       0x0001625c        0x0 C:\Program Files\Hitex\GnuToolPackageArm\bin\..\arm-hitex-elf\lib\interwork/libc.a(lib_a-strtod.o)
 .glue_7t       0x0001625c        0x0 C:\Program Files\Hitex\GnuToolPackageArm\bin\..\arm-hitex-elf\lib\interwork/libc.a(lib_a-strtol.o)
 .glue_7t       0x0001625c        0x0 C:\Program Files\Hitex\GnuToolPackageArm\bin\..\arm-hitex-elf\lib\interwork/libc.a(lib_a-strtoul.o)
 .glue_7t       0x0001625c        0x0 C:\Program Files\Hitex\GnuToolPackageArm\bin\..\arm-hitex-elf\lib\interwork/libc.a(lib_a-syscalls.o)
 .glue_7t       0x0001625c        0x0 C:\Program Files\Hitex\GnuToolPackageArm\bin\..\arm-hitex-elf\lib\interwork/libc.a(lib_a-ungetc.o)
 .glue_7t       0x0001625c        0x0 C:\Program Files\Hitex\GnuToolPackageArm\bin\..\arm-hitex-elf\lib\interwork/libc.a(lib_a-wbuf.o)
 .glue_7t       0x0001625c        0x0 C:\Program Files\Hitex\GnuToolPackageArm\bin\..\arm-hitex-elf\lib\interwork/libc.a(lib_a-callocr.o)
 .glue_7t       0x0001625c        0x0 C:\Program Files\Hitex\GnuToolPackageArm\bin\..\arm-hitex-elf\lib\interwork/libc.a(lib_a-closer.o)
 .glue_7t       0x0001625c        0x0 C:\Program Files\Hitex\GnuToolPackageArm\bin\..\arm-hitex-elf\lib\interwork/libc.a(lib_a-errno.o)
 .glue_7t       0x0001625c        0x0 C:\Program Files\Hitex\GnuToolPackageArm\bin\..\arm-hitex-elf\lib\interwork/libc.a(lib_a-fclose.o)
 .glue_7t       0x0001625c        0x0 C:\Program Files\Hitex\GnuToolPackageArm\bin\..\arm-hitex-elf\lib\interwork/libc.a(lib_a-fstatr.o)
 .glue_7t       0x0001625c        0x0 C:\Program Files\Hitex\GnuToolPackageArm\bin\..\arm-hitex-elf\lib\interwork/libc.a(lib_a-gdtoa-gethex.o)
 .glue_7t       0x0001625c        0x0 C:\Program Files\Hitex\GnuToolPackageArm\bin\..\arm-hitex-elf\lib\interwork/libc.a(lib_a-gdtoa-hexnan.o)
 .glue_7t       0x0001625c        0x0 C:\Program Files\Hitex\GnuToolPackageArm\bin\..\arm-hitex-elf\lib\interwork/libc.a(lib_a-lseekr.o)
 .glue_7t       0x0001625c        0x0 C:\Program Files\Hitex\GnuToolPackageArm\bin\..\arm-hitex-elf\lib\interwork/libc.a(lib_a-reent.o)
 .glue_7t       0x0001625c        0x0 C:\Program Files\Hitex\GnuToolPackageArm\bin\..\lib\gcc\arm-hitex-elf\4.1.1\interwork/libgcc.a(_udivsi3.o)
 .glue_7t       0x0001625c        0x0 C:\Program Files\Hitex\GnuToolPackageArm\bin\..\lib\gcc\arm-hitex-elf\4.1.1\interwork/libgcc.a(_divsi3.o)
 .glue_7t       0x0001625c        0x0 C:\Program Files\Hitex\GnuToolPackageArm\bin\..\lib\gcc\arm-hitex-elf\4.1.1\interwork/libgcc.a(_umodsi3.o)
 .glue_7t       0x0001625c        0x0 C:\Program Files\Hitex\GnuToolPackageArm\bin\..\lib\gcc\arm-hitex-elf\4.1.1\interwork/libgcc.a(_modsi3.o)
 .glue_7t       0x0001625c        0x0 C:\Program Files\Hitex\GnuToolPackageArm\bin\..\lib\gcc\arm-hitex-elf\4.1.1\interwork/libgcc.a(_dvmd_tls.o)
 .glue_7t       0x0001625c        0x0 C:\Program Files\Hitex\GnuToolPackageArm\bin\..\lib\gcc\arm-hitex-elf\4.1.1\interwork/libgcc.a(_addsubdf3.o)
 .glue_7t       0x0001625c        0x0 C:\Program Files\Hitex\GnuToolPackageArm\bin\..\lib\gcc\arm-hitex-elf\4.1.1\interwork/libgcc.a(_muldivdf3.o)
 .glue_7t       0x0001625c        0x0 C:\Program Files\Hitex\GnuToolPackageArm\bin\..\lib\gcc\arm-hitex-elf\4.1.1\interwork/libgcc.a(_cmpdf2.o)
 .glue_7t       0x0001625c        0x0 C:\Program Files\Hitex\GnuToolPackageArm\bin\..\lib\gcc\arm-hitex-elf\4.1.1\interwork/libgcc.a(_fixdfsi.o)
 .glue_7t       0x0001625c        0x0 C:\Program Files\Hitex\GnuToolPackageArm\bin\..\lib\gcc\arm-hitex-elf\4.1.1\interwork/libgcc.a(_fixunsdfsi.o)
 .glue_7t       0x0001625c        0x0 C:\Program Files\Hitex\GnuToolPackageArm\bin\..\lib\gcc\arm-hitex-elf\4.1.1\interwork/libgcc.a(_truncdfsf2.o)
 *(.gcc_except_table)
 *(.gnu.linkonce.r.*)
                0x0001625c                . = ALIGN (0x4)

.rodata         0x0001625c     0x37cc
 *(.rodata)
 .rodata        0x0001625c       0x60 .\objects\main.o
 .rodata        0x000162bc       0x40 .\objects\portlcd.o
 .rodata        0x000162fc      0x510 lib/libhelix.a(mp3tabs.o)
                0x00016320                xmp3fixpt_bitrateTab
                0x00016452                xmp3fixpt_slotTab
                0x0001642e                xmp3fixpt_samplesPerFrameTab
                0x000162fc                xmp3fixpt_samplerateTab
                0x00016440                xmp3fixpt_bitsPerSlotTab
                0x00016560                xmp3fixpt_sfBandTable
                0x00016446                xmp3fixpt_sideBytesTab
 .rodata        0x0001680c       0x68 lib/libhelix.a(scalfact.o)
 .rodata        0x00016874      0x86c lib/libhelix.a(trigtabs_fixpt.o)
                0x00016ab4                xmp3fixpt_ISFMpeg1
                0x00016bec                xmp3fixpt_ISFIIP
                0x00016c44                xmp3fixpt_coef32
                0x00016aec                xmp3fixpt_ISFMpeg2
                0x00016bfc                xmp3fixpt_uniqueIDTab
                0x00016cc0                xmp3fixpt_polyCoef
                0x00016c04                xmp3fixpt_csa
                0x00016874                xmp3fixpt_imdctWin
 .rodata        0x000170e0       0xc0 lib/libhelix.a(dct32.o)
 .rodata        0x000171a0      0x250 lib/libhelix.a(dqchan.o)
 .rodata        0x000173f0     0x2304 lib/libhelix.a(hufftabs.o)
                0x000196ec                xmp3fixpt_quadTabMaxBits
                0x00019594                xmp3fixpt_huffTabLookup
                0x000196e4                xmp3fixpt_quadTabOffset
                0x00019514                xmp3fixpt_huffTabOffset
                0x000173f0                xmp3fixpt_huffTable
                0x00019694                xmp3fixpt_quadTable
 .rodata        0x000196f4       0x6c lib/libhelix.a(imdct.o)
 .rodata        0x00019760        0x4 C:\Program Files\Hitex\GnuToolPackageArm\bin\..\arm-hitex-elf\lib\interwork/libc.a(lib_a-impure.o)
                0x00019760                _global_impure_ptr
 .rodata        0x00019764       0x20 C:\Program Files\Hitex\GnuToolPackageArm\bin\..\arm-hitex-elf\lib\interwork/libc.a(lib_a-vfprintf.o)
 .rodata        0x00019784       0x22 C:\Program Files\Hitex\GnuToolPackageArm\bin\..\arm-hitex-elf\lib\interwork/libc.a(lib_a-vfscanf.o)
 .rodata        0x000197a6      0x101 C:\Program Files\Hitex\GnuToolPackageArm\bin\..\arm-hitex-elf\lib\interwork/libc.a(lib_a-ctype_.o)
                0x000197a6                _ctype_
 *fill*         0x000198a7        0x1 00
 .rodata        0x000198a8       0x34 C:\Program Files\Hitex\GnuToolPackageArm\bin\..\arm-hitex-elf\lib\interwork/libc.a(lib_a-locale.o)
 .rodata        0x000198dc      0x124 C:\Program Files\Hitex\GnuToolPackageArm\bin\..\arm-hitex-elf\lib\interwork/libc.a(lib_a-mprec.o)
                0x000199cc                __mprec_tinytens
                0x000198dc                __mprec_tens
                0x000199a4                __mprec_bigtens
 .rodata        0x00019a00       0x28 C:\Program Files\Hitex\GnuToolPackageArm\bin\..\arm-hitex-elf\lib\interwork/libc.a(lib_a-strtod.o)

.rodata.str1.4  0x00019a28      0x76c
 .rodata.str1.4
                0x00019a28       0xe3 .\objects\mp3.o
                                 0xe4 (size before relaxing)
 *fill*         0x00019b0b        0x1 00
 .rodata.str1.4
                0x00019b0c      0x5ae .\objects\spi.o
                                0x5b0 (size before relaxing)
 *fill*         0x0001a0ba        0x2 00
 .rodata.str1.4
                0x0001a0bc        0x2 C:\Program Files\Hitex\GnuToolPackageArm\bin\..\arm-hitex-elf\lib\interwork/libc.a(lib_a-impure.o)
                                  0x4 (size before relaxing)
 .rodata.str1.4
                0x00000000        0x2 C:\Program Files\Hitex\GnuToolPackageArm\bin\..\arm-hitex-elf\lib\interwork/libc.a(lib_a-puts.o)
                                  0x4 (size before relaxing)
 *fill*         0x0001a0be        0x2 00
 .rodata.str1.4
                0x0001a0c0       0x5f C:\Program Files\Hitex\GnuToolPackageArm\bin\..\arm-hitex-elf\lib\interwork/libc.a(lib_a-vfprintf.o)
                                 0x64 (size before relaxing)
 *fill*         0x0001a11f        0x1 00
 .rodata.str1.4
                0x0001a120        0x5 C:\Program Files\Hitex\GnuToolPackageArm\bin\..\arm-hitex-elf\lib\interwork/libc.a(lib_a-vfscanf.o)
                                  0x8 (size before relaxing)
 *fill*         0x0001a125        0x3 00
 .rodata.str1.4
                0x0001a128       0x1e C:\Program Files\Hitex\GnuToolPackageArm\bin\..\arm-hitex-elf\lib\interwork/libc.a(lib_a-wctomb_r.o)
                                 0x20 (size before relaxing)
 *fill*         0x0001a146        0x2 00
 .rodata.str1.4
                0x0001a148       0x10 C:\Program Files\Hitex\GnuToolPackageArm\bin\..\arm-hitex-elf\lib\interwork/libc.a(lib_a-dtoa.o)
                                 0x14 (size before relaxing)
 .rodata.str1.4
                0x0001a158        0xb C:\Program Files\Hitex\GnuToolPackageArm\bin\..\arm-hitex-elf\lib\interwork/libc.a(lib_a-locale.o)
                                 0x18 (size before relaxing)
 .rodata.str1.4
                0x00000000        0x4 C:\Program Files\Hitex\GnuToolPackageArm\bin\..\arm-hitex-elf\lib\interwork/libc.a(lib_a-mbrtowc.o)
 *fill*         0x0001a163        0x1 00
 .rodata.str1.4
                0x0001a164        0xf C:\Program Files\Hitex\GnuToolPackageArm\bin\..\arm-hitex-elf\lib\interwork/libc.a(lib_a-strtod.o)
                                 0x10 (size before relaxing)
 *fill*         0x0001a173        0x1 00
 .rodata.str1.4
                0x0001a174        0x4 C:\Program Files\Hitex\GnuToolPackageArm\bin\..\arm-hitex-elf\lib\interwork/libc.a(lib_a-syscalls.o)
 .rodata.str1.4
                0x0001a178       0x1c C:\Program Files\Hitex\GnuToolPackageArm\bin\..\arm-hitex-elf\lib\interwork/libc.a(lib_a-gdtoa-gethex.o)
                0x0001a194                . = ALIGN (0x4)
                0x0001a194                _etext = .
                0x0001a194                PROVIDE (etext, .)

.data           0x40000000      0x864 load address 0x0001a194
                0x40000000                __data_start__ = .
                0x40000000                PROVIDE (__data_start__, .)
 *(.data)
 .data          0x40000000        0xc .\objects\audioOut.o
                0x40000000                freq_signal
                0x40000008                b_fixpoint
                0x40000004                a_fixpoint
 .data          0x4000000c        0x0 .\objects\isrRoutine.o
 .data          0x4000000c        0x4 .\objects\main.o
                0x4000000c                dacChannel
 .data          0x40000010        0x0 .\objects\mp3.o
 .data          0x40000010        0x0 .\objects\spi.o
 .data          0x40000010        0x0 .\objects\startup.o
 .data          0x40000010        0x0 .\objects\ConfigStick.o
 .data          0x40000010        0x0 .\objects\armVIC.o
 .data          0x40000010        0x4 .\objects\delay.o
 .data          0x40000014        0x0 .\objects\fio.o
 .data          0x40000014        0x0 .\objects\interrupt.o
 .data          0x40000014        0x0 .\objects\portlcd.o
 .data          0x40000014        0x0 .\objects\syscalls_lpc.o
 .data          0x40000014        0x0 .\objects\target_info.o
 .data          0x40000014        0x0 .\objects\uart.o
 .data          0x40000014        0x0 .\objects\uartISR.o
 .data          0x40000014        0x0 lib/libhelix.a(mp3dec.o)
 .data          0x40000014        0x0 lib/libhelix.a(mp3tabs.o)
 .data          0x40000014        0x0 lib/libhelix.a(scalfact.o)
 .data          0x40000014        0x0 lib/libhelix.a(subband.o)
 .data          0x40000014        0x0 lib/libhelix.a(trigtabs_fixpt.o)
 .data          0x40000014        0x0 lib/libhelix.a(asmpoly_gcc.o)
 .data          0x40000014        0x0 lib/libhelix.a(bitstream.o)
 .data          0x40000014        0x0 lib/libhelix.a(buffers.o)
 .data          0x40000014        0x0 lib/libhelix.a(dct32.o)
 .data          0x40000014        0x0 lib/libhelix.a(dequant.o)
 .data          0x40000014        0x0 lib/libhelix.a(dqchan.o)
 .data          0x40000014        0x0 lib/libhelix.a(huffman.o)
 .data          0x40000014        0x0 lib/libhelix.a(hufftabs.o)
 .data          0x40000014        0x0 lib/libhelix.a(imdct.o)
 .data          0x40000014        0x0 lib/libhelix.a(stproc.o)
 .data          0x40000014      0x404 C:\Program Files\Hitex\GnuToolPackageArm\bin\..\arm-hitex-elf\lib\interwork/libc.a(lib_a-impure.o)
                0x40000014                _impure_ptr
 .data          0x40000418        0x0 C:\Program Files\Hitex\GnuToolPackageArm\bin\..\arm-hitex-elf\lib\interwork/libc.a(lib_a-malloc.o)
 .data          0x40000418      0x410 C:\Program Files\Hitex\GnuToolPackageArm\bin\..\arm-hitex-elf\lib\interwork/libc.a(lib_a-mallocr.o)
                0x40000824                __malloc_sbrk_base
                0x40000418                __malloc_av_
                0x40000820                __malloc_trim_threshold
 .data          0x40000828        0x0 C:\Program Files\Hitex\GnuToolPackageArm\bin\..\arm-hitex-elf\lib\interwork/libc.a(lib_a-memcmp.o)
 .data          0x40000828        0x0 C:\Program Files\Hitex\GnuToolPackageArm\bin\..\arm-hitex-elf\lib\interwork/libc.a(lib_a-memcpy.o)
 .data          0x40000828        0x0 C:\Program Files\Hitex\GnuToolPackageArm\bin\..\arm-hitex-elf\lib\interwork/libc.a(lib_a-memmove.o)
 .data          0x40000828        0x0 C:\Program Files\Hitex\GnuToolPackageArm\bin\..\arm-hitex-elf\lib\interwork/libc.a(lib_a-memset.o)
 .data          0x40000828        0x0 C:\Program Files\Hitex\GnuToolPackageArm\bin\..\arm-hitex-elf\lib\interwork/libc.a(lib_a-mlock.o)
 .data          0x40000828        0x0 C:\Program Files\Hitex\GnuToolPackageArm\bin\..\arm-hitex-elf\lib\interwork/libc.a(lib_a-printf.o)
 .data          0x40000828        0x0 C:\Program Files\Hitex\GnuToolPackageArm\bin\..\arm-hitex-elf\lib\interwork/libc.a(lib_a-putchar.o)
 .data          0x40000828        0x0 C:\Program Files\Hitex\GnuToolPackageArm\bin\..\arm-hitex-elf\lib\interwork/libc.a(lib_a-puts.o)
 .data          0x40000828        0x0 C:\Program Files\Hitex\GnuToolPackageArm\bin\..\arm-hitex-elf\lib\interwork/libc.a(lib_a-rget.o)
 .data          0x40000828        0x0 C:\Program Files\Hitex\GnuToolPackageArm\bin\..\arm-hitex-elf\lib\interwork/libc.a(lib_a-scanf.o)
 .data          0x40000828        0x0 C:\Program Files\Hitex\GnuToolPackageArm\bin\..\arm-hitex-elf\lib\interwork/libc.a(lib_a-strlen.o)
 .data          0x40000828        0x0 C:\Program Files\Hitex\GnuToolPackageArm\bin\..\arm-hitex-elf\lib\interwork/libc.a(lib_a-vfprintf.o)
 .data          0x40000828        0x0 C:\Program Files\Hitex\GnuToolPackageArm\bin\..\arm-hitex-elf\lib\interwork/libc.a(lib_a-vfscanf.o)
 .data          0x40000828        0x0 C:\Program Files\Hitex\GnuToolPackageArm\bin\..\arm-hitex-elf\lib\interwork/libc.a(lib_a-wcrtomb.o)
 .data          0x40000828        0x0 C:\Program Files\Hitex\GnuToolPackageArm\bin\..\arm-hitex-elf\lib\interwork/libc.a(lib_a-wcsrtombs.o)
 .data          0x40000828        0x0 C:\Program Files\Hitex\GnuToolPackageArm\bin\..\arm-hitex-elf\lib\interwork/libc.a(lib_a-wctomb_r.o)
 .data          0x40000828        0x0 C:\Program Files\Hitex\GnuToolPackageArm\bin\..\arm-hitex-elf\lib\interwork/libc.a(lib_a-wsetup.o)
 .data          0x40000828        0x4 C:\Program Files\Hitex\GnuToolPackageArm\bin\..\arm-hitex-elf\lib\interwork/libc.a(lib_a-ctype_.o)
                0x40000828                __ctype_ptr
 .data          0x4000082c        0x0 C:\Program Files\Hitex\GnuToolPackageArm\bin\..\arm-hitex-elf\lib\interwork/libc.a(lib_a-dtoa.o)
 .data          0x4000082c        0x0 C:\Program Files\Hitex\GnuToolPackageArm\bin\..\arm-hitex-elf\lib\interwork/libc.a(lib_a-fflush.o)
 .data          0x4000082c        0x0 C:\Program Files\Hitex\GnuToolPackageArm\bin\..\arm-hitex-elf\lib\interwork/libc.a(lib_a-findfp.o)
 .data          0x4000082c        0x0 C:\Program Files\Hitex\GnuToolPackageArm\bin\..\arm-hitex-elf\lib\interwork/libc.a(lib_a-fread.o)
 .data          0x4000082c        0x0 C:\Program Files\Hitex\GnuToolPackageArm\bin\..\arm-hitex-elf\lib\interwork/libc.a(lib_a-freer.o)
 .data          0x4000082c        0x0 C:\Program Files\Hitex\GnuToolPackageArm\bin\..\arm-hitex-elf\lib\interwork/libc.a(lib_a-fvwrite.o)
 .data          0x4000082c        0x0 C:\Program Files\Hitex\GnuToolPackageArm\bin\..\arm-hitex-elf\lib\interwork/libc.a(lib_a-fwalk.o)
 .data          0x4000082c        0x0 C:\Program Files\Hitex\GnuToolPackageArm\bin\..\arm-hitex-elf\lib\interwork/libc.a(lib_a-iswspace.o)
 .data          0x4000082c       0x10 C:\Program Files\Hitex\GnuToolPackageArm\bin\..\arm-hitex-elf\lib\interwork/libc.a(lib_a-locale.o)
                0x4000082c                __mb_cur_max
                0x40000830                __lc_ctype
 .data          0x4000083c        0x0 C:\Program Files\Hitex\GnuToolPackageArm\bin\..\arm-hitex-elf\lib\interwork/libc.a(lib_a-makebuf.o)
 .data          0x4000083c        0x0 C:\Program Files\Hitex\GnuToolPackageArm\bin\..\arm-hitex-elf\lib\interwork/libc.a(lib_a-mbrtowc.o)
 .data          0x4000083c        0x0 C:\Program Files\Hitex\GnuToolPackageArm\bin\..\arm-hitex-elf\lib\interwork/libc.a(lib_a-mbtowc_r.o)
 .data          0x4000083c        0x0 C:\Program Files\Hitex\GnuToolPackageArm\bin\..\arm-hitex-elf\lib\interwork/libc.a(lib_a-memchr.o)
 .data          0x4000083c        0x0 C:\Program Files\Hitex\GnuToolPackageArm\bin\..\arm-hitex-elf\lib\interwork/libc.a(lib_a-mprec.o)
 .data          0x4000083c        0x0 C:\Program Files\Hitex\GnuToolPackageArm\bin\..\arm-hitex-elf\lib\interwork/libc.a(lib_a-putc.o)
 .data          0x4000083c        0x0 C:\Program Files\Hitex\GnuToolPackageArm\bin\..\arm-hitex-elf\lib\interwork/libc.a(lib_a-reallocr.o)
 .data          0x4000083c        0x0 C:\Program Files\Hitex\GnuToolPackageArm\bin\..\arm-hitex-elf\lib\interwork/libc.a(lib_a-refill.o)
 .data          0x4000083c        0x0 C:\Program Files\Hitex\GnuToolPackageArm\bin\..\arm-hitex-elf\lib\interwork/libc.a(lib_a-s_isinfd.o)
 .data          0x4000083c        0x0 C:\Program Files\Hitex\GnuToolPackageArm\bin\..\arm-hitex-elf\lib\interwork/libc.a(lib_a-s_isnand.o)
 .data          0x4000083c        0x0 C:\Program Files\Hitex\GnuToolPackageArm\bin\..\arm-hitex-elf\lib\interwork/libc.a(lib_a-sccl.o)
 .data          0x4000083c        0x0 C:\Program Files\Hitex\GnuToolPackageArm\bin\..\arm-hitex-elf\lib\interwork/libc.a(lib_a-sf_nan.o)
 .data          0x4000083c        0x0 C:\Program Files\Hitex\GnuToolPackageArm\bin\..\arm-hitex-elf\lib\interwork/libc.a(lib_a-sprintf.o)
 .data          0x4000083c        0x0 C:\Program Files\Hitex\GnuToolPackageArm\bin\..\arm-hitex-elf\lib\interwork/libc.a(lib_a-stdio.o)
 .data          0x4000083c        0x0 C:\Program Files\Hitex\GnuToolPackageArm\bin\..\arm-hitex-elf\lib\interwork/libc.a(lib_a-strcmp.o)
 .data          0x4000083c       0x28 C:\Program Files\Hitex\GnuToolPackageArm\bin\..\arm-hitex-elf\lib\interwork/libc.a(lib_a-strtod.o)
 .data          0x40000864        0x0 C:\Program Files\Hitex\GnuToolPackageArm\bin\..\arm-hitex-elf\lib\interwork/libc.a(lib_a-strtol.o)
 .data          0x40000864        0x0 C:\Program Files\Hitex\GnuToolPackageArm\bin\..\arm-hitex-elf\lib\interwork/libc.a(lib_a-strtoul.o)
 .data          0x40000864        0x0 C:\Program Files\Hitex\GnuToolPackageArm\bin\..\arm-hitex-elf\lib\interwork/libc.a(lib_a-syscalls.o)
 .data          0x40000864        0x0 C:\Program Files\Hitex\GnuToolPackageArm\bin\..\arm-hitex-elf\lib\interwork/libc.a(lib_a-ungetc.o)
 .data          0x40000864        0x0 C:\Program Files\Hitex\GnuToolPackageArm\bin\..\arm-hitex-elf\lib\interwork/libc.a(lib_a-wbuf.o)
 .data          0x40000864        0x0 C:\Program Files\Hitex\GnuToolPackageArm\bin\..\arm-hitex-elf\lib\interwork/libc.a(lib_a-callocr.o)
 .data          0x40000864        0x0 C:\Program Files\Hitex\GnuToolPackageArm\bin\..\arm-hitex-elf\lib\interwork/libc.a(lib_a-closer.o)
 .data          0x40000864        0x0 C:\Program Files\Hitex\GnuToolPackageArm\bin\..\arm-hitex-elf\lib\interwork/libc.a(lib_a-errno.o)
 .data          0x40000864        0x0 C:\Program Files\Hitex\GnuToolPackageArm\bin\..\arm-hitex-elf\lib\interwork/libc.a(lib_a-fclose.o)
 .data          0x40000864        0x0 C:\Program Files\Hitex\GnuToolPackageArm\bin\..\arm-hitex-elf\lib\interwork/libc.a(lib_a-fstatr.o)
 .data          0x40000864        0x0 C:\Program Files\Hitex\GnuToolPackageArm\bin\..\arm-hitex-elf\lib\interwork/libc.a(lib_a-gdtoa-gethex.o)
 .data          0x40000864        0x0 C:\Program Files\Hitex\GnuToolPackageArm\bin\..\arm-hitex-elf\lib\interwork/libc.a(lib_a-gdtoa-hexnan.o)
 .data          0x40000864        0x0 C:\Program Files\Hitex\GnuToolPackageArm\bin\..\arm-hitex-elf\lib\interwork/libc.a(lib_a-lseekr.o)
 .data          0x40000864        0x0 C:\Program Files\Hitex\GnuToolPackageArm\bin\..\arm-hitex-elf\lib\interwork/libc.a(lib_a-reent.o)
 .data          0x40000864        0x0 C:\Program Files\Hitex\GnuToolPackageArm\bin\..\lib\gcc\arm-hitex-elf\4.1.1\interwork/libgcc.a(_udivsi3.o)
 .data          0x40000864        0x0 C:\Program Files\Hitex\GnuToolPackageArm\bin\..\lib\gcc\arm-hitex-elf\4.1.1\interwork/libgcc.a(_divsi3.o)
 .data          0x40000864        0x0 C:\Program Files\Hitex\GnuToolPackageArm\bin\..\lib\gcc\arm-hitex-elf\4.1.1\interwork/libgcc.a(_umodsi3.o)
 .data          0x40000864        0x0 C:\Program Files\Hitex\GnuToolPackageArm\bin\..\lib\gcc\arm-hitex-elf\4.1.1\interwork/libgcc.a(_modsi3.o)
 .data          0x40000864        0x0 C:\Program Files\Hitex\GnuToolPackageArm\bin\..\lib\gcc\arm-hitex-elf\4.1.1\interwork/libgcc.a(_dvmd_tls.o)
 .data          0x40000864        0x0 C:\Program Files\Hitex\GnuToolPackageArm\bin\..\lib\gcc\arm-hitex-elf\4.1.1\interwork/libgcc.a(_addsubdf3.o)
 .data          0x40000864        0x0 C:\Program Files\Hitex\GnuToolPackageArm\bin\..\lib\gcc\arm-hitex-elf\4.1.1\interwork/libgcc.a(_muldivdf3.o)
 .data          0x40000864        0x0 C:\Program Files\Hitex\GnuToolPackageArm\bin\..\lib\gcc\arm-hitex-elf\4.1.1\interwork/libgcc.a(_cmpdf2.o)
 .data          0x40000864        0x0 C:\Program Files\Hitex\GnuToolPackageArm\bin\..\lib\gcc\arm-hitex-elf\4.1.1\interwork/libgcc.a(_fixdfsi.o)
 .data          0x40000864        0x0 C:\Program Files\Hitex\GnuToolPackageArm\bin\..\lib\gcc\arm-hitex-elf\4.1.1\interwork/libgcc.a(_fixunsdfsi.o)
 .data          0x40000864        0x0 C:\Program Files\Hitex\GnuToolPackageArm\bin\..\lib\gcc\arm-hitex-elf\4.1.1\interwork/libgcc.a(_truncdfsf2.o)
 *(.data.*)
 *(.gnu.linkonce.d*)
                0x40000864                __data_end__ = .
                0x40000864                PROVIDE (__data_end__, .)
                0x40000864                . = ALIGN (0x4)
                0x40000864                _edata = .
                0x40000864                PROVIDE (edata, .)

.bss            0x40000868     0x19ac
                0x40000868                __bss_start = .
                0x40000868                __bss_start__ = .
 *(.bss)
 .bss           0x40000868       0x20 .\objects\audioOut.o
                0x40000884                buffIdx
                0x40000870                running
                0x40000878                printCount
                0x4000087c                isrBufferIdx
                0x4000086c                msRuntime
                0x40000874                timerRunning
                0x40000880                tableIdx
                0x40000868                count
 .bss           0x40000888        0x0 .\objects\isrRoutine.o
 .bss           0x40000888        0x0 .\objects\main.o
 .bss           0x40000888       0x1c .\objects\mp3.o
                0x40000894                nRead
                0x400008a0                err
                0x40000888                bytesLeft
                0x4000088c                outOfData
                0x4000089c                offset
                0x40000898                nFrames
                0x40000890                eofReached
 .bss           0x400008a4        0x0 .\objects\spi.o
 *fill*         0x400008a4        0x4 00
 .bss           0x400008a8     0x1860 .\objects\startup.o
                0x40000904                FIQ_Stack
                0x400008e4                ABT_Stack
                0x400008c4                UND_Stack
                0x40001104                IRQ_Stack
                0x40002104                SVC_Stack
 .bss           0x40002108        0x8 .\objects\ConfigStick.o
                0x40002108                Setup_Data
 .bss           0x40002110        0x0 .\objects\armVIC.o
 .bss           0x40002110        0x4 .\objects\delay.o
 .bss           0x40002114        0x0 .\objects\fio.o
 .bss           0x40002114        0x0 .\objects\interrupt.o
 .bss           0x40002114        0x4 .\objects\portlcd.o
 .bss           0x40002118        0x4 .\objects\syscalls_lpc.o
 .bss           0x4000211c        0x0 .\objects\target_info.o
 .bss           0x4000211c        0x0 .\objects\uart.o
 .bss           0x4000211c        0x8 .\objects\uartISR.o
 .bss           0x40002124        0x0 lib/libhelix.a(mp3dec.o)
 .bss           0x40002124        0x0 lib/libhelix.a(mp3tabs.o)
 .bss           0x40002124        0x0 lib/libhelix.a(scalfact.o)
 .bss           0x40002124        0x0 lib/libhelix.a(subband.o)
 .bss           0x40002124        0x0 lib/libhelix.a(trigtabs_fixpt.o)
 .bss           0x40002124        0x0 lib/libhelix.a(asmpoly_gcc.o)
 .bss           0x40002124        0x0 lib/libhelix.a(bitstream.o)
 .bss           0x40002124        0x0 lib/libhelix.a(buffers.o)
 .bss           0x40002124        0x0 lib/libhelix.a(dct32.o)
 .bss           0x40002124        0x0 lib/libhelix.a(dequant.o)
 .bss           0x40002124        0x0 lib/libhelix.a(dqchan.o)
 .bss           0x40002124        0x0 lib/libhelix.a(huffman.o)
 .bss           0x40002124        0x0 lib/libhelix.a(hufftabs.o)
 .bss           0x40002124        0x0 lib/libhelix.a(imdct.o)
 .bss           0x40002124        0x0 lib/libhelix.a(stproc.o)
 .bss           0x40002124        0x0 C:\Program Files\Hitex\GnuToolPackageArm\bin\..\arm-hitex-elf\lib\interwork/libc.a(lib_a-impure.o)
 .bss           0x40002124        0x0 C:\Program Files\Hitex\GnuToolPackageArm\bin\..\arm-hitex-elf\lib\interwork/libc.a(lib_a-malloc.o)
 .bss           0x40002124       0x34 C:\Program Files\Hitex\GnuToolPackageArm\bin\..\arm-hitex-elf\lib\interwork/libc.a(lib_a-mallocr.o)
                0x40002124                __malloc_top_pad
                0x40002128                __malloc_max_sbrked_mem
                0x40002130                __malloc_current_mallinfo
                0x4000212c                __malloc_max_total_mem
 .bss           0x40002158        0x0 C:\Program Files\Hitex\GnuToolPackageArm\bin\..\arm-hitex-elf\lib\interwork/libc.a(lib_a-memcmp.o)
 .bss           0x40002158        0x0 C:\Program Files\Hitex\GnuToolPackageArm\bin\..\arm-hitex-elf\lib\interwork/libc.a(lib_a-memcpy.o)
 .bss           0x40002158        0x0 C:\Program Files\Hitex\GnuToolPackageArm\bin\..\arm-hitex-elf\lib\interwork/libc.a(lib_a-memmove.o)
 .bss           0x40002158        0x0 C:\Program Files\Hitex\GnuToolPackageArm\bin\..\arm-hitex-elf\lib\interwork/libc.a(lib_a-memset.o)
 .bss           0x40002158        0x0 C:\Program Files\Hitex\GnuToolPackageArm\bin\..\arm-hitex-elf\lib\interwork/libc.a(lib_a-mlock.o)
 .bss           0x40002158        0x0 C:\Program Files\Hitex\GnuToolPackageArm\bin\..\arm-hitex-elf\lib\interwork/libc.a(lib_a-printf.o)
 .bss           0x40002158        0x0 C:\Program Files\Hitex\GnuToolPackageArm\bin\..\arm-hitex-elf\lib\interwork/libc.a(lib_a-putchar.o)
 .bss           0x40002158        0x0 C:\Program Files\Hitex\GnuToolPackageArm\bin\..\arm-hitex-elf\lib\interwork/libc.a(lib_a-puts.o)
 .bss           0x40002158        0x0 C:\Program Files\Hitex\GnuToolPackageArm\bin\..\arm-hitex-elf\lib\interwork/libc.a(lib_a-rget.o)
 .bss           0x40002158        0x0 C:\Program Files\Hitex\GnuToolPackageArm\bin\..\arm-hitex-elf\lib\interwork/libc.a(lib_a-scanf.o)
 .bss           0x40002158        0x0 C:\Program Files\Hitex\GnuToolPackageArm\bin\..\arm-hitex-elf\lib\interwork/libc.a(lib_a-strlen.o)
 .bss           0x40002158        0x0 C:\Program Files\Hitex\GnuToolPackageArm\bin\..\arm-hitex-elf\lib\interwork/libc.a(lib_a-vfprintf.o)
 .bss           0x40002158        0x0 C:\Program Files\Hitex\GnuToolPackageArm\bin\..\arm-hitex-elf\lib\interwork/libc.a(lib_a-vfscanf.o)
 .bss           0x40002158        0x0 C:\Program Files\Hitex\GnuToolPackageArm\bin\..\arm-hitex-elf\lib\interwork/libc.a(lib_a-wcrtomb.o)
 .bss           0x40002158        0x0 C:\Program Files\Hitex\GnuToolPackageArm\bin\..\arm-hitex-elf\lib\interwork/libc.a(lib_a-wcsrtombs.o)
 .bss           0x40002158        0x0 C:\Program Files\Hitex\GnuToolPackageArm\bin\..\arm-hitex-elf\lib\interwork/libc.a(lib_a-wctomb_r.o)
 .bss           0x40002158        0x0 C:\Program Files\Hitex\GnuToolPackageArm\bin\..\arm-hitex-elf\lib\interwork/libc.a(lib_a-wsetup.o)
 .bss           0x40002158        0x0 C:\Program Files\Hitex\GnuToolPackageArm\bin\..\arm-hitex-elf\lib\interwork/libc.a(lib_a-ctype_.o)
 .bss           0x40002158        0x0 C:\Program Files\Hitex\GnuToolPackageArm\bin\..\arm-hitex-elf\lib\interwork/libc.a(lib_a-dtoa.o)
 .bss           0x40002158        0x0 C:\Program Files\Hitex\GnuToolPackageArm\bin\..\arm-hitex-elf\lib\interwork/libc.a(lib_a-fflush.o)
 .bss           0x40002158        0x0 C:\Program Files\Hitex\GnuToolPackageArm\bin\..\arm-hitex-elf\lib\interwork/libc.a(lib_a-findfp.o)
 .bss           0x40002158        0x0 C:\Program Files\Hitex\GnuToolPackageArm\bin\..\arm-hitex-elf\lib\interwork/libc.a(lib_a-fread.o)
 .bss           0x40002158        0x0 C:\Program Files\Hitex\GnuToolPackageArm\bin\..\arm-hitex-elf\lib\interwork/libc.a(lib_a-freer.o)
 .bss           0x40002158        0x0 C:\Program Files\Hitex\GnuToolPackageArm\bin\..\arm-hitex-elf\lib\interwork/libc.a(lib_a-fvwrite.o)
 .bss           0x40002158        0x0 C:\Program Files\Hitex\GnuToolPackageArm\bin\..\arm-hitex-elf\lib\interwork/libc.a(lib_a-fwalk.o)
 .bss           0x40002158        0x0 C:\Program Files\Hitex\GnuToolPackageArm\bin\..\arm-hitex-elf\lib\interwork/libc.a(lib_a-iswspace.o)
 .bss           0x40002158        0xc C:\Program Files\Hitex\GnuToolPackageArm\bin\..\arm-hitex-elf\lib\interwork/libc.a(lib_a-locale.o)
                0x40002158                __nlocale_changed
                0x4000215c                __mlocale_changed
                0x40002160                _PathLocale
 .bss           0x40002164        0x0 C:\Program Files\Hitex\GnuToolPackageArm\bin\..\arm-hitex-elf\lib\interwork/libc.a(lib_a-makebuf.o)
 .bss           0x40002164        0x0 C:\Program Files\Hitex\GnuToolPackageArm\bin\..\arm-hitex-elf\lib\interwork/libc.a(lib_a-mbrtowc.o)
 .bss           0x40002164        0x0 C:\Program Files\Hitex\GnuToolPackageArm\bin\..\arm-hitex-elf\lib\interwork/libc.a(lib_a-mbtowc_r.o)
 .bss           0x40002164        0x0 C:\Program Files\Hitex\GnuToolPackageArm\bin\..\arm-hitex-elf\lib\interwork/libc.a(lib_a-memchr.o)
 .bss           0x40002164        0x0 C:\Program Files\Hitex\GnuToolPackageArm\bin\..\arm-hitex-elf\lib\interwork/libc.a(lib_a-mprec.o)
 .bss           0x40002164        0x0 C:\Program Files\Hitex\GnuToolPackageArm\bin\..\arm-hitex-elf\lib\interwork/libc.a(lib_a-putc.o)
 .bss           0x40002164        0x0 C:\Program Files\Hitex\GnuToolPackageArm\bin\..\arm-hitex-elf\lib\interwork/libc.a(lib_a-reallocr.o)
 .bss           0x40002164        0x0 C:\Program Files\Hitex\GnuToolPackageArm\bin\..\arm-hitex-elf\lib\interwork/libc.a(lib_a-refill.o)
 .bss           0x40002164        0x0 C:\Program Files\Hitex\GnuToolPackageArm\bin\..\arm-hitex-elf\lib\interwork/libc.a(lib_a-s_isinfd.o)
 .bss           0x40002164        0x0 C:\Program Files\Hitex\GnuToolPackageArm\bin\..\arm-hitex-elf\lib\interwork/libc.a(lib_a-s_isnand.o)
 .bss           0x40002164        0x0 C:\Program Files\Hitex\GnuToolPackageArm\bin\..\arm-hitex-elf\lib\interwork/libc.a(lib_a-sccl.o)
 .bss           0x40002164        0x0 C:\Program Files\Hitex\GnuToolPackageArm\bin\..\arm-hitex-elf\lib\interwork/libc.a(lib_a-sf_nan.o)
 .bss           0x40002164        0x0 C:\Program Files\Hitex\GnuToolPackageArm\bin\..\arm-hitex-elf\lib\interwork/libc.a(lib_a-sprintf.o)
 .bss           0x40002164        0x0 C:\Program Files\Hitex\GnuToolPackageArm\bin\..\arm-hitex-elf\lib\interwork/libc.a(lib_a-stdio.o)
 .bss           0x40002164        0x0 C:\Program Files\Hitex\GnuToolPackageArm\bin\..\arm-hitex-elf\lib\interwork/libc.a(lib_a-strcmp.o)
 .bss           0x40002164        0x0 C:\Program Files\Hitex\GnuToolPackageArm\bin\..\arm-hitex-elf\lib\interwork/libc.a(lib_a-strtod.o)
 .bss           0x40002164        0x0 C:\Program Files\Hitex\GnuToolPackageArm\bin\..\arm-hitex-elf\lib\interwork/libc.a(lib_a-strtol.o)
 .bss           0x40002164        0x0 C:\Program Files\Hitex\GnuToolPackageArm\bin\..\arm-hitex-elf\lib\interwork/libc.a(lib_a-strtoul.o)
 .bss           0x40002164       0xb0 C:\Program Files\Hitex\GnuToolPackageArm\bin\..\arm-hitex-elf\lib\interwork/libc.a(lib_a-syscalls.o)
 .bss           0x40002214        0x0 C:\Program Files\Hitex\GnuToolPackageArm\bin\..\arm-hitex-elf\lib\interwork/libc.a(lib_a-ungetc.o)
 .bss           0x40002214        0x0 C:\Program Files\Hitex\GnuToolPackageArm\bin\..\arm-hitex-elf\lib\interwork/libc.a(lib_a-wbuf.o)
 .bss           0x40002214        0x0 C:\Program Files\Hitex\GnuToolPackageArm\bin\..\arm-hitex-elf\lib\interwork/libc.a(lib_a-callocr.o)
 .bss           0x40002214        0x0 C:\Program Files\Hitex\GnuToolPackageArm\bin\..\arm-hitex-elf\lib\interwork/libc.a(lib_a-closer.o)
 .bss           0x40002214        0x0 C:\Program Files\Hitex\GnuToolPackageArm\bin\..\arm-hitex-elf\lib\interwork/libc.a(lib_a-errno.o)
 .bss           0x40002214        0x0 C:\Program Files\Hitex\GnuToolPackageArm\bin\..\arm-hitex-elf\lib\interwork/libc.a(lib_a-fclose.o)
 .bss           0x40002214        0x0 C:\Program Files\Hitex\GnuToolPackageArm\bin\..\arm-hitex-elf\lib\interwork/libc.a(lib_a-fstatr.o)
 .bss           0x40002214        0x0 C:\Program Files\Hitex\GnuToolPackageArm\bin\..\arm-hitex-elf\lib\interwork/libc.a(lib_a-gdtoa-gethex.o)
 .bss           0x40002214        0x0 C:\Program Files\Hitex\GnuToolPackageArm\bin\..\arm-hitex-elf\lib\interwork/libc.a(lib_a-gdtoa-hexnan.o)
 .bss           0x40002214        0x0 C:\Program Files\Hitex\GnuToolPackageArm\bin\..\arm-hitex-elf\lib\interwork/libc.a(lib_a-lseekr.o)
 .bss           0x40002214        0x0 C:\Program Files\Hitex\GnuToolPackageArm\bin\..\arm-hitex-elf\lib\interwork/libc.a(lib_a-reent.o)
 .bss           0x40002214        0x0 C:\Program Files\Hitex\GnuToolPackageArm\bin\..\lib\gcc\arm-hitex-elf\4.1.1\interwork/libgcc.a(_udivsi3.o)
 .bss           0x40002214        0x0 C:\Program Files\Hitex\GnuToolPackageArm\bin\..\lib\gcc\arm-hitex-elf\4.1.1\interwork/libgcc.a(_divsi3.o)
 .bss           0x40002214        0x0 C:\Program Files\Hitex\GnuToolPackageArm\bin\..\lib\gcc\arm-hitex-elf\4.1.1\interwork/libgcc.a(_umodsi3.o)
 .bss           0x40002214        0x0 C:\Program Files\Hitex\GnuToolPackageArm\bin\..\lib\gcc\arm-hitex-elf\4.1.1\interwork/libgcc.a(_modsi3.o)
 .bss           0x40002214        0x0 C:\Program Files\Hitex\GnuToolPackageArm\bin\..\lib\gcc\arm-hitex-elf\4.1.1\interwork/libgcc.a(_dvmd_tls.o)
 .bss           0x40002214        0x0 C:\Program Files\Hitex\GnuToolPackageArm\bin\..\lib\gcc\arm-hitex-elf\4.1.1\interwork/libgcc.a(_addsubdf3.o)
 .bss           0x40002214        0x0 C:\Program Files\Hitex\GnuToolPackageArm\bin\..\lib\gcc\arm-hitex-elf\4.1.1\interwork/libgcc.a(_muldivdf3.o)
 .bss           0x40002214        0x0 C:\Program Files\Hitex\GnuToolPackageArm\bin\..\lib\gcc\arm-hitex-elf\4.1.1\interwork/libgcc.a(_cmpdf2.o)
 .bss           0x40002214        0x0 C:\Program Files\Hitex\GnuToolPackageArm\bin\..\lib\gcc\arm-hitex-elf\4.1.1\interwork/libgcc.a(_fixdfsi.o)
 .bss           0x40002214        0x0 C:\Program Files\Hitex\GnuToolPackageArm\bin\..\lib\gcc\arm-hitex-elf\4.1.1\interwork/libgcc.a(_fixunsdfsi.o)
 .bss           0x40002214        0x0 C:\Program Files\Hitex\GnuToolPackageArm\bin\..\lib\gcc\arm-hitex-elf\4.1.1\interwork/libgcc.a(_truncdfsf2.o)
 *(.gnu.linkonce.b*)
                0x40002214                . = ALIGN (0x4)
                0x40002214                __bss_end__ = .

.bss2           0x40002214     0x3ab0
                0x40002214                __bss2_start = .
                0x40002214                __bss2_start__ = .
 *(COMMON)
 COMMON         0x40002214      0x434 .\objects\audioOut.o
                0x40002214                IsrBuffer1
                0x40002218                tabelle
                0x4000261c                stringBufferForLcdPrint
                0x40002640                currentIsrBuffer
                0x40002644                IsrBuffer2
 COMMON         0x40002648     0x240c .\objects\main.o
                0x40002648                outputBuffer1
                0x40003848                currentBuffer
                0x4000384c                outBuf1
                0x40003850                outBuf2
                0x40003854                outputBuffer2
 COMMON         0x40004a54      0xf50 .\objects\mp3.o
                0x40004a54                spiDataPosition
                0x40004a58                mp3Dec
                0x40004a5c                inputBuffer
                0x40005984                inBufPtr
                0x40005988                mp3FrameInfo
 COMMON         0x400059a4        0x4 .\objects\spi.o
                0x400059a4                throwAway
 COMMON         0x400059a8      0x218 .\objects\uart.o
                0x400059a8                uart0_tx_buffer
                0x40005a28                uart2_rx_extract_idx
                0x40005a2a                uart2_tx_insert_idx
                0x40005a2c                uart0_tx_insert_idx
                0x40005a2e                uart0_rx_insert_idx
                0x40005a30                uart2_rx_insert_idx
                0x40005a32                uart0_tx_extract_idx
                0x40005a34                uart2_tx_buffer
                0x40005ab4                uart2_tx_running
                0x40005ab8                uart2_rx_buffer
                0x40005b38                uart0_tx_running
                0x40005b3c                uart2_tx_extract_idx
                0x40005b3e                uart0_rx_buffer
                0x40005bbe                uart0_rx_extract_idx
 COMMON         0x40005bc0      0x100 C:\Program Files\Hitex\GnuToolPackageArm\bin\..\arm-hitex-elf\lib\interwork/libc.a(lib_a-gdtoa-gethex.o)
                0x40005bc0                __hexdig
 COMMON         0x40005cc0        0x4 C:\Program Files\Hitex\GnuToolPackageArm\bin\..\arm-hitex-elf\lib\interwork/libc.a(lib_a-reent.o)
                0x40005cc0                errno
                0x40005cc4                . = ALIGN (0x4)
                0x40005cc4                __bss2_end__ = .
                0x40005cc4                _end = .
                0x40005cc4                PROVIDE (end, .)

.comment        0x00000000      0x642
 *(.comment)
 .comment       0x00000000       0x12 .\objects\audioOut.o
 .comment       0x00000012       0x12 .\objects\isrRoutine.o
 .comment       0x00000024       0x12 .\objects\main.o
 .comment       0x00000036       0x12 .\objects\mp3.o
 .comment       0x00000048       0x12 .\objects\spi.o
 .comment       0x0000005a       0x12 .\objects\ConfigStick.o
 .comment       0x0000006c       0x12 .\objects\armVIC.o
 .comment       0x0000007e       0x12 .\objects\delay.o
 .comment       0x00000090       0x12 .\objects\fio.o
 .comment       0x000000a2       0x12 .\objects\interrupt.o
 .comment       0x000000b4       0x12 .\objects\portlcd.o
 .comment       0x000000c6       0x12 .\objects\syscalls_lpc.o
 .comment       0x000000d8       0x12 .\objects\target_info.o
 .comment       0x000000ea       0x12 .\objects\uart.o
 .comment       0x000000fc       0x12 .\objects\uartISR.o
 .comment       0x0000010e       0x12 lib/libhelix.a(mp3dec.o)
 .comment       0x00000120       0x12 lib/libhelix.a(mp3tabs.o)
 .comment       0x00000132       0x12 lib/libhelix.a(scalfact.o)
 .comment       0x00000144       0x12 lib/libhelix.a(subband.o)
 .comment       0x00000156       0x12 lib/libhelix.a(trigtabs_fixpt.o)
 .comment       0x00000168       0x12 lib/libhelix.a(bitstream.o)
 .comment       0x0000017a       0x12 lib/libhelix.a(buffers.o)
 .comment       0x0000018c       0x12 lib/libhelix.a(dct32.o)
 .comment       0x0000019e       0x12 lib/libhelix.a(dequant.o)
 .comment       0x000001b0       0x12 lib/libhelix.a(dqchan.o)
 .comment       0x000001c2       0x12 lib/libhelix.a(huffman.o)
 .comment       0x000001d4       0x12 lib/libhelix.a(hufftabs.o)
 .comment       0x000001e6       0x12 lib/libhelix.a(imdct.o)
 .comment       0x000001f8       0x12 lib/libhelix.a(stproc.o)
 .comment       0x0000020a       0x12 C:\Program Files\Hitex\GnuToolPackageArm\bin\..\arm-hitex-elf\lib\interwork/libc.a(lib_a-impure.o)
 .comment       0x0000021c       0x12 C:\Program Files\Hitex\GnuToolPackageArm\bin\..\arm-hitex-elf\lib\interwork/libc.a(lib_a-malloc.o)
 .comment       0x0000022e       0x12 C:\Program Files\Hitex\GnuToolPackageArm\bin\..\arm-hitex-elf\lib\interwork/libc.a(lib_a-mallocr.o)
 .comment       0x00000240       0x12 C:\Program Files\Hitex\GnuToolPackageArm\bin\..\arm-hitex-elf\lib\interwork/libc.a(lib_a-memcmp.o)
 .comment       0x00000252       0x12 C:\Program Files\Hitex\GnuToolPackageArm\bin\..\arm-hitex-elf\lib\interwork/libc.a(lib_a-memcpy.o)
 .comment       0x00000264       0x12 C:\Program Files\Hitex\GnuToolPackageArm\bin\..\arm-hitex-elf\lib\interwork/libc.a(lib_a-memmove.o)
 .comment       0x00000276       0x12 C:\Program Files\Hitex\GnuToolPackageArm\bin\..\arm-hitex-elf\lib\interwork/libc.a(lib_a-memset.o)
 .comment       0x00000288       0x12 C:\Program Files\Hitex\GnuToolPackageArm\bin\..\arm-hitex-elf\lib\interwork/libc.a(lib_a-mlock.o)
 .comment       0x0000029a       0x12 C:\Program Files\Hitex\GnuToolPackageArm\bin\..\arm-hitex-elf\lib\interwork/libc.a(lib_a-printf.o)
 .comment       0x000002ac       0x12 C:\Program Files\Hitex\GnuToolPackageArm\bin\..\arm-hitex-elf\lib\interwork/libc.a(lib_a-putchar.o)
 .comment       0x000002be       0x12 C:\Program Files\Hitex\GnuToolPackageArm\bin\..\arm-hitex-elf\lib\interwork/libc.a(lib_a-puts.o)
 .comment       0x000002d0       0x12 C:\Program Files\Hitex\GnuToolPackageArm\bin\..\arm-hitex-elf\lib\interwork/libc.a(lib_a-rget.o)
 .comment       0x000002e2       0x12 C:\Program Files\Hitex\GnuToolPackageArm\bin\..\arm-hitex-elf\lib\interwork/libc.a(lib_a-scanf.o)
 .comment       0x000002f4       0x12 C:\Program Files\Hitex\GnuToolPackageArm\bin\..\arm-hitex-elf\lib\interwork/libc.a(lib_a-strlen.o)
 .comment       0x00000306       0x12 C:\Program Files\Hitex\GnuToolPackageArm\bin\..\arm-hitex-elf\lib\interwork/libc.a(lib_a-vfprintf.o)
 .comment       0x00000318       0x12 C:\Program Files\Hitex\GnuToolPackageArm\bin\..\arm-hitex-elf\lib\interwork/libc.a(lib_a-vfscanf.o)
 .comment       0x0000032a       0x12 C:\Program Files\Hitex\GnuToolPackageArm\bin\..\arm-hitex-elf\lib\interwork/libc.a(lib_a-wcrtomb.o)
 .comment       0x0000033c       0x12 C:\Program Files\Hitex\GnuToolPackageArm\bin\..\arm-hitex-elf\lib\interwork/libc.a(lib_a-wcsrtombs.o)
 .comment       0x0000034e       0x12 C:\Program Files\Hitex\GnuToolPackageArm\bin\..\arm-hitex-elf\lib\interwork/libc.a(lib_a-wctomb_r.o)
 .comment       0x00000360       0x12 C:\Program Files\Hitex\GnuToolPackageArm\bin\..\arm-hitex-elf\lib\interwork/libc.a(lib_a-wsetup.o)
 .comment       0x00000372       0x12 C:\Program Files\Hitex\GnuToolPackageArm\bin\..\arm-hitex-elf\lib\interwork/libc.a(lib_a-ctype_.o)
 .comment       0x00000384       0x12 C:\Program Files\Hitex\GnuToolPackageArm\bin\..\arm-hitex-elf\lib\interwork/libc.a(lib_a-dtoa.o)
 .comment       0x00000396       0x12 C:\Program Files\Hitex\GnuToolPackageArm\bin\..\arm-hitex-elf\lib\interwork/libc.a(lib_a-fflush.o)
 .comment       0x000003a8       0x12 C:\Program Files\Hitex\GnuToolPackageArm\bin\..\arm-hitex-elf\lib\interwork/libc.a(lib_a-findfp.o)
 .comment       0x000003ba       0x12 C:\Program Files\Hitex\GnuToolPackageArm\bin\..\arm-hitex-elf\lib\interwork/libc.a(lib_a-fread.o)
 .comment       0x000003cc       0x12 C:\Program Files\Hitex\GnuToolPackageArm\bin\..\arm-hitex-elf\lib\interwork/libc.a(lib_a-freer.o)
 .comment       0x000003de       0x12 C:\Program Files\Hitex\GnuToolPackageArm\bin\..\arm-hitex-elf\lib\interwork/libc.a(lib_a-fvwrite.o)
 .comment       0x000003f0       0x12 C:\Program Files\Hitex\GnuToolPackageArm\bin\..\arm-hitex-elf\lib\interwork/libc.a(lib_a-fwalk.o)
 .comment       0x00000402       0x12 C:\Program Files\Hitex\GnuToolPackageArm\bin\..\arm-hitex-elf\lib\interwork/libc.a(lib_a-iswspace.o)
 .comment       0x00000414       0x12 C:\Program Files\Hitex\GnuToolPackageArm\bin\..\arm-hitex-elf\lib\interwork/libc.a(lib_a-locale.o)
 .comment       0x00000426       0x12 C:\Program Files\Hitex\GnuToolPackageArm\bin\..\arm-hitex-elf\lib\interwork/libc.a(lib_a-makebuf.o)
 .comment       0x00000438       0x12 C:\Program Files\Hitex\GnuToolPackageArm\bin\..\arm-hitex-elf\lib\interwork/libc.a(lib_a-mbrtowc.o)